HTTPSConnectionPool(host='www.proxyscan.io', port=443): Max retries exceeded with url: /download?type=socks4 (Caused by NewConnectionError('<urllib3.connection.HTTPSConnection object at 0xea60b310>: Failed to establish a new connection: [Errno 111] Connection refused'))
HTTPSConnectionPool(host='www.proxyscan.io', port=443): Max retries exceeded with url: /download?type=socks5 (Caused by NewConnectionError('<urllib3.connection.HTTPSConnection object at 0xea60b3a0>: Failed to establish a new connection: [Errno 111] Connection refused'))
HTTPSConnectionPool(host='rootjazz.com', port=443): Max retries exceeded with url: /proxies/proxies.txt (Caused by SSLError(SSLCertVerificationError(1, "[SSL: CERTIFICATE_VERIFY_FAILED] certificate verify failed: Hostname mismatch, certificate is not valid for 'rootjazz.com'. (_ssl.c:1129)")))
HTTPSConnectionPool(host='www.proxyscan.io', port=443): Max retries exceeded with url: /download?type=http (Caused by NewConnectionError('<urllib3.connection.HTTPSConnection object at 0xea61b640>: Failed to establish a new connection: [Errno 111] Connection refused'))
HTTPSConnectionPool(host='t.me', port=443): Max retries exceeded with url: //0?embed=1&mode=tme (Caused by ProxyError('Unable to connect to proxy', OSError('Tunnel connection failed: 500 Internal Server Error')))
HTTPSConnectionPool(host='t.me', port=443): Max retries exceeded with url: //0?embed=1&mode=tme (Caused by ProxyError('Unable to connect to proxy', NewConnectionError('<urllib3.connection.HTTPSConnection object at 0xea5184a8>: Failed to establish a new connection: [Errno 111] Connection refused')))
HTTPSConnectionPool(host='t.me', port=443): Max retries exceeded with url: //0?embed=1&mode=tme (Caused by ProxyError('Unable to connect to proxy', NewConnectionError('<urllib3.connection.HTTPSConnection object at 0xea5899d0>: Failed to establish a new connection: [Errno 111] Connection refused')))
('Connection aborted.', BadStatusLine('<html>\r\n'))
('Connection aborted.', RemoteDisconnected('Remote end closed connection without response'))
HTTPSConnectionPool(host='t.me', port=443): Max retries exceeded with url: //0?embed=1&mode=tme (Caused by ProxyError('Unable to connect to proxy', OSError('Tunnel connection failed: 403 Access Denied')))
('Connection aborted.', RemoteDisconnected('Remote end closed connection without response'))
HTTPSConnectionPool(host='t.me', port=443): Max retries exceeded with url: //0?embed=1&mode=tme (Caused by ProxyError('Unable to connect to proxy', OSError('Tunnel connection failed: 502 Bad Gateway')))
HTTPSConnectionPool(host='t.me', port=443): Max retries exceeded with url: //0?embed=1&mode=tme (Caused by ProxyError('Unable to connect to proxy', OSError('Tunnel connection failed: 400 Bad Request')))
HTTPSConnectionPool(host='t.me', port=443): Max retries exceeded with url: //0?embed=1&mode=tme (Caused by ProxyError('Unable to connect to proxy', OSError('Tunnel connection failed: 403 Forbidden')))
HTTPSConnectionPool(host='t.me', port=443): Max retries exceeded with url: //0?embed=1&mode=tme (Caused by ProxyError('Unable to connect to proxy', OSError('Tunnel connection failed: 400 Bad Request')))
HTTPSConnectionPool(host='t.me', port=443): Max retries exceeded with url: //0?embed=1&mode=tme (Caused by ProxyError('Unable to connect to proxy', OSError('Tunnel connection failed: 400 Bad Request')))
HTTPSConnectionPool(host='t.me', port=443): Max retries exceeded with url: //0?embed=1&mode=tme (Caused by ProxyError('Unable to connect to proxy', OSError('Tunnel connection failed: 403 Access Denied')))
HTTPSConnectionPool(host='t.me', port=443): Max retries exceeded with url: //0?embed=1&mode=tme (Caused by ProxyError('Unable to connect to proxy', OSError('Tunnel connection failed: 400 Bad Request')))
HTTPSConnectionPool(host='t.me', port=443): Max retries exceeded with url: //0?embed=1&mode=tme (Caused by ProxyError('Unable to connect to proxy', OSError('Tunnel connection failed: 400 Bad Request')))
('Connection aborted.', RemoteDisconnected('Remote end closed connection without response'))
HTTPSConnectionPool(host='t.me', port=443): Max retries exceeded with url: //0?embed=1&mode=tme (Caused by ProxyError('Unable to connect to proxy', OSError('Tunnel connection failed: 400 Bad Request')))
('Connection aborted.', BadStatusLine('<html>\r\n'))
HTTPSConnectionPool(host='t.me', port=443): Max retries exceeded with url: //0?embed=1&mode=tme (Caused by ProxyError('Unable to connect to proxy', NewConnectionError('<urllib3.connection.HTTPSConnection object at 0xe7da4eb0>: Failed to establish a new connection: [Errno 111] Connection refused')))
HTTPSConnectionPool(host='t.me', port=443): Max retries exceeded with url: //0?embed=1&mode=tme (Caused by ProxyError('Unable to connect to proxy', OSError('Tunnel connection failed: 400 Bad Request')))
HTTPSConnectionPool(host='t.me', port=443): Max retries exceeded with url: //0?embed=1&mode=tme (Caused by ProxyError('Unable to connect to proxy', OSError('Tunnel connection failed: 400 Bad Request')))
HTTPSConnectionPool(host='t.me', port=443): Max retries exceeded with url: //0?embed=1&mode=tme (Caused by ProxyError('Unable to connect to proxy', OSError('Tunnel connection failed: 400 Bad Request')))
HTTPSConnectionPool(host='t.me', port=443): Max retries exceeded with url: //0?embed=1&mode=tme (Caused by ProxyError('Unable to connect to proxy', NewConnectionError('<urllib3.connection.HTTPSConnection object at 0xe712f388>: Failed to establish a new connection: [Errno 111] Connection refused')))
HTTPSConnectionPool(host='t.me', port=443): Max retries exceeded with url: //0?embed=1&mode=tme (Caused by ProxyError('Unable to connect to proxy', OSError('Tunnel connection failed: 500 Internal Server Error')))
HTTPSConnectionPool(host='t.me', port=443): Max retries exceeded with url: //0?embed=1&mode=tme (Caused by ProxyError('Unable to connect to proxy', OSError('Tunnel connection failed: 400 Bad Request')))
('Connection aborted.', RemoteDisconnected('Remote end closed connection without response'))
('Connection aborted.', RemoteDisconnected('Remote end closed connection without response'))
HTTPSConnectionPool(host='t.me', port=443): Max retries exceeded with url: //0?embed=1&mode=tme (Caused by ProxyError('Unable to connect to proxy', OSError('Tunnel connection failed: 400 Bad Request')))
('Connection aborted.', ConnectionResetError(104, 'Connection reset by peer'))
HTTPSConnectionPool(host='t.me', port=443): Max retries exceeded with url: //0?embed=1&mode=tme (Caused by ProxyError('Unable to connect to proxy', OSError('Tunnel connection failed: 400 Bad Request')))
HTTPSConnectionPool(host='t.me', port=443): Max retries exceeded with url: //0?embed=1&mode=tme (Caused by ProxyError('Unable to connect to proxy', NewConnectionError('<urllib3.connection.HTTPSConnection object at 0xe7da4ce8>: Failed to establish a new connection: [Errno 111] Connection refused')))
('Connection aborted.', RemoteDisconnected('Remote end closed connection without response'))
HTTPSConnectionPool(host='t.me', port=443): Max retries exceeded with url: //0?embed=1&mode=tme (Caused by ProxyError('Unable to connect to proxy', NewConnectionError('<urllib3.connection.HTTPSConnection object at 0xe7d87058>: Failed to establish a new connection: [Errno 111] Connection refused')))
HTTPSConnectionPool(host='t.me', port=443): Max retries exceeded with url: //0?embed=1&mode=tme (Caused by ProxyError('Unable to connect to proxy', OSError('Tunnel connection failed: 403 Forbidden')))
HTTPSConnectionPool(host='t.me', port=443): Max retries exceeded with url: //0?embed=1&mode=tme (Caused by ProxyError('Unable to connect to proxy', OSError('Tunnel connection failed: 400 Bad Request')))
('Connection aborted.', RemoteDisconnected('Remote end closed connection without response'))
HTTPSConnectionPool(host='t.me', port=443): Max retries exceeded with url: //0?embed=1&mode=tme (Caused by ProxyError('Unable to connect to proxy', OSError('Tunnel connection failed: 400 Bad Request')))
HTTPSConnectionPool(host='t.me', port=443): Max retries exceeded with url: //0?embed=1&mode=tme (Caused by ProxyError('Unable to connect to proxy', OSError('Tunnel connection failed: 502 Bad Gateway')))
('Connection aborted.', RemoteDisconnected('Remote end closed connection without response'))
HTTPSConnectionPool(host='t.me', port=443): Max retries exceeded with url: //0?embed=1&mode=tme (Caused by ProxyError('Unable to connect to proxy', OSError('Tunnel connection failed: 403 Forbidden')))
HTTPSConnectionPool(host='t.me', port=443): Max retries exceeded with url: //0?embed=1&mode=tme (Caused by ProxyError('Unable to connect to proxy', OSError('Tunnel connection failed: 400 Bad Request')))
HTTPSConnectionPool(host='t.me', port=443): Max retries exceeded with url: //0?embed=1&mode=tme (Caused by ProxyError('Unable to connect to proxy', OSError('Tunnel connection failed: 400 Bad Request')))
HTTPSConnectionPool(host='t.me', port=443): Max retries exceeded with url: //0?embed=1&mode=tme (Caused by ProxyError('Unable to connect to proxy', OSError('Tunnel connection failed: 400 Bad Request')))
HTTPSConnectionPool(host='t.me', port=443): Max retries exceeded with url: //0?embed=1&mode=tme (Caused by ProxyError('Unable to connect to proxy', OSError('Tunnel connection failed: 400 Bad Request')))
('Connection aborted.', RemoteDisconnected('Remote end closed connection without response'))
('Connection aborted.', RemoteDisconnected('Remote end closed connection without response'))
HTTPSConnectionPool(host='t.me', port=443): Max retries exceeded with url: //0?embed=1&mode=tme (Caused by ProxyError('Unable to connect to proxy', OSError('Tunnel connection failed: 400 Bad Request')))
HTTPSConnectionPool(host='t.me', port=443): Max retries exceeded with url: //0?embed=1&mode=tme (Caused by ProxyError('Unable to connect to proxy', OSError('Tunnel connection failed: 400 Bad Request')))
HTTPSConnectionPool(host='t.me', port=443): Max retries exceeded with url: //0?embed=1&mode=tme (Caused by ProxyError('Unable to connect to proxy', OSError('Tunnel connection failed: 400 Bad Request')))
HTTPSConnectionPool(host='t.me', port=443): Max retries exceeded with url: //0?embed=1&mode=tme (Caused by ProxyError('Unable to connect to proxy', NewConnectionError('<urllib3.connection.HTTPSConnection object at 0xe2daefa0>: Failed to establish a new connection: [Errno 111] Connection refused')))
HTTPSConnectionPool(host='t.me', port=443): Max retries exceeded with url: //0?embed=1&mode=tme (Caused by ProxyError('Unable to connect to proxy', OSError('Tunnel connection failed: 400 Bad Request')))
HTTPSConnectionPool(host='t.me', port=443): Max retries exceeded with url: //0?embed=1&mode=tme (Caused by SSLError(SSLCertVerificationError(1, '[SSL: CERTIFICATE_VERIFY_FAILED] certificate verify failed: self signed certificate in certificate chain (_ssl.c:1129)')))
HTTPSConnectionPool(host='t.me', port=443): Max retries exceeded with url: //0?embed=1&mode=tme (Caused by ProxyError('Unable to connect to proxy', OSError('Tunnel connection failed: 400 Bad Request')))
('Connection aborted.', BadStatusLine('<html>\r\n'))
('Connection aborted.', RemoteDisconnected('Remote end closed connection without response'))
HTTPSConnectionPool(host='t.me', port=443): Max retries exceeded with url: //0?embed=1&mode=tme (Caused by ProxyError('Unable to connect to proxy', OSError('Tunnel connection failed: 403 Forbidden')))
HTTPSConnectionPool(host='t.me', port=443): Max retries exceeded with url: //0?embed=1&mode=tme (Caused by ProxyError('Unable to connect to proxy', OSError('Tunnel connection failed: 400 Bad Request')))
HTTPSConnectionPool(host='t.me', port=443): Max retries exceeded with url: //0?embed=1&mode=tme (Caused by ProxyError('Unable to connect to proxy', OSError('Tunnel connection failed: 400 Bad Request')))
HTTPSConnectionPool(host='t.me', port=443): Max retries exceeded with url: //0?embed=1&mode=tme (Caused by ProxyError('Unable to connect to proxy', OSError('Tunnel connection failed: 407 Proxy Authentication Required')))
HTTPSConnectionPool(host='t.me', port=443): Max retries exceeded with url: //0?embed=1&mode=tme (Caused by ProxyError('Unable to connect to proxy', OSError('Tunnel connection failed: 400 Bad Request')))
HTTPSConnectionPool(host='t.me', port=443): Max retries exceeded with url: //0?embed=1&mode=tme (Caused by ProxyError('Unable to connect to proxy', OSError('Tunnel connection failed: 503 Service Unavailable')))
HTTPSConnectionPool(host='t.me', port=443): Max retries exceeded with url: //0?embed=1&mode=tme (Caused by ProxyError('Unable to connect to proxy', NewConnectionError('<urllib3.connection.HTTPSConnection object at 0xe2173868>: Failed to establish a new connection: [Errno 111] Connection refused')))
HTTPSConnectionPool(host='t.me', port=443): Max retries exceeded with url: //0?embed=1&mode=tme (Caused by ProxyError('Unable to connect to proxy', OSError('Tunnel connection failed: 500 Internal Server Error')))
HTTPSConnectionPool(host='t.me', port=443): Max retries exceeded with url: //0?embed=1&mode=tme (Caused by ProxyError('Unable to connect to proxy', NewConnectionError('<urllib3.connection.HTTPSConnection object at 0xe0174628>: Failed to establish a new connection: [Errno 111] Connection refused')))
('Connection aborted.', BadStatusLine('<html>\r\n'))
HTTPSConnectionPool(host='t.me', port=443): Max retries exceeded with url: //0?embed=1&mode=tme (Caused by ProxyError('Unable to connect to proxy', NewConnectionError('<urllib3.connection.HTTPSConnection object at 0xe0167388>: Failed to establish a new connection: [Errno 111] Connection refused')))
('Connection aborted.', ConnectionResetError(104, 'Connection reset by peer'))
HTTPSConnectionPool(host='t.me', port=443): Max retries exceeded with url: //0?embed=1&mode=tme (Caused by ProxyError('Unable to connect to proxy', OSError('Tunnel connection failed: 400 Bad Request')))
HTTPSConnectionPool(host='t.me', port=443): Max retries exceeded with url: //0?embed=1&mode=tme (Caused by ProxyError('Unable to connect to proxy', OSError('Tunnel connection failed: 400 Bad Request')))
HTTPSConnectionPool(host='t.me', port=443): Max retries exceeded with url: //0?embed=1&mode=tme (Caused by ProxyError('Unable to connect to proxy', OSError('Tunnel connection failed: 400 Bad Request')))
HTTPSConnectionPool(host='t.me', port=443): Max retries exceeded with url: //0?embed=1&mode=tme (Caused by ProxyError('Unable to connect to proxy', OSError('Tunnel connection failed: 400 Bad Request')))
HTTPSConnectionPool(host='t.me', port=443): Max retries exceeded with url: //0?embed=1&mode=tme (Caused by ProxyError('Unable to connect to proxy', OSError('Tunnel connection failed: 400 Bad Request')))
HTTPSConnectionPool(host='t.me', port=443): Max retries exceeded with url: //0?embed=1&mode=tme (Caused by ProxyError('Unable to connect to proxy', OSError('Tunnel connection failed: 400 Bad Request')))
HTTPSConnectionPool(host='t.me', port=443): Max retries exceeded with url: //0?embed=1&mode=tme (Caused by ProxyError('Unable to connect to proxy', OSError('Tunnel connection failed: 400 Bad Request')))
HTTPSConnectionPool(host='t.me', port=443): Max retries exceeded with url: //0?embed=1&mode=tme (Caused by ProxyError('Unable to connect to proxy', OSError('Tunnel connection failed: 500 Internal Server Error')))
('Connection aborted.', BadStatusLine('<html>\r\n'))
('Connection aborted.', RemoteDisconnected('Remote end closed connection without response'))
HTTPSConnectionPool(host='t.me', port=443): Max retries exceeded with url: //0?embed=1&mode=tme (Caused by ProxyError('Unable to connect to proxy', NewConnectionError('<urllib3.connection.HTTPSConnection object at 0xdc3ed820>: Failed to establish a new connection: [Errno 111] Connection refused')))
('Connection aborted.', BadStatusLine('<html>\r\n'))
HTTPSConnectionPool(host='t.me', port=443): Max retries exceeded with url: //0?embed=1&mode=tme (Caused by ProxyError('Unable to connect to proxy', OSError('Tunnel connection failed: 502 Bad Gateway')))
HTTPSConnectionPool(host='t.me', port=443): Max retries exceeded with url: //0?embed=1&mode=tme (Caused by ProxyError('Unable to connect to proxy', NewConnectionError('<urllib3.connection.HTTPSConnection object at 0xdc3d0508>: Failed to establish a new connection: [Errno 111] Connection refused')))
HTTPSConnectionPool(host='t.me', port=443): Max retries exceeded with url: //0?embed=1&mode=tme (Caused by ProxyError('Unable to connect to proxy', OSError('Tunnel connection failed: 400 Bad Request')))
HTTPSConnectionPool(host='t.me', port=443): Max retries exceeded with url: //0?embed=1&mode=tme (Caused by ProxyError('Unable to connect to proxy', OSError('Tunnel connection failed: 500 Internal Server Error')))
HTTPSConnectionPool(host='t.me', port=443): Max retries exceeded with url: //0?embed=1&mode=tme (Caused by ProxyError('Unable to connect to proxy', NewConnectionError('<urllib3.connection.HTTPSConnection object at 0xdb867bb0>: Failed to establish a new connection: [Errno 111] Connection refused')))
HTTPSConnectionPool(host='t.me', port=443): Max retries exceeded with url: //0?embed=1&mode=tme (Caused by ProxyError('Unable to connect to proxy', OSError('Tunnel connection failed: 502 ERROR')))
HTTPSConnectionPool(host='t.me', port=443): Max retries exceeded with url: //0?embed=1&mode=tme (Caused by ProxyError('Unable to connect to proxy', OSError('Tunnel connection failed: 400 Bad Request')))
('Connection aborted.', ConnectionResetError(104, 'Connection reset by peer'))
HTTPSConnectionPool(host='t.me', port=443): Max retries exceeded with url: //0?embed=1&mode=tme (Caused by ProxyError('Unable to connect to proxy', OSError('Tunnel connection failed: 400 Bad Request')))
HTTPSConnectionPool(host='t.me', port=443): Max retries exceeded with url: //0?embed=1&mode=tme (Caused by ProxyError('Unable to connect to proxy', OSError('Tunnel connection failed: 500 Internal Server Error')))
('Connection aborted.', RemoteDisconnected('Remote end closed connection without response'))
HTTPSConnectionPool(host='t.me', port=443): Max retries exceeded with url: //0?embed=1&mode=tme (Caused by SSLError(SSLCertVerificationError(1, "[SSL: CERTIFICATE_VERIFY_FAILED] certificate verify failed: Hostname mismatch, certificate is not valid for 't.me'. (_ssl.c:1129)")))
HTTPSConnectionPool(host='t.me', port=443): Max retries exceeded with url: //0?embed=1&mode=tme (Caused by ProxyError('Unable to connect to proxy', OSError('Tunnel connection failed: 400 Bad Request')))
HTTPSConnectionPool(host='t.me', port=443): Max retries exceeded with url: //0?embed=1&mode=tme (Caused by ProxyError('Unable to connect to proxy', OSError('Tunnel connection failed: 400 Bad Request')))
HTTPSConnectionPool(host='t.me', port=443): Max retries exceeded with url: //0?embed=1&mode=tme (Caused by ProxyError('Unable to connect to proxy', OSError('Tunnel connection failed: 500 Internal Server Error')))
('Connection aborted.', RemoteDisconnected('Remote end closed connection without response'))
('Connection aborted.', RemoteDisconnected('Remote end closed connection without response'))
HTTPSConnectionPool(host='t.me', port=443): Max retries exceeded with url: //0?embed=1&mode=tme (Caused by ProxyError('Unable to connect to proxy', OSError('Tunnel connection failed: 403 Forbidden')))
('Connection aborted.', RemoteDisconnected('Remote end closed connection without response'))
('Connection aborted.', ConnectionResetError(104, 'Connection reset by peer'))
HTTPSConnectionPool(host='t.me', port=443): Max retries exceeded with url: //0?embed=1&mode=tme (Caused by ProxyError('Unable to connect to proxy', OSError('Tunnel connection failed: 400 Bad Request')))
HTTPSConnectionPool(host='t.me', port=443): Max retries exceeded with url: //0?embed=1&mode=tme (Caused by ProxyError('Unable to connect to proxy', OSError('Tunnel connection failed: 400 Bad Request')))
HTTPSConnectionPool(host='t.me', port=443): Max retries exceeded with url: //0?embed=1&mode=tme (Caused by ProxyError('Unable to connect to proxy', NewConnectionError('<urllib3.connection.HTTPSConnection object at 0xe2190358>: Failed to establish a new connection: [Errno 111] Connection refused')))
HTTPSConnectionPool(host='t.me', port=443): Max retries exceeded with url: //0?embed=1&mode=tme (Caused by ProxyError('Unable to connect to proxy', NewConnectionError('<urllib3.connection.HTTPSConnection object at 0xd1ae0bb0>: Failed to establish a new connection: [Errno 111] Connection refused')))
HTTPSConnectionPool(host='t.me', port=443): Max retries exceeded with url: //0?embed=1&mode=tme (Caused by ProxyError('Unable to connect to proxy', OSError('Tunnel connection failed: 403 Access Denied')))
HTTPSConnectionPool(host='t.me', port=443): Max retries exceeded with url: //0?embed=1&mode=tme (Caused by ProxyError('Unable to connect to proxy', OSError('Tunnel connection failed: 400 Bad Request')))
HTTPSConnectionPool(host='t.me', port=443): Max retries exceeded with url: //0?embed=1&mode=tme (Caused by ProxyError('Unable to connect to proxy', OSError('Tunnel connection failed: 403 Access Denied')))
HTTPSConnectionPool(host='t.me', port=443): Max retries exceeded with url: //0?embed=1&mode=tme (Caused by ProxyError('Unable to connect to proxy', OSError('Tunnel connection failed: 400 Bad Request')))
HTTPSConnectionPool(host='t.me', port=443): Max retries exceeded with url: //0?embed=1&mode=tme (Caused by ProxyError('Unable to connect to proxy', OSError('Tunnel connection failed: 400 Bad Request')))
('Connection aborted.', ConnectionResetError(104, 'Connection reset by peer'))
HTTPSConnectionPool(host='t.me', port=443): Max retries exceeded with url: //0?embed=1&mode=tme (Caused by ProxyError('Unable to connect to proxy', OSError('Tunnel connection failed: 400 Bad Request')))
('Connection aborted.', BadStatusLine('<html>\r\n'))
HTTPSConnectionPool(host='t.me', port=443): Max retries exceeded with url: //0?embed=1&mode=tme (Caused by ProxyError('Unable to connect to proxy', OSError('Tunnel connection failed: 400 Bad Request')))
HTTPSConnectionPool(host='t.me', port=443): Max retries exceeded with url: //0?embed=1&mode=tme (Caused by ProxyError('Unable to connect to proxy', OSError('Tunnel connection failed: 502 Bad Gateway')))
HTTPSConnectionPool(host='t.me', port=443): Max retries exceeded with url: //0?embed=1&mode=tme (Caused by ProxyError('Unable to connect to proxy', OSError('Tunnel connection failed: 400 Bad Request')))
HTTPSConnectionPool(host='t.me', port=443): Max retries exceeded with url: //0?embed=1&mode=tme (Caused by ProxyError('Unable to connect to proxy', OSError('Tunnel connection failed: 502 Bad Gateway')))
HTTPSConnectionPool(host='t.me', port=443): Max retries exceeded with url: //0?embed=1&mode=tme (Caused by ProxyError('Unable to connect to proxy', OSError('Tunnel connection failed: 400 Bad Request')))
HTTPSConnectionPool(host='t.me', port=443): Max retries exceeded with url: //0?embed=1&mode=tme (Caused by ProxyError('Unable to connect to proxy', OSError('Tunnel connection failed: 502 Bad Gateway')))
HTTPSConnectionPool(host='t.me', port=443): Max retries exceeded with url: //0?embed=1&mode=tme (Caused by ProxyError('Unable to connect to proxy', OSError('Tunnel connection failed: 400 Bad Request')))
HTTPSConnectionPool(host='t.me', port=443): Max retries exceeded with url: //0?embed=1&mode=tme (Caused by ProxyError('Unable to connect to proxy', NewConnectionError('<urllib3.connection.HTTPSConnection object at 0xd282eb98>: Failed to establish a new connection: [Errno 111] Connection refused')))
HTTPSConnectionPool(host='t.me', port=443): Max retries exceeded with url: //0?embed=1&mode=tme (Caused by ProxyError('Unable to connect to proxy', OSError('Tunnel connection failed: 400 Bad Request')))
HTTPSConnectionPool(host='t.me', port=443): Max retries exceeded with url: //0?embed=1&mode=tme (Caused by ProxyError('Unable to connect to proxy', NewConnectionError('<urllib3.connection.HTTPSConnection object at 0xcfed3538>: Failed to establish a new connection: [Errno 111] Connection refused')))
HTTPSConnectionPool(host='t.me', port=443): Max retries exceeded with url: //0?embed=1&mode=tme (Caused by ProxyError('Unable to connect to proxy', OSError('Tunnel connection failed: 403 Proxy Error')))
HTTPSConnectionPool(host='t.me', port=443): Max retries exceeded with url: //0?embed=1&mode=tme (Caused by ProxyError('Unable to connect to proxy', OSError('Tunnel connection failed: 400 Bad Request')))
HTTPSConnectionPool(host='t.me', port=443): Max retries exceeded with url: //0?embed=1&mode=tme (Caused by ProxyError('Unable to connect to proxy', OSError('Tunnel connection failed: 403 Forbidden')))
('Connection aborted.', BadStatusLine('<html>\r\n'))
HTTPSConnectionPool(host='t.me', port=443): Max retries exceeded with url: //0?embed=1&mode=tme (Caused by ProxyError('Unable to connect to proxy', OSError('Tunnel connection failed: 400 Bad Request')))
('Connection aborted.', ConnectionResetError(104, 'Connection reset by peer'))
('Connection aborted.', RemoteDisconnected('Remote end closed connection without response'))
HTTPSConnectionPool(host='t.me', port=443): Max retries exceeded with url: //0?embed=1&mode=tme (Caused by ProxyError('Unable to connect to proxy', OSError('Tunnel connection failed: 500 Internal Server Error')))
HTTPSConnectionPool(host='t.me', port=443): Max retries exceeded with url: //0?embed=1&mode=tme (Caused by ProxyError('Unable to connect to proxy', OSError('Tunnel connection failed: 403 Forbidden')))
HTTPSConnectionPool(host='t.me', port=443): Max retries exceeded with url: //0?embed=1&mode=tme (Caused by ProxyError('Unable to connect to proxy', OSError('Tunnel connection failed: 400 Bad Request')))
('Connection aborted.', ConnectionResetError(104, 'Connection reset by peer'))
('Connection aborted.', RemoteDisconnected('Remote end closed connection without response'))
HTTPSConnectionPool(host='t.me', port=443): Max retries exceeded with url: //0?embed=1&mode=tme (Caused by ProxyError('Unable to connect to proxy', OSError('Tunnel connection failed: 502 Proxy Error')))
('Connection aborted.', RemoteDisconnected('Remote end closed connection without response'))
HTTPSConnectionPool(host='t.me', port=443): Max retries exceeded with url: //0?embed=1&mode=tme (Caused by ProxyError('Unable to connect to proxy', OSError('Tunnel connection failed: 403 Forbidden')))
('Connection aborted.', RemoteDisconnected('Remote end closed connection without response'))
HTTPSConnectionPool(host='t.me', port=443): Max retries exceeded with url: //0?embed=1&mode=tme (Caused by ProxyError('Unable to connect to proxy', OSError('Tunnel connection failed: 500 Internal Server Error')))
HTTPSConnectionPool(host='t.me', port=443): Max retries exceeded with url: //0?embed=1&mode=tme (Caused by ProxyError('Unable to connect to proxy', NewConnectionError('<urllib3.connection.HTTPSConnection object at 0xcd1db658>: Failed to establish a new connection: [Errno 111] Connection refused')))
HTTPSConnectionPool(host='t.me', port=443): Max retries exceeded with url: //0?embed=1&mode=tme (Caused by SSLError(SSLCertVerificationError(1, '[SSL: CERTIFICATE_VERIFY_FAILED] certificate verify failed: self signed certificate in certificate chain (_ssl.c:1129)')))
('Connection aborted.', RemoteDisconnected('Remote end closed connection without response'))
('Connection aborted.', RemoteDisconnected('Remote end closed connection without response'))
HTTPSConnectionPool(host='t.me', port=443): Max retries exceeded with url: //0?embed=1&mode=tme (Caused by ProxyError('Unable to connect to proxy', OSError('Tunnel connection failed: 400 Bad Request')))
HTTPSConnectionPool(host='t.me', port=443): Max retries exceeded with url: //0?embed=1&mode=tme (Caused by ProxyError('Unable to connect to proxy', OSError('Tunnel connection failed: 400 Bad Request')))
HTTPSConnectionPool(host='t.me', port=443): Max retries exceeded with url: //0?embed=1&mode=tme (Caused by ProxyError('Unable to connect to proxy', OSError('Tunnel connection failed: 400 Bad Request')))
HTTPSConnectionPool(host='t.me', port=443): Max retries exceeded with url: //0?embed=1&mode=tme (Caused by ProxyError('Unable to connect to proxy', OSError('Tunnel connection failed: 503 Service Unavailable')))
HTTPSConnectionPool(host='t.me', port=443): Max retries exceeded with url: //0?embed=1&mode=tme (Caused by ProxyError('Unable to connect to proxy', OSError('Tunnel connection failed: 400 Bad Request')))
HTTPSConnectionPool(host='t.me', port=443): Max retries exceeded with url: //0?embed=1&mode=tme (Caused by SSLError(SSLEOFError(8, 'EOF occurred in violation of protocol (_ssl.c:1129)')))
('Connection aborted.', ConnectionResetError(104, 'Connection reset by peer'))
('Connection aborted.', RemoteDisconnected('Remote end closed connection without response'))
HTTPSConnectionPool(host='t.me', port=443): Max retries exceeded with url: //0?embed=1&mode=tme (Caused by ProxyError('Unable to connect to proxy', NewConnectionError('<urllib3.connection.HTTPSConnection object at 0xca252070>: Failed to establish a new connection: [Errno 111] Connection refused')))
('Connection aborted.', RemoteDisconnected('Remote end closed connection without response'))
HTTPSConnectionPool(host='t.me', port=443): Max retries exceeded with url: //0?embed=1&mode=tme (Caused by ProxyError('Unable to connect to proxy', OSError('Tunnel connection failed: 400 Bad Request')))
('Connection aborted.', RemoteDisconnected('Remote end closed connection without response'))
('Connection aborted.', RemoteDisconnected('Remote end closed connection without response'))
HTTPSConnectionPool(host='t.me', port=443): Max retries exceeded with url: //0?embed=1&mode=tme (Caused by ProxyError('Unable to connect to proxy', NewConnectionError('<urllib3.connection.HTTPSConnection object at 0xc76a52e0>: Failed to establish a new connection: [Errno 111] Connection refused')))
HTTPSConnectionPool(host='t.me', port=443): Max retries exceeded with url: //0?embed=1&mode=tme (Caused by ProxyError('Unable to connect to proxy', OSError('Tunnel connection failed: 503 Service Unavailable')))
HTTPSConnectionPool(host='t.me', port=443): Max retries exceeded with url: //0?embed=1&mode=tme (Caused by ProxyError('Unable to connect to proxy', OSError('Tunnel connection failed: 400 Bad Request')))
HTTPSConnectionPool(host='t.me', port=443): Max retries exceeded with url: //0?embed=1&mode=tme (Caused by ProxyError('Unable to connect to proxy', OSError('Tunnel connection failed: 400 Bad Request')))
HTTPSConnectionPool(host='t.me', port=443): Max retries exceeded with url: //0?embed=1&mode=tme (Caused by ProxyError('Unable to connect to proxy', OSError('Tunnel connection failed: 502 Bad Gateway')))
('Connection aborted.', RemoteDisconnected('Remote end closed connection without response'))
('Connection aborted.', RemoteDisconnected('Remote end closed connection without response'))
('Connection aborted.', RemoteDisconnected('Remote end closed connection without response'))
('Connection aborted.', ConnectionResetError(104, 'Connection reset by peer'))
HTTPSConnectionPool(host='t.me', port=443): Max retries exceeded with url: //0?embed=1&mode=tme (Caused by ProxyError('Unable to connect to proxy', OSError('Tunnel connection failed: 400 Bad Request')))
HTTPSConnectionPool(host='t.me', port=443): Max retries exceeded with url: //0?embed=1&mode=tme (Caused by ProxyError('Unable to connect to proxy', OSError('Tunnel connection failed: 400 Bad Request')))
('Connection aborted.', BadStatusLine('<html>\r\n'))
HTTPSConnectionPool(host='t.me', port=443): Max retries exceeded with url: //0?embed=1&mode=tme (Caused by ProxyError('Unable to connect to proxy', OSError('Tunnel connection failed: 404 Not Found')))
('Connection aborted.', RemoteDisconnected('Remote end closed connection without response'))
('Connection aborted.', RemoteDisconnected('Remote end closed connection without response'))
HTTPSConnectionPool(host='t.me', port=443): Max retries exceeded with url: //0?embed=1&mode=tme (Caused by ProxyError('Unable to connect to proxy', OSError('Tunnel connection failed: 400 Bad Request')))
('Connection aborted.', RemoteDisconnected('Remote end closed connection without response'))
HTTPSConnectionPool(host='t.me', port=443): Read timed out. (read timeout=15)
HTTPSConnectionPool(host='t.me', port=443): Max retries exceeded with url: //0?embed=1&mode=tme (Caused by ProxyError('Unable to connect to proxy', OSError('Tunnel connection failed: 400 Bad Request')))
HTTPSConnectionPool(host='t.me', port=443): Max retries exceeded with url: //0?embed=1&mode=tme (Caused by ProxyError('Unable to connect to proxy', ConnectTimeoutError(<urllib3.connection.HTTPSConnection object at 0xe7d6b6a0>, 'Connection to 31.45.237.146 timed out. (connect timeout=15)')))
HTTPSConnectionPool(host='t.me', port=443): Max retries exceeded with url: //0?embed=1&mode=tme (Caused by ProxyError('Unable to connect to proxy', OSError('Tunnel connection failed: 502 Bad Gateway')))
HTTPSConnectionPool(host='t.me', port=443): Max retries exceeded with url: //0?embed=1&mode=tme (Caused by ProxyError('Unable to connect to proxy', ConnectTimeoutError(<urllib3.connection.HTTPSConnection object at 0xea553b38>, 'Connection to 221.193.228.7 timed out. (connect timeout=15)')))
HTTPSConnectionPool(host='t.me', port=443): Read timed out. (read timeout=15)
HTTPSConnectionPool(host='t.me', port=443): Read timed out. (read timeout=15)
HTTPSConnectionPool(host='t.me', port=443): Max retries exceeded with url: //0?embed=1&mode=tme (Caused by ProxyError('Unable to connect to proxy', ConnectTimeoutError(<urllib3.connection.HTTPSConnection object at 0xe7122a30>, 'Connection to 223.85.12.114 timed out. (connect timeout=15)')))
HTTPSConnectionPool(host='t.me', port=443): Max retries exceeded with url: //0?embed=1&mode=tme (Caused by ProxyError('Unable to connect to proxy', ConnectTimeoutError(<urllib3.connection.HTTPSConnection object at 0xea536d60>, 'Connection to 41.173.24.38 timed out. (connect timeout=15)')))
HTTPSConnectionPool(host='t.me', port=443): Max retries exceeded with url: //0?embed=1&mode=tme (Caused by ProxyError('Unable to connect to proxy', OSError('Tunnel connection failed: 504 Gateway Timeout')))
HTTPSConnectionPool(host='t.me', port=443): Read timed out. (read timeout=15)
HTTPSConnectionPool(host='t.me', port=443): Max retries exceeded with url: //0?embed=1&mode=tme (Caused by ProxyError('Unable to connect to proxy', OSError('Tunnel connection failed: 400 Bad Request')))
HTTPSConnectionPool(host='t.me', port=443): Max retries exceeded with url: //0?embed=1&mode=tme (Caused by ProxyError('Unable to connect to proxy', ConnectTimeoutError(<urllib3.connection.HTTPSConnection object at 0xe7d952f8>, 'Connection to 79.137.204.235 timed out. (connect timeout=15)')))
HTTPSConnectionPool(host='t.me', port=443): Max retries exceeded with url: //0?embed=1&mode=tme (Caused by ProxyError('Unable to connect to proxy', ConnectTimeoutError(<urllib3.connection.HTTPSConnection object at 0xea589f70>, 'Connection to 81.94.156.149 timed out. (connect timeout=15)')))
HTTPSConnectionPool(host='t.me', port=443): Max retries exceeded with url: //0?embed=1&mode=tme (Caused by ProxyError('Unable to connect to proxy', ConnectTimeoutError(<urllib3.connection.HTTPSConnection object at 0xea589d30>, 'Connection to 23.122.184.9 timed out. (connect timeout=15)')))
HTTPSConnectionPool(host='t.me', port=443): Max retries exceeded with url: //0?embed=1&mode=tme (Caused by ProxyError('Unable to connect to proxy', ConnectTimeoutError(<urllib3.connection.HTTPSConnection object at 0xea5899b8>, 'Connection to 66.70.225.202 timed out. (connect timeout=15)')))
HTTPSConnectionPool(host='t.me', port=443): Max retries exceeded with url: //0?embed=1&mode=tme (Caused by ProxyError('Unable to connect to proxy', ConnectTimeoutError(<urllib3.connection.HTTPSConnection object at 0xe714be38>, 'Connection to 107.148.97.200 timed out. (connect timeout=15)')))
HTTPSConnectionPool(host='t.me', port=443): Max retries exceeded with url: //0?embed=1&mode=tme (Caused by ProxyError('Unable to connect to proxy', ConnectTimeoutError(<urllib3.connection.HTTPSConnection object at 0xea525b68>, 'Connection to 89.188.110.196 timed out. (connect timeout=15)')))
HTTPSConnectionPool(host='t.me', port=443): Read timed out. (read timeout=15)
HTTPSConnectionPool(host='t.me', port=443): Max retries exceeded with url: //0?embed=1&mode=tme (Caused by ProxyError('Unable to connect to proxy', OSError('Tunnel connection failed: 400 Bad Request')))
HTTPSConnectionPool(host='t.me', port=443): Max retries exceeded with url: //0?embed=1&mode=tme (Caused by ProxyError('Unable to connect to proxy', ConnectTimeoutError(<urllib3.connection.HTTPSConnection object at 0xea5c92e0>, 'Connection to 200.229.224.221 timed out. (connect timeout=15)')))
HTTPSConnectionPool(host='t.me', port=443): Read timed out. (read timeout=15)
HTTPSConnectionPool(host='t.me', port=443): Max retries exceeded with url: //0?embed=1&mode=tme (Caused by ProxyError('Unable to connect to proxy', ConnectTimeoutError(<urllib3.connection.HTTPSConnection object at 0xe68917f0>, 'Connection to 94.247.241.70 timed out. (connect timeout=15)')))
HTTPSConnectionPool(host='t.me', port=443): Max retries exceeded with url: //0?embed=1&mode=tme (Caused by ProxyError('Unable to connect to proxy', ConnectTimeoutError(<urllib3.connection.HTTPSConnection object at 0xe6891ef8>, 'Connection to 90.74.184.32 timed out. (connect timeout=15)')))
HTTPSConnectionPool(host='t.me', port=443): Read timed out. (read timeout=15)
HTTPSConnectionPool(host='t.me', port=443): Max retries exceeded with url: //0?embed=1&mode=tme (Caused by ProxyError('Unable to connect to proxy', ConnectTimeoutError(<urllib3.connection.HTTPSConnection object at 0xe68a1ad8>, 'Connection to 196.1.182.46 timed out. (connect timeout=15)')))
HTTPSConnectionPool(host='t.me', port=443): Max retries exceeded with url: //0?embed=1&mode=tme (Caused by ProxyError('Unable to connect to proxy', ConnectTimeoutError(<urllib3.connection.HTTPSConnection object at 0xe68bbe50>, 'Connection to 188.255.220.110 timed out. (connect timeout=15)')))
HTTPSConnectionPool(host='t.me', port=443): Max retries exceeded with url: //0?embed=1&mode=tme (Caused by ProxyError('Unable to connect to proxy', ConnectTimeoutError(<urllib3.connection.HTTPSConnection object at 0xe68abca0>, 'Connection to 45.71.185.243 timed out. (connect timeout=15)')))
HTTPSConnectionPool(host='t.me', port=443): Max retries exceeded with url: //0?embed=1&mode=tme (Caused by ProxyError('Unable to connect to proxy', ConnectTimeoutError(<urllib3.connection.HTTPSConnection object at 0xe6891eb0>, 'Connection to 91.108.130.111 timed out. (connect timeout=15)')))
HTTPSConnectionPool(host='t.me', port=443): Max retries exceeded with url: //0?embed=1&mode=tme (Caused by ProxyError('Unable to connect to proxy', ConnectTimeoutError(<urllib3.connection.HTTPSConnection object at 0xe6891e08>, 'Connection to 47.106.107.212 timed out. (connect timeout=15)')))
('Connection aborted.', RemoteDisconnected('Remote end closed connection without response'))
HTTPSConnectionPool(host='t.me', port=443): Read timed out. (read timeout=15)
HTTPSConnectionPool(host='t.me', port=443): Max retries exceeded with url: //0?embed=1&mode=tme (Caused by ProxyError('Unable to connect to proxy', OSError('Tunnel connection failed: 500 Internal Server Error')))
HTTPSConnectionPool(host='t.me', port=443): Max retries exceeded with url: //0?embed=1&mode=tme (Caused by ProxyError('Unable to connect to proxy', ConnectTimeoutError(<urllib3.connection.HTTPSConnection object at 0xe5c3b400>, 'Connection to 45.11.95.166 timed out. (connect timeout=15)')))
HTTPSConnectionPool(host='t.me', port=443): Max retries exceeded with url: //0?embed=1&mode=tme (Caused by SSLError(SSLCertVerificationError(1, '[SSL: CERTIFICATE_VERIFY_FAILED] certificate verify failed: self signed certificate in certificate chain (_ssl.c:1129)')))
HTTPSConnectionPool(host='t.me', port=443): Max retries exceeded with url: //0?embed=1&mode=tme (Caused by ProxyError('Unable to connect to proxy', ConnectTimeoutError(<urllib3.connection.HTTPSConnection object at 0xe987e2c8>, 'Connection to 36.88.170.170 timed out. (connect timeout=15)')))
HTTPSConnectionPool(host='t.me', port=443): Read timed out. (read timeout=15)
HTTPSConnectionPool(host='t.me', port=443): Max retries exceeded with url: //0?embed=1&mode=tme (Caused by ProxyError('Unable to connect to proxy', ConnectTimeoutError(<urllib3.connection.HTTPSConnection object at 0xe5c5b490>, 'Connection to 187.188.171.73 timed out. (connect timeout=15)')))
HTTPSConnectionPool(host='t.me', port=443): Max retries exceeded with url: //0?embed=1&mode=tme (Caused by ProxyError('Unable to connect to proxy', ConnectTimeoutError(<urllib3.connection.HTTPSConnection object at 0xe7122cd0>, 'Connection to 38.49.129.154 timed out. (connect timeout=15)')))
HTTPSConnectionPool(host='t.me', port=443): Max retries exceeded with url: //0?embed=1&mode=tme (Caused by ProxyError('Unable to connect to proxy', ConnectTimeoutError(<urllib3.connection.HTTPSConnection object at 0xe4ff7be0>, 'Connection to 103.153.246.61 timed out. (connect timeout=15)')))
HTTPSConnectionPool(host='t.me', port=443): Max retries exceeded with url: //0?embed=1&mode=tme (Caused by ProxyError('Unable to connect to proxy', ConnectTimeoutError(<urllib3.connection.HTTPSConnection object at 0xe4ff7d48>, 'Connection to 190.115.7.141 timed out. (connect timeout=15)')))
HTTPSConnectionPool(host='t.me', port=443): Max retries exceeded with url: //0?embed=1&mode=tme (Caused by ProxyError('Unable to connect to proxy', ConnectTimeoutError(<urllib3.connection.HTTPSConnection object at 0xe5009040>, 'Connection to 139.129.162.65 timed out. (connect timeout=15)')))
HTTPSConnectionPool(host='t.me', port=443): Max retries exceeded with url: //0?embed=1&mode=tme (Caused by ProxyError('Unable to connect to proxy', OSError('Tunnel connection failed: 400 Bad Request')))
HTTPSConnectionPool(host='t.me', port=443): Max retries exceeded with url: //0?embed=1&mode=tme (Caused by ProxyError('Unable to connect to proxy', OSError('Tunnel connection failed: 502 ERROR')))
HTTPSConnectionPool(host='t.me', port=443): Max retries exceeded with url: //0?embed=1&mode=tme (Caused by ProxyError('Unable to connect to proxy', ConnectTimeoutError(<urllib3.connection.HTTPSConnection object at 0xe5009af0>, 'Connection to 143.137.83.137 timed out. (connect timeout=15)')))
HTTPSConnectionPool(host='t.me', port=443): Max retries exceeded with url: //0?embed=1&mode=tme (Caused by ProxyError('Unable to connect to proxy', NewConnectionError('<urllib3.connection.HTTPSConnection object at 0xc604d838>: Failed to establish a new connection: [Errno 111] Connection refused')))
('Connection aborted.', RemoteDisconnected('Remote end closed connection without response'))
HTTPSConnectionPool(host='t.me', port=443): Max retries exceeded with url: //0?embed=1&mode=tme (Caused by ProxyError('Unable to connect to proxy', ConnectTimeoutError(<urllib3.connection.HTTPSConnection object at 0xe50246b8>, 'Connection to 222.127.77.167 timed out. (connect timeout=15)')))
('Connection aborted.', BadStatusLine('<html>\r\n'))
('Connection aborted.', ConnectionResetError(104, 'Connection reset by peer'))
HTTPSConnectionPool(host='t.me', port=443): Max retries exceeded with url: //0?embed=1&mode=tme (Caused by ProxyError('Unable to connect to proxy', ConnectTimeoutError(<urllib3.connection.HTTPSConnection object at 0xe68abef8>, 'Connection to 170.64.175.174 timed out. (connect timeout=15)')))
HTTPSConnectionPool(host='t.me', port=443): Max retries exceeded with url: //0?embed=1&mode=tme (Caused by ProxyError('Unable to connect to proxy', ConnectTimeoutError(<urllib3.connection.HTTPSConnection object at 0xe5033460>, 'Connection to 181.28.111.161 timed out. (connect timeout=15)')))
HTTPSConnectionPool(host='t.me', port=443): Max retries exceeded with url: //0?embed=1&mode=tme (Caused by ProxyError('Unable to connect to proxy', ConnectTimeoutError(<urllib3.connection.HTTPSConnection object at 0xe5c4d328>, 'Connection to 79.137.204.235 timed out. (connect timeout=15)')))
HTTPSConnectionPool(host='t.me', port=443): Max retries exceeded with url: //0?embed=1&mode=tme (Caused by ProxyError('Unable to connect to proxy', ConnectTimeoutError(<urllib3.connection.HTTPSConnection object at 0xe50095f8>, 'Connection to 103.179.252.6 timed out. (connect timeout=15)')))
HTTPSConnectionPool(host='t.me', port=443): Max retries exceeded with url: //0?embed=1&mode=tme (Caused by ProxyError('Unable to connect to proxy', ConnectTimeoutError(<urllib3.connection.HTTPSConnection object at 0xe7d77ce8>, 'Connection to 67.55.186.25 timed out. (connect timeout=15)')))
HTTPSConnectionPool(host='t.me', port=443): Max retries exceeded with url: //0?embed=1&mode=tme (Caused by ProxyError('Unable to connect to proxy', ConnectTimeoutError(<urllib3.connection.HTTPSConnection object at 0xe50334a8>, 'Connection to 103.158.27.88 timed out. (connect timeout=15)')))
HTTPSConnectionPool(host='t.me', port=443): Max retries exceeded with url: //0?embed=1&mode=tme (Caused by ProxyError('Unable to connect to proxy', ConnectTimeoutError(<urllib3.connection.HTTPSConnection object at 0xe45b5bb0>, 'Connection to 103.7.26.142 timed out. (connect timeout=15)')))
HTTPSConnectionPool(host='t.me', port=443): Max retries exceeded with url: //0?embed=1&mode=tme (Caused by ProxyError('Unable to connect to proxy', ConnectTimeoutError(<urllib3.connection.HTTPSConnection object at 0xe45b5628>, 'Connection to 202.0.103.115 timed out. (connect timeout=15)')))
HTTPSConnectionPool(host='t.me', port=443): Max retries exceeded with url: //0?embed=1&mode=tme (Caused by ProxyError('Unable to connect to proxy', OSError('Tunnel connection failed: 403 Access Denied')))
HTTPSConnectionPool(host='t.me', port=443): Max retries exceeded with url: //0?embed=1&mode=tme (Caused by ProxyError('Unable to connect to proxy', ConnectTimeoutError(<urllib3.connection.HTTPSConnection object at 0xe45c2790>, 'Connection to 91.214.31.234 timed out. (connect timeout=15)')))
HTTPSConnectionPool(host='t.me', port=443): Read timed out. (read timeout=15)
HTTPSConnectionPool(host='t.me', port=443): Max retries exceeded with url: //0?embed=1&mode=tme (Caused by ProxyError('Unable to connect to proxy', OSError('Tunnel connection failed: 400 Bad Request')))
HTTPSConnectionPool(host='t.me', port=443): Max retries exceeded with url: //0?embed=1&mode=tme (Caused by ProxyError('Unable to connect to proxy', ConnectTimeoutError(<urllib3.connection.HTTPSConnection object at 0xe45cec70>, 'Connection to 5.42.74.179 timed out. (connect timeout=15)')))
HTTPSConnectionPool(host='t.me', port=443): Max retries exceeded with url: //0?embed=1&mode=tme (Caused by ProxyError('Unable to connect to proxy', ConnectTimeoutError(<urllib3.connection.HTTPSConnection object at 0xe45ced00>, 'Connection to 122.154.118.66 timed out. (connect timeout=15)')))
('Connection aborted.', RemoteDisconnected('Remote end closed connection without response'))
HTTPSConnectionPool(host='t.me', port=443): Max retries exceeded with url: //0?embed=1&mode=tme (Caused by ProxyError('Unable to connect to proxy', ConnectTimeoutError(<urllib3.connection.HTTPSConnection object at 0xe45db6d0>, 'Connection to 5.42.81.57 timed out. (connect timeout=15)')))
HTTPSConnectionPool(host='t.me', port=443): Max retries exceeded with url: //0?embed=1&mode=tme (Caused by ProxyError('Unable to connect to proxy', ConnectTimeoutError(<urllib3.connection.HTTPSConnection object at 0xe45e9bf8>, 'Connection to 45.71.202.148 timed out. (connect timeout=15)')))
HTTPSConnectionPool(host='t.me', port=443): Max retries exceeded with url: //0?embed=1&mode=tme (Caused by ProxyError('Unable to connect to proxy', ConnectTimeoutError(<urllib3.connection.HTTPSConnection object at 0xe71228c8>, 'Connection to 23.162.160.1 timed out. (connect timeout=15)')))
HTTPSConnectionPool(host='t.me', port=443): Max retries exceeded with url: //0?embed=1&mode=tme (Caused by ProxyError('Unable to connect to proxy', ConnectTimeoutError(<urllib3.connection.HTTPSConnection object at 0xe45e9790>, 'Connection to 85.133.190.40 timed out. (connect timeout=15)')))
HTTPSConnectionPool(host='t.me', port=443): Max retries exceeded with url: //0?embed=1&mode=tme (Caused by ProxyError('Unable to connect to proxy', NewConnectionError('<urllib3.connection.HTTPSConnection object at 0xc5fdd238>: Failed to establish a new connection: [Errno 111] Connection refused')))
HTTPSConnectionPool(host='t.me', port=443): Max retries exceeded with url: //0?embed=1&mode=tme (Caused by ProxyError('Unable to connect to proxy', ConnectTimeoutError(<urllib3.connection.HTTPSConnection object at 0xe390f910>, 'Connection to 103.122.33.34 timed out. (connect timeout=15)')))
HTTPSConnectionPool(host='t.me', port=443): Max retries exceeded with url: //0?embed=1&mode=tme (Caused by ProxyError('Unable to connect to proxy', ConnectTimeoutError(<urllib3.connection.HTTPSConnection object at 0xe45e9a18>, 'Connection to 103.142.21.197 timed out. (connect timeout=15)')))
HTTPSConnectionPool(host='t.me', port=443): Max retries exceeded with url: //0?embed=1&mode=tme (Caused by ProxyError('Unable to connect to proxy', OSError('Tunnel connection failed: 400 Bad Request')))
HTTPSConnectionPool(host='t.me', port=443): Max retries exceeded with url: //0?embed=1&mode=tme (Caused by ProxyError('Unable to connect to proxy', ConnectTimeoutError(<urllib3.connection.HTTPSConnection object at 0xe3901610>, 'Connection to 5.42.78.239 timed out. (connect timeout=15)')))
HTTPSConnectionPool(host='t.me', port=443): Max retries exceeded with url: //0?embed=1&mode=tme (Caused by ProxyError('Unable to connect to proxy', ConnectTimeoutError(<urllib3.connection.HTTPSConnection object at 0xe391df40>, 'Connection to 102.213.223.46 timed out. (connect timeout=15)')))
HTTPSConnectionPool(host='t.me', port=443): Max retries exceeded with url: //0?embed=1&mode=tme (Caused by ProxyError('Unable to connect to proxy', OSError('Tunnel connection failed: 400 Bad Request')))
HTTPSConnectionPool(host='t.me', port=443): Max retries exceeded with url: //0?embed=1&mode=tme (Caused by ProxyError('Unable to connect to proxy', OSError('Tunnel connection failed: 400 Bad Request')))
HTTPSConnectionPool(host='t.me', port=443): Max retries exceeded with url: //0?embed=1&mode=tme (Caused by ProxyError('Unable to connect to proxy', ConnectTimeoutError(<urllib3.connection.HTTPSConnection object at 0xe2dae808>, 'Connection to 85.117.63.207 timed out. (connect timeout=15)')))
HTTPSConnectionPool(host='t.me', port=443): Read timed out. (read timeout=15)
HTTPSConnectionPool(host='t.me', port=443): Max retries exceeded with url: //0?embed=1&mode=tme (Caused by ProxyError('Unable to connect to proxy', ConnectTimeoutError(<urllib3.connection.HTTPSConnection object at 0xe2dbda18>, 'Connection to 223.25.100.234 timed out. (connect timeout=15)')))
HTTPSConnectionPool(host='t.me', port=443): Max retries exceeded with url: //0?embed=1&mode=tme (Caused by ProxyError('Unable to connect to proxy', ConnectTimeoutError(<urllib3.connection.HTTPSConnection object at 0xe2dcd700>, 'Connection to 178.251.111.19 timed out. (connect timeout=15)')))
HTTPSConnectionPool(host='t.me', port=443): Max retries exceeded with url: //0?embed=1&mode=tme (Caused by ProxyError('Unable to connect to proxy', ConnectTimeoutError(<urllib3.connection.HTTPSConnection object at 0xe71223e8>, 'Connection to 103.83.80.67 timed out. (connect timeout=15)')))
('Connection aborted.', RemoteDisconnected('Remote end closed connection without response'))
HTTPSConnectionPool(host='t.me', port=443): Read timed out. (read timeout=15)
('Connection aborted.', RemoteDisconnected('Remote end closed connection without response'))
HTTPSConnectionPool(host='t.me', port=443): Max retries exceeded with url: //0?embed=1&mode=tme (Caused by SSLError(SSLEOFError(8, 'EOF occurred in violation of protocol (_ssl.c:1129)')))
HTTPSConnectionPool(host='t.me', port=443): Max retries exceeded with url: //0?embed=1&mode=tme (Caused by ProxyError('Unable to connect to proxy', ConnectTimeoutError(<urllib3.connection.HTTPSConnection object at 0xe21850a0>, 'Connection to 93.87.49.86 timed out. (connect timeout=15)')))
HTTPSConnectionPool(host='t.me', port=443): Read timed out. (read timeout=15)
HTTPSConnectionPool(host='t.me', port=443): Max retries exceeded with url: //0?embed=1&mode=tme (Caused by ProxyError('Unable to connect to proxy', ConnectTimeoutError(<urllib3.connection.HTTPSConnection object at 0xe2185100>, 'Connection to 190.95.209.181 timed out. (connect timeout=15)')))
HTTPSConnectionPool(host='t.me', port=443): Max retries exceeded with url: //0?embed=1&mode=tme (Caused by ProxyError('Unable to connect to proxy', ConnectTimeoutError(<urllib3.connection.HTTPSConnection object at 0xe3928ce8>, 'Connection to 36.91.68.147 timed out. (connect timeout=15)')))
HTTPSConnectionPool(host='t.me', port=443): Max retries exceeded with url: //0?embed=1&mode=tme (Caused by ProxyError('Unable to connect to proxy', OSError('Tunnel connection failed: 400 Bad Request')))
HTTPSConnectionPool(host='t.me', port=443): Read timed out. (read timeout=15)
HTTPSConnectionPool(host='t.me', port=443): Read timed out. (read timeout=15)
HTTPSConnectionPool(host='t.me', port=443): Max retries exceeded with url: //0?embed=1&mode=tme (Caused by ProxyError('Unable to connect to proxy', ConnectTimeoutError(<urllib3.connection.HTTPSConnection object at 0xe2185d90>, 'Connection to 62.3.30.70 timed out. (connect timeout=15)')))
HTTPSConnectionPool(host='t.me', port=443): Max retries exceeded with url: //0?embed=1&mode=tme (Caused by ProxyError('Unable to connect to proxy', OSError('Tunnel connection failed: 400 Bad Request')))
HTTPSConnectionPool(host='t.me', port=443): Read timed out. (read timeout=15)
HTTPSConnectionPool(host='t.me', port=443): Max retries exceeded with url: //0?embed=1&mode=tme (Caused by ProxyError('Unable to connect to proxy', OSError('Tunnel connection failed: 404 Not Found')))
HTTPSConnectionPool(host='t.me', port=443): Max retries exceeded with url: //0?embed=1&mode=tme (Caused by ProxyError('Unable to connect to proxy', ConnectTimeoutError(<urllib3.connection.HTTPSConnection object at 0xe2190430>, 'Connection to 103.99.22.9 timed out. (connect timeout=15)')))
HTTPSConnectionPool(host='t.me', port=443): Max retries exceeded with url: //0?embed=1&mode=tme (Caused by ProxyError('Unable to connect to proxy', ConnectTimeoutError(<urllib3.connection.HTTPSConnection object at 0xe2190cd0>, 'Connection to 210.5.10.87 timed out. (connect timeout=15)')))
HTTPSConnectionPool(host='t.me', port=443): Read timed out. (read timeout=15)
HTTPSConnectionPool(host='t.me', port=443): Read timed out. (read timeout=15)
HTTPSConnectionPool(host='t.me', port=443): Max retries exceeded with url: //0?embed=1&mode=tme (Caused by ProxyError('Unable to connect to proxy', ConnectTimeoutError(<urllib3.connection.HTTPSConnection object at 0xe2dae670>, 'Connection to 177.93.59.42 timed out. (connect timeout=15)')))
HTTPSConnectionPool(host='t.me', port=443): Max retries exceeded with url: //0?embed=1&mode=tme (Caused by ProxyError('Unable to connect to proxy', ConnectTimeoutError(<urllib3.connection.HTTPSConnection object at 0xe2dae778>, 'Connection to 107.148.100.111 timed out. (connect timeout=15)')))
HTTPSConnectionPool(host='t.me', port=443): Max retries exceeded with url: //0?embed=1&mode=tme (Caused by ProxyError('Unable to connect to proxy', ConnectTimeoutError(<urllib3.connection.HTTPSConnection object at 0xe17db538>, 'Connection to 103.52.144.49 timed out. (connect timeout=15)')))
HTTPSConnectionPool(host='t.me', port=443): Read timed out. (read timeout=15)
HTTPSConnectionPool(host='t.me', port=443): Max retries exceeded with url: //0?embed=1&mode=tme (Caused by ProxyError('Unable to connect to proxy', ConnectTimeoutError(<urllib3.connection.HTTPSConnection object at 0xe17dbb68>, 'Connection to 103.155.199.54 timed out. (connect timeout=15)')))
HTTPSConnectionPool(host='t.me', port=443): Max retries exceeded with url: //0?embed=1&mode=tme (Caused by ProxyError('Unable to connect to proxy', ConnectTimeoutError(<urllib3.connection.HTTPSConnection object at 0xe391d490>, 'Connection to 66.98.24.237 timed out. (connect timeout=15)')))
HTTPSConnectionPool(host='t.me', port=443): Max retries exceeded with url: //0?embed=1&mode=tme (Caused by ProxyError('Unable to connect to proxy', OSError('Tunnel connection failed: 400 Bad Request')))
HTTPSConnectionPool(host='t.me', port=443): Max retries exceeded with url: //0?embed=1&mode=tme (Caused by ProxyError('Unable to connect to proxy', ConnectTimeoutError(<urllib3.connection.HTTPSConnection object at 0xe17e7eb0>, 'Connection to 209.14.113.2 timed out. (connect timeout=15)')))
HTTPSConnectionPool(host='t.me', port=443): Max retries exceeded with url: //0?embed=1&mode=tme (Caused by ProxyError('Unable to connect to proxy', NewConnectionError('<urllib3.connection.HTTPSConnection object at 0xea5ff970>: Failed to establish a new connection: [Errno 111] Connection refused')))
HTTPSConnectionPool(host='t.me', port=443): Max retries exceeded with url: //0?embed=1&mode=tme (Caused by ProxyError('Unable to connect to proxy', OSError('Tunnel connection failed: 400 Bad Request')))
HTTPSConnectionPool(host='t.me', port=443): Max retries exceeded with url: //0?embed=1&mode=tme (Caused by ProxyError('Unable to connect to proxy', ConnectTimeoutError(<urllib3.connection.HTTPSConnection object at 0xe17f3c10>, 'Connection to 109.167.134.253 timed out. (connect timeout=15)')))
('Connection aborted.', RemoteDisconnected('Remote end closed connection without response'))
('Connection aborted.', RemoteDisconnected('Remote end closed connection without response'))
HTTPSConnectionPool(host='t.me', port=443): Max retries exceeded with url: //0?embed=1&mode=tme (Caused by ProxyError('Unable to connect to proxy', OSError('Tunnel connection failed: 500 Internal Server Error')))
HTTPSConnectionPool(host='t.me', port=443): Max retries exceeded with url: //0?embed=1&mode=tme (Caused by ProxyError('Unable to connect to proxy', ConnectTimeoutError(<urllib3.connection.HTTPSConnection object at 0xe1801430>, 'Connection to 85.109.104.100 timed out. (connect timeout=15)')))
HTTPSConnectionPool(host='t.me', port=443): Max retries exceeded with url: //0?embed=1&mode=tme (Caused by ProxyError('Unable to connect to proxy', OSError('Tunnel connection failed: 400 Bad Request')))
HTTPSConnectionPool(host='t.me', port=443): Max retries exceeded with url: //0?embed=1&mode=tme (Caused by ProxyError('Unable to connect to proxy', ConnectTimeoutError(<urllib3.connection.HTTPSConnection object at 0xe0b90160>, 'Connection to 217.112.80.252 timed out. (connect timeout=15)')))
HTTPSConnectionPool(host='t.me', port=443): Max retries exceeded with url: //0?embed=1&mode=tme (Caused by ProxyError('Unable to connect to proxy', ConnectTimeoutError(<urllib3.connection.HTTPSConnection object at 0xe0b90250>, 'Connection to 5.42.78.239 timed out. (connect timeout=15)')))
HTTPSConnectionPool(host='t.me', port=443): Max retries exceeded with url: //0?embed=1&mode=tme (Caused by ProxyError('Unable to connect to proxy', ConnectTimeoutError(<urllib3.connection.HTTPSConnection object at 0xe2dcd4f0>, 'Connection to 139.99.35.199 timed out. (connect timeout=15)')))
HTTPSConnectionPool(host='t.me', port=443): Max retries exceeded with url: //0?embed=1&mode=tme (Caused by ProxyError('Unable to connect to proxy', ConnectTimeoutError(<urllib3.connection.HTTPSConnection object at 0xe0b90868>, 'Connection to 118.178.232.60 timed out. (connect timeout=15)')))
HTTPSConnectionPool(host='t.me', port=443): Max retries exceeded with url: //0?embed=1&mode=tme (Caused by ProxyError('Unable to connect to proxy', ConnectTimeoutError(<urllib3.connection.HTTPSConnection object at 0xe1812a00>, 'Connection to 5.58.239.210 timed out. (connect timeout=15)')))
HTTPSConnectionPool(host='t.me', port=443): Max retries exceeded with url: //0?embed=1&mode=tme (Caused by ProxyError('Unable to connect to proxy', OSError('Tunnel connection failed: 404 Not Found')))
HTTPSConnectionPool(host='t.me', port=443): Max retries exceeded with url: //0?embed=1&mode=tme (Caused by ProxyError('Unable to connect to proxy', ConnectTimeoutError(<urllib3.connection.HTTPSConnection object at 0xe0b9d8b0>, 'Connection to 78.188.81.57 timed out. (connect timeout=15)')))
HTTPSConnectionPool(host='t.me', port=443): Max retries exceeded with url: //0?embed=1&mode=tme (Caused by ProxyError('Unable to connect to proxy', ConnectTimeoutError(<urllib3.connection.HTTPSConnection object at 0xe0b9d850>, 'Connection to 107.148.99.110 timed out. (connect timeout=15)')))
('Connection aborted.', ConnectionResetError(104, 'Connection reset by peer'))
HTTPSConnectionPool(host='t.me', port=443): Max retries exceeded with url: //0?embed=1&mode=tme (Caused by ProxyError('Unable to connect to proxy', NewConnectionError('<urllib3.connection.HTTPSConnection object at 0xe2185af0>: Failed to establish a new connection: [Errno 111] Connection refused')))
HTTPSConnectionPool(host='t.me', port=443): Max retries exceeded with url: //0?embed=1&mode=tme (Caused by ProxyError('Unable to connect to proxy', ConnectTimeoutError(<urllib3.connection.HTTPSConnection object at 0xe2dae8c8>, 'Connection to 194.93.25.55 timed out. (connect timeout=15)')))
HTTPSConnectionPool(host='t.me', port=443): Max retries exceeded with url: //0?embed=1&mode=tme (Caused by ProxyError('Unable to connect to proxy', NewConnectionError('<urllib3.connection.HTTPSConnection object at 0xc72363d0>: Failed to establish a new connection: [Errno 111] Connection refused')))
HTTPSConnectionPool(host='t.me', port=443): Max retries exceeded with url: //0?embed=1&mode=tme (Caused by ProxyError('Unable to connect to proxy', NewConnectionError('<urllib3.connection.HTTPSConnection object at 0xc604dcd0>: Failed to establish a new connection: [Errno 111] Connection refused')))
HTTPSConnectionPool(host='t.me', port=443): Max retries exceeded with url: //0?embed=1&mode=tme (Caused by ProxyError('Unable to connect to proxy', ConnectTimeoutError(<urllib3.connection.HTTPSConnection object at 0xe0bbab80>, 'Connection to 105.174.40.54 timed out. (connect timeout=15)')))
HTTPSConnectionPool(host='t.me', port=443): Max retries exceeded with url: //0?embed=1&mode=tme (Caused by ProxyError('Unable to connect to proxy', ConnectTimeoutError(<urllib3.connection.HTTPSConnection object at 0xe0bbac10>, 'Connection to 193.169.5.216 timed out. (connect timeout=15)')))
HTTPSConnectionPool(host='t.me', port=443): Read timed out. (read timeout=15)
HTTPSConnectionPool(host='t.me', port=443): Max retries exceeded with url: //0?embed=1&mode=tme (Caused by ProxyError('Unable to connect to proxy', ConnectTimeoutError(<urllib3.connection.HTTPSConnection object at 0xe0bc8a18>, 'Connection to 202.46.79.242 timed out. (connect timeout=15)')))
HTTPSConnectionPool(host='t.me', port=443): Max retries exceeded with url: //0?embed=1&mode=tme (Caused by ProxyError('Unable to connect to proxy', ConnectTimeoutError(<urllib3.connection.HTTPSConnection object at 0xe0bc84d8>, 'Connection to 103.115.31.3 timed out. (connect timeout=15)')))
HTTPSConnectionPool(host='t.me', port=443): Max retries exceeded with url: //0?embed=1&mode=tme (Caused by ProxyError('Unable to connect to proxy', OSError('Tunnel connection failed: 403 Access Denied')))
HTTPSConnectionPool(host='t.me', port=443): Max retries exceeded with url: //0?embed=1&mode=tme (Caused by SSLError(SSLEOFError(8, 'EOF occurred in violation of protocol (_ssl.c:1129)')))
HTTPSConnectionPool(host='t.me', port=443): Max retries exceeded with url: //0?embed=1&mode=tme (Caused by ProxyError('Unable to connect to proxy', ConnectTimeoutError(<urllib3.connection.HTTPSConnection object at 0xe0167028>, 'Connection to 181.209.116.20 timed out. (connect timeout=15)')))
HTTPSConnectionPool(host='t.me', port=443): Max retries exceeded with url: //0?embed=1&mode=tme (Caused by ProxyError('Unable to connect to proxy', ConnectTimeoutError(<urllib3.connection.HTTPSConnection object at 0xe014df70>, 'Connection to 154.73.29.129 timed out. (connect timeout=15)')))
HTTPSConnectionPool(host='t.me', port=443): Max retries exceeded with url: //0?embed=1&mode=tme (Caused by ProxyError('Unable to connect to proxy', ConnectTimeoutError(<urllib3.connection.HTTPSConnection object at 0xe0167190>, 'Connection to 167.114.107.37 timed out. (connect timeout=15)')))
HTTPSConnectionPool(host='t.me', port=443): Max retries exceeded with url: //0?embed=1&mode=tme (Caused by ProxyError('Unable to connect to proxy', NewConnectionError('<urllib3.connection.HTTPSConnection object at 0xe0b90b20>: Failed to establish a new connection: [Errno 111] Connection refused')))
HTTPSConnectionPool(host='t.me', port=443): Max retries exceeded with url: //0?embed=1&mode=tme (Caused by ProxyError('Unable to connect to proxy', ConnectTimeoutError(<urllib3.connection.HTTPSConnection object at 0xe0167820>, 'Connection to 36.88.140.235 timed out. (connect timeout=15)')))
HTTPSConnectionPool(host='t.me', port=443): Max retries exceeded with url: //0?embed=1&mode=tme (Caused by ProxyError('Unable to connect to proxy', ConnectTimeoutError(<urllib3.connection.HTTPSConnection object at 0xe1801940>, 'Connection to 103.189.249.196 timed out. (connect timeout=15)')))
HTTPSConnectionPool(host='t.me', port=443): Max retries exceeded with url: //0?embed=1&mode=tme (Caused by ProxyError('Unable to connect to proxy', OSError('Tunnel connection failed: 400 Bad Request')))
HTTPSConnectionPool(host='t.me', port=443): Max retries exceeded with url: //0?embed=1&mode=tme (Caused by ProxyError('Unable to connect to proxy', ConnectTimeoutError(<urllib3.connection.HTTPSConnection object at 0xe0174bb0>, 'Connection to 101.255.208.22 timed out. (connect timeout=15)')))
HTTPSConnectionPool(host='t.me', port=443): Read timed out. (read timeout=15)
HTTPSConnectionPool(host='t.me', port=443): Max retries exceeded with url: //0?embed=1&mode=tme (Caused by ProxyError('Unable to connect to proxy', NewConnectionError('<urllib3.connection.HTTPSConnection object at 0xcd1d10e8>: Failed to establish a new connection: [Errno 111] Connection refused')))
HTTPSConnectionPool(host='t.me', port=443): Read timed out. (read timeout=15)
HTTPSConnectionPool(host='t.me', port=443): Max retries exceeded with url: //0?embed=1&mode=tme (Caused by ProxyError('Unable to connect to proxy', OSError('Tunnel connection failed: 404 Not Found')))
HTTPSConnectionPool(host='t.me', port=443): Max retries exceeded with url: //0?embed=1&mode=tme (Caused by ProxyError('Unable to connect to proxy', ConnectTimeoutError(<urllib3.connection.HTTPSConnection object at 0xdf4d8730>, 'Connection to 139.255.94.123 timed out. (connect timeout=15)')))
HTTPSConnectionPool(host='t.me', port=443): Max retries exceeded with url: //0?embed=1&mode=tme (Caused by ProxyError('Unable to connect to proxy', ConnectTimeoutError(<urllib3.connection.HTTPSConnection object at 0xdf4d86a0>, 'Connection to 188.17.11.166 timed out. (connect timeout=15)')))
HTTPSConnectionPool(host='t.me', port=443): Max retries exceeded with url: //0?embed=1&mode=tme (Caused by ProxyError('Unable to connect to proxy', OSError('Tunnel connection failed: 500 Internal Server Error')))
HTTPSConnectionPool(host='t.me', port=443): Read timed out. (read timeout=15)
HTTPSConnectionPool(host='t.me', port=443): Max retries exceeded with url: //0?embed=1&mode=tme (Caused by ProxyError('Unable to connect to proxy', NewConnectionError('<urllib3.connection.HTTPSConnection object at 0xc5e7ec10>: Failed to establish a new connection: [Errno 111] Connection refused')))
HTTPSConnectionPool(host='t.me', port=443): Max retries exceeded with url: //0?embed=1&mode=tme (Caused by ProxyError('Unable to connect to proxy', ConnectTimeoutError(<urllib3.connection.HTTPSConnection object at 0xdf4d8c88>, 'Connection to 202.5.46.116 timed out. (connect timeout=15)')))
HTTPSConnectionPool(host='t.me', port=443): Max retries exceeded with url: //0?embed=1&mode=tme (Caused by ProxyError('Unable to connect to proxy', ConnectTimeoutError(<urllib3.connection.HTTPSConnection object at 0xdf4e47a8>, 'Connection to 107.148.98.232 timed out. (connect timeout=15)')))
HTTPSConnectionPool(host='t.me', port=443): Max retries exceeded with url: //0?embed=1&mode=tme (Caused by ProxyError('Unable to connect to proxy', ConnectTimeoutError(<urllib3.connection.HTTPSConnection object at 0xe014d190>, 'Connection to 202.154.18.25 timed out. (connect timeout=15)')))
HTTPSConnectionPool(host='t.me', port=443): Max retries exceeded with url: //0?embed=1&mode=tme (Caused by ProxyError('Unable to connect to proxy', ConnectTimeoutError(<urllib3.connection.HTTPSConnection object at 0xdf4e4ef8>, 'Connection to 91.150.189.122 timed out. (connect timeout=15)')))
HTTPSConnectionPool(host='t.me', port=443): Max retries exceeded with url: //0?embed=1&mode=tme (Caused by ProxyError('Unable to connect to proxy', ConnectTimeoutError(<urllib3.connection.HTTPSConnection object at 0xdf4d8da8>, 'Connection to 37.182.79.112 timed out. (connect timeout=15)')))
HTTPSConnectionPool(host='t.me', port=443): Read timed out. (read timeout=15)
HTTPSConnectionPool(host='t.me', port=443): Max retries exceeded with url: //0?embed=1&mode=tme (Caused by ProxyError('Unable to connect to proxy', ConnectTimeoutError(<urllib3.connection.HTTPSConnection object at 0xdf4e4bc8>, 'Connection to 49.156.46.126 timed out. (connect timeout=15)')))
HTTPSConnectionPool(host='t.me', port=443): Max retries exceeded with url: //0?embed=1&mode=tme (Caused by ProxyError('Unable to connect to proxy', ConnectTimeoutError(<urllib3.connection.HTTPSConnection object at 0xde87c568>, 'Connection to 190.56.241.170 timed out. (connect timeout=15)')))
('Connection aborted.', RemoteDisconnected('Remote end closed connection without response'))
HTTPSConnectionPool(host='t.me', port=443): Max retries exceeded with url: //0?embed=1&mode=tme (Caused by ProxyError('Unable to connect to proxy', ConnectTimeoutError(<urllib3.connection.HTTPSConnection object at 0xde897a60>, 'Connection to 195.114.209.50 timed out. (connect timeout=15)')))
HTTPSConnectionPool(host='t.me', port=443): Max retries exceeded with url: //0?embed=1&mode=tme (Caused by ProxyError('Unable to connect to proxy', OSError('Tunnel connection failed: 500 Internal Server Error')))
HTTPSConnectionPool(host='t.me', port=443): Read timed out. (read timeout=15)
HTTPSConnectionPool(host='t.me', port=443): Max retries exceeded with url: //0?embed=1&mode=tme (Caused by ProxyError('Unable to connect to proxy', ConnectTimeoutError(<urllib3.connection.HTTPSConnection object at 0xde8975c8>, 'Connection to 201.77.108.5 timed out. (connect timeout=15)')))
HTTPSConnectionPool(host='t.me', port=443): Max retries exceeded with url: //0?embed=1&mode=tme (Caused by ProxyError('Unable to connect to proxy', ConnectTimeoutError(<urllib3.connection.HTTPSConnection object at 0xe6891268>, 'Connection to 139.5.19.165 timed out. (connect timeout=15)')))
HTTPSConnectionPool(host='t.me', port=443): Max retries exceeded with url: //0?embed=1&mode=tme (Caused by ProxyError('Unable to connect to proxy', ConnectTimeoutError(<urllib3.connection.HTTPSConnection object at 0xde8b23b8>, 'Connection to 78.170.135.164 timed out. (connect timeout=15)')))
HTTPSConnectionPool(host='t.me', port=443): Max retries exceeded with url: //0?embed=1&mode=tme (Caused by ProxyError('Unable to connect to proxy', ConnectTimeoutError(<urllib3.connection.HTTPSConnection object at 0xde8a5820>, 'Connection to 45.11.95.165 timed out. (connect timeout=15)')))
HTTPSConnectionPool(host='t.me', port=443): Max retries exceeded with url: //0?embed=1&mode=tme (Caused by ProxyError('Unable to connect to proxy', OSError('Tunnel connection failed: 503 Too many open connections')))
HTTPSConnectionPool(host='t.me', port=443): Max retries exceeded with url: //0?embed=1&mode=tme (Caused by ProxyError('Unable to connect to proxy', OSError('Tunnel connection failed: 400 Bad Request')))
HTTPSConnectionPool(host='t.me', port=443): Max retries exceeded with url: //0?embed=1&mode=tme (Caused by ProxyError('Unable to connect to proxy', ConnectTimeoutError(<urllib3.connection.HTTPSConnection object at 0xddc3a640>, 'Connection to 121.40.62.167 timed out. (connect timeout=15)')))
HTTPSConnectionPool(host='t.me', port=443): Max retries exceeded with url: //0?embed=1&mode=tme (Caused by ProxyError('Unable to connect to proxy', ConnectTimeoutError(<urllib3.connection.HTTPSConnection object at 0xddc3a328>, 'Connection to 5.189.146.57 timed out. (connect timeout=15)')))
HTTPSConnectionPool(host='t.me', port=443): Max retries exceeded with url: //0?embed=1&mode=tme (Caused by ProxyError('Unable to connect to proxy', ConnectTimeoutError(<urllib3.connection.HTTPSConnection object at 0xddc3a730>, 'Connection to 177.93.50.164 timed out. (connect timeout=15)')))
HTTPSConnectionPool(host='t.me', port=443): Read timed out. (read timeout=15)
HTTPSConnectionPool(host='t.me', port=443): Max retries exceeded with url: //0?embed=1&mode=tme (Caused by ProxyError('Unable to connect to proxy', ConnectTimeoutError(<urllib3.connection.HTTPSConnection object at 0xddc3abf8>, 'Connection to 49.48.89.119 timed out. (connect timeout=15)')))
HTTPSConnectionPool(host='t.me', port=443): Max retries exceeded with url: //0?embed=1&mode=tme (Caused by ProxyError('Unable to connect to proxy', NewConnectionError('<urllib3.connection.HTTPSConnection object at 0xc5cbc418>: Failed to establish a new connection: [Errno 111] Connection refused')))
HTTPSConnectionPool(host='t.me', port=443): Max retries exceeded with url: //0?embed=1&mode=tme (Caused by ProxyError('Unable to connect to proxy', OSError('Tunnel connection failed: 503 Service Unavailable')))
HTTPSConnectionPool(host='t.me', port=443): Max retries exceeded with url: //0?embed=1&mode=tme (Caused by ProxyError('Unable to connect to proxy', NewConnectionError('<urllib3.connection.HTTPSConnection object at 0xc5f06028>: Failed to establish a new connection: [Errno 111] Connection refused')))
HTTPSConnectionPool(host='t.me', port=443): Max retries exceeded with url: //0?embed=1&mode=tme (Caused by ProxyError('Unable to connect to proxy', ConnectTimeoutError(<urllib3.connection.HTTPSConnection object at 0xddc49130>, 'Connection to 103.247.14.103 timed out. (connect timeout=15)')))
HTTPSConnectionPool(host='t.me', port=443): Max retries exceeded with url: //0?embed=1&mode=tme (Caused by ProxyError('Unable to connect to proxy', ConnectTimeoutError(<urllib3.connection.HTTPSConnection object at 0xddc3ad00>, 'Connection to 181.209.110.190 timed out. (connect timeout=15)')))
HTTPSConnectionPool(host='t.me', port=443): Max retries exceeded with url: //0?embed=1&mode=tme (Caused by ProxyError('Unable to connect to proxy', ConnectTimeoutError(<urllib3.connection.HTTPSConnection object at 0xdf4d83d0>, 'Connection to 129.205.127.30 timed out. (connect timeout=15)')))
HTTPSConnectionPool(host='t.me', port=443): Max retries exceeded with url: //0?embed=1&mode=tme (Caused by ProxyError('Unable to connect to proxy', OSError('Tunnel connection failed: 404 Not Found')))
HTTPSConnectionPool(host='t.me', port=443): Max retries exceeded with url: //0?embed=1&mode=tme (Caused by ProxyError('Unable to connect to proxy', ConnectTimeoutError(<urllib3.connection.HTTPSConnection object at 0xddc3a778>, 'Connection to 175.106.11.172 timed out. (connect timeout=15)')))
HTTPSConnectionPool(host='t.me', port=443): Max retries exceeded with url: //0?embed=1&mode=tme (Caused by ProxyError('Unable to connect to proxy', ConnectTimeoutError(<urllib3.connection.HTTPSConnection object at 0xe712f598>, 'Connection to 156.200.116.74 timed out. (connect timeout=15)')))
HTTPSConnectionPool(host='t.me', port=443): Max retries exceeded with url: //0?embed=1&mode=tme (Caused by ProxyError('Unable to connect to proxy', ConnectTimeoutError(<urllib3.connection.HTTPSConnection object at 0xdf4b8dd8>, 'Connection to 103.188.168.66 timed out. (connect timeout=15)')))
HTTPSConnectionPool(host='t.me', port=443): Read timed out. (read timeout=15)
HTTPSConnectionPool(host='t.me', port=443): Max retries exceeded with url: //0?embed=1&mode=tme (Caused by ProxyError('Unable to connect to proxy', OSError('Tunnel connection failed: 407 Proxy Authentication Required')))
HTTPSConnectionPool(host='t.me', port=443): Max retries exceeded with url: //0?embed=1&mode=tme (Caused by ProxyError('Unable to connect to proxy', NewConnectionError('<urllib3.connection.HTTPSConnection object at 0xc5c50aa8>: Failed to establish a new connection: [Errno 111] Connection refused')))
HTTPSConnectionPool(host='t.me', port=443): Max retries exceeded with url: //0?embed=1&mode=tme (Caused by ProxyError('Unable to connect to proxy', NewConnectionError('<urllib3.connection.HTTPSConnection object at 0xc5c57c40>: Failed to establish a new connection: [Errno 111] Connection refused')))
HTTPSConnectionPool(host='t.me', port=443): Max retries exceeded with url: //0?embed=1&mode=tme (Caused by ProxyError('Unable to connect to proxy', NewConnectionError('<urllib3.connection.HTTPSConnection object at 0xe987e5e0>: Failed to establish a new connection: [Errno 113] No route to host')))
HTTPSConnectionPool(host='t.me', port=443): Read timed out. (read timeout=15)
HTTPSConnectionPool(host='t.me', port=443): Read timed out. (read timeout=15)
HTTPSConnectionPool(host='t.me', port=443): Max retries exceeded with url: //0?embed=1&mode=tme (Caused by ProxyError('Unable to connect to proxy', ConnectTimeoutError(<urllib3.connection.HTTPSConnection object at 0xe2dcd298>, 'Connection to 5.42.81.57 timed out. (connect timeout=15)')))
HTTPSConnectionPool(host='t.me', port=443): Max retries exceeded with url: //0?embed=1&mode=tme (Caused by ProxyError('Unable to connect to proxy', NewConnectionError('<urllib3.connection.HTTPSConnection object at 0xc5c7f268>: Failed to establish a new connection: [Errno 111] Connection refused')))
HTTPSConnectionPool(host='t.me', port=443): Max retries exceeded with url: //0?embed=1&mode=tme (Caused by ProxyError('Unable to connect to proxy', ConnectTimeoutError(<urllib3.connection.HTTPSConnection object at 0xdd202028>, 'Connection to 180.250.173.67 timed out. (connect timeout=15)')))
HTTPSConnectionPool(host='t.me', port=443): Max retries exceeded with url: //0?embed=1&mode=tme (Caused by ProxyError('Unable to connect to proxy', ConnectTimeoutError(<urllib3.connection.HTTPSConnection object at 0xdd202178>, 'Connection to 1.194.236.229 timed out. (connect timeout=15)')))
HTTPSConnectionPool(host='t.me', port=443): Max retries exceeded with url: //0?embed=1&mode=tme (Caused by ProxyError('Unable to connect to proxy', NewConnectionError('<urllib3.connection.HTTPSConnection object at 0xc5c7f958>: Failed to establish a new connection: [Errno 111] Connection refused')))
HTTPSConnectionPool(host='t.me', port=443): Read timed out. (read timeout=15)
HTTPSConnectionPool(host='t.me', port=443): Max retries exceeded with url: //0?embed=1&mode=tme (Caused by ProxyError('Unable to connect to proxy', NewConnectionError('<urllib3.connection.HTTPSConnection object at 0xe5c3bc10>: Failed to establish a new connection: [Errno 111] Connection refused')))
HTTPSConnectionPool(host='t.me', port=443): Max retries exceeded with url: //0?embed=1&mode=tme (Caused by ProxyError('Unable to connect to proxy', NewConnectionError('<urllib3.connection.HTTPSConnection object at 0xe5c3b160>: Failed to establish a new connection: [Errno 113] No route to host')))
HTTPSConnectionPool(host='t.me', port=443): Read timed out. (read timeout=15)
HTTPSConnectionPool(host='t.me', port=443): Max retries exceeded with url: //0?embed=1&mode=tme (Caused by ProxyError('Unable to connect to proxy', NewConnectionError('<urllib3.connection.HTTPSConnection object at 0xc5c7fe80>: Failed to establish a new connection: [Errno 111] Connection refused')))
HTTPSConnectionPool(host='t.me', port=443): Max retries exceeded with url: //0?embed=1&mode=tme (Caused by ProxyError('Unable to connect to proxy', OSError('Tunnel connection failed: 502 Bad Gateway')))
HTTPSConnectionPool(host='t.me', port=443): Max retries exceeded with url: //0?embed=1&mode=tme (Caused by ProxyError('Unable to connect to proxy', OSError('Tunnel connection failed: 404 Not Found')))
HTTPSConnectionPool(host='t.me', port=443): Max retries exceeded with url: //0?embed=1&mode=tme (Caused by ProxyError('Unable to connect to proxy', ConnectTimeoutError(<urllib3.connection.HTTPSConnection object at 0xdb83f6b8>, 'Connection to 200.59.10.50 timed out. (connect timeout=15)')))
HTTPSConnectionPool(host='t.me', port=443): Read timed out. (read timeout=15)
HTTPSConnectionPool(host='t.me', port=443): Read timed out. (read timeout=15)
HTTPSConnectionPool(host='t.me', port=443): Max retries exceeded with url: //0?embed=1&mode=tme (Caused by ProxyError('Unable to connect to proxy', ConnectTimeoutError(<urllib3.connection.HTTPSConnection object at 0xdace91d8>, 'Connection to 45.179.200.113 timed out. (connect timeout=15)')))
HTTPSConnectionPool(host='t.me', port=443): Read timed out. (read timeout=15)
HTTPSConnectionPool(host='t.me', port=443): Max retries exceeded with url: //0?embed=1&mode=tme (Caused by ProxyError('Unable to connect to proxy', ConnectTimeoutError(<urllib3.connection.HTTPSConnection object at 0xdb85a7f0>, 'Connection to 103.13.204.89 timed out. (connect timeout=15)')))
HTTPSConnectionPool(host='t.me', port=443): Read timed out. (read timeout=15)
HTTPSConnectionPool(host='t.me', port=443): Max retries exceeded with url: //0?embed=1&mode=tme (Caused by ProxyError('Unable to connect to proxy', NewConnectionError('<urllib3.connection.HTTPSConnection object at 0xc5c10f40>: Failed to establish a new connection: [Errno 111] Connection refused')))
HTTPSConnectionPool(host='t.me', port=443): Max retries exceeded with url: //0?embed=1&mode=tme (Caused by ProxyError('Unable to connect to proxy', ConnectTimeoutError(<urllib3.connection.HTTPSConnection object at 0xda258130>, 'Connection to 101.255.150.49 timed out. (connect timeout=15)')))
HTTPSConnectionPool(host='t.me', port=443): Max retries exceeded with url: //0?embed=1&mode=tme (Caused by ProxyError('Unable to connect to proxy', NewConnectionError('<urllib3.connection.HTTPSConnection object at 0xc5ba0928>: Failed to establish a new connection: [Errno 111] Connection refused')))
HTTPSConnectionPool(host='t.me', port=443): Max retries exceeded with url: //0?embed=1&mode=tme (Caused by ProxyError('Unable to connect to proxy', ConnectTimeoutError(<urllib3.connection.HTTPSConnection object at 0xda23d4c0>, 'Connection to 103.141.180.254 timed out. (connect timeout=15)')))
HTTPSConnectionPool(host='t.me', port=443): Max retries exceeded with url: //0?embed=1&mode=tme (Caused by ProxyError('Unable to connect to proxy', ConnectTimeoutError(<urllib3.connection.HTTPSConnection object at 0xdace9718>, 'Connection to 103.159.46.14 timed out. (connect timeout=15)')))
='t.me', port=443): Max retries exceeded with url: //0?embed=1&mode=tme (Caused by ProxyError('Unable to connect to proxy', OSError('Tunnel connection failed: 404 Not Found')))
HTTPSConnectionPool(host='t.me', port=443): Max retries exceeded with url: //0?embed=1&mode=tme (Caused by ProxyError('Unable to connect to proxy', ConnectTimeoutError(<urllib3.connection.HTTPSConnection object at 0xddc3a778>, 'Connection to 175.106.11.172 timed out. (connect timeout=15)')))
HTTPSConnectionPool(host='t.me', port=443): Max retries exceeded with url: //0?embed=1&mode=tme (Caused by ProxyError('Unable to connect to proxy', ConnectTimeoutError(<urllib3.connection.HTTPSConnection object at 0xe712f598>, 'Connection to 156.200.116.74 timed out. (connect timeout=15)')))
HTTPSConnectionPool(host='t.me', port=443): Max retries exceeded with url: //0?embed=1&mode=tme (Caused by ProxyError('Unable to connect to proxy', ConnectTimeoutError(<urllib3.connection.HTTPSConnection object at 0xdf4b8dd8>, 'Connection to 103.188.168.66 timed out. (connect timeout=15)')))
HTTPSConnectionPool(host='t.me', port=443): Read timed out. (read timeout=15)
HTTPSConnectionPool(host='t.me', port=443): Max retries exceeded with url: //0?embed=1&mode=tme (Caused by ProxyError('Unable to connect to proxy', OSError('Tunnel connection failed: 407 Proxy Authentication Required')))
HTTPSConnectionPool(host='t.me', port=443): Max retries exceeded with url: //0?embed=1&mode=tme (Caused by ProxyError('Unable to connect to proxy', NewConnectionError('<urllib3.connection.HTTPSConnection object at 0xc5c50aa8>: Failed to establish a new connection: [Errno 111] Connection refused')))
HTTPSConnectionPool(host='t.me', port=443): Max retries exceeded with url: //0?embed=1&mode=tme (Caused by ProxyError('Unable to connect to proxy', NewConnectionError('<urllib3.connection.HTTPSConnection object at 0xc5c57c40>: Failed to establish a new connection: [Errno 111] Connection refused')))
HTTPSConnectionPool(host='t.me', port=443): Max retries exceeded with url: //0?embed=1&mode=tme (Caused by ProxyError('Unable to connect to proxy', NewConnectionError('<urllib3.connection.HTTPSConnection object at 0xe987e5e0>: Failed to establish a new connection: [Errno 113] No route to host')))
HTTPSConnectionPool(host='t.me', port=443): Read timed out. (read timeout=15)
HTTPSConnectionPool(host='t.me', port=443): Read timed out. (read timeout=15)
HTTPSConnectionPool(host='t.me', port=443): Max retries exceeded with url: //0?embed=1&mode=tme (Caused by ProxyError('Unable to connect to proxy', ConnectTimeoutError(<urllib3.connection.HTTPSConnection object at 0xe2dcd298>, 'Connection to 5.42.81.57 timed out. (connect timeout=15)')))
HTTPSConnectionPool(host='t.me', port=443): Max retries exceeded with url: //0?embed=1&mode=tme (Caused by ProxyError('Unable to connect to proxy', NewConnectionError('<urllib3.connection.HTTPSConnection object at 0xc5c7f268>: Failed to establish a new connection: [Errno 111] Connection refused')))
HTTPSConnectionPool(host='t.me', port=443): Max retries exceeded with url: //0?embed=1&mode=tme (Caused by ProxyError('Unable to connect to proxy', ConnectTimeoutError(<urllib3.connection.HTTPSConnection object at 0xdd202028>, 'Connection to 180.250.173.67 timed out. (connect timeout=15)')))
HTTPSConnectionPool(host='t.me', port=443): Max retries exceeded with url: //0?embed=1&mode=tme (Caused by ProxyError('Unable to connect to proxy', ConnectTimeoutError(<urllib3.connection.HTTPSConnection object at 0xdd202178>, 'Connection to 1.194.236.229 timed out. (connect timeout=15)')))
HTTPSConnectionPool(host='t.me', port=443): Max retries exceeded with url: //0?embed=1&mode=tme (Caused by ProxyError('Unable to connect to proxy', NewConnectionError('<urllib3.connection.HTTPSConnection object at 0xc5c7f958>: Failed to establish a new connection: [Errno 111] Connection refused')))
HTTPSConnectionPool(host='t.me', port=443): Read timed out. (read timeout=15)
HTTPSConnectionPool(host='t.me', port=443): Max retries exceeded with url: //0?embed=1&mode=tme (Caused by ProxyError('Unable to connect to proxy', NewConnectionError('<urllib3.connection.HTTPSConnection object at 0xe5c3bc10>: Failed to establish a new connection: [Errno 111] Connection refused')))
HTTPSConnectionPool(host='t.me', port=443): Max retries exceeded with url: //0?embed=1&mode=tme (Caused by ProxyError('Unable to connect to proxy', NewConnectionError('<urllib3.connection.HTTPSConnection object at 0xe5c3b160>: Failed to establish a new connection: [Errno 113] No route to host')))
HTTPSConnectionPool(host='t.me', port=443): Read timed out. (read timeout=15)
HTTPSConnectionPool(host='t.me', port=443): Max retries exceeded with url: //0?embed=1&mode=tme (Caused by ProxyError('Unable to connect to proxy', NewConnectionError('<urllib3.connection.HTTPSConnection object at 0xc5c7fe80>: Failed to establish a new connection: [Errno 111] Connection refused')))
HTTPSConnectionPool(host='t.me', port=443): Max retries exceeded with url: //0?embed=1&mode=tme (Caused by ProxyError('Unable to connect to proxy', OSError('Tunnel connection failed: 502 Bad Gateway')))
HTTPSConnectionPool(host='t.me', port=443): Max retries exceeded with url: //0?embed=1&mode=tme (Caused by ProxyEHTTPSConnectionPool(host='t.me', port=443): Max retries exceeded with url: //0?embed=1&mode=tme (Caused by ProxyError('Unable to connect to proxy', ConnectTimeoutError(<urllib3.connection.HTTPSConnection object at 0xdace9808>, 'Connection to 36.67.7.74 timed out. (connect timeout=15)')))
HTTPSConnectionPool(host='t.me', port=443): Max retries exceeded with url: //0?embed=1&mode=tme (Caused by ProxyError('Unable to connect to proxy', ConnectTimeoutError(<urllib3.connection.HTTPSConnection object at 0xd96b2118>, 'Connection to 117.69.236.42 timed out. (connect timeout=15)')))
HTTPSConnectionPool(host='t.me', port=443): Max retries exceeded with url: //0?embed=1&mode=tme (Caused by ProxyError('Unable to connect to proxy', ConnectTimeoutError(<urllib3.connection.HTTPSConnection object at 0xdacd9430>, 'Connection to 14.143.130.210 timed out. (connect timeout=15)')))
HTTPSConnectionPool(host='t.me', port=443): Max retries exceeded with url: //0?embed=1&mode=tme (Caused by ProxyError('Unable to connect to proxy', ConnectTimeoutError(<urllib3.connection.HTTPSConnection object at 0xdacb1a18>, 'Connection to 43.255.113.232 timed out. (connect timeout=15)')))
HTTPSConnectionPool(host='t.me', port=443): Max retries exceeded with url: //0?embed=1&mode=tme (Caused by ProxyError('Unable to connect to proxy', ConnectTimeoutError(<urllib3.connection.HTTPSConnection object at 0xd96b2430>, 'Connection to 222.165.205.156 timed out. (connect timeout=15)')))
HTTPSConnectionPool(host='t.me', port=443): Max retries exceeded with url: //0?embed=1&mode=tme (Caused by ProxyError('Unable to connect to proxy', NewConnectionError('<urllib3.connection.HTTPSConnection object at 0xc5ac3b80>: Failed to establish a new connection: [Errno 111] Connection refused')))
HTTPSConnectionPool(host='t.me', port=443): Max retries exceeded with url: //0?embed=1&mode=tme (Caused by ProxyError('Unable to connect to proxy', NewConnectionError('<urllib3.connection.HTTPSConnection object at 0xc5a52ca0>: Failed to establish a new connection: [Errno 111] Connection refused')))
HTTPSConnectionPool(host='t.me', port=443): Max retries exceeded with url: //0?embed=1&mode=tme (Caused by ProxyError('Unable to connect to proxy', ConnectTimeoutError(<urllib3.connection.HTTPSConnection object at 0xd96b2d78>, 'Connection to 192.69.58.225 timed out. (connect timeout=15)')))
HTTPSConnectionPool(host='t.me', port=443): Max retries exceeded with url: //0?embed=1&mode=tme (Caused by ProxyError('Unable to connect to proxy', ConnectTimeoutError(<urllib3.connection.HTTPSConnection object at 0xdacd94a8>, 'Connection to 196.251.221.20 timed out. (connect timeout=15)')))
HTTPSConnectionPool(host='t.me', port=443): Max retries exceeded with url: //0?embed=1&mode=tme (Caused by ProxyError('Unable to connect to proxy', ConnectTimeoutError(<urllib3.connection.HTTPSConnection object at 0xd96dc9d0>, 'Connection to 201.71.3.59 timed out. (connect timeout=15)')))
HTTPSConnectionPool(host='t.me', port=443): Max retries exceeded with url: //0?embed=1&mode=tme (Caused by ProxyError('Unable to connect to proxy', ConnectTimeoutError(<urllib3.connection.HTTPSConnection object at 0xd96d0da8>, 'Connection to 59.110.139.131 timed out. (connect timeout=15)')))
HTTPSConnectionPool(host='t.me', port=443): Read timed out. (read timeout=15)
HTTPSConnectionPool(host='t.me', port=443): Max retries exceeded with url: //0?embed=1&mode=tme (Caused by ProxyError('Unable to connect to proxy', ConnectTimeoutError(<urllib3.connection.HTTPSConnection object at 0xd96e9988>, 'Connection to 187.85.82.222 timed out. (connect timeout=15)')))
HTTPSConnectionPool(host='t.me', port=443): Max retries exceeded with url: //0?embed=1&mode=tme (Caused by ProxyError('Unable to connect to proxy', ConnectTimeoutError(<urllib3.connection.HTTPSConnection object at 0xd96e9490>, 'Connection to 103.133.24.50 timed out. (connect timeout=15)')))
HTTPSConnectionPool(host='t.me', port=443): Max retries exceeded with url: //0?embed=1&mode=tme (Caused by ProxyError('Unable to connect to proxy', ConnectTimeoutError(<urllib3.connection.HTTPSConnection object at 0xda248bf8>, 'Connection to 103.173.164.10 timed out. (connect timeout=15)')))
('Connection aborted.', BadStatusLine('<html>\r\n'))
HTTPSConnectionPool(host='t.me', port=443): Max retries exceeded with url: //0?embed=1&mode=tme (Caused by ProxyError('Unable to connect to proxy', OSError('Tunnel connection failed: 400 Bad Request')))
HTTPSConnectionPool(host='t.me', port=443): Max retries exceeded with url: //0?embed=1&mode=tme (Caused by ProxyError('Unable to connect to proxy', OSError('Tunnel connection failed: 407 Proxy Authentication Required')))
HTTPSConnectionPool(host='t.me', port=443): Read timed out. (read timeout=15)
HTTPSConnectionPool(host='t.me', port=443): Max retries exceeded with url: //0?embed=1&mode=tme (Caused by ProxyError('Unable to connect to proxy', ConnectTimeoutError(<urllib3.connection.HTTPSConnection object at 0xd8b40f10>, 'Connection to 5.58.33.187 timed out. (connect timeout=15)')))
HTTPSConnectionPool(host='t.me', port=443): Max retries exceeded with url: //0?embed=1&mode=tme (Caused by ProxyError('Unable to connect to proxy', ConnectTimeoutError(<urllib3.connection.HTTPSConnection object at 0xd8b33d60>, 'Connection to 81.91.139.76 timed out. (connect timeout=15)')))
HTTPSConnectionPool(host='t.me', port=443): Max retries exceeded with url: //0?embed=1&mode=tme (Caused by ProxyError('Unable to connect to proxy', NewConnectionError('<urllib3.connection.HTTPSConnection object at 0xc7149820>: Failed to establish a new connection: [Errno 111] Connection refused')))
HTTPSConnectionPool(host='t.me', port=443): Max retries exceeded with url: //0?embed=1&mode=tme (Caused by ProxyError('Unable to connect to proxy', ConnectTimeoutError(<urllib3.connection.HTTPSConnection object at 0xd8b50670>, 'Connection to 118.179.206.36 timed out. (connect timeout=15)')))
('Connection aborted.', RemoteDisconnected('Remote end closed connection without response'))
HTTPSConnectionPool(host='t.me', port=443): Max retries exceeded with url: //0?embed=1&mode=tme (Caused by ProxyError('Unable to connect to proxy', ConnectTimeoutError(<urllib3.connection.HTTPSConnection object at 0xd8b5e7c0>, 'Connection to 213.149.182.98 timed out. (connect timeout=15)')))
HTTPSConnectionPool(host='t.me', port=443): Read timed out. (read timeout=15)
HTTPSConnectionPool(host='t.me', port=443): Max retries exceeded with url: //0?embed=1&mode=tme (Caused by ProxyError('Unable to connect to proxy', ConnectTimeoutError(<urllib3.connection.HTTPSConnection object at 0xd8b5e5b0>, 'Connection to 170.245.57.228 timed out. (connect timeout=15)')))
HTTPSConnectionPool(host='t.me', port=443): Max retries exceeded with url: //0?embed=1&mode=tme (Caused by ProxyError('Unable to connect to proxy', NewConnectionError('<urllib3.connection.HTTPSConnection object at 0xc5a1ec70>: Failed to establish a new connection: [Errno 111] Connection refused')))
                                                                                                                                                                                                                                                                                                                                                                                                                                                                                                                                                                                                                                                                                                                                                                                                                                                                                                                                                                                                                                                                       HTTPSConnectionPool(host='t.me', port=443): Max retries exceeded with url: //0?embed=1&mode=tme (Caused by ProxyError('Unable to connect to proxy', OSError('Tunnel connection failed: 403 Banned site:')))
HTTPSConnectionPool(host='t.me', port=443): Max retries exceeded with url: //0?embed=1&mode=tme (Caused by ProxyError('Unable to connect to proxy', ConnectTimeoutError(<urllib3.connection.HTTPSConnection object at 0xd7e496b8>, 'Connection to 177.70.72.103 timed out. (connect timeout=15)')))
HTTPSConnectionPool(host='t.me', port=443): Max retries exceeded with url: //0?embed=1&mode=tme (Caused by ProxyError('Unable to connect to proxy', NewConnectionError('<urllib3.connection.HTTPSConnection object at 0xdd21aa90>: Failed to establish a new connection: [Errno 111] Connection refused')))
HTTPSConnectionPool(host='t.me', port=443): Max retries exceeded with url: //0?embed=1&mode=tme (Caused by ProxyError('Unable to connect to proxy', OSError('Tunnel connection failed: 404 Not Found')))
HTTPSConnectionPool(host='t.me', port=443): Max retries exceeded with url: //0?embed=1&mode=tme (Caused by ProxyError('Unable to connect to proxy', ConnectTimeoutError(<urllib3.connection.HTTPSConnection object at 0xdacc1d78>, 'Connection to 180.191.23.115 timed out. (connect timeout=15)')))
HTTPSConnectionPool(host='t.me', port=443): Max retries exceeded with url: //0?embed=1&mode=tme (Caused by ProxyError('Unable to connect to proxy', NewConnectionError('<urllib3.connection.HTTPSConnection object at 0xc5f061a8>: Failed to establish a new connection: [Errno 111] Connection refused')))
HTTPSConnectionPool(host='t.me', port=443): Max retries exceeded with url: //0?embed=1&mode=tme (Caused by ProxyError('Unable to connect to proxy', ConnectTimeoutError(<urllib3.connection.HTTPSConnection object at 0xd7e589a0>, 'Connection to 45.235.34.221 timed out. (connect timeout=15)')))
HTTPSConnectionPool(host='t.me', port=443): Max retries exceeded with url: //0?embed=1&mode=tme (Caused by ProxyError('Unable to connect to proxy', NewConnectionError('<urllib3.connection.HTTPSConnection object at 0xddc3a0b8>: Failed to establish a new connection: [Errno 111] Connection refused')))
HTTPSConnectionPool(host='t.me', port=443): Read timed out. (read timeout=15)
HTTPSConnectionPool(host='t.me', port=443): Max retries exceeded with url: //0?embed=1&mode=tme (Caused by ProxyError('Unable to connect to proxy', ConnectTimeoutError(<urllib3.connection.HTTPSConnection object at 0xdb85aa00>, 'Connection to 101.51.55.153 timed out. (connect timeout=15)')))
HTTPSConnectionPool(host='t.me', port=443): Max retries exceeded with url: //0?embed=1&mode=tme (Caused by ProxyError('Unable to connect to proxy', NewConnectionError('<urllib3.connection.HTTPSConnection object at 0xd96e97a8>: Failed to establish a new connection: [Errno 111] Connection refused')))
HTTPSConnectionPool(host='t.me', port=443): Max retries exceeded with url: //0?embed=1&mode=tme (Caused by ProxyError('Unable to connect to proxy', ConnectTimeoutError(<urllib3.connection.HTTPSConnection object at 0xd7e58490>, 'Connection to 103.180.118.5 timed out. (connect timeout=15)')))
HTTPSConnectionPool(host='t.me', port=443): Max retries exceeded with url: //0?embed=1&mode=tme (Caused by ProxyError('Unable to connect to proxy', NewConnectionError('<urllib3.connection.HTTPSConnection object at 0xcae09910>: Failed to establish a new connection: [Errno 111] Connection refused')))
HTTPSConnectionPool(host='t.me', port=443): Max retries exceeded with url: //0?embed=1&mode=tme (Caused by SSLError(SSLEOFError(8, 'EOF occurred in violation of protocol (_ssl.c:1129)')))
HTTPSConnectionPool(host='t.me', port=443): Max retries exceeded with url: //0?embed=1&mode=tme (Caused by ProxyError('Unable to connect to proxy', ConnectTimeoutError(<urllib3.connection.HTTPSConnection object at 0xdace9a90>, 'Connection to 184.22.0.132 timed out. (connect timeout=15)')))
HTTPSConnectionPool(host='t.me', port=443): Max retries exceeded with url: //0?embed=1&mode=tme (Caused by ProxyError('Unable to connect to proxy', ConnectTimeoutError(<urllib3.connection.HTTPSConnection object at 0xd7e6b418>, 'Connection to 95.57.216.118 timed out. (connect timeout=15)')))
HTTPSConnectionPool(host='t.me', port=443): Max retries exceeded with url: //0?embed=1&mode=tme (Caused by ProxyError('Unable to connect to proxy', NewConnectionError('<urllib3.connection.HTTPSConnection object at 0xc5a5edd8>: Failed to establish a new connection: [Errno 111] Connection refused')))
HTTPSConnectionPool(host='t.me', port=443): Read timed out. (read timeout=15)
HTTPSConnectionPool(host='t.me', port=443): Max retries exceeded with url: //0?embed=1&mode=tme (Caused by ProxyError('Unable to connect to proxy', ConnectTimeoutError(<urllib3.connection.HTTPSConnection object at 0xd8b5edd8>, 'Connection to 177.75.96.74 timed out. (connect timeout=15)')))
HTTPSConnectionPool(host='t.me', port=443): Max retries exceeded with url: //0?embed=1&mode=tme (Caused by ProxyError('Unable to connect to proxy', ConnectTimeoutError(<urllib3.connection.HTTPSConnection object at 0xd7e75538>, 'Connection to 190.217.112.89 timed out. (connect timeout=15)')))
HTTPSConnectionPool(host='t.me', port=443): Max retries exceeded with url: //0?embed=1&mode=tme (Caused by ProxyError('Unable to connect to proxy', ConnectTimeoutError(<urllib3.connection.HTTPSConnection object at 0xd8b33fa0>, 'Connection to 45.159.189.244 timed out. (connect timeout=15)')))
HTTPSConnectionPool(host='t.me', port=443): Max retries exceeded with url: //0?embed=1&mode=tme (Caused by ProxyError('Unable to connect to proxy', ConnectTimeoutError(<urllib3.connection.HTTPSConnection object at 0xd7e75460>, 'Connection to 103.166.187.66 timed out. (connect timeout=15)')))
HTTPSConnectionPool(host='t.me', port=443): Max retries exceeded with url: //0?embed=1&mode=tme (Caused by ProxyError('Unable to connect to proxy', ConnectTimeoutError(<urllib3.connection.HTTPSConnection object at 0xd7e6bd00>, 'Connection to 97.64.69.49 timed out. (connect timeout=15)')))
HTTPSConnectionPool(host='t.me', port=443): Max retries exceeded with url: //0?embed=1&mode=tme (Caused by ProxyError('Unable to connect to proxy', ConnectTimeoutError(<urllib3.connection.HTTPSConnection object at 0xd7210508>, 'Connection to 5.42.81.57 timed out. (connect timeout=15)')))
HTTPSConnectionPool(host='t.me', port=443): Max retries exceeded with url: //0?embed=1&mode=tme (Caused by ProxyError('Unable to connect to proxy', ConnectTimeoutError(<urllib3.connection.HTTPSConnection object at 0xd7210b98>, 'Connection to 180.190.186.239 timed out. (connect timeout=15)')))
HTTPSConnectionPool(host='t.me', port=443): Max retries exceeded with url: //0?embed=1&mode=tme (Caused by ProxyError('Unable to connect to proxy', ConnectTimeoutError(<urllib3.connection.HTTPSConnection object at 0xd721e3a0>, 'Connection to 103.178.2.72 timed out. (connect timeout=15)')))
HTTPSConnectionPool(host='t.me', port=443): Max retries exceeded with url: //0?embed=1&mode=tme (Caused by ProxyError('Unable to connect to proxy', ConnectTimeoutError(<urllib3.connection.HTTPSConnection object at 0xd723a0e8>, 'Connection to 27.147.148.173 timed out. (connect timeout=15)')))
HTTPSConnectionPool(host='t.me', port=443): Max retries exceeded with url: //0?embed=1&mode=tme (Caused by ProxyError('Unable to connect to proxy', ConnectTimeoutError(<urllib3.connection.HTTPSConnection object at 0xd722ae98>, 'Connection to 45.5.118.43 timed out. (connect timeout=15)')))
HTTPSConnectionPool(host='t.me', port=443): Max retries exceeded with url: //0?embed=1&mode=tme (Caused by ProxyError('Unable to connect to proxy', ConnectTimeoutError(<urllib3.connection.HTTPSConnection object at 0xd722a220>, 'Connection to 187.110.227.78 timed out. (connect timeout=15)')))
HTTPSConnectionPool(host='t.me', port=443): Max retries exceeded with url: //0?embed=1&mode=tme (Caused by ProxyError('Unable to connect to proxy', ConnectTimeoutError(<urllib3.connection.HTTPSConnection object at 0xd722a3a0>, 'Connection to 136.233.80.157 timed out. (connect timeout=15)')))
HTTPSConnectionPool(host='t.me', port=443): Max retries exceeded with url: //0?embed=1&mode=tme (Caused by ProxyError('Unable to connect to proxy', NewConnectionError('<urllib3.connection.HTTPSConnection object at 0xc76747f0>: Failed to establish a new connection: [Errno 111] Connection refused')))
HTTPSConnectionPool(host='t.me', port=443): Max retries exceeded with url: //0?embed=1&mode=tme (Caused by ProxyError('Unable to connect to proxy', NewConnectionError('<urllib3.connection.HTTPSConnection object at 0xc5aab9a0>: Failed to establish a new connection: [Errno 111] Connection refused')))
HTTPSConnectionPool(host='t.me', port=443): Max retries exceeded with url: //0?embed=1&mode=tme (Caused by ProxyError('Unable to connect to proxy', NewConnectionError('<urllib3.connection.HTTPSConnection object at 0xc5aabaa8>: Failed to establish a new connection: [Errno 111] Connection refused')))
HTTPSConnectionPool(host='t.me', port=443): Max retries exceeded with url: //0?embed=1&mode=tme (Caused by ProxyError('Unable to connect to proxy', ConnectTimeoutError(<urllib3.connection.HTTPSConnection object at 0xd66c91c0>, 'Connection to 180.211.91.42 timed out. (connect timeout=15)')))
HTTPSConnectionPool(host='t.me', port=443): Max retries exceeded with url: //0?embed=1&mode=tme (Caused by ProxyError('Unable to connect to proxy', NewConnectionError('<urllib3.connection.HTTPSConnection object at 0xda2481a8>: Failed to establish a new connection: [Errno 111] Connection refused')))
HTTPSConnectionPool(host='t.me', port=443): Max retries exceeded with url: //0?embed=1&mode=tme (Caused by ProxyError('Unable to connect to proxy', ConnectTimeoutError(<urllib3.connection.HTTPSConnection object at 0xd66c9640>, 'Connection to 107.148.99.124 timed out. (connect timeout=15)')))
HTTPSConnectionPool(host='t.me', port=443): Max retries exceeded with url: //0?embed=1&mode=tme (Caused by ProxyError('Unable to connect to proxy', ConnectTimeoutError(<urllib3.connection.HTTPSConnection object at 0xd723af88>, 'Connection to 115.178.49.181 timed out. (connect timeout=15)')))
HTTPSConnectionPool(host='t.me', port=443): Max retries exceeded with url: //0?embed=1&mode=tme (Caused by ProxyError('Unable to connect to proxy', NewConnectionError('<urllib3.connection.HTTPSConnection object at 0xce97a1d8>: Failed to establish a new connection: [Errno 111] Connection refused')))
HTTPSConnectionPool(host='t.me', port=443): Max retries exceeded with url: //0?embed=1&mode=tme (Caused by ProxyError('Unable to connect to proxy', ConnectTimeoutError(<urllib3.connection.HTTPSConnection object at 0xd66c9e98>, 'Connection to 156.244.64.7 timed out. (connect timeout=15)')))
HTTPSConnectionPool(host='t.me', port=443): Max retries exceeded with url: //0?embed=1&mode=tme (Caused by ProxyError('Unable to connect to proxy', ConnectTimeoutError(<urllib3.connection.HTTPSConnection object at 0xd66e87a8>, 'Connection to 102.22.20.58 timed out. (connect timeout=15)')))
HTTPSConnectionPool(host='t.me', port=443): Max retries exceeded with url: //0?embed=1&mode=tme (Caused by ProxyError('Unable to connect to proxy', ConnectTimeoutError(<urllib3.connection.HTTPSConnection object at 0xd5c67298>, 'Connection to 107.148.99.86 timed out. (connect timeout=15)')))
HTTPSConnectionPool(host='t.me', port=443): Max retries exceeded with url: //0?embed=1&mode=tme (Caused by ProxyError('Unable to connect to proxy', ConnectTimeoutError(<urllib3.connection.HTTPSConnection object at 0xd5c82268>, 'Connection to 222.74.73.202 timed out. (connect timeout=15)')))
HTTPSConnectionPool(host='t.me', port=443): Max retries exceeded with url: //0?embed=1&mode=tme (Caused by ProxyError('Unable to connect to proxy', NewConnectionError('<urllib3.connection.HTTPSConnection object at 0xd7e6b688>: Failed to establish a new connection: [Errno 111] Connection refused')))
HTTPSConnectionPool(host='t.me', port=443): Max retries exceeded with url: //0?embed=1&mode=tme (Caused by ProxyError('Unable to connect to proxy', ConnectTimeoutError(<urllib3.connection.HTTPSConnection object at 0xd5c82970>, 'Connection to 191.102.254.10 timed out. (connect timeout=15)')))
HTTPSConnectionPool(host='t.me', port=443): Read timed out. (read timeout=15)
HTTPSConnectionPool(host='t.me', port=443): Max retries exceeded with url: //0?embed=1&mode=tme (Caused by ProxyError('Unable to connect to proxy', ConnectTimeoutError(<urllib3.connection.HTTPSConnection object at 0xd721e448>, 'Connection to 202.12.80.10 timed out. (connect timeout=15)')))
HTTPSConnectionPool(host='t.me', port=443): Max retries exceeded with url: //0?embed=1&mode=tme (Caused by ProxyError('Unable to connect to proxy', NewConnectionError('<urllib3.connection.HTTPSConnection object at 0xd96b2130>: Failed to establish a new connection: [Errno 111] Connection refused')))
HTTPSConnectionPool(host='t.me', port=443): Read timed out. (read timeout=15)
HTTPSConnectionPool(host='t.me', port=443): Max retries exceeded with url: //0?embed=1&mode=tme (Caused by ProxyError('Unable to connect to proxy', ConnectTimeoutError(<urllib3.connection.HTTPSConnection object at 0xd5c99310>, 'Connection to 200.69.71.138 timed out. (connect timeout=15)')))
HTTPSConnectionPool(host='t.me', port=443): Read timed out. (read timeout=15)
HTTPSConnectionPool(host='t.me', port=443): Max retries exceeded with url: //0?embed=1&mode=tme (Caused by ProxyError('Unable to connect to proxy', ConnectTimeoutError(<urllib3.connection.HTTPSConnection object at 0xd4fe27f0>, 'Connection to 111.90.182.125 timed out. (connect timeout=15)')))
HTTPSConnectionPool(host='t.me', port=443): Max retries exceeded with url: //0?embed=1&mode=tme (Caused by ProxyError('Unable to connect to proxy', ConnectTimeoutError(<urllib3.connection.HTTPSConnection object at 0xd7e6be80>, 'Connection to 160.248.80.91 timed out. (connect timeout=15)')))
HTTPSConnectionPool(host='t.me', port=443): Max retries exceeded with url: //0?embed=1&mode=tme (Caused by ProxyError('Unable to connect to proxy', NewConnectionError('<urllib3.connection.HTTPSConnection object at 0xd722ad48>: Failed to establish a new connection: [Errno 111] Connection refused')))
HTTPSConnectionPool(host='t.me', port=443): Max retries exceeded with url: //0?embed=1&mode=tme (Caused by ProxyError('Unable to connect to proxy', ConnectTimeoutError(<urllib3.connection.HTTPSConnection object at 0xd4ff4a90>, 'Connection to 45.239.30.1 timed out. (connect timeout=15)')))
HTTPSConnectionPool(host='t.me', port=443): Max retries exceeded with url: //0?embed=1&mode=tme (Caused by ProxyError('Unable to connect to proxy', ConnectTimeoutError(<urllib3.connection.HTTPSConnection object at 0xd5c994d8>, 'Connection to 218.75.69.50 timed out. (connect timeout=15)')))
HTTPSConnectionPool(host='t.me', port=443): Max retries exceeded with url: //0?embed=1&mode=tme (Caused by ProxyError('Unable to connect to proxy', NewConnectionError('<urllib3.connection.HTTPSConnection object at 0xd721ee68>: Failed to establish a new connection: [Errno 111] Connection refused')))
HTTPSConnectionPool(host='t.me', port=443): Max retries exceeded with url: //0?embed=1&mode=tme (Caused by ProxyError('Unable to connect to proxy', ConnectTimeoutError(<urllib3.connection.HTTPSConnection object at 0xd4fe26b8>, 'Connection to 41.33.219.131 timed out. (connect timeout=15)')))
HTTPSConnectionPool(host='t.me', port=443): Max retries exceeded with url: //0?embed=1&mode=tme (Caused by ProxyError('Unable to connect to proxy', OSError('Tunnel connection failed: 403 Forbidden')))
HTTPSConnectionPool(host='t.me', port=443): Max retries exceeded with url: //0?embed=1&mode=tme (Caused by ProxyError('Unable to connect to proxy', ConnectTimeoutError(<urllib3.connection.HTTPSConnection object at 0xd5c99040>, 'Connection to 202.180.21.203 timed out. (connect timeout=15)')))
HTTPSConnectionPool(host='t.me', port=443): Max retries exceeded with url: //0?embed=1&mode=tme (Caused by ProxyError('Unable to connect to proxy', NewConnectionError('<urllib3.connection.HTTPSConnection object at 0xe39011c0>: Failed to establish a new connection: [Errno 111] Connection refused')))
         €œë          v     ˆ  €œë           v     ˆ              HTTPSConnectionPool(host='t.me', port=443): Max retries exceeded with url: //0?embed=1&mode=tme (Caused by ProxyError('Unable to connect to proxy', ConnectTimeoutError(<urllib3.connection.HTTPSConnection object at 0xd5011790>, 'Connection to 112.26.181.61 timed out. (connect timeout=15)')))
HTTPSConnectionPool(host='t.me', port=443): Max retries exceeded with url: //0?embed=1&mode=tme (Caused by ProxyError('Unable to connect to proxy', NewConnectionError('<urllib3.connection.HTTPSConnection object at 0xd5c746e8>: Failed to establish a new connection: [Errno 111] Connection refused')))
HTTPSConnectionPool(host='t.me', port=443): Max retries exceeded with url: //0?embed=1&mode=tme (Caused by ProxyError('Unable to connect to proxy', ConnectTimeoutError(<urllib3.connection.HTTPSConnection object at 0xd5c99898>, 'Connection to 107.148.97.251 timed out. (connect timeout=15)')))
HTTPSConnectionPool(host='t.me', port=443): Max retries exceeded with url: //0?embed=1&mode=tme (Caused by ProxyError('Unable to connect to proxy', OSError('Tunnel connection failed: 404 Not Found')))
HTTPSConnectionPool(host='t.me', port=443): Max retries exceeded with url: //0?embed=1&mode=tme (Caused by ProxyError('Unable to connect to proxy', NewConnectionError('<urllib3.connection.HTTPSConnection object at 0xd7e6b088>: Failed to establish a new connection: [Errno 111] Connection refused')))
HTTPSConnectionPool(host='t.me', port=443): Max retries exceeded with url: //0?embed=1&mode=tme (Caused by ProxyError('Unable to connect to proxy', ConnectTimeoutError(<urllib3.connection.HTTPSConnection object at 0xd43a1220>, 'Connection to 203.202.253.108 timed out. (connect timeout=15)')))
HTTPSConnectionPool(host='t.me', port=443): Max retries exceeded with url: //0?embed=1&mode=tme (Caused by ProxyError('Unable to connect to proxy', ConnectTimeoutError(<urllib3.connection.HTTPSConnection object at 0xd43b4b80>, 'Connection to 172.83.159.65 timed out. (connect timeout=15)')))
HTTPSConnectionPool(host='t.me', port=443): Max retries exceeded with url: //0?embed=1&mode=tme (Caused by ProxyError('Unable to connect to proxy', ConnectTimeoutError(<urllib3.connection.HTTPSConnection object at 0xd43b4af0>, 'Connection to 86.107.178.107 timed out. (connect timeout=15)')))
HTTPSConnectionPool(host='t.me', port=443): Max retries exceeded with url: //0?embed=1&mode=tme (Caused by ProxyError('Unable to connect to proxy', NewConnectionError('<urllib3.connection.HTTPSConnection object at 0xd723ad00>: Failed to establish a new connection: [Errno 111] Connection refused')))
HTTPSConnectionPool(host='t.me', port=443): Max retries exceeded with url: //0?embed=1&mode=tme (Caused by ProxyError('Unable to connect to proxy', NewConnectionError('<urllib3.connection.HTTPSConnection object at 0xc7255f88>: Failed to establish a new connection: [Errno 111] Connection refused')))
HTTPSConnectionPool(host='t.me', port=443): Max retries exceeded with url: //0?embed=1&mode=tme (Caused by ProxyError('Unable to connect to proxy', ConnectTimeoutError(<urllib3.connection.HTTPSConnection object at 0xd43cee08>, 'Connection to 202.56.164.13 timed out. (connect timeout=15)')))
HTTPSConnectionPool(host='t.me', port=443): Max retries exceeded with url: //0?embed=1&mode=tme (Caused by ProxyError('Unable to connect to proxy', ConnectTimeoutError(<urllib3.connection.HTTPSConnection object at 0xd43a15e0>, 'Connection to 43.255.113.232 timed out. (connect timeout=15)')))
HTTPSConnectionPool(host='t.me', port=443): Max retries exceeded with url: //0?embed=1&mode=tme (Caused by ProxyError('Unable to connect to proxy', ConnectTimeoutError(<urllib3.connection.HTTPSConnection object at 0xd43a12f8>, 'Connection to 105.27.130.22 timed out. (connect timeout=15)')))
HTTPSConnectionPool(host='t.me', port=443): Max retries exceeded with url: //0?embed=1&mode=tme (Caused by ProxyError('Unable to connect to proxy', OSError('Tunnel connection failed: 404 Not Found')))
HTTPSConnectionPool(host='t.me', port=443): Read timed out. (read timeout=15)
HTTPSConnectionPool(host='t.me', port=443): Max retries exceeded with url: //0?embed=1&mode=tme (Caused by ProxyError('Unable to connect to proxy', NewConnectionError('<urllib3.connection.HTTPSConnection object at 0xd7e75460>: Failed to establish a new connection: [Errno 111] Connection refused')))
HTTPSConnectionPool(host='t.me', port=443): Max retries exceeded with url: //0?embed=1&mode=tme (Caused by ProxyError('Unable to connect to proxy', ConnectTimeoutError(<urllib3.connection.HTTPSConnection object at 0xd38442b0>, 'Connection to 179.43.10.0 timed out. (connect timeout=15)')))
('Connection aborted.', RemoteDisconnected('Remote end closed connection without response'))
HTTPSConnectionPool(host='t.me', port=443): Max retries exceeded with url: //0?embed=1&mode=tme (Caused by ProxyError('Unable to connect to proxy', ConnectTimeoutError(<urllib3.connection.HTTPSConnection object at 0xd38444a8>, 'Connection to 24.192.227.234 timed out. (connect timeout=15)')))
HTTPSConnectionPool(host='t.me', port=443): Max retries exceeded with url: //0?embed=1&mode=tme (Caused by ProxyError('Unable to connect to proxy', NewConnectionError('<urllib3.connection.HTTPSConnection object at 0xc605ba30>: Failed to establish a new connection: [Errno 111] Connection refused')))
HTTPSConnectionPool(host='t.me', port=443): Read timed out. (read timeout=15)
HTTPSConnectionPool(host='t.me', port=443): Max retries exceeded with url: //0?embed=1&mode=tme (Caused by ProxyError('Unable to connect to proxy', ConnectTimeoutError(<urllib3.connection.HTTPSConnection object at 0xd4396310>, 'Connection to 5.161.219.13 timed out. (connect timeout=15)')))
HTTPSConnectionPool(host='t.me', port=443): Max retries exceeded with url: //0?embed=1&mode=tme (Caused by ProxyError('Unable to connect to proxy', NewConnectionError('<urllib3.connection.HTTPSConnection object at 0xc5fd4ce8>: Failed to establish a new connection: [Errno 111] Connection refused')))
HTTPSConnectionPool(host='t.me', port=443): Max retries exceeded with url: //0?embed=1&mode=tme (Caused by ProxyError('Unable to connect to proxy', NewConnectionError('<urllib3.connection.HTTPSConnection object at 0xea589f58>: Failed to establish a new connection: [Errno 111] Connection refused')))
HTTPSConnectionPool(host='t.me', port=443): Max retries exceeded with url: //0?embed=1&mode=tme (Caused by ProxyError('Unable to connect to proxy', NewConnectionError('<urllib3.connection.HTTPSConnection object at 0xc605b130>: Failed to establish a new connection: [Errno 111] Connection refused')))
HTTPSConnectionPool(host='t.me', port=443): Max retries exceeded with url: //0?embed=1&mode=tme (Caused by ProxyError('Unable to connect to proxy', NewConnectionError('<urllib3.connection.HTTPSConnection object at 0xd7210538>: Failed to establish a new connection: [Errno 111] Connection refused')))
HTTPSConnectionPool(host='t.me', port=443): Max retries exceeded with url: //0?embed=1&mode=tme (Caused by ProxyError('Unable to connect to proxy', ConnectTimeoutError(<urllib3.connection.HTTPSConnection object at 0xd38443a0>, 'Connection to 79.137.204.161 timed out. (connect timeout=15)')))
HTTPSConnectionPool(host='t.me', port=443): Max retries exceeded with url: //0?embed=1&mode=tme (Caused by ProxyError('Unable to connect to proxy', NewConnectionError('<urllib3.connection.HTTPSConnection object at 0xd5011118>: Failed to establish a new connection: [Errno 111] Connection refused')))
HTTPSConnectionPool(host='t.me', port=443): Max retries exceeded with url: //0?embed=1&mode=tme (Caused by ProxyError('Unable to connect to proxy', ConnectTimeoutError(<urllib3.connection.HTTPSConnection object at 0xe17db7a8>, 'Connection to 103.175.237.232 timed out. (connect timeout=15)')))
HTTPSConnectionPool(host='t.me', port=443): Read timed out. (read timeout=15)
HTTPSConnectionPool(host='t.me', port=443): Max retries exceeded with url: //0?embed=1&mode=tme (Caused by ProxyError('Unable to connect to proxy', ConnectTimeoutError(<urllib3.connection.HTTPSConnection object at 0xd3865118>, 'Connection to 210.187.188.163 timed out. (connect timeout=15)')))
HTTPSConnectionPool(host='t.me', port=443): Read timed out. (read timeout=15)
HTTPSConnectionPool(host='t.me', port=443): Max retries exceeded with url: //0?embed=1&mode=tme (Caused by ProxyError('Unable to connect to proxy', NewConnectionError('<urllib3.connection.HTTPSConnection object at 0xd5011640>: Failed to establish a new connection: [Errno 111] Connection refused')))
HTTPSConnectionPool(host='t.me', port=443): Max retries exceeded with url: //0?embed=1&mode=tme (Caused by ProxyError('Unable to connect to proxy', NewConnectionError('<urllib3.connection.HTTPSConnection object at 0xd5011508>: Failed to establish a new connection: [Errno 111] Connection refused')))
HTTPSConnectionPool(host='t.me', port=443): Max retries exceeded with url: //0?embed=1&mode=tme (Caused by ProxyError('Unable to connect to proxy', NewConnectionError('<urllib3.connection.HTTPSConnection object at 0xd43c1028>: Failed to establish a new connection: [Errno 111] Connection refused')))
HTTPSConnectionPool(host='t.me', port=443): Max retries exceeded with url: //0?embed=1&mode=tme (Caused by ProxyError('Unable to connect to proxy', OSError('Tunnel connection failed: 500 Internal Server Error')))
('Connection aborted.', ConnectionResetError(104, 'Connection reset by peer'))
HTTPSConnectionPool(host='t.me', port=443): Max retries exceeded with url: //0?embed=1&mode=tme (Caused by ProxyError('Unable to connect to proxy', ConnectTimeoutError(<urllib3.connection.HTTPSConnection object at 0xd2813340>, 'Connection to 158.181.22.139 timed out. (connect timeout=15)')))
HTTPSConnectionPool(host='t.me', port=443): Max retries exceeded with url: //0?embed=1&mode=tme (Caused by ProxyError('Unable to connect to proxy', ConnectTimeoutError(<urllib3.connection.HTTPSConnection object at 0xd28274c0>, 'Connection to 80.87.178.175 timed out. (connect timeout=15)')))
HTTPSConnectionPool(host='t.me', port=443): Max retries exceeded with url: //0?embed=1&mode=tme (Caused by ProxyError('Unable to connect to proxy', ConnectTimeoutError(<urllib3.connection.HTTPSConnection object at 0xd28083b8>, 'Connection to 222.111.18.67 timed out. (connect timeout=15)')))
HTTPSConnectionPool(host='t.me', port=443): Read timed out. (read timeout=15)
HTTPSConnectionPool(host='t.me', port=443): Max retries exceeded with url: //0?embed=1&mode=tme (Caused by ProxyError('Unable to connect to proxy', ConnectTimeoutError(<urllib3.connection.HTTPSConnection object at 0xd28130a0>, 'Connection to 103.159.194.151 timed out. (connect timeout=15)')))
HTTPSConnectionPool(host='t.me', port=443): Max retries exceeded with url: //0?embed=1&mode=tme (Caused by ProxyError('Unable to connect to proxy', NewConnectionError('<urllib3.connection.HTTPSConnection object at 0xd7e75790>: Failed to establish a new connection: [Errno 111] Connection refused')))
HTTPSConnectionPool(host='t.me', port=443): Max retries exceeded with url: //0?embed=1&mode=tme (Caused by ProxyError('Unable to connect to proxy', ConnectTimeoutError(<urllib3.connection.HTTPSConnection object at 0xd43a1430>, 'Connection to 45.174.248.19 timed out. (connect timeout=15)')))
HTTPSConnectionPool(host='t.me', port=443): Max retries exceeded with url: //0?embed=1&mode=tme (Caused by ProxyError('Unable to connect to proxy', NewConnectionError('<urllib3.connection.HTTPSConnection object at 0xd7e75310>: Failed to establish a new connection: [Errno 111] Connection refused')))
HTTPSConnectionPool(host='t.me', port=443): Max retries exceeded with url: //0?embed=1&mode=tme (Caused by ProxyError('Unable to connect to proxy', ConnectTimeoutError(<urllib3.connection.HTTPSConnection object at 0xd1ad5808>, 'Connection to 188.132.222.72 timed out. (connect timeout=15)')))
HTTPSConnectionPool(host='t.me', port=443): Read timed out. (read timeout=15)
HTTPSConnectionPool(host='t.me', port=443): Read timed out. (read timeout=15)
HTTPSConnectionPool(host='t.me', port=443): Read timed out. (read timeout=15)
HTTPSConnectionPool(host='t.me', port=443): Max retries exceeded with url: //0?embed=1&mode=tme (Caused by ProxyError('Unable to connect to proxy', NewConnectionError('<urllib3.connection.HTTPSConnection object at 0xd43ce4c0>: Failed to establish a new connection: [Errno 111] Connection refused')))
('Connection aborted.', RemoteDisconnected('Remote end closed connection without response'))
HTTPSConnectionPool(host='t.me', port=443): Max retries exceeded with url: //0?embed=1&mode=tme (Caused by ProxyError('Unable to connect to proxy', ConnectTimeoutError(<urllib3.connection.HTTPSConnection object at 0xe39280b8>, 'Connection to 62.23.184.85 timed out. (connect timeout=15)')))
HTTPSConnectionPool(host='t.me', port=443): Max retries exceeded with url: //0?embed=1&mode=tme (Caused by ProxyError('Unable to connect to proxy', ConnectTimeoutError(<urllib3.connection.HTTPSConnection object at 0xd1ae0970>, 'Connection to 189.203.201.146 timed out. (connect timeout=15)')))
HTTPSConnectionPool(host='t.me', port=443): Max retries exceeded with url: //0?embed=1&mode=tme (Caused by ProxyError('Unable to connect to proxy', ConnectTimeoutError(<urllib3.connection.HTTPSConnection object at 0xd1ae07f0>, 'Connection to 179.53.215.27 timed out. (connect timeout=15)')))
HTTPSConnectionPool(host='t.me', port=443): Max retries exceeded with url: //0?embed=1&mode=tme (Caused by ProxyError('Unable to connect to proxy', ConnectTimeoutError(<urllib3.connection.HTTPSConnection object at 0xd1af02c8>, 'Connection to 69.160.9.166 timed out. (connect timeout=15)')))
HTTPSConnectionPool(host='t.me', port=443): Read timed out. (read timeout=15)
('Connection aborted.', ConnectionResetError(104, 'Connection reset by peer'))
HTTPSConnectionPool(host='t.me', port=443): Max retries exceeded with url: //0?embed=1&mode=tme (Caused by ProxyError('Unable to connect to proxy', ConnectTimeoutError(<urllib3.connection.HTTPSConnection object at 0xd1ae0940>, 'Connection to 217.26.67.57 timed out. (connect timeout=15)')))
HTTPSConnectionPool(host='t.me', port=443): Max retries exceeded with url: //0?embed=1&mode=tme (Caused by ProxyError('Unable to connect to proxy', ConnectTimeoutError(<urllib3.connection.HTTPSConnection object at 0xea560b38>, 'Connection to 201.157.254.26 timed out. (connect timeout=15)')))
HTTPSConnectionPool(host='t.me', port=443): Max retries exceeded with url: //0?embed=1&mode=tme (Caused by ProxyError('Unable to connect to proxy', NewConnectionError('<urllib3.connection.HTTPSConnection object at 0xe712f6a0>: Failed to establish a new connection: [Errno 113] No route to host')))
HTTPSConnectionPool(host='t.me', port=443): Read timed out. (read timeout=15)
HTTPSConnectionPool(host='t.me', port=443): Max retries exceeded with url: //0?embed=1&mode=tme (Caused by SSLError(SSLEOFError(8, 'EOF occurred in violation of protocol (_ssl.c:1129)')))
HTTPSConnectionPool(host='t.me', port=443): Max retries exceeded with url: //0?embed=1&mode=tme (Caused by ProxyError('Unable to connect to proxy', ConnectTimeoutError(<urllib3.connection.HTTPSConnection object at 0xd0d1c898>, 'Connection to 5.42.78.239 timed out. (connect timeout=15)')))
HTTPSConnectionPool(host='t.me', port=443): Max retries exceeded with url: //0?embed=1&mode=tme (Caused by ProxyError('Unable to connect to proxy', ConnectTimeoutError(<urllib3.connection.HTTPSConnection object at 0xd0d1c358>, 'Connection to 79.137.204.235 timed out. (connect timeout=15)')))
HTTPSConnectionPool(host='t.me', port=443): Max retries exceeded with url: //0?embed=1&mode=tme (Caused by ProxyError('Unable to connect to proxy', ConnectTimeoutError(<urllib3.connection.HTTPSConnection object at 0xd0d1c730>, 'Connection to 107.148.97.241 timed out. (connect timeout=15)')))
                                                                                                                                                                                                                                                                                                  HTTPSConnectionPool(host='t.me', port=443): Max retries exceeded with url: //0?embed=1&mode=tme (Caused by ProxyError('Unable to connect to proxy', ConnectTimeoutError(<urllib3.connection.HTTPSConnection object at 0xd0d1cb98>, 'Connection to 222.243.201.153 timed out. (connect timeout=15)')))
HTTPSConnectionPool(host='t.me', port=443): Max retries exceeded with url: //0?embed=1&mode=tme (Caused by ProxyError('Unable to connect to proxy', ConnectTimeoutError(<urllib3.connection.HTTPSConnection object at 0xd0d2c1a8>, 'Connection to 103.163.244.38 timed out. (connect timeout=15)')))
HTTPSConnectionPool(host='t.me', port=443): Max retries exceeded with url: //0?embed=1&mode=tme (Caused by ProxyError('Unable to connect to proxy', ConnectTimeoutError(<urllib3.connection.HTTPSConnection object at 0xcfec5988>, 'Connection to 180.180.218.250 timed out. (connect timeout=15)')))
HTTPSConnectionPool(host='t.me', port=443): Max retries exceeded with url: //0?embed=1&mode=tme (Caused by ProxyError('Unable to connect to proxy', ConnectTimeoutError(<urllib3.connection.HTTPSConnection object at 0xd0d3b8c8>, 'Connection to 36.6.145.231 timed out. (connect timeout=15)')))
HTTPSConnectionPool(host='t.me', port=443): Max retries exceeded with url: //0?embed=1&mode=tme (Caused by ProxyError('Unable to connect to proxy', ConnectTimeoutError(<urllib3.connection.HTTPSConnection object at 0xd0d3bd00>, 'Connection to 171.22.108.188 timed out. (connect timeout=15)')))
HTTPSConnectionPool(host='t.me', port=443): Max retries exceeded with url: //0?embed=1&mode=tme (Caused by ProxyError('Unable to connect to proxy', ConnectTimeoutError(<urllib3.connection.HTTPSConnection object at 0xcfec5bf8>, 'Connection to 107.148.98.200 timed out. (connect timeout=15)')))
HTTPSConnectionPool(host='t.me', port=443): Max retries exceeded with url: //0?embed=1&mode=tme (Caused by ProxyError('Unable to connect to proxy', OSError('Tunnel connection failed: 502 Bad Gateway')))
HTTPSConnectionPool(host='t.me', port=443): Max retries exceeded with url: //0?embed=1&mode=tme (Caused by ProxyError('Unable to connect to proxy', OSError('Tunnel connection failed: 400 Bad Request')))
HTTPSConnectionPool(host='t.me', port=443): Max retries exceeded with url: //0?embed=1&mode=tme (Caused by ProxyError('Unable to connect to proxy', NewConnectionError('<urllib3.connection.HTTPSConnection object at 0xd2808538>: Failed to establish a new connection: [Errno 111] Connection refused')))
HTTPSConnectionPool(host='t.me', port=443): Max retries exceeded with url: //0?embed=1&mode=tme (Caused by ProxyError('Unable to connect to proxy', NewConnectionError('<urllib3.connection.HTTPSConnection object at 0xd27f9550>: Failed to establish a new connection: [Errno 111] Connection refused')))
HTTPSConnectionPool(host='t.me', port=443): Max retries exceeded with url: //0?embed=1&mode=tme (Caused by ProxyError('Unable to connect to proxy', NewConnectionError('<urllib3.connection.HTTPSConnection object at 0xd1ad5838>: Failed to establish a new connection: [Errno 111] Connection refused')))
HTTPSConnectionPool(host='t.me', port=443): Max retries exceeded with url: //0?embed=1&mode=tme (Caused by ProxyError('Unable to connect to proxy', OSError('Tunnel connection failed: 407 Proxy Authentication Required')))
HTTPSConnectionPool(host='t.me', port=443): Max retries exceeded with url: //0?embed=1&mode=tme (Caused by ProxyError('Unable to connect to proxy', ConnectTimeoutError(<urllib3.connection.HTTPSConnection object at 0xcfee1808>, 'Connection to 181.13.232.98 timed out. (connect timeout=15)')))
HTTPSConnectionPool(host='t.me', port=443): Max retries exceeded with url: //0?embed=1&mode=tme (Caused by ProxyError('Unable to connect to proxy', ConnectTimeoutError(<urllib3.connection.HTTPSConnection object at 0xcfefbaf0>, 'Connection to 103.156.74.186 timed out. (connect timeout=15)')))
HTTPSConnectionPool(host='t.me', port=443): Max retries exceeded with url: //0?embed=1&mode=tme (Caused by ProxyError('Unable to connect to proxy', NewConnectionError('<urllib3.connection.HTTPSConnection object at 0xd0d0d5b0>: Failed to establish a new connection: [Errno 111] Connection refused')))
HTTPSConnectionPool(host='t.me', port=443): Max retries exceeded with url: //0?embed=1&mode=tme (Caused by ProxyError('Unable to connect to proxy', ConnectTimeoutError(<urllib3.connection.HTTPSConnection object at 0xcf380538>, 'Connection to 38.123.68.97 timed out. (connect timeout=15)')))
('Connection aborted.', RemoteDisconnected('Remote end closed connection without response'))
HTTPSConnectionPool(host='t.me', port=443): Max retries exceeded with url: //0?embed=1&mode=tme (Caused by ProxyError('Unable to connect to proxy', NewConnectionError('<urllib3.connection.HTTPSConnection object at 0xe39014d8>: Failed to establish a new connection: [Errno 113] No route to host')))
HTTPSConnectionPool(host='t.me', port=443): Max retries exceeded with url: //0?embed=1&mode=tme (Caused by ProxyError('Unable to connect to proxy', ConnectTimeoutError(<urllib3.connection.HTTPSConnection object at 0xcf38cb50>, 'Connection to 103.189.197.10 timed out. (connect timeout=15)')))
HTTPSConnectionPool(host='t.me', port=443): Max retries exceeded with url: //0?embed=1&mode=tme (Caused by ProxyError('Unable to connect to proxy', ConnectTimeoutError(<urllib3.connection.HTTPSConnection object at 0xcf39d1a8>, 'Connection to 45.228.192.107 timed out. (connect timeout=15)')))
HTTPSConnectionPool(host='t.me', port=443): Read timed out. (read timeout=15)
HTTPSConnectionPool(host='t.me', port=443): Read timed out. (read timeout=15)
HTTPSConnectionPool(host='t.me', port=443): Read timed out. (read timeout=15)
HTTPSConnectionPool(host='t.me', port=443): Read timed out. (read timeout=15)
HTTPSConnectionPool(host='t.me', port=443): Max retries exceeded with url: //0?embed=1&mode=tme (Caused by ProxyError('Unable to connect to proxy', ConnectTimeoutError(<urllib3.connection.HTTPSConnection object at 0xcfefbf10>, 'Connection to 176.100.12.235 timed out. (connect timeout=15)')))
HTTPSConnectionPool(host='t.me', port=443): Read timed out. (read timeout=15)
HTTPSConnectionPool(host='t.me', port=443): Max retries exceeded with url: //0?embed=1&mode=tme (Caused by ProxyError('Unable to connect to proxy', ConnectTimeoutError(<urllib3.connection.HTTPSConnection object at 0xcf39d6b8>, 'Connection to 5.42.78.239 timed out. (connect timeout=15)')))
HTTPSConnectionPool(host='t.me', port=443): Max retries exceeded with url: //0?embed=1&mode=tme (Caused by ProxyError('Unable to connect to proxy', ConnectTimeoutError(<urllib3.connection.HTTPSConnection object at 0xcf39d1d8>, 'Connection to 208.79.8.245 timed out. (connect timeout=15)')))
HTTPSConnectionPool(host='t.me', port=443): Max retries exceeded with url: //0?embed=1&mode=tme (Caused by ProxyError('Unable to connect to proxy', NewConnectionError('<urllib3.connection.HTTPSConnection object at 0xc7203100>: Failed to establish a new connection: [Errno 111] Connection refused')))
HTTPSConnectionPool(host='t.me', port=443): Max retries exceeded with url: //0?embed=1&mode=tme (Caused by ProxyError('Unable to connect to proxy', OSError('Tunnel connection failed: 500 Internal Server Error')))
HTTPSConnectionPool(host='t.me', port=443): Max retries exceeded with url: //0?embed=1&mode=tme (Caused by ProxyError('Unable to connect to proxy', OSError('Tunnel connection failed: 400 Bad Request')))
HTTPSConnectionPool(host='t.me', port=443): Read timed out. (read timeout=15)
HTTPSConnectionPool(host='t.me', port=443): Max retries exceeded with url: //0?embed=1&mode=tme (Caused by ProxyError('Unable to connect to proxy', ConnectTimeoutError(<urllib3.connection.HTTPSConnection object at 0xcf3ac388>, 'Connection to 112.78.170.250 timed out. (connect timeout=15)')))
HTTPSConnectionPool(host='t.me', port=443): Max retries exceeded with url: //0?embed=1&mode=tme (Caused by ProxyError('Unable to connect to proxy', ConnectTimeoutError(<urllib3.connection.HTTPSConnection object at 0xcf3ac508>, 'Connection to 191.102.254.12 timed out. (connect timeout=15)')))
HTTPSConnectionPool(host='t.me', port=443): Max retries exceeded with url: //0?embed=1&mode=tme (Caused by ProxyError('Unable to connect to proxy', NewConnectionError('<urllib3.connection.HTTPSConnection object at 0xe5c3ba60>: Failed to establish a new connection: [Errno 111] Connection refused')))
HTTPSConnectionPool(host='t.me', port=443): Max retries exceeded with url: //0?embed=1&mode=tme (Caused by ProxyError('Unable to connect to proxy', ConnectTimeoutError(<urllib3.connection.HTTPSConnection object at 0xce944a60>, 'Connection to 14.97.48.44 timed out. (connect timeout=15)')))
HTTPSConnectionPool(host='t.me', port=443): Max retries exceeded with url: //0?embed=1&mode=tme (Caused by ProxyError('Unable to connect to proxy', ConnectTimeoutError(<urllib3.connection.HTTPSConnection object at 0xd1af04a8>, 'Connection to 45.227.195.121 timed out. (connect timeout=15)')))
HTTPSConnectionPool(host='t.me', port=443): Max retries exceeded with url: //0?embed=1&mode=tme (Caused by ProxyError('Unable to connect to proxy', ConnectTimeoutError(<urllib3.connection.HTTPSConnection object at 0xcf3ace68>, 'Connection to 202.154.18.133 timed out. (connect timeout=15)')))
HTTPSConnectionPool(host='t.me', port=443): Read timed out. (read timeout=15)
HTTPSConnectionPool(host='t.me', port=443): Max retries exceeded with url: //0?embed=1&mode=tme (Caused by ProxyError('Unable to connect to proxy', OSError('Tunnel connection failed: 404 Not Found')))
HTTPSConnectionPool(host='t.me', port=443): Max retries exceeded with url: //0?embed=1&mode=tme (Caused by ProxyError('Unable to connect to proxy', OSError('Tunnel connection failed: 301 Moved Permanently')))
HTTPSConnectionPool(host='t.me', port=443): Max retries exceeded with url: //0?embed=1&mode=tme (Caused by ProxyError('Unable to connect to proxy', ConnectTimeoutError(<urllib3.connection.HTTPSConnection object at 0xce944688>, 'Connection to 185.196.182.22 timed out. (connect timeout=15)')))
HTTPSConnectionPool(host='t.me', port=443): Max retries exceeded with url: //0?embed=1&mode=tme (Caused by ProxyError('Unable to connect to proxy', NewConnectionError('<urllib3.connection.HTTPSConnection object at 0xd3844160>: Failed to establish a new connection: [Errno 111] Connection refused')))
HTTPSConnectionPool(host='t.me', port=443): Read timed out. (read timeout=15)
HTTPSConnectionPool(host='t.me', port=443): Max retries exceeded with url: //0?embed=1&mode=tme (Caused by ProxyError('Unable to connect to proxy', ConnectTimeoutError(<urllib3.connection.HTTPSConnection object at 0xd50010b8>, 'Connection to 103.133.27.97 timed out. (connect timeout=15)')))
HTTPSConnectionPool(host='t.me', port=443): Max retries exceeded with url: //0?embed=1&mode=tme (Caused by ProxyError('Unable to connect to proxy', ConnectTimeoutError(<urllib3.connection.HTTPSConnection object at 0xce950d48>, 'Connection to 94.102.234.186 timed out. (connect timeout=15)')))
HTTPSConnectionPool(host='t.me', port=443): Max retries exceeded with url: //0?embed=1&mode=tme (Caused by ProxyError('Unable to connect to proxy', OSError('Tunnel connection failed: 405 Method Not Allowed')))
HTTPSConnectionPool(host='t.me', port=443): Max retries exceeded with url: //0?embed=1&mode=tme (Caused by ProxyError('Unable to connect to proxy', ConnectTimeoutError(<urllib3.connection.HTTPSConnection object at 0xce97a7a8>, 'Connection to 103.81.223.125 timed out. (connect timeout=15)')))
HTTPSConnectionPool(host='t.me', port=443): Max retries exceeded with url: //0?embed=1&mode=tme (Caused by ProxyError('Unable to connect to proxy', ConnectTimeoutError(<urllib3.connection.HTTPSConnection object at 0xd282ecd0>, 'Connection to 196.216.65.57 timed out. (connect timeout=15)')))
HTTPSConnectionPool(host='t.me', port=443): Read timed out. (read timeout=15)
HTTPSConnectionPool(host='t.me', port=443): Max retries exceeded with url: //0?embed=1&mode=tme (Caused by ProxyError('Unable to connect to proxy', OSError('Tunnel connection failed: 500 Internal Server Error')))
HTTPSConnectionPool(host='t.me', port=443): Max retries exceeded with url: //0?embed=1&mode=tme (Caused by ProxyError('Unable to connect to proxy', ConnectTimeoutError(<urllib3.connection.HTTPSConnection object at 0xcdb02178>, 'Connection to 182.23.107.211 timed out. (connect timeout=15)')))
HTTPSConnectionPool(host='t.me', port=443): Max retries exceeded with url: //0?embed=1&mode=tme (Caused by ProxyError('Unable to connect to proxy', ConnectTimeoutError(<urllib3.connection.HTTPSConnection object at 0xd50012f8>, 'Connection to 36.64.156.62 timed out. (connect timeout=15)')))
HTTPSConnectionPool(host='t.me', port=443): Max retries exceeded with url: //0?embed=1&mode=tme (Caused by ProxyError('Unable to connect to proxy', ConnectTimeoutError(<urllib3.connection.HTTPSConnection object at 0xd96e9e98>, 'Connection to 157.119.225.225 timed out. (connect timeout=15)')))
HTTPSConnectionPool(host='t.me', port=443): Max retries exceeded with url: //0?embed=1&mode=tme (Caused by ProxyError('Unable to connect to proxy', ConnectTimeoutError(<urllib3.connection.HTTPSConnection object at 0xcdb10418>, 'Connection to 181.232.190.107 timed out. (connect timeout=15)')))
HTTPSConnectionPool(host='t.me', port=443): Max retries exceeded with url: //0?embed=1&mode=tme (Caused by ProxyError('Unable to connect to proxy', ConnectTimeoutError(<urllib3.connection.HTTPSConnection object at 0xcdb10700>, 'Connection to 103.132.52.210 timed out. (connect timeout=15)')))
HTTPSConnectionPool(host='t.me', port=443): Read timed out. (read timeout=15)
HTTPSConnectionPool(host='t.me', port=443): Max retries exceeded with url: //0?embed=1&mode=tme (Caused by ProxyError('Unable to connect to proxy', ConnectTimeoutError(<urllib3.connection.HTTPSConnection object at 0xcdb102f8>, 'Connection to 94.154.152.4 timed out. (connect timeout=15)')))
HTTPSConnectionPool(host='t.me', port=443): Max retries exceeded with url: //0?embed=1&mode=tme (Caused by ProxyError('Unable to connect to proxy', ConnectTimeoutError(<urllib3.connection.HTTPSConnection object at 0xcd1b3280>, 'Connection to 103.85.114.240 timed out. (connect timeout=15)')))
HTTPSConnectionPool(host='t.me', port=443): Read timed out. (read timeout=15)
HTTPSConnectionPool(host='t.me', port=443): Max retries exceeded with url: //0?embed=1&mode=tme (Caused by ProxyError('Unable to connect to proxy', ConnectTimeoutError(<urllib3.connection.HTTPSConnection object at 0xd38449d0>, 'Connection to 93.177.126.79 timed out. (connect timeout=15)')))
HTTPSConnectionPool(host='t.me', port=443): Max retries exceeded with url: //0?embed=1&mode=tme (Caused by ProxyError('Unable to connect to proxy', ConnectTimeoutError(<urllib3.connection.HTTPSConnection object at 0xce950e08>, 'Connection to 139.99.35.192 timed out. (connect timeout=15)')))
HTTPSConnectionPool(host='t.me', port=443): Max retries exceeded with url: //0?embed=1&mode=tme (Caused by ProxyError('Unable to connect to proxy', ConnectTimeoutError(<urllib3.connection.HTTPSConnection object at 0xcdb211a8>, 'Connection to 38.56.23.193 timed out. (connect timeout=15)')))
HTTPSConnectionPool(host='t.me', port=443): Read timed out. (read timeout=15)
HTTPSConnectionPool(host='t.me', port=443): Read timed out. (read timeout=15)
HTTPSConnectionPool(host='t.me', port=443): Max retries exceeded with url: //0?embed=1&mode=tme (Caused by ProxyError('Unable to connect to proxy', ConnectTimeoutError(<urllib3.connection.HTTPSConnection object at 0xd3865e68>, 'Connection to 182.253.112.194 timed out. (connect timeout=15)')))
                                                                                                                                                                                                                                                                                                                                                                                                                                                                                                                                                                                                             HTTPSConnectionPool(host='t.me', port=443): Max retries exceeded with url: //0?embed=1&mode=tme (Caused by ProxyError('Unable to connect to proxy', ConnectTimeoutError(<urllib3.connection.HTTPSConnection object at 0xd96e9100>, 'Connection to 103.140.34.61 timed out. (connect timeout=15)')))
HTTPSConnectionPool(host='t.me', port=443): Max retries exceeded with url: //0?embed=1&mode=tme (Caused by ProxyError('Unable to connect to proxy', ConnectTimeoutError(<urllib3.connection.HTTPSConnection object at 0xcdb21f10>, 'Connection to 202.61.204.51 timed out. (connect timeout=15)')))
HTTPSConnectionPool(host='t.me', port=443): Max retries exceeded with url: //0?embed=1&mode=tme (Caused by ProxyError('Unable to connect to proxy', ConnectTimeoutError(<urllib3.connection.HTTPSConnection object at 0xcc57afe8>, 'Connection to 41.65.55.28 timed out. (connect timeout=15)')))
HTTPSConnectionPool(host='t.me', port=443): Max retries exceeded with url: //0?embed=1&mode=tme (Caused by ProxyError('Unable to connect to proxy', ConnectTimeoutError(<urllib3.connection.HTTPSConnection object at 0xcd1dbc58>, 'Connection to 167.250.222.233 timed out. (connect timeout=15)')))
HTTPSConnectionPool(host='t.me', port=443): Max retries exceeded with url: //0?embed=1&mode=tme (Caused by ProxyError('Unable to connect to proxy', ConnectTimeoutError(<urllib3.connection.HTTPSConnection object at 0xcc56e358>, 'Connection to 103.140.188.105 timed out. (connect timeout=15)')))
HTTPSConnectionPool(host='t.me', port=443): Read timed out. (read timeout=15)
HTTPSConnectionPool(host='t.me', port=443): Max retries exceeded with url: //0?embed=1&mode=tme (Caused by ProxyError('Unable to connect to proxy', ConnectTimeoutError(<urllib3.connection.HTTPSConnection object at 0xcd1b3da8>, 'Connection to 103.158.220.2 timed out. (connect timeout=15)')))
HTTPSConnectionPool(host='t.me', port=443): Max retries exceeded with url: //0?embed=1&mode=tme (Caused by ProxyError('Unable to connect to proxy', NewConnectionError('<urllib3.connection.HTTPSConnection object at 0xcdb30988>: Failed to establish a new connection: [Errno 111] Connection refused')))
HTTPSConnectionPool(host='t.me', port=443): Max retries exceeded with url: //0?embed=1&mode=tme (Caused by ProxyError('Unable to connect to proxy', ConnectTimeoutError(<urllib3.connection.HTTPSConnection object at 0xcc5935b0>, 'Connection to 103.180.247.21 timed out. (connect timeout=15)')))
HTTPSConnectionPool(host='t.me', port=443): Max retries exceeded with url: //0?embed=1&mode=tme (Caused by ProxyError('Unable to connect to proxy', NewConnectionError('<urllib3.connection.HTTPSConnection object at 0xcfefb7c0>: Failed to establish a new connection: [Errno 111] Connection refused')))
HTTPSConnectionPool(host='t.me', port=443): Max retries exceeded with url: //0?embed=1&mode=tme (Caused by ProxyError('Unable to connect to proxy', ConnectTimeoutError(<urllib3.connection.HTTPSConnection object at 0xcbb1c9e8>, 'Connection to 103.70.79.3 timed out. (connect timeout=15)')))
HTTPSConnectionPool(host='t.me', port=443): Read timed out. (read timeout=15)
HTTPSConnectionPool(host='t.me', port=443): Max retries exceeded with url: //0?embed=1&mode=tme (Caused by ProxyError('Unable to connect to proxy', ConnectTimeoutError(<urllib3.connection.HTTPSConnection object at 0xcbb1cb08>, 'Connection to 202.152.142.186 timed out. (connect timeout=15)')))
HTTPSConnectionPool(host='t.me', port=443): Max retries exceeded with url: //0?embed=1&mode=tme (Caused by ProxyError('Unable to connect to proxy', NewConnectionError('<urllib3.connection.HTTPSConnection object at 0xcdb02958>: Failed to establish a new connection: [Errno 111] Connection refused')))
HTTPSConnectionPool(host='t.me', port=443): Max retries exceeded with url: //0?embed=1&mode=tme (Caused by ProxyError('Unable to connect to proxy', NewConnectionError('<urllib3.connection.HTTPSConnection object at 0xcd1b3310>: Failed to establish a new connection: [Errno 111] Connection refused')))
HTTPSConnectionPool(host='t.me', port=443): Read timed out. (read timeout=15)
HTTPSConnectionPool(host='t.me', port=443): Read timed out. (read timeout=15)
HTTPSConnectionPool(host='t.me', port=443): Max retries exceeded with url: //0?embed=1&mode=tme (Caused by ProxyError('Unable to connect to proxy', ConnectTimeoutError(<urllib3.connection.HTTPSConnection object at 0xcc593b08>, 'Connection to 1.224.3.122 timed out. (connect timeout=15)')))
HTTPSConnectionPool(host='t.me', port=443): Max retries exceeded with url: //0?embed=1&mode=tme (Caused by ProxyError('Unable to connect to proxy', ConnectTimeoutError(<urllib3.connection.HTTPSConnection object at 0xe50332c8>, 'Connection to 103.135.14.176 timed out. (connect timeout=15)')))
HTTPSConnectionPool(host='t.me', port=443): Max retries exceeded with url: //0?embed=1&mode=tme (Caused by ProxyError('Unable to connect to proxy', NewConnectionError('<urllib3.connection.HTTPSConnection object at 0xcd1db340>: Failed to establish a new connection: [Errno 113] No route to host')))
HTTPSConnectionPool(host='t.me', port=443): Read timed out. (read timeout=15)
('Connection aborted.', ConnectionResetError(104, 'Connection reset by peer'))
HTTPSConnectionPool(host='t.me', port=443): Max retries exceeded with url: //0?embed=1&mode=tme (Caused by ProxyError('Unable to connect to proxy', ConnectTimeoutError(<urllib3.connection.HTTPSConnection object at 0xd50013b8>, 'Connection to 103.166.161.34 timed out. (connect timeout=15)')))
HTTPSConnectionPool(host='t.me', port=443): Max retries exceeded with url: //0?embed=1&mode=tme (Caused by ProxyError('Unable to connect to proxy', ConnectTimeoutError(<urllib3.connection.HTTPSConnection object at 0xd7e75fe8>, 'Connection to 103.133.27.86 timed out. (connect timeout=15)')))
HTTPSConnectionPool(host='t.me', port=443): Max retries exceeded with url: //0?embed=1&mode=tme (Caused by ProxyError('Unable to connect to proxy', NewConnectionError('<urllib3.connection.HTTPSConnection object at 0xc5b1e088>: Failed to establish a new connection: [Errno 111] Connection refused')))
HTTPSConnectionPool(host='t.me', port=443): Max retries exceeded with url: //0?embed=1&mode=tme (Caused by ProxyError('Unable to connect to proxy', OSError('Tunnel connection failed: 400 Bad Request')))
HTTPSConnectionPool(host='t.me', port=443): Max retries exceeded with url: //0?embed=1&mode=tme (Caused by ProxyError('Unable to connect to proxy', ConnectTimeoutError(<urllib3.connection.HTTPSConnection object at 0xcbb345b0>, 'Connection to 103.165.157.42 timed out. (connect timeout=15)')))
HTTPSConnectionPool(host='t.me', port=443): Read timed out. (read timeout=15)
HTTPSConnectionPool(host='t.me', port=443): Max retries exceeded with url: //0?embed=1&mode=tme (Caused by ProxyError('Unable to connect to proxy', ConnectTimeoutError(<urllib3.connection.HTTPSConnection object at 0xcbb43a78>, 'Connection to 103.153.96.12 timed out. (connect timeout=15)')))
                                                                                                                                                                   ÿÿÿÿ                                                                                                                                                                                                                                                                                                                                                                                                                                                                                                                                                                                                                                                                                                                                                                                                                                                                                                                                                                                                                                                                                     HTTPSConnectionPool(host='t.me', port=443): Read timed out. (read timeout=15)
HTTPSConnectionPool(host='t.me', port=443): Max retries exceeded with url: //0?embed=1&mode=tme (Caused by ProxyError('Unable to connect to proxy', ConnectTimeoutError(<urllib3.connection.HTTPSConnection object at 0xcbb430d0>, 'Connection to 202.12.80.7 timed out. (connect timeout=15)')))
HTTPSConnectionPool(host='t.me', port=443): Max retries exceeded with url: //0?embed=1&mode=tme (Caused by ProxyError('Unable to connect to proxy', ConnectTimeoutError(<urllib3.connection.HTTPSConnection object at 0xde8b27a8>, 'Connection to 154.73.87.241 timed out. (connect timeout=15)')))
HTTPSConnectionPool(host='t.me', port=443): Max retries exceeded with url: //0?embed=1&mode=tme (Caused by ProxyError('Unable to connect to proxy', ConnectTimeoutError(<urllib3.connection.HTTPSConnection object at 0xcf3803e8>, 'Connection to 103.90.156.248 timed out. (connect timeout=15)')))
HTTPSConnectionPool(host='t.me', port=443): Max retries exceeded with url: //0?embed=1&mode=tme (Caused by ProxyError('Unable to connect to proxy', ConnectTimeoutError(<urllib3.connection.HTTPSConnection object at 0xcae130b8>, 'Connection to 92.51.126.162 timed out. (connect timeout=15)')))
HTTPSConnectionPool(host='t.me', port=443): Max retries exceeded with url: //0?embed=1&mode=tme (Caused by ProxyError('Unable to connect to proxy', NewConnectionError('<urllib3.connection.HTTPSConnection object at 0xca271a48>: Failed to establish a new connection: [Errno 111] Connection refused')))
HTTPSConnectionPool(host='t.me', port=443): Max retries exceeded with url: //0?embed=1&mode=tme (Caused by ProxyError('Unable to connect to proxy', NewConnectionError('<urllib3.connection.HTTPSConnection object at 0xce950448>: Failed to establish a new connection: [Errno 111] Connection refused')))
HTTPSConnectionPool(host='t.me', port=443): Max retries exceeded with url: //0?embed=1&mode=tme (Caused by ProxyError('Unable to connect to proxy', ConnectTimeoutError(<urllib3.connection.HTTPSConnection object at 0xcd1e8e68>, 'Connection to 180.211.91.41 timed out. (connect timeout=15)')))
HTTPSConnectionPool(host='t.me', port=443): Read timed out. (read timeout=15)
HTTPSConnectionPool(host='t.me', port=443): Max retries exceeded with url: //0?embed=1&mode=tme (Caused by ProxyError('Unable to connect to proxy', NewConnectionError('<urllib3.connection.HTTPSConnection object at 0xd5011640>: Failed to establish a new connection: [Errno 111] Connection refused')))
HTTPSConnectionPool(host='t.me', port=443): Max retries exceeded with url: //0?embed=1&mode=tme (Caused by ProxyError('Unable to connect to proxy', ConnectTimeoutError(<urllib3.connection.HTTPSConnection object at 0xcc56e238>, 'Connection to 103.136.82.252 timed out. (connect timeout=15)')))
HTTPSConnectionPool(host='t.me', port=443): Max retries exceeded with url: //0?embed=1&mode=tme (Caused by ProxyError('Unable to connect to proxy', NewConnectionError('<urllib3.connection.HTTPSConnection object at 0xd5011a30>: Failed to establish a new connection: [Errno 111] Connection refused')))
HTTPSConnectionPool(host='t.me', port=443): Max retries exceeded with url: //0?embed=1&mode=tme (Caused by ProxyError('Unable to connect to proxy', ConnectTimeoutError(<urllib3.connection.HTTPSConnection object at 0xcd1e8f88>, 'Connection to 185.19.4.22 timed out. (connect timeout=15)')))
HTTPSConnectionPool(host='t.me', port=443): Max retries exceeded with url: //0?embed=1&mode=tme (Caused by ProxyError('Unable to connect to proxy', NewConnectionError('<urllib3.connection.HTTPSConnection object at 0xcc56e040>: Failed to establish a new connection: [Errno 113] No route to host')))
HTTPSConnectionPool(host='t.me', port=443): Max retries exceeded with url: //0?embed=1&mode=tme (Caused by ProxyError('Unable to connect to proxy', NewConnectionError('<urllib3.connection.HTTPSConnection object at 0xc71fb1c0>: Failed to establish a new connection: [Errno 111] Connection refused')))
HTTPSConnectionPool(host='t.me', port=443): Max retries exceeded with url: //0?embed=1&mode=tme (Caused by ProxyError('Unable to connect to proxy', NewConnectionError('<urllib3.connection.HTTPSConnection object at 0xd1afd4f0>: Failed to establish a new connection: [Errno 111] Connection refused')))
HTTPSConnectionPool(host='t.me', port=443): Max retries exceeded with url: //0?embed=1&mode=tme (Caused by ProxyError('Unable to connect to proxy', ConnectTimeoutError(<urllib3.connection.HTTPSConnection object at 0xcae34b98>, 'Connection to 81.91.231.57 timed out. (connect timeout=15)')))
HTTPSConnectionPool(host='t.me', port=443): Read timed out. (read timeout=15)
HTTPSConnectionPool(host='t.me', port=443): Max retries exceeded with url: //0?embed=1&mode=tme (Caused by ProxyError('Unable to connect to proxy', ConnectTimeoutError(<urllib3.connection.HTTPSConnection object at 0xcf39d178>, 'Connection to 115.244.127.164 timed out. (connect timeout=15)')))
HTTPSConnectionPool(host='t.me', port=443): Max retries exceeded with url: //0?embed=1&mode=tme (Caused by ProxyError('Unable to connect to proxy', OSError('Tunnel connection failed: 500 Internal Server Error')))
HTTPSConnectionPool(host='t.me', port=443): Read timed out. (read timeout=15)
HTTPSConnectionPool(host='t.me', port=443): Max retries exceeded with url: //0?embed=1&mode=tme (Caused by ProxyError('Unable to connect to proxy', ConnectTimeoutError(<urllib3.connection.HTTPSConnection object at 0xcbb34760>, 'Connection to 202.12.80.8 timed out. (connect timeout=15)')))
HTTPSConnectionPool(host='t.me', port=443): Read timed out. (read timeout=15)
HTTPSConnectionPool(host='t.me', port=443): Max retries exceeded with url: //0?embed=1&mode=tme (Caused by ProxyError('Unable to connect to proxy', ConnectTimeoutError(<urllib3.connection.HTTPSConnection object at 0xca243628>, 'Connection to 103.49.138.255 timed out. (connect timeout=15)')))
HTTPSConnectionPool(host='t.me', port=443): Read timed out. (read timeout=15)
HTTPSConnectionPool(host='t.me', port=443): Max retries exceeded with url: //0?embed=1&mode=tme (Caused by ProxyError('Unable to connect to proxy', NewConnectionError('<urllib3.connection.HTTPSConnection object at 0xd0d2c4f0>: Failed to establish a new connection: [Errno 111] Connection refused')))
HTTPSConnectionPool(host='t.me', port=443): Max retries exceeded with url: //0?embed=1&mode=tme (Caused by ProxyError('Unable to connect to proxy', ConnectTimeoutError(<urllib3.connection.HTTPSConnection object at 0xcae09fd0>, 'Connection to 188.173.14.99 timed out. (connect timeout=15)')))
HTTPSConnectionPool(host='t.me', port=443): Max retries exceeded with url: //0?embed=1&mode=tme (Caused by ProxyError('Unable to connect to proxy', ConnectTimeoutError(<urllib3.connection.HTTPSConnection object at 0xca243f40>, 'Connection to 36.66.242.117 timed out. (connect timeout=15)')))
HTTPSConnectionPool(host='t.me', port=443): Read timed out. (read timeout=15)
HTTPSConnectionPool(host='t.me', port=443): Read timed out. (read timeout=15)
HTTPSConnectionPool(host='t.me', port=443): Max retries exceeded with url: //0?embed=1&mode=tme (Caused by ProxyError('Unable to connect to proxy', ConnectTimeoutError(<urllib3.connection.HTTPSConnection object at 0xca271d30>, 'Connection to 14.97.48.40 timed out. (connect timeout=15)')))
                                                                                                                                                                                                                                                                                                                                                                                                                                                                                                                                                                                                              HTTPSConnectionPool(host='t.me', port=443): Max retries exceeded with url: //0?embed=1&mode=tme (Caused by ProxyError('Unable to connect to proxy', ConnectTimeoutError(<urllib3.connection.HTTPSConnection object at 0xdb84cb98>, 'Connection to 139.255.33.242 timed out. (connect timeout=15)')))
('Connection aborted.', ConnectionResetError(104, 'Connection reset by peer'))
HTTPSConnectionPool(host='t.me', port=443): Max retries exceeded with url: //0?embed=1&mode=tme (Caused by ProxyError('Unable to connect to proxy', ConnectTimeoutError(<urllib3.connection.HTTPSConnection object at 0xc9088268>, 'Connection to 38.156.233.78 timed out. (connect timeout=15)')))
HTTPSConnectionPool(host='t.me', port=443): Max retries exceeded with url: //0?embed=1&mode=tme (Caused by ProxyError('Unable to connect to proxy', NewConnectionError('<urllib3.connection.HTTPSConnection object at 0xcae343a0>: Failed to establish a new connection: [Errno 111] Connection refused')))
HTTPSConnectionPool(host='t.me', port=443): Max retries exceeded with url: //0?embed=1&mode=tme (Caused by ProxyError('Unable to connect to proxy', ConnectTimeoutError(<urllib3.connection.HTTPSConnection object at 0xdf4b8130>, 'Connection to 191.97.6.150 timed out. (connect timeout=15)')))
HTTPSConnectionPool(host='t.me', port=443): Max retries exceeded with url: //0?embed=1&mode=tme (Caused by ProxyError('Unable to connect to proxy', ConnectTimeoutError(<urllib3.connection.HTTPSConnection object at 0xca243430>, 'Connection to 123.231.221.180 timed out. (connect timeout=15)')))
HTTPSConnectionPool(host='t.me', port=443): Read timed out. (read timeout=15)
HTTPSConnectionPool(host='t.me', port=443): Max retries exceeded with url: //0?embed=1&mode=tme (Caused by ProxyError('Unable to connect to proxy', ConnectTimeoutError(<urllib3.connection.HTTPSConnection object at 0xd7203358>, 'Connection to 103.51.21.250 timed out. (connect timeout=15)')))
('Connection aborted.', RemoteDisconnected('Remote end closed connection without response'))
HTTPSConnectionPool(host='t.me', port=443): Max retries exceeded with url: //0?embed=1&mode=tme (Caused by ProxyError('Unable to connect to proxy', ConnectTimeoutError(<urllib3.connection.HTTPSConnection object at 0xc909cb50>, 'Connection to 111.68.117.200 timed out. (connect timeout=15)')))
HTTPSConnectionPool(host='t.me', port=443): Max retries exceeded with url: //0?embed=1&mode=tme (Caused by ProxyError('Unable to connect to proxy', ConnectTimeoutError(<urllib3.connection.HTTPSConnection object at 0xd72039a0>, 'Connection to 77.232.21.4 timed out. (connect timeout=15)')))
HTTPSConnectionPool(host='t.me', port=443): Max retries exceeded with url: //0?embed=1&mode=tme (Caused by ProxyError('Unable to connect to proxy', ConnectTimeoutError(<urllib3.connection.HTTPSConnection object at 0xc90a9358>, 'Connection to 103.245.204.214 timed out. (connect timeout=15)')))
HTTPSConnectionPool(host='t.me', port=443): Max retries exceeded with url: //0?embed=1&mode=tme (Caused by ProxyError('Unable to connect to proxy', ConnectTimeoutError(<urllib3.connection.HTTPSConnection object at 0xc90a9550>, 'Connection to 38.49.131.126 timed out. (connect timeout=15)')))
HTTPSConnectionPool(host='t.me', port=443): Max retries exceeded with url: //0?embed=1&mode=tme (Caused by ProxyError('Unable to connect to proxy', NewConnectionError('<urllib3.connection.HTTPSConnection object at 0xcd1db6e8>: Failed to establish a new connection: [Errno 111] Connection refused')))
HTTPSConnectionPool(host='t.me', port=443): Max retries exceeded with url: //0?embed=1&mode=tme (Caused by ProxyError('Unable to connect to proxy', NewConnectionError('<urllib3.connection.HTTPSConnection object at 0xcd1b3fd0>: Failed to establish a new connection: [Errno 111] Connection refused')))
HTTPSConnectionPool(host='t.me', port=443): Max retries exceeded with url: //0?embed=1&mode=tme (Caused by ProxyError('Unable to connect to proxy', ConnectTimeoutError(<urllib3.connection.HTTPSConnection object at 0xc83bc7d8>, 'Connection to 103.35.108.89 timed out. (connect timeout=15)')))
HTTPSConnectionPool(host='t.me', port=443): Max retries exceeded with url: //0?embed=1&mode=tme (Caused by ProxyError('Unable to connect to proxy', NewConnectionError('<urllib3.connection.HTTPSConnection object at 0xcc593808>: Failed to establish a new connection: [Errno 111] Connection refused')))
HTTPSConnectionPool(host='t.me', port=443): Max retries exceeded with url: //0?embed=1&mode=tme (Caused by ProxyError('Unable to connect to proxy', NewConnectionError('<urllib3.connection.HTTPSConnection object at 0xce96c118>: Failed to establish a new connection: [Errno 111] Connection refused')))
HTTPSConnectionPool(host='t.me', port=443): Max retries exceeded with url: //0?embed=1&mode=tme (Caused by ProxyError('Unable to connect to proxy', NewConnectionError('<urllib3.connection.HTTPSConnection object at 0xcae28c88>: Failed to establish a new connection: [Errno 113] No route to host')))
HTTPSConnectionPool(host='t.me', port=443): Max retries exceeded with url: //0?embed=1&mode=tme (Caused by ProxyError('Unable to connect to proxy', NewConnectionError('<urllib3.connection.HTTPSConnection object at 0xcbb43388>: Failed to establish a new connection: [Errno 111] Connection refused')))
HTTPSConnectionPool(host='t.me', port=443): Max retries exceeded with url: //0?embed=1&mode=tme (Caused by ProxyError('Unable to connect to proxy', ConnectTimeoutError(<urllib3.connection.HTTPSConnection object at 0xca252670>, 'Connection to 103.106.115.90 timed out. (connect timeout=15)')))
HTTPSConnectionPool(host='t.me', port=443): Read timed out. (read timeout=15)
HTTPSConnectionPool(host='t.me', port=443): Max retries exceeded with url: //0?embed=1&mode=tme (Caused by ProxyError('Unable to connect to proxy', NewConnectionError('<urllib3.connection.HTTPSConnection object at 0xd1afd100>: Failed to establish a new connection: [Errno 111] Connection refused')))
HTTPSConnectionPool(host='t.me', port=443): Max retries exceeded with url: //0?embed=1&mode=tme (Caused by ProxyError('Unable to connect to proxy', NewConnectionError('<urllib3.connection.HTTPSConnection object at 0xcbb43880>: Failed to establish a new connection: [Errno 111] Connection refused')))
HTTPSConnectionPool(host='t.me', port=443): Max retries exceeded with url: //0?embed=1&mode=tme (Caused by ProxyError('Unable to connect to proxy', ConnectTimeoutError(<urllib3.connection.HTTPSConnection object at 0xca252418>, 'Connection to 128.92.239.190 timed out. (connect timeout=15)')))
HTTPSConnectionPool(host='t.me', port=443): Max retries exceeded with url: //0?embed=1&mode=tme (Caused by ProxyError('Unable to connect to proxy', ConnectTimeoutError(<urllib3.connection.HTTPSConnection object at 0xc83daef8>, 'Connection to 103.153.62.161 timed out. (connect timeout=15)')))
HTTPSConnectionPool(host='t.me', port=443): Max retries exceeded with url: //0?embed=1&mode=tme (Caused by ProxyError('Unable to connect to proxy', ConnectTimeoutError(<urllib3.connection.HTTPSConnection object at 0xc83e8cd0>, 'Connection to 188.209.152.49 timed out. (connect timeout=15)')))
HTTPSConnectionPool(host='t.me', port=443): Max retries exceeded with url: //0?embed=1&mode=tme (Caused by ProxyError('Unable to connect to proxy', ConnectTimeoutError(<urllib3.connection.HTTPSConnection object at 0xc83f4f58>, 'Connection to 103.174.175.99 timed out. (connect timeout=15)')))
HTTPSConnectionPool(host='t.me', port=443): Max retries exceeded with url: //0?embed=1&mode=tme (Caused by ProxyError('Unable to connect to proxy', ConnectTimeoutError(<urllib3.connection.HTTPSConnection object at 0xc76743b8>, 'Connection to 38.156.73.50 timed out. (connect timeout=15)')))
HTTPSConnectionPool(host='t.me', port=443): Read timed out. (read timeout=15)
HTTPSConnectionPool(host='t.me', port=443): Read timed out. (read timeout=15)
HTTPSConnectionPool(host='t.me', port=443): Read timed out. (read timeout=15)
HTTPSConnectionPool(host='t.me', port=443): Read timed out. (read timeout=15)
HTTPSConnectionPool(host='t.me', port=443): Max retries exceeded with url: //0?embed=1&mode=tme (Caused by ProxyError('Unable to connect to proxy', NewConnectionError('<urllib3.connection.HTTPSConnection object at 0xd66e8550>: Failed to establish a new connection: [Errno 113] No route to host')))
HTTPSConnectionPool(host='t.me', port=443): Read timed out. (read timeout=15)
HTTPSConnectionPool(host='t.me', port=443): Max retries exceeded with url: //0?embed=1&mode=tme (Caused by ProxyError('Unable to connect to proxy', NewConnectionError('<urllib3.connection.HTTPSConnection object at 0xe17f3868>: Failed to establish a new connection: [Errno 111] Connection refused')))
HTTPSConnectionPool(host='t.me', port=443): Read timed out. (read timeout=15)
HTTPSConnectionPool(host='t.me', port=443): Read timed out. (read timeout=15)
HTTPSConnectionPool(host='t.me', port=443): Max retries exceeded with url: //0?embed=1&mode=tme (Caused by ProxyError('Unable to connect to proxy', ConnectTimeoutError(<urllib3.connection.HTTPSConnection object at 0xc90a93e8>, 'Connection to 103.162.141.154 timed out. (connect timeout=15)')))
HTTPSConnectionPool(host='t.me', port=443): Max retries exceeded with url: //0?embed=1&mode=tme (Caused by ProxyError('Unable to connect to proxy', OSError('Tunnel connection failed: 502 Proxy Error')))
HTTPSConnectionPool(host='t.me', port=443): Max retries exceeded with url: //0?embed=1&mode=tme (Caused by ProxyError('Unable to connect to proxy', ConnectTimeoutError(<urllib3.connection.HTTPSConnection object at 0xc71aa778>, 'Connection to 79.137.204.235 timed out. (connect timeout=15)')))
HTTPSConnectionPool(host='t.me', port=443): Max retries exceeded with url: //0?embed=1&mode=tme (Caused by ProxyError('Unable to connect to proxy', OSError('Tunnel connection failed: 504 Gateway Time-out')))
HTTPSConnectionPool(host='t.me', port=443): Max retries exceeded with url: //0?embed=1&mode=tme (Caused by ProxyError('Unable to connect to proxy', NewConnectionError('<urllib3.connection.HTTPSConnection object at 0xd66d8a78>: Failed to establish a new connection: [Errno 111] Connection refused')))
HTTPSConnectionPool(host='t.me', port=443): Read timed out. (read timeout=15)
HTTPSConnectionPool(host='t.me', port=443): Max retries exceeded with url: //0?embed=1&mode=tme (Caused by ProxyError('Unable to connect to proxy', NewConnectionError('<urllib3.connection.HTTPSConnection object at 0xd66bcd18>: Failed to establish a new connection: [Errno 111] Connection refused')))
HTTPSConnectionPool(host='t.me', port=443): Read timed out. (read timeout=15)
HTTPSConnectionPool(host='t.me', port=443): Max retries exceeded with url: //0?embed=1&mode=tme (Caused by ProxyError('Unable to connect to proxy', NewConnectionError('<urllib3.connection.HTTPSConnection object at 0xd5c82760>: Failed to establish a new connection: [Errno 111] Connection refused')))
HTTPSConnectionPool(host='t.me', port=443): Max retries exceeded with url: //0?embed=1&mode=tme (Caused by ProxyError('Unable to connect to proxy', NewConnectionError('<urllib3.connection.HTTPSConnection object at 0xc83f4b08>: Failed to establish a new connection: [Errno 111] Connection refused')))
HTTPSConnectionPool(host='t.me', port=443): Read timed out. (read timeout=15)
HTTPSConnectionPool(host='t.me', port=443): Max retries exceeded with url: //0?embed=1&mode=tme (Caused by ProxyError('Unable to connect to proxy', NewConnectionError('<urllib3.connection.HTTPSConnection object at 0xd5c8dec8>: Failed to establish a new connection: [Errno 111] Connection refused')))
HTTPSConnectionPool(host='t.me', port=443): Max retries exceeded with url: //0?embed=1&mode=tme (Caused by ProxyError('Unable to connect to proxy', NewConnectionError('<urllib3.connection.HTTPSConnection object at 0xc83cbd00>: Failed to establish a new connection: [Errno 113] No route to host')))
HTTPSConnectionPool(host='t.me', port=443): Max retries exceeded with url: //0?embed=1&mode=tme (Caused by ProxyError('Unable to connect to proxy', ConnectTimeoutError(<urllib3.connection.HTTPSConnection object at 0xcae34850>, 'Connection to 103.191.196.44 timed out. (connect timeout=15)')))
HTTPSConnectionPool(host='t.me', port=443): Max retries exceeded with url: //0?embed=1&mode=tme (Caused by ProxyError('Unable to connect to proxy', ConnectTimeoutError(<urllib3.connection.HTTPSConnection object at 0xc71653d0>, 'Connection to 122.185.183.194 timed out. (connect timeout=15)')))
HTTPSConnectionPool(host='t.me', port=443): Max retries exceeded with url: //0?embed=1&mode=tme (Caused by ProxyError('Unable to connect to proxy', NewConnectionError('<urllib3.connection.HTTPSConnection object at 0xca252310>: Failed to establish a new connection: [Errno 111] Connection refused')))
HTTPSConnectionPool(host='t.me', port=443): Max retries exceeded with url: //0?embed=1&mode=tme (Caused by ProxyError('Unable to connect to proxy', NewConnectionError('<urllib3.connection.HTTPSConnection object at 0xca243460>: Failed to establish a new connection: [Errno 113] No route to host')))
HTTPSConnectionPool(host='t.me', port=443): Read timed out. (read timeout=15)
HTTPSConnectionPool(host='t.me', port=443): Read timed out. (read timeout=15)
HTTPSConnectionPool(host='t.me', port=443): Max retries exceeded with url: //0?embed=1&mode=tme (Caused by ProxyError('Unable to connect to proxy', ConnectTimeoutError(<urllib3.connection.HTTPSConnection object at 0xc70d8748>, 'Connection to 113.250.189.4 timed out. (connect timeout=15)')))
HTTPSConnectionPool(host='t.me', port=443): Max retries exceeded with url: //0?embed=1&mode=tme (Caused by ProxyError('Unable to connect to proxy', ConnectTimeoutError(<urllib3.connection.HTTPSConnection object at 0xc706a3e8>, 'Connection to 181.115.93.74 timed out. (connect timeout=15)')))
HTTPSConnectionPool(host='t.me', port=443): Max retries exceeded with url: //0?embed=1&mode=tme (Caused by ProxyError('Unable to connect to proxy', NewConnectionError('<urllib3.connection.HTTPSConnection object at 0xd5c74f58>: Failed to establish a new connection: [Errno 111] Connection refused')))
HTTPSConnectionPool(host='t.me', port=443): Max retries exceeded with url: //0?embed=1&mode=tme (Caused by ProxyError('Unable to connect to proxy', NewConnectionError('<urllib3.connection.HTTPSConnection object at 0xd5c74a60>: Failed to establish a new connection: [Errno 111] Connection refused')))
HTTPSConnectionPool(host='t.me', port=443): Max retries exceeded with url: //0?embed=1&mode=tme (Caused by ProxyError('Unable to connect to proxy', NewConnectionError('<urllib3.connection.HTTPSConnection object at 0xd5c82688>: Failed to establish a new connection: [Errno 111] Connection refused')))
HTTPSConnectionPool(host='t.me', port=443): Max retries exceeded with url: //0?embed=1&mode=tme (Caused by ProxyError('Unable to connect to proxy', OSError('Tunnel connection failed: 403 Forbidden')))
HTTPSConnectionPool(host='t.me', port=443): Max retries exceeded with url: //0?embed=1&mode=tme (Caused by ProxyError('Unable to connect to proxy', ConnectTimeoutError(<urllib3.connection.HTTPSConnection object at 0xc7255b08>, 'Connection to 79.137.204.161 timed out. (connect timeout=15)')))
                                                                                                                                                                                                                                                                                                                                                                                                                                                                                                                                                                                                                                                                                                                                                                        HTTPSConnectionPool(host='t.me', port=443): Max retries exceeded with url: //0?embed=1&mode=tme (Caused by ProxyError('Unable to connect to proxy', ConnectTimeoutError(<urllib3.connection.HTTPSConnection object at 0xc7255aa8>, 'Connection to 107.148.98.238 timed out. (connect timeout=15)')))
HTTPSConnectionPool(host='t.me', port=443): Read timed out. (read timeout=15)
HTTPSConnectionPool(host='t.me', port=443): Max retries exceeded with url: //0?embed=1&mode=tme (Caused by ProxyError('Unable to connect to proxy', OSError('Tunnel connection failed: 500 Internal Server Error')))
HTTPSConnectionPool(host='t.me', port=443): Max retries exceeded with url: //0?embed=1&mode=tme (Caused by ProxyError('Unable to connect to proxy', NewConnectionError('<urllib3.connection.HTTPSConnection object at 0xc71493a0>: Failed to establish a new connection: [Errno 111] Connection refused')))
HTTPSConnectionPool(host='t.me', port=443): Max retries exceeded with url: //0?embed=1&mode=tme (Caused by ProxyError('Unable to connect to proxy', NewConnectionError('<urllib3.connection.HTTPSConnection object at 0xc725bfd0>: Failed to establish a new connection: [Errno 111] Connection refused')))
HTTPSConnectionPool(host='t.me', port=443): Max retries exceeded with url: //0?embed=1&mode=tme (Caused by ProxyError('Unable to connect to proxy', NewConnectionError('<urllib3.connection.HTTPSConnection object at 0xd5c82028>: Failed to establish a new connection: [Errno 111] Connection refused')))
HTTPSConnectionPool(host='t.me', port=443): Max retries exceeded with url: //0?embed=1&mode=tme (Caused by ProxyError('Unable to connect to proxy', ConnectTimeoutError(<urllib3.connection.HTTPSConnection object at 0xc6ec6e98>, 'Connection to 38.255.72.68 timed out. (connect timeout=15)')))
HTTPSConnectionPool(host='t.me', port=443): Max retries exceeded with url: //0?embed=1&mode=tme (Caused by ProxyError('Unable to connect to proxy', NewConnectionError('<urllib3.connection.HTTPSConnection object at 0xd7210958>: Failed to establish a new connection: [Errno 113] No route to host')))
HTTPSConnectionPool(host='t.me', port=443): Read timed out. (read timeout=15)
('Connection aborted.', RemoteDisconnected('Remote end closed connection without response'))
HTTPSConnectionPool(host='t.me', port=443): Max retries exceeded with url: //0?embed=1&mode=tme (Caused by ProxyError('Unable to connect to proxy', ConnectTimeoutError(<urllib3.connection.HTTPSConnection object at 0xc6c91e08>, 'Connection to 107.148.100.80 timed out. (connect timeout=15)')))
HTTPSConnectionPool(host='t.me', port=443): Max retries exceeded with url: //0?embed=1&mode=tme (Caused by ProxyError('Unable to connect to proxy', NewConnectionError('<urllib3.connection.HTTPSConnection object at 0xc7120e68>: Failed to establish a new connection: [Errno 111] Connection refused')))
HTTPSConnectionPool(host='t.me', port=443): Read timed out. (read timeout=15)
HTTPSConnectionPool(host='t.me', port=443): Max retries exceeded with url: //0?embed=1&mode=tme (Caused by ProxyError('Unable to connect to proxy', NewConnectionError('<urllib3.connection.HTTPSConnection object at 0xc83f4bf8>: Failed to establish a new connection: [Errno 111] Connection refused')))
HTTPSConnectionPool(host='t.me', port=443): Read timed out. (read timeout=15)
HTTPSConnectionPool(host='t.me', port=443): Read timed out. (read timeout=15)
HTTPSConnectionPool(host='t.me', port=443): Max retries exceeded with url: //0?embed=1&mode=tme (Caused by ProxyError('Unable to connect to proxy', ConnectTimeoutError(<urllib3.connection.HTTPSConnection object at 0xc69ac9d0>, 'Connection to 79.137.204.235 timed out. (connect timeout=15)')))
HTTPSConnectionPool(host='t.me', port=443): Max retries exceeded with url: //0?embed=1&mode=tme (Caused by ProxyError('Unable to connect to proxy', NewConnectionError('<urllib3.connection.HTTPSConnection object at 0xcd1b3e20>: Failed to establish a new connection: [Errno 113] No route to host')))
HTTPSConnectionPool(host='t.me', port=443): Max retries exceeded with url: //0?embed=1&mode=tme (Caused by ProxyError('Unable to connect to proxy', ConnectTimeoutError(<urllib3.connection.HTTPSConnection object at 0xc6840148>, 'Connection to 103.137.85.29 timed out. (connect timeout=15)')))
HTTPSConnectionPool(host='t.me', port=443): Max retries exceeded with url: //0?embed=1&mode=tme (Caused by ProxyError('Unable to connect to proxy', NewConnectionError('<urllib3.connection.HTTPSConnection object at 0xe17f3928>: Failed to establish a new connection: [Errno 113] No route to host')))
HTTPSConnectionPool(host='t.me', port=443): Max retries exceeded with url: //0?embed=1&mode=tme (Caused by ProxyError('Unable to connect to proxy', NewConnectionError('<urllib3.connection.HTTPSConnection object at 0xc6cd8df0>: Failed to establish a new connection: [Errno 111] Connection refused')))
HTTPSConnectionPool(host='t.me', port=443): Max retries exceeded with url: //0?embed=1&mode=tme (Caused by SSLError(SSLEOFError(8, 'EOF occurred in violation of protocol (_ssl.c:1129)')))
HTTPSConnectionPool(host='t.me', port=443): Max retries exceeded with url: //0?embed=1&mode=tme (Caused by ProxyError('Unable to connect to proxy', NewConnectionError('<urllib3.connection.HTTPSConnection object at 0xd96bf6d0>: Failed to establish a new connection: [Errno 111] Connection refused')))
HTTPSConnectionPool(host='t.me', port=443): Max retries exceeded with url: //0?embed=1&mode=tme (Caused by ProxyError('Unable to connect to proxy', OSError('Tunnel connection failed: 302 Found')))
HTTPSConnectionPool(host='t.me', port=443): Max retries exceeded with url: //0?embed=1&mode=tme (Caused by ProxyError('Unable to connect to proxy', NewConnectionError('<urllib3.connection.HTTPSConnection object at 0xda248c28>: Failed to establish a new connection: [Errno 111] Connection refused')))
HTTPSConnectionPool(host='t.me', port=443): Max retries exceeded with url: //0?embed=1&mode=tme (Caused by ProxyError('Unable to connect to proxy', NewConnectionError('<urllib3.connection.HTTPSConnection object at 0xd43c1298>: Failed to establish a new connection: [Errno 111] Connection refused')))
HTTPSConnectionPool(host='t.me', port=443): Max retries exceeded with url: //0?embed=1&mode=tme (Caused by ProxyError('Unable to connect to proxy', NewConnectionError('<urllib3.connection.HTTPSConnection object at 0xd7e58c70>: Failed to establish a new connection: [Errno 111] Connection refused')))
HTTPSConnectionPool(host='t.me', port=443): Max retries exceeded with url: //0?embed=1&mode=tme (Caused by ProxyError('Unable to connect to proxy', NewConnectionError('<urllib3.connection.HTTPSConnection object at 0xd4fe2298>: Failed to establish a new connection: [Errno 111] Connection refused')))
HTTPSConnectionPool(host='t.me', port=443): Max retries exceeded with url: //0?embed=1&mode=tme (Caused by ProxyError('Unable to connect to proxy', NewConnectionError('<urllib3.connection.HTTPSConnection object at 0xd96bfd30>: Failed to establish a new connection: [Errno 111] Connection refused')))
('Connection aborted.', ConnectionResetError(104, 'Connection reset by peer'))
HTTPSConnectionPool(host='t.me', port=443): Max retries exceeded with url: //0?embed=1&mode=tme (Caused by ProxyError('Unable to connect to proxy', NewConnectionError('<urllib3.connection.HTTPSConnection object at 0xdacd9fb8>: Failed to establish a new connection: [Errno 113] No route to host')))
HTTPSConnectionPool(host='t.me', port=443): Max retries exceeded with url: //0?embed=1&mode=tme (Caused by ProxyError('Unable to connect to proxy', NewConnectionError('<urllib3.connection.HTTPSConnection object at 0xd96d0dc0>: Failed to establish a new connection: [Errno 111] Connection refused')))
HTTPSConnectionPool(host='t.me', port=443): Max retries exceeded with url: //0?embed=1&mode=tme (Caused by ProxyError('Unable to connect to proxy', OSError('Tunnel connection failed: 404 Not Found')))
HTTPSConnectionPool(host='t.me', port=443): Read timed out. (read timeout=15)
HTTPSConnectionPool(host='t.me', port=443): Max retries exceeded with url: //0?embed=1&mode=tme (Caused by ProxyError('Unable to connect to proxy', NewConnectionError('<urllib3.connection.HTTPSConnection object at 0xc6efcfe8>: Failed to establish a new connection: [Errno 111] Connection refused')))
HTTPSConnectionPool(host='t.me', port=443): Max retries exceeded with url: //0?embed=1&mode=tme (Caused by ProxyError('Unable to connect to proxy', ConnectTimeoutError(<urllib3.connection.HTTPSConnection object at 0xc617a1c0>, 'Connection to 107.148.99.98 timed out. (connect timeout=15)')))
HTTPSConnectionPool(host='t.me', port=443): Max retries exceeded with url: //0?embed=1&mode=tme (Caused by ProxyError('Unable to connect to proxy', NewConnectionError('<urllib3.connection.HTTPSConnection object at 0xd96e9e80>: Failed to establish a new connection: [Errno 111] Connection refused')))
HTTPSConnectionPool(host='t.me', port=443): Max retries exceeded with url: //0?embed=1&mode=tme (Caused by ProxyError('Unable to connect to proxy', ConnectTimeoutError(<urllib3.connection.HTTPSConnection object at 0xe987eb80>, 'Connection to 176.235.139.19 timed out. (connect timeout=15)')))
HTTPSConnectionPool(host='t.me', port=443): Max retries exceeded with url: //0?embed=1&mode=tme (Caused by ProxyError('Unable to connect to proxy', ConnectTimeoutError(<urllib3.connection.HTTPSConnection object at 0xea5189b8>, 'Connection to 80.78.64.70 timed out. (connect timeout=15)')))
HTTPSConnectionPool(host='t.me', port=443): Max retries exceeded with url: //0?embed=1&mode=tme (Caused by ProxyError('Unable to connect to proxy', ConnectTimeoutError(<urllib3.connection.HTTPSConnection object at 0xea553dd8>, 'Connection to 190.152.5.17 timed out. (connect timeout=15)')))
HTTPSConnectionPool(host='t.me', port=443): Max retries exceeded with url: //0?embed=1&mode=tme (Caused by ProxyError('Unable to connect to proxy', NewConnectionError('<urllib3.connection.HTTPSConnection object at 0xe1801d48>: Failed to establish a new connection: [Errno 111] Connection refused')))
HTTPSConnectionPool(host='t.me', port=443): Max retries exceeded with url: //0?embed=1&mode=tme (Caused by ProxyError('Unable to connect to proxy', ConnectTimeoutError(<urllib3.connection.HTTPSConnection object at 0xe7d6b280>, 'Connection to 177.53.221.89 timed out. (connect timeout=15)')))
HTTPSConnectionPool(host='t.me', port=443): Max retries exceeded with url: //0?embed=1&mode=tme (Caused by ProxyError('Unable to connect to proxy', ConnectTimeoutError(<urllib3.connection.HTTPSConnection object at 0xe714b400>, 'Connection to 216.107.139.56 timed out. (connect timeout=15)')))
HTTPSConnectionPool(host='t.me', port=443): Max retries exceeded with url: //0?embed=1&mode=tme (Caused by ProxyError('Unable to connect to proxy', NewConnectionError('<urllib3.connection.HTTPSConnection object at 0xdace9190>: Failed to establish a new connection: [Errno 111] Connection refused')))
HTTPSConnectionPool(host='t.me', port=443): Max retries exceeded with url: //0?embed=1&mode=tme (Caused by ProxyError('Unable to connect to proxy', ConnectTimeoutError(<urllib3.connection.HTTPSConnection object at 0xc6380640>, 'Connection to 41.76.220.89 timed out. (connect timeout=15)')))
HTTPSConnectionPool(host='t.me', port=443): Max retries exceeded with url: //0?embed=1&mode=tme (Caused by ProxyError('Unable to connect to proxy', NewConnectionError('<urllib3.connection.HTTPSConnection object at 0xe17e7880>: Failed to establish a new connection: [Errno 111] Connection refused')))
HTTPSConnectionPool(host='t.me', port=443): Max retries exceeded with url: //0?embed=1&mode=tme (Caused by ProxyError('Unable to connect to proxy', ConnectTimeoutError(<urllib3.connection.HTTPSConnection object at 0xe6883280>, 'Connection to 178.251.111.28 timed out. (connect timeout=15)')))
HTTPSConnectionPool(host='t.me', port=443): Max retries exceeded with url: //0?embed=1&mode=tme (Caused by ProxyError('Unable to connect to proxy', ConnectTimeoutError(<urllib3.connection.HTTPSConnection object at 0xc6128dd8>, 'Connection to 190.110.34.243 timed out. (connect timeout=15)')))
HTTPSConnectionPool(host='t.me', port=443): Max retries exceeded with url: //0?embed=1&mode=tme (Caused by ProxyError('Unable to connect to proxy', NewConnectionError('<urllib3.connection.HTTPSConnection object at 0xdace94d8>: Failed to establish a new connection: [Errno 111] Connection refused')))
HTTPSConnectionPool(host='t.me', port=443): Max retries exceeded with url: //0?embed=1&mode=tme (Caused by ProxyError('Unable to connect to proxy', OSError('Tunnel connection failed: 400 Bad Request')))
HTTPSConnectionPool(host='t.me', port=443): Max retries exceeded with url: //0?embed=1&mode=tme (Caused by ProxyError('Unable to connect to proxy', ConnectTimeoutError(<urllib3.connection.HTTPSConnection object at 0xe68830e8>, 'Connection to 203.112.223.126 timed out. (connect timeout=15)')))
('Connection aborted.', RemoteDisconnected('Remote end closed connection without response'))
HTTPSConnectionPool(host='t.me', port=443): Max retries exceeded with url: //0?embed=1&mode=tme (Caused by ProxyError('Unable to connect to proxy', NewConnectionError('<urllib3.connection.HTTPSConnection object at 0xc706a6d0>: Failed to establish a new connection: [Errno 113] No route to host')))
HTTPSConnectionPool(host='t.me', port=443): Max retries exceeded with url: //0?embed=1&mode=tme (Caused by ProxyError('Unable to connect to proxy', ConnectTimeoutError(<urllib3.connection.HTTPSConnection object at 0xc6128f40>, 'Connection to 43.251.213.62 timed out. (connect timeout=15)')))
HTTPSConnectionPool(host='t.me', port=443): Max retries exceeded with url: //0?embed=1&mode=tme (Caused by ProxyError('Unable to connect to proxy', ConnectTimeoutError(<urllib3.connection.HTTPSConnection object at 0xc6132df0>, 'Connection to 207.127.90.108 timed out. (connect timeout=15)')))
HTTPSConnectionPool(host='t.me', port=443): Max retries exceeded with url: //0?embed=1&mode=tme (Caused by ProxyError('Unable to connect to proxy', OSError('Tunnel connection failed: 400 Bad Request')))
('Connection aborted.', RemoteDisconnected('Remote end closed connection without response'))
HTTPSConnectionPool(host='t.me', port=443): Max retries exceeded with url: //0?embed=1&mode=tme (Caused by ProxyError('Unable to connect to proxy', OSError('Tunnel connection failed: 400 Bad Request')))
HTTPSConnectionPool(host='t.me', port=443): Max retries exceeded with url: //0?embed=1&mode=tme (Caused by ProxyError('Unable to connect to proxy', ConnectTimeoutError(<urllib3.connection.HTTPSConnection object at 0xe68bb5f8>, 'Connection to 107.148.100.94 timed out. (connect timeout=15)')))
HTTPSConnectionPool(host='t.me', port=443): Max retries exceeded with url: //0?embed=1&mode=tme (Caused by ProxyError('Unable to connect to proxy', ConnectTimeoutError(<urllib3.connection.HTTPSConnection object at 0xe68bba00>, 'Connection to 222.127.135.164 timed out. (connect timeout=15)')))
HTTPSConnectionPool(host='t.me', port=443): Max retries exceeded with url: //0?embed=1&mode=tme (Caused by ProxyError('Unable to connect to proxy', NewConnectionError('<urllib3.connection.HTTPSConnection object at 0xdace97a8>: Failed to establish a new connection: [Errno 111] Connection refused')))
HTTPSConnectionPool(host='t.me', port=443): Max retries exceeded with url: //0?embed=1&mode=tme (Caused by ProxyError('Unable to connect to proxy', NewConnectionError('<urllib3.connection.HTTPSConnection object at 0xdb867ad8>: Failed to establish a new connection: [Errno 111] Connection refused')))
('Connection aborted.', ConnectionResetError(104, 'Connection reset by peer'))
 connection: [Errno 111] Connection refused')))
HTTPSConnectionPool(host='t.me', port=443): Max retries exceeded with url: //0?embed=1&mode=tme (Caused by ProxyError('Unable to connect to proxy', OSError('Tunnel connection failed: 404 Not Found')))
HTTPSConnectionPool(host='t.me', port=443): HTTPSConnectionPool(host='t.me', port=443): Max retries exceeded with url: //0?embed=1&mode=tme (Caused by ProxyError('Unable to connect to proxy', NewConnectionError('<urllib3.connection.HTTPSConnection object at 0xe45c25f8>: Failed to establish a new connection: [Errno 111] Connection refused')))
HTTPSConnectionPool(host='t.me', port=443): Max retries exceeded with url: //0?embed=1&mode=tme (Caused by ProxyError('Unable to connect to proxy', ConnectTimeoutError(<urllib3.connection.HTTPSConnection object at 0xc60651f0>, 'Connection to 117.69.237.224 timed out. (connect timeout=15)')))
HTTPSConnectionPool(host='t.me', port=443): Max retries exceeded with url: //0?embed=1&mode=tme (Caused by ProxyError('Unable to connect to proxy', NewConnectionError('<urllib3.connection.HTTPSConnection object at 0xe45c2700>: Failed to establish a new connection: [Errno 111] Connection refused')))
HTTPSConnectionPool(host='t.me', port=443): Max retries exceeded with url: //0?embed=1&mode=tme (Caused by ProxyError('Unable to connect to proxy', NewConnectionError('<urllib3.connection.HTTPSConnection object at 0xc909cac0>: Failed to establish a new connection: [Errno 111] Connection refused')))
HTTPSConnectionPool(host='t.me', port=443): Max retries exceeded with url: //0?embed=1&mode=tme (Caused by ProxyError('Unable to connect to proxy', NewConnectionError('<urllib3.connection.HTTPSConnection object at 0xc909cf28>: Failed to establish a new connection: [Errno 111] Connection refused')))
HTTPSConnectionPool(host='t.me', port=443): Max retries exceeded with url: //0?embed=1&mode=tme (Caused by ProxyError('Unable to connect to proxy', NewConnectionError('<urllib3.connection.HTTPSConnection object at 0xcae13730>: Failed to establish a new connection: [Errno 111] Connection refused')))
HTTPSConnectionPool(host='t.me', port=443): Max retries exceeded with url: //0?embed=1&mode=tme (Caused by ProxyError('Unable to connect to proxy', NewConnectionError('<urllib3.connection.HTTPSConnection object at 0xdd21a670>: Failed to establish a new connection: [Errno 111] Connection refused')))
HTTPSConnectionPool(host='t.me', port=443): Max retries exceeded with url: //0?embed=1&mode=tme (Caused by ProxyError('Unable to connect to proxy', NewConnectionError('<urllib3.connection.HTTPSConnection object at 0xe0b90a60>: Failed to establish a new connection: [Errno 111] Connection refused')))
HTTPSConnectionPool(host='t.me', port=443): Read timed out. (read timeout=15)
HTTPSConnectionPool(host='t.me', port=443): Max retries exceeded with url: //0?embed=1&mode=tme (Caused by ProxyError('Unable to connect to proxy', ConnectTimeoutError(<urllib3.connection.HTTPSConnection object at 0xc5fcce98>, 'Connection to 190.90.7.195 timed out. (connect timeout=15)')))
HTTPSConnectionPool(host='t.me', port=443): Max retries exceeded with url: //0?embed=1&mode=tme (Caused by ProxyError('Unable to connect to proxy', OSError('Tunnel connection failed: 400 Bad Request')))
HTTPSConnectionPool(host='t.me', port=443): Read timed out. (read timeout=15)
HTTPSConnectionPool(host='t.me', port=443): Max retries exceeded with url: //0?embed=1&mode=tme (Caused by ProxyError('Unable to connect to proxy', ConnectTimeoutError(<urllib3.connection.HTTPSConnection object at 0xdacb1cd0>, 'Connection to 94.206.19.246 timed out. (connect timeout=15)')))
HTTPSConnectionPool(host='t.me', port=443): Max retries exceeded with url: //0?embed=1&mode=tme (Caused by ProxyError('Unable to connect to proxy', ConnectTimeoutError(<urllib3.connection.HTTPSConnection object at 0xc5fd40e8>, 'Connection to 139.99.35.207 timed out. (connect timeout=15)')))
HTTPSConnectionPool(host='t.me', port=443): Max retries exceeded with url: //0?embed=1&mode=tme (Caused by ProxyError('Unable to connect to proxy', NewConnectionError('<urllib3.connection.HTTPSConnection object at 0xe0bc80a0>: Failed to establish a new connection: [Errno 111] Connection refused')))
('Connection aborted.', RemoteDisconnected('Remote end closed connection without response'))
HTTPSConnectionPool(host='t.me', port=443): Read timed out. (read timeout=15)
HTTPSConnectionPool(host='t.me', port=443): Read timed out. (read timeout=15)
HTTPSConnectionPool(host='t.me', port=443): Max retries exceeded with url: //0?embed=1&mode=tme (Caused by SSLError(SSLEOFError(8, 'EOF occurred in violation of protocol (_ssl.c:1129)')))
HTTPSConnectionPool(host='t.me', port=443): Read timed out. (read timeout=15)
HTTPSConnectionPool(host='t.me', port=443): Max retries exceeded with url: //0?embed=1&mode=tme (Caused by ProxyError('Unable to connect to proxy', NewConnectionError('<urllib3.connection.HTTPSConnection object at 0xc5fc34f0>: Failed to establish a new connection: [Errno 111] Connection refused')))
HTTPSConnectionPool(host='t.me', port=443): Max retries exceeded with url: //0?embed=1&mode=tme (Caused by ProxyError('Unable to connect to proxy', ConnectTimeoutError(<urllib3.connection.HTTPSConnection object at 0xc5fd4b38>, 'Connection to 125.65.40.199 timed out. (connect timeout=15)')))
HTTPSConnectionPool(host='t.me', port=443): Read timed out. (read timeout=15)
HTTPSConnectionPool(host='t.me', port=443): Max retries exceeded with url: //0?embed=1&mode=tme (Caused by ProxyError('Unable to connect to proxy', NewConnectionError('<urllib3.connection.HTTPSConnection object at 0xc7103d90>: Failed to establish a new connection: [Errno 111] Connection refused')))
HTTPSConnectionPool(host='t.me', port=443): Max retries exceeded with url: //0?embed=1&mode=tme (Caused by ProxyError('Unable to connect to proxy', NewConnectionError('<urllib3.connection.HTTPSConnection object at 0xc6104e50>: Failed to establish a new connection: [Errno 113] No route to host')))
HTTPSConnectionPool(host='t.me', port=443): Max retries exceeded with url: //0?embed=1&mode=tme (Caused by ProxyError('Unable to connect to proxy', ConnectTimeoutError(<urllib3.connection.HTTPSConnection object at 0xc605bcb8>, 'Connection to 103.1.93.55 timed out. (connect timeout=15)')))
HTTPSConnectionPool(host='t.me', port=443): Max retries exceeded with url: //0?embed=1&mode=tme (Caused by ProxyError('Unable to connect to proxy', ConnectTimeoutError(<urllib3.connection.HTTPSConnection object at 0xe45b5970>, 'Connection to 107.148.98.205 timed out. (connect timeout=15)')))
HTTPSConnectionPool(host='t.me', port=443): Max retries exceeded with url: //0?embed=1&mode=tme (Caused by ProxyError('Unable to connect to proxy', ConnectTimeoutError(<urllib3.connection.HTTPSConnection object at 0xe5c5ba90>, 'Connection to 183.240.208.63 timed out. (connect timeout=15)')))
HTTPSConnectionPool(host='t.me', port=443): Max retries exceeded with url: //0?embed=1&mode=tme (Caused by ProxyError('Unable to connect to proxy', ConnectTimeoutError(<urllib3.connection.HTTPSConnection object at 0xe45b5910>, 'Connection to 36.6.144.152 timed out. (connect timeout=15)')))
HTTPSConnectionPool(host='t.me', port=443): Read timed out. (read timeout=15)
HTTPSConnectionPool(host='t.me', port=443): Max retries exceeded with url: //0?embed=1&mode=tme (Caused by ProxyError('Unable to connect to proxy', OSError('Tunnel connection failed: 400 Bad Request')))
HTTPSConnectionPool(host='t.me', port=443): Max retries exceeded with url: //0?embed=1&mode=tme (Caused by ProxyError('Unable to connect to proxy', ConnectTimeoutError(<urllib3.connection.HTTPSConnection object at 0xe714bd90>, 'Connection to 212.110.188.220 timed out. (connect timeout=15)')))
HTTPSConnectionPool(host='t.me', port=443): Read timed out. (read timeout=15)
HTTPSConnectionPool(host='t.me', port=443): Max retries exceeded with url: //0?embed=1&mode=tme (Caused by ProxyError('Unable to connect to proxy', NewConnectionError('<urllib3.connection.HTTPSConnection object at 0xdb867400>: Failed to establish a new connection: [Errno 111] Connection refused')))
HTTPSConnectionPool(host='t.me', port=443): Max retries exceeded with url: //0?embed=1&mode=tme (Caused by ProxyError('Unable to connect to proxy', OSError('Tunnel connection failed: 400 Bad Request')))
HTTPSConnectionPool(host='t.me', port=443): Max retries exceeded with url: //0?embed=1&mode=tme (Caused by ProxyError('Unable to connect to proxy', ConnectTimeoutError(<urllib3.connection.HTTPSConnection object at 0xe5016610>, 'Connection to 103.112.45.46 timed out. (connect timeout=15)')))
HTTPSConnectionPool(host='t.me', port=443): Read timed out. (read timeout=15)
HTTPSConnectionPool(host='t.me', port=443): Max retries exceeded with url: //0?embed=1&mode=tme (Caused by ProxyError('Unable to connect to proxy', ConnectTimeoutError(<urllib3.connection.HTTPSConnection object at 0xc602efb8>, 'Connection to 41.65.55.28 timed out. (connect timeout=15)')))
HTTPSConnectionPool(host='t.me', port=443): Max retries exceeded with url: //0?embed=1&mode=tme (Caused by ProxyError('Unable to connect to proxy', ConnectTimeoutError(<urllib3.connection.HTTPSConnection object at 0xe45c2df0>, 'Connection to 38.51.243.189 timed out. (connect timeout=15)')))
HTTPSConnectionPool(host='t.me', port=443): Max retries exceeded with url: //0?embed=1&mode=tme (Caused by ProxyError('Unable to connect to proxy', OSError('Tunnel connection failed: 400 Bad Request')))
HTTPSConnectionPool(host='t.me', port=443): Max retries exceeded with url: //0?embed=1&mode=tme (Caused by ProxyError('Unable to connect to proxy', OSError('Tunnel connection failed: 400 Bad Request')))
HTTPSConnectionPool(host='t.me', port=443): Max retries exceeded with url: //0?embed=1&mode=tme (Caused by ProxyError('Unable to connect to proxy', NewConnectionError('<urllib3.connection.HTTPSConnection object at 0xde87cda8>: Failed to establish a new connection: [Errno 111] Connection refused')))
HTTPSConnectionPool(host='t.me', port=443): Max retries exceeded with url: //0?embed=1&mode=tme (Caused by ProxyError('Unable to connect to proxy', NewConnectionError('<urllib3.connection.HTTPSConnection object at 0xc583f3a0>: Failed to establish a new connection: [Errno 111] Connection refused')))
HTTPSConnectionPool(host='t.me', port=443): Max retries exceeded with url: //0?embed=1&mode=tme (Caused by ProxyError('Unable to connect to proxy', NewConnectionError('<urllib3.connection.HTTPSConnection object at 0xc57d8430>: Failed to establish a new connection: [Errno 111] Connection refused')))
HTTPSConnectionPool(host='t.me', port=443): Max retries exceeded with url: //0?embed=1&mode=tme (Caused by ProxyError('Unable to connect to proxy', ConnectTimeoutError(<urllib3.connection.HTTPSConnection object at 0xe45e9c88>, 'Connection to 103.130.106.153 timed out. (connect timeout=15)')))
('Connection aborted.', RemoteDisconnected('Remote end closed connection without response'))
HTTPSConnectionPool(host='t.me', port=443): Read timed out. (read timeout=15)
HTTPSConnectionPool(host='t.me', port=443): Max retries exceeded with url: //0?embed=1&mode=tme (Caused by ProxyError('Unable to connect to proxy', OSError('Tunnel connection failed: 400 Bad Request')))
HTTPSConnectionPool(host='t.me', port=443): Read timed out. (read timeout=15)
HTTPSConnectionPool(host='t.me', port=443): Max retries exceeded with url: //0?embed=1&mode=tme (Caused by ProxyError('Unable to connect to proxy', NewConnectionError('<urllib3.connection.HTTPSConnection object at 0xc5748940>: Failed to establish a new connection: [Errno 111] Connection refused')))
HTTPSConnectionPool(host='t.me', port=443): Max retries exceeded with url: //0?embed=1&mode=tme (Caused by ProxyError('Unable to connect to proxy', ConnectTimeoutError(<urllib3.connection.HTTPSConnection object at 0xe45e99a0>, 'Connection to 103.184.19.122 timed out. (connect timeout=15)')))
HTTPSConnectionPool(host='t.me', port=443): Read timed out. (read timeout=15)
HTTPSConnectionPool(host='t.me', port=443): Max retries exceeded with url: //0?embed=1&mode=tme (Caused by ProxyError('Unable to connect to proxy', ConnectTimeoutError(<urllib3.connection.HTTPSConnection object at 0xddc3aa60>, 'Connection to 203.142.71.53 timed out. (connect timeout=15)')))
HTTPSConnectionPool(host='t.me', port=443): Read timed out. (read timeout=15)
HTTPSConnectionPool(host='t.me', port=443): Max retries exceeded with url: //0?embed=1&mode=tme (Caused by ProxyError('Unable to connect to proxy', ConnectTimeoutError(<urllib3.connection.HTTPSConnection object at 0xe2dbd520>, 'Connection to 119.47.90.45 timed out. (connect timeout=15)')))
HTTPSConnectionPool(host='t.me', port=443): Max retries exceeded with url: //0?embed=1&mode=tme (Caused by ProxyError('Unable to connect to proxy', NewConnectionError('<urllib3.connection.HTTPSConnection object at 0xc575b7c0>: Failed to establish a new connection: [Errno 111] Connection refused')))
HTTPSConnectionPool(host='t.me', port=443): Max retries exceeded with url: //0?embed=1&mode=tme (Caused by ProxyError('Unable to connect to proxy', NewConnectionError('<urllib3.connection.HTTPSConnection object at 0xc575b688>: Failed to establish a new connection: [Errno 111] Connection refused')))
HTTPSConnectionPool(host='t.me', port=443): Max retries exceeded with url: //0?embed=1&mode=tme (Caused by ProxyError('Unable to connect to proxy', NewConnectionError('<urllib3.connection.HTTPSConnection object at 0xc5712700>: Failed to establish a new connection: [Errno 111] Connection refused')))
HTTPSConnectionPool(host='t.me', port=443): Max retries exceeded with url: //0?embed=1&mode=tme (Caused by ProxyError('Unable to connect to proxy', ConnectTimeoutError(<urllib3.connection.HTTPSConnection object at 0xea5ffeb0>, 'Connection to 186.96.102.214 timed out. (connect timeout=15)')))
HTTPSConnectionPool(host='t.me', port=443): Max retries exceeded with url: //0?embed=1&mode=tme (Caused by ProxyError('Unable to connect to proxy', ConnectTimeoutError(<urllib3.connection.HTTPSConnection object at 0xea570a48>, 'Connection to 190.43.118.144 timed out. (connect timeout=15)')))
HTTPSConnectionPool(host='t.me', port=443): Max retries exceeded with url: //0?embed=1&mode=tme (Caused by ProxyError('Unable to connect to proxy', ConnectTimeoutError(<urllib3.connection.HTTPSConnection object at 0xe5016598>, 'Connection to 189.240.60.166 timed out. (connect timeout=15)')))
HTTPSConnectionPool(host='t.me', port=443): Read timed out. (read timeout=15)
HTTPSConnectionPool(host='t.me', port=443): Max retries exceeded with url: //0?embed=1&mode=tme (Caused by ProxyError('Unable to connect to proxy', ConnectTimeoutError(<urllib3.connection.HTTPSConnection object at 0xe2173cb8>, 'Connection to 171.97.36.136 timed out. (connect timeout=15)')))
HTTPSConnectionPool(host='t.me', port=443): Max retries exceeded with url: //0?embed=1&mode=tme (Caused by ProxyError('Unable to connect to proxy', ConnectTimeoutError(<urllib3.connection.HTTPSConnection object at 0xd38735c8>, 'Connection to 175.100.91.151 timed out. (connect timeout=15)')))
HTTPSConnectionPool(host='t.me', port=443): Max retries exceeded with url: //0?embed=1&mode=tme (Caused by ProxyError('Unable to connect to proxy', ConnectTimeoutError(<urllib3.connection.HTTPSConnection object at 0xd3873430>, 'Connection to 103.159.196.81 timed out. (connect timeout=15)')))
HTTPSConnectionPool(host='t.me', port=443): Max retries exceeded with url: //0?embed=1&mode=tme (Caused by ProxyError('Unable to connect to proxy', ConnectTimeoutError(<urllib3.connection.HTTPSConnection object at 0xe2173610>, 'Connection to 23.152.40.14 timed out. (connect timeout=15)')))
HTTPSConnectionPool(host='t.me', port=443): Read timed out. (read timeout=15)
HTTPSConnectionPool(host='t.me', port=443): Max retries exceeded with url: //0?embed=1&mode=tme (Caused by ProxyError('Unable to connect to proxy', OSError('Tunnel connection failed: 405 Method Not Allowed')))
HTTPSConnectionPool(host='t.me', port=443): Max retries exceeded with url: //0?embed=1&mode=tme (Caused by ProxyError('Unable to connect to proxy', ConnectTimeoutError(<urllib3.connection.HTTPSConnection object at 0xca271e80>, 'Connection to 117.54.114.102 timed out. (connect timeout=15)')))
('Connection aborted.', RemoteDisconnected('Remote end closed connection without response'))
HTTPSConnectionPool(host='t.me', port=443): Read timed out. (read timeout=15)
HTTPSConnectionPool(host='t.me', port=443): Max retries exceeded with url: //0?embed=1&mode=tme (Caused by ProxyError('Unable to connect to proxy', ConnectTimeoutError(<urllib3.connection.HTTPSConnection object at 0xe17e7d30>, 'Connection to 182.253.112.186 timed out. (connect timeout=15)')))
HTTPSConnectionPool(host='t.me', port=443): Max retries exceeded with url: //0?embed=1&mode=tme (Caused by ProxyError('Unable to connect to proxy', OSError('Tunnel connection failed: 400 Bad Request')))
('Connection aborted.', RemoteDisconnected('Remote end closed connection without response'))
HTTPSConnectionPool(host='t.me', port=443): Read timed out. (read timeout=15)
HTTPSConnectionPool(host='t.me', port=443): Max retries exceeded with url: //0?embed=1&mode=tme (Caused by ProxyError('Unable to connect to proxy', NewConnectionError('<urllib3.connection.HTTPSConnection object at 0xc5615880>: Failed to establish a new connection: [Errno 111] Connection refused')))
HTTPSConnectionPool(host='t.me', port=443): Max retries exceeded with url: //0?embed=1&mode=tme (Caused by ProxyError('Unable to connect to proxy', ConnectTimeoutError(<urllib3.connection.HTTPSConnection object at 0xe17e7400>, 'Connection to 179.12.51.141 timed out. (connect timeout=15)')))
HTTPSConnectionPool(host='t.me', port=443): Max retries exceeded with url: //0?embed=1&mode=tme (Caused by ProxyError('Unable to connect to proxy', ConnectTimeoutError(<urllib3.connection.HTTPSConnection object at 0xe2173940>, 'Connection to 103.74.229.133 timed out. (connect timeout=15)')))
('Connection aborted.', RemoteDisconnected('Remote end closed connection without response'))
HTTPSConnectionPool(host='t.me', port=443): Max retries exceeded with url: //0?embed=1&mode=tme (Caused by ProxyError('Unable to connect to proxy', OSError('Tunnel connection failed: 400 Bad Request')))
HTTPSConnectionPool(host='t.me', port=443): Max retries exceeded with url: //0?embed=1&mode=tme (Caused by ProxyError('Unable to connect to proxy', ConnectTimeoutError(<urllib3.connection.HTTPSConnection object at 0xe2185a60>, 'Connection to 103.56.205.84 timed out. (connect timeout=15)')))
HTTPSConnectionPool(host='t.me', port=443): Max retries exceeded with url: //0?embed=1&mode=tme (Caused by ProxyError('Unable to connect to proxy', NewConnectionError('<urllib3.connection.HTTPSConnection object at 0xc57b6340>: Failed to establish a new connection: [Errno 111] Connection refused')))
HTTPSConnectionPool(host='t.me', port=443): Max retries exceeded with url: //0?embed=1&mode=tme (Caused by ProxyError('Unable to connect to proxy', NewConnectionError('<urllib3.connection.HTTPSConnection object at 0xc5615640>: Failed to establish a new connection: [Errno 111] Connection refused')))
HTTPSConnectionPool(host='t.me', port=443): Read timed out. (read timeout=15)
HTTPSConnectionPool(host='t.me', port=443): Max retries exceeded with url: //0?embed=1&mode=tme (Caused by ProxyError('Unable to connect to proxy', ConnectTimeoutError(<urllib3.connection.HTTPSConnection object at 0xe50248c8>, 'Connection to 103.152.232.162 timed out. (connect timeout=15)')))
HTTPSConnectionPool(host='t.me', port=443): Max retries exceeded with url: //0?embed=1&mode=tme (Caused by ProxyError('Unable to connect to proxy', NewConnectionError('<urllib3.connection.HTTPSConnection object at 0xc5631178>: Failed to establish a new connection: [Errno 111] Connection refused')))
HTTPSConnectionPool(host='t.me', port=443): Max retries exceeded with url: //0?embed=1&mode=tme (Caused by ProxyError('Unable to connect to proxy', ConnectTimeoutError(<urllib3.connection.HTTPSConnection object at 0xe390f0e8>, 'Connection to 113.118.159.168 timed out. (connect timeout=15)')))
HTTPSConnectionPool(host='t.me', port=443): Max retries exceeded with url: //0?embed=1&mode=tme (Caused by ProxyError('Unable to connect to proxy', ConnectTimeoutError(<urllib3.connection.HTTPSConnection object at 0xc5fdd5f8>, 'Connection to 103.153.187.198 timed out. (connect timeout=15)')))
HTTPSConnectionPool(host='t.me', port=443): Read timed out. (read timeout=15)
('Connection aborted.', RemoteDisconnected('Remote end closed connection without response'))
HTTPSConnectionPool(host='t.me', port=443): Max retries exceeded with url: //0?embed=1&mode=tme (Caused by ProxyError('Unable to connect to proxy', ConnectTimeoutError(<urllib3.connection.HTTPSConnection object at 0xe0b90a78>, 'Connection to 189.240.60.169 timed out. (connect timeout=15)')))
HTTPSConnectionPool(host='t.me', port=443): Max retries exceeded with url: //0?embed=1&mode=tme (Caused by ProxyError('Unable to connect to proxy', ConnectTimeoutError(<urllib3.connection.HTTPSConnection object at 0xe0b90940>, 'Connection to 62.201.217.194 timed out. (connect timeout=15)')))
HTTPSConnectionPool(host='t.me', port=443): Max retries exceeded with url: //0?embed=1&mode=tme (Caused by ProxyError('Unable to connect to proxy', ConnectTimeoutError(<urllib3.connection.HTTPSConnection object at 0xd27f90b8>, 'Connection to 103.165.155.238 timed out. (connect timeout=15)')))
HTTPSConnectionPool(host='t.me', port=443): Max retries exceeded with url: //0?embed=1&mode=tme (Caused by ProxyError('Unable to connect to proxy', ConnectTimeoutError(<urllib3.connection.HTTPSConnection object at 0xc5fddf28>, 'Connection to 82.223.102.92 timed out. (connect timeout=15)')))
HTTPSConnectionPool(host='t.me', port=443): Max retries exceeded with url: //0?embed=1&mode=tme (Caused by ProxyError('Unable to connect to proxy', ConnectTimeoutError(<urllib3.connection.HTTPSConnection object at 0xe18127f0>, 'Connection to 139.99.35.195 timed out. (connect timeout=15)')))
HTTPSConnectionPool(host='t.me', port=443): Max retries exceeded with url: //0?embed=1&mode=tme (Caused by ProxyError('Unable to connect to proxy', ConnectTimeoutError(<urllib3.connection.HTTPSConnection object at 0xe1812790>, 'Connection to 80.78.237.2 timed out. (connect timeout=15)')))
HTTPSConnectionPool(host='t.me', port=443): Read timed out. (read timeout=15)
HTTPSConnectionPool(host='t.me', port=443): Max retries exceeded with url: //0?embed=1&mode=tme (Caused by ProxyError('Unable to connect to proxy', ConnectTimeoutError(<urllib3.connection.HTTPSConnection object at 0xe2dae0d0>, 'Connection to 5.42.74.179 timed out. (connect timeout=15)')))
HTTPSConnectionPool(host='t.me', port=443): Read timed out. (read timeout=15)
HTTPSConnectionPool(host='t.me', port=443): Read timed out. (read timeout=15)
HTTPSConnectionPool(host='t.me', port=443): Read timed out. (read timeout=15)
HTTPSConnectionPool(host='t.me', port=443): Read timed out. (read timeout=15)
HTTPSConnectionPool(host='t.me', port=443): Max retries exceeded with url: //0?embed=1&mode=tme (Caused by ProxyError('Unable to connect to proxy', ConnectTimeoutError(<urllib3.connection.HTTPSConnection object at 0xc5f2e2f8>, 'Connection to 191.7.216.26 timed out. (connect timeout=15)')))
('Connection aborted.', RemoteDisconnected('Remote end closed connection without response'))
HTTPSConnectionPool(host='t.me', port=443): Max retries exceeded with url: //0?embed=1&mode=tme (Caused by ProxyError('Unable to connect to proxy', OSError('Tunnel connection failed: 400 Bad Request')))
HTTPSConnectionPool(host='t.me', port=443): Max retries exceeded with url: //0?embed=1&mode=tme (Caused by ProxyError('Unable to connect to proxy', ConnectTimeoutError(<urllib3.connection.HTTPSConnection object at 0xc5edbe38>, 'Connection to 159.224.45.64 timed out. (connect timeout=15)')))
HTTPSConnectionPool(host='t.me', port=443): Max retries exceeded with url: //0?embed=1&mode=tme (Caused by ProxyError('Unable to connect to proxy', ConnectTimeoutError(<urllib3.connection.HTTPSConnection object at 0xc5f2e358>, 'Connection to 5.228.183.207 timed out. (connect timeout=15)')))
HTTPSConnectionPool(host='t.me', port=443): Max retries exceeded with url: //0?embed=1&mode=tme (Caused by ProxyError('Unable to connect to proxy', NewConnectionError('<urllib3.connection.HTTPSConnection object at 0xe5c3b778>: Failed to establish a new connection: [Errno 111] Connection refused')))
HTTPSConnectionPool(host='t.me', port=443): Max retries exceeded with url: //0?embed=1&mode=tme (Caused by ProxyError('Unable to connect to proxy', ConnectTimeoutError(<urllib3.connection.HTTPSConnection object at 0xc5e6c7a8>, 'Connection to 43.255.113.232 timed out. (connect timeout=15)')))
HTTPSConnectionPool(host='t.me', port=443): Read timed out. (read timeout=15)
HTTPSConnectionPool(host='t.me', port=443): Read timed out. (read timeout=15)
HTTPSConnectionPool(host='t.me', port=443): Max retries exceeded with url: //0?embed=1&mode=tme (Caused by ProxyError('Unable to connect to proxy', ConnectTimeoutError(<urllib3.connection.HTTPSConnection object at 0xc5e06160>, 'Connection to 103.48.69.105 timed out. (connect timeout=15)')))
HTTPSConnectionPool(host='t.me', port=443): Max retries exceeded with url: //0?embed=1&mode=tme (Caused by ProxyError('Unable to connect to proxy', OSError('Tunnel connection failed: 400 Bad Request')))
HTTPSConnectionPool(host='t.me', port=443): Max retries exceeded with url: //0?embed=1&mode=tme (Caused by ProxyError('Unable to connect to proxy', NewConnectionError('<urllib3.connection.HTTPSConnection object at 0xc55dbc10>: Failed to establish a new connection: [Errno 111] Connection refused')))
HTTPSConnectionPool(host='t.me', port=443): Max retries exceeded with url: //0?embed=1&mode=tme (Caused by ProxyError('Unable to connect to proxy', NewConnectionError('<urllib3.connection.HTTPSConnection object at 0xc55dbbc8>: Failed to establish a new connection: [Errno 111] Connection refused')))
HTTPSConnectionPool(host='t.me', port=443): Max retries exceeded with url: //0?embed=1&mode=tme (Caused by ProxyError('Unable to connect to proxy', ConnectTimeoutError(<urllib3.connection.HTTPSConnection object at 0xc5e6cac0>, 'Connection to 102.16.24.30 timed out. (connect timeout=15)')))
HTTPSConnectionPool(host='t.me', port=443): Max retries exceeded with url: //0?embed=1&mode=tme (Caused by ProxyError('Unable to connect to proxy', ConnectTimeoutError(<urllib3.connection.HTTPSConnection object at 0xc5e06808>, 'Connection to 139.99.35.166 timed out. (connect timeout=15)')))
HTTPSConnectionPool(host='t.me', port=443): Max retries exceeded with url: //0?embed=1&mode=tme (Caused by ProxyError('Unable to connect to proxy', NewConnectionError('<urllib3.connection.HTTPSConnection object at 0xc6026e68>: Failed to establish a new connection: [Errno 111] Connection refused')))
HTTPSConnectionPool(host='t.me', port=443): Max retries exceeded with url: //0?embed=1&mode=tme (Caused by ProxyError('Unable to connect to proxy', ConnectTimeoutError(<urllib3.connection.HTTPSConnection object at 0xc5e06f28>, 'Connection to 181.209.98.194 timed out. (connect timeout=15)')))
HTTPSConnectionPool(host='t.me', port=443): Max retries exceeded with url: //0?embed=1&mode=tme (Caused by ProxyError('Unable to connect to proxy', NewConnectionError('<urllib3.connection.HTTPSConnection object at 0xda248cb8>: Failed to establish a new connection: [Errno 111] Connection refused')))
HTTPSConnectionPool(host='t.me', port=443): Max retries exceeded with url: //0?embed=1&mode=tme (Caused by ProxyError('Unable to connect to proxy', ConnectTimeoutError(<urllib3.connection.HTTPSConnection object at 0xc5e06cb8>, 'Connection to 117.57.92.69 timed out. (connect timeout=15)')))
HTTPSConnectionPool(host='t.me', port=443): Read timed out. (read timeout=15)
HTTPSConnectionPool(host='t.me', port=443): Read timed out. (read timeout=15)
HTTPSConnectionPool(host='t.me', port=443): Max retries exceeded with url: //0?embed=1&mode=tme (Caused by ProxyError('Unable to connect to proxy', NewConnectionError('<urllib3.connection.HTTPSConnection object at 0xd1ad5ca0>: Failed to establish a new connection: [Errno 113] No route to host')))
HTTPSConnectionPool(host='t.me', port=443): Max retries exceeded with url: //0?embed=1&mode=tme (Caused by ProxyError('Unable to connect to proxy', ConnectTimeoutError(<urllib3.connection.HTTPSConnection object at 0xc5e19250>, 'Connection to 202.38.180.66 timed out. (connect timeout=15)')))
HTTPSConnectionPool(host='t.me', port=443): Max retries exceeded with url: //0?embed=1&mode=tme (Caused by ProxyError('Unable to connect to proxy', ConnectTimeoutError(<urllib3.connection.HTTPSConnection object at 0xc5e2e8f8>, 'Connection to 103.178.194.234 timed out. (connect timeout=15)')))
HTTPSConnectionPool(host='t.me', port=443): Max retries exceeded with url: //0?embed=1&mode=tme (Caused by ProxyError('Unable to connect to proxy', ConnectTimeoutError(<urllib3.connection.HTTPSConnection object at 0xc5cc9e20>, 'Connection to 86.52.40.119 timed out. (connect timeout=15)')))
HTTPSConnectionPool(host='t.me', port=443): Max retries exceeded with url: //0?embed=1&mode=tme (Caused by ProxyError('Unable to connect to proxy', NewConnectionError('<urllib3.connection.HTTPSConnection object at 0xe5c3b3e8>: Failed to establish a new connection: [Errno 111] Connection refused')))
HTTPSConnectionPool(host='t.me', port=443): Max retries exceeded with url: //0?embed=1&mode=tme (Caused by ProxyError('Unable to connect to proxy', NewConnectionError('<urllib3.connection.HTTPSConnection object at 0xc5f06e68>: Failed to establish a new connection: [Errno 111] Connection refused')))
HTTPSConnectionPool(host='t.me', port=443): Max retries exceeded with url: //0?embed=1&mode=tme (Caused by ProxyError('Unable to connect to proxy', NewConnectionError('<urllib3.connection.HTTPSConnection object at 0xcd1c50e8>: Failed to establish a new connection: [Errno 113] No route to host')))
HTTPSConnectionPool(host='t.me', port=443): Max retries exceeded with url: //0?embed=1&mode=tme (Caused by ProxyError('Unable to connect to proxy', NewConnectionError('<urllib3.connection.HTTPSConnection object at 0xc55ffcb8>: Failed to establish a new connection: [Errno 111] Connection refused')))
HTTPSConnectionPool(host='t.me', port=443): Max retries exceeded with url: //0?embed=1&mode=tme (Caused by ProxyError('Unable to connect to proxy', ConnectTimeoutError(<urllib3.connection.HTTPSConnection object at 0xc5ce3c40>, 'Connection to 196.251.222.154 timed out. (connect timeout=15)')))
HTTPSConnectionPool(host='t.me', port=443): Max retries exceeded with url: //0?embed=1&mode=tme (Caused by ProxyError('Unable to connect to proxy', OSError('Tunnel connection failed: 400 Bad Request')))
HTTPSConnectionPool(host='t.me', port=443): Max retries exceeded with url: //0?embed=1&mode=tme (Caused by ProxyError('Unable to connect to proxy', OSError('Tunnel connection failed: 400 Bad Request')))
HTTPSConnectionPool(host='t.me', port=443): Max retries exceeded with url: //0?embed=1&mode=tme (Caused by ProxyError('Unable to connect to proxy', NewConnectionError('<urllib3.connection.HTTPSConnection object at 0xe7d77ce8>: Failed to establish a new connection: [Errno 111] Connection refused')))
HTTPSConnectionPool(host='t.me', port=443): Max retries exceeded with url: //0?embed=1&mode=tme (Caused by ProxyError('Unable to connect to proxy', ConnectTimeoutError(<urllib3.connection.HTTPSConnection object at 0xc5c95880>, 'Connection to 101.255.167.253 timed out. (connect timeout=15)')))
HTTPSConnectionPool(host='t.me', port=443): Max retries exceeded with url: //0?embed=1&mode=tme (Caused by ProxyError('Unable to connect to proxy', NewConnectionError('<urllib3.connection.HTTPSConnection object at 0xe18125b0>: Failed to establish a new connection: [Errno 111] Connection refused')))
HTTPSConnectionPool(host='t.me', port=443): Max retries exceeded with url: //0?embed=1&mode=tme (Caused by ProxyError('Unable to connect to proxy', ConnectTimeoutError(<urllib3.connection.HTTPSConnection object at 0xc5c89bb0>, 'Connection to 38.43.134.252 timed out. (connect timeout=15)')))
HTTPSConnectionPool(host='t.me', port=443): Max retries exceeded with url: //0?embed=1&mode=tme (Caused by ProxyError('Unable to connect to proxy', ConnectTimeoutError(<urllib3.connection.HTTPSConnection object at 0xc5c89b38>, 'Connection to 117.57.93.138 timed out. (connect timeout=15)')))
HTTPSConnectionPool(host='t.me', port=443): Max retries exceeded with url: //0?embed=1&mode=tme (Caused by ProxyError('Unable to connect to proxy', NewConnectionError('<urllib3.connection.HTTPSConnection object at 0xc55bb118>: Failed to establish a new connection: [Errno 111] Connection refused')))
HTTPSConnectionPool(host='t.me', port=443): Max retries exceeded with url: //0?embed=1&mode=tme (Caused by ProxyError('Unable to connect to proxy', ConnectTimeoutError(<urllib3.connection.HTTPSConnection object at 0xd5011d90>, 'Connection to 45.215.247.250 timed out. (connect timeout=15)')))
HTTPSConnectionPool(host='t.me', port=443): Read timed out. (read timeout=15)
HTTPSConnectionPool(host='t.me', port=443): Max retries exceeded with url: //0?embed=1&mode=tme (Caused by ProxyError('Unable to connect to proxy', ConnectTimeoutError(<urllib3.connection.HTTPSConnection object at 0xc5c95430>, 'Connection to 86.107.179.234 timed out. (connect timeout=15)')))
HTTPSConnectionPool(host='t.me', port=443): Max retries exceeded with url: //0?embed=1&mode=tme (Caused by ProxyError('Unable to connect to proxy', ConnectTimeoutError(<urllib3.connection.HTTPSConnection object at 0xc5c95ec8>, 'Connection to 98.6.197.202 timed out. (connect timeout=15)')))
('Connection aborted.', ConnectionResetError(104, 'Connection reset by peer'))
HTTPSConnectionPool(host='t.me', port=443): Max retries exceeded with url: //0?embed=1&mode=tme (Caused by ProxyError('Unable to connect to proxy', OSError('Tunnel connection failed: 400 Bad Request')))
HTTPSConnectionPool(host='t.me', port=443): Max retries exceeded with url: //0?embed=1&mode=tme (Caused by ProxyError('Unable to connect to proxy', OSError('Tunnel connection failed: 503 Service Unavailable')))
HTTPSConnectionPool(host='t.me', port=443): Max retries exceeded with url: //0?embed=1&mode=tme (Caused by ProxyError('Unable to connect to proxy', ConnectTimeoutError(<urllib3.connection.HTTPSConnection object at 0xc5c950b8>, 'Connection to 103.85.114.249 timed out. (connect timeout=15)')))
HTTPSConnectionPool(host='t.me', port=443): Max retries exceeded with url: //0?embed=1&mode=tme (Caused by ProxyError('Unable to connect to proxy', OSError('Tunnel connection failed: 400 Bad Request')))
HTTPSConnectionPool(host='t.me', port=443): Read timed out. (read timeout=15)
('Connection aborted.', RemoteDisconnected('Remote end closed connection without response'))
('Connection aborted.', RemoteDisconnected('Remote end closed connection without response'))
('Connection aborted.', RemoteDisconnected('Remote end closed connection without response'))
HTTPSConnectionPool(host='t.me', port=443): Max retries exceeded with url: //0?embed=1&mode=tme (Caused by ProxyError('Unable to connect to proxy', NewConnectionError('<urllib3.connection.HTTPSConnection object at 0xc5530730>: Failed to establish a new connection: [Errno 111] Connection refused')))
HTTPSConnectionPool(host='t.me', port=443): Max retries exceeded with url: //0?embed=1&mode=tme (Caused by ProxyError('Unable to connect to proxy', ConnectTimeoutError(<urllib3.connection.HTTPSConnection object at 0xc5cbcca0>, 'Connection to 154.73.28.161 timed out. (connect timeout=15)')))
HTTPSConnectionPool(host='t.me', port=443): Max retries exceeded with url: //0?embed=1&mode=tme (Caused by ProxyError('Unable to connect to proxy', NewConnectionError('<urllib3.connection.HTTPSConnection object at 0xc5660e08>: Failed to establish a new connection: [Errno 111] Connection refused')))
HTTPSConnectionPool(host='t.me', port=443): Max retries exceeded with url: //0?embed=1&mode=tme (Caused by ProxyError('Unable to connect to proxy', ConnectTimeoutError(<urllib3.connection.HTTPSConnection object at 0xc5ca4b50>, 'Connection to 223.247.46.23 timed out. (connect timeout=15)')))
HTTPSConnectionPool(host='t.me', port=443): Max retries exceeded with url: //0?embed=1&mode=tme (Caused by ProxyError('Unable to connect to proxy', ConnectTimeoutError(<urllib3.connection.HTTPSConnection object at 0xde8974d8>, 'Connection to 115.147.13.179 timed out. (connect timeout=15)')))
HTTPSConnectionPool(host='t.me', port=443): Max retries exceeded with url: //0?embed=1&mode=tme (Caused by ProxyError('Unable to connect to proxy', ConnectTimeoutError(<urllib3.connection.HTTPSConnection object at 0xc5c42850>, 'Connection to 114.106.171.192 timed out. (connect timeout=15)')))
HTTPSConnectionPool(host='t.me', port=443): Max retries exceeded with url: //0?embed=1&mode=tme (Caused by ProxyError('Unable to connect to proxy', OSError('Tunnel connection failed: 403 Forbidden')))
HTTPSConnectionPool(host='t.me', port=443): Max retries exceeded with url: //0?embed=1&mode=tme (Caused by ProxyError('Unable to connect to proxy', NewConnectionError('<urllib3.connection.HTTPSConnection object at 0xc550d598>: Failed to establish a new connection: [Errno 111] Connection refused')))
HTTPSConnectionPool(host='t.me', port=443): Max retries exceeded with url: //0?embed=1&mode=tme (Caused by ProxyError('Unable to connect to proxy', ConnectTimeoutError(<urllib3.connection.HTTPSConnection object at 0xde897238>, 'Connection to 165.16.60.231 timed out. (connect timeout=15)')))
HTTPSConnectionPool(host='t.me', port=443): Read timed out. (read timeout=15)
('Connection aborted.', RemoteDisconnected('Remote end closed connection without response'))
HTTPSConnectionPool(host='t.me', port=443): Max retries exceeded with url: //0?embed=1&mode=tme (Caused by ProxyError('Unable to connect to proxy', OSError('Tunnel connection failed: 500 Internal Server Error')))
HTTPSConnectionPool(host='t.me', port=443): Read timed out. (read timeout=15)
HTTPSConnectionPool(host='t.me', port=443): Max retries exceeded with url: //0?embed=1&mode=tme (Caused by ProxyError('Unable to connect to proxy', OSError('Tunnel connection failed: 400 Bad Request')))
HTTPSConnectionPool(host='t.me', port=443): Max retries exceeded with url: //0?embed=1&mode=tme (Caused by ProxyError('Unable to connect to proxy', ConnectTimeoutError(<urllib3.connection.HTTPSConnection object at 0xc5cbc778>, 'Connection to 117.54.114.98 timed out. (connect timeout=15)')))
HTTPSConnectionPool(host='t.me', port=443): Max retries exceeded with url: //0?embed=1&mode=tme (Caused by ProxyError('Unable to connect to proxy', ConnectTimeoutError(<urllib3.connection.HTTPSConnection object at 0xe6891058>, 'Connection to 45.188.164.48 timed out. (connect timeout=15)')))
HTTPSConnectionPool(host='t.me', port=443): Max retries exceeded with url: //0?embed=1&mode=tme (Caused by ProxyError('Unable to connect to proxy', ConnectTimeoutError(<urllib3.connection.HTTPSConnection object at 0xe17db928>, 'Connection to 45.221.220.235 timed out. (connect timeout=15)')))
HTTPSConnectionPool(host='t.me', port=443): Max retries exceeded with url: //0?embed=1&mode=tme (Caused by ProxyError('Unable to connect to proxy', ConnectTimeoutError(<urllib3.connection.HTTPSConnection object at 0xde8b26e8>, 'Connection to 125.87.91.164 timed out. (connect timeout=15)')))
HTTPSConnectionPool(host='t.me', port=443): Max retries exceeded with url: //0?embed=1&mode=tme (Caused by ProxyError('Unable to connect to proxy', ConnectTimeoutError(<urllib3.connection.HTTPSConnection object at 0xde8b20e8>, 'Connection to 102.164.252.150 timed out. (connect timeout=15)')))
HTTPSConnectionPool(host='t.me', port=443): Max retries exceeded with url: //0?embed=1&mode=tme (Caused by ProxyError('Unable to connect to proxy', NewConnectionError('<urllib3.connection.HTTPSConnection object at 0xc5c9d400>: Failed to establish a new connection: [Errno 111] Connection refused')))
HTTPSConnectionPool(host='t.me', port=443): Max retries exceeded with url: //0?embed=1&mode=tme (Caused by ProxyError('Unable to connect to proxy', ConnectTimeoutError(<urllib3.connection.HTTPSConnection object at 0xd282e4f0>, 'Connection to 154.73.29.1 timed out. (connect timeout=15)')))
HTTPSConnectionPool(host='t.me', port=443): Max retries exceeded with url: //0?embed=1&mode=tme (Caused by ProxyError('Unable to connect to proxy', NewConnectionError('<urllib3.connection.HTTPSConnection object at 0xc5ca4b98>: Failed to establish a new connection: [Errno 111] Connection refused')))
HTTPSConnectionPool(host='t.me', port=443): Max retries exceeded with url: //0?embed=1&mode=tme (Caused by ProxyError('Unable to connect to proxy', NewConnectionError('<urllib3.connection.HTTPSConnection object at 0xc5cbcc88>: Failed to establish a new connection: [Errno 111] Connection refused')))
HTTPSConnectionPool(host='t.me', port=443): Max retries exceeded with url: //0?embed=1&mode=tme (Caused by SSLError(SSLCertVerificationError(1, '[SSL: CERTIFICATE_VERIFY_FAILED] certificate verify failed: self signed certificate in certificate chain (_ssl.c:1129)')))
HTTPSConnectionPool(host='t.me', port=443): Max retries exceeded with url: //0?embed=1&mode=tme (Caused by ProxyError('Unable to connect to proxy', ConnectTimeoutError(<urllib3.connection.HTTPSConnection object at 0xddc3a658>, 'Connection to 185.49.30.5 timed out. (connect timeout=15)')))
HTTPSConnectionPool(host='t.me', port=443): Max retries exceeded with url: //0?embed=1&mode=tme (Caused by ProxyError('Unable to connect to proxy', ConnectTimeoutError(<urllib3.connection.HTTPSConnection object at 0xde8b2f58>, 'Connection to 185.174.80.7 timed out. (connect timeout=15)')))
HTTPSConnectionPool(host='t.me', port=443): Max retries exceeded with url: //0?embed=1&mode=tme (Caused by ProxyError('Unable to connect to proxy', ConnectTimeoutError(<urllib3.connection.HTTPSConnection object at 0xe714bb08>, 'Connection to 210.87.125.146 timed out. (connect timeout=15)')))
HTTPSConnectionPool(host='t.me', port=443): Max retries exceeded with url: //0?embed=1&mode=tme (Caused by ProxyError('Unable to connect to proxy', ConnectTimeoutError(<urllib3.connection.HTTPSConnection object at 0xde8b2ce8>, 'Connection to 117.54.114.35 timed out. (connect timeout=15)')))
HTTPSConnectionPool(host='t.me', port=443): Max retries exceeded with url: //0?embed=1&mode=tme (Caused by ProxyError('Unable to connect to proxy', ConnectTimeoutError(<urllib3.connection.HTTPSConnection object at 0xdf4e4370>, 'Connection to 103.125.174.209 timed out. (connect timeout=15)')))
HTTPSConnectionPool(host='t.me', port=443): Max retries exceeded with url: //0?embed=1&mode=tme (Caused by ProxyError('Unable to connect to proxy', NewConnectionError('<urllib3.connection.HTTPSConnection object at 0xea536ad8>: Failed to establish a new connection: [Errno 111] Connection refused')))
HTTPSConnectionPool(host='t.me', port=443): Max retries exceeded with url: //0?embed=1&mode=tme (Caused by ProxyError('Unable to connect to proxy', ConnectTimeoutError(<urllib3.connection.HTTPSConnection object at 0xdf4d8460>, 'Connection to 82.97.215.240 timed out. (connect timeout=15)')))
HTTPSConnectionPool(host='t.me', port=443): Max retries exceeded with url: //0?embed=1&mode=tme (Caused by ProxyError('Unable to connect to proxy', NewConnectionError('<urllib3.connection.HTTPSConnection object at 0xe68bbc70>: Failed to establish a new connection: [Errno 111] Connection refused')))
HTTPSConnectionPool(host='t.me', port=443): Max retries exceeded with url: //0?embed=1&mode=tme (Caused by ProxyError('Unable to connect to proxy', ConnectTimeoutError(<urllib3.connection.HTTPSConnection object at 0xe015bdc0>, 'Connection to 189.240.60.168 timed out. (connect timeout=15)')))
HTTPSConnectionPool(host='t.me', port=443): Max retries exceeded with url: //0?embed=1&mode=tme (Caused by ProxyError('Unable to connect to proxy', ConnectTimeoutError(<urllib3.connection.HTTPSConnection object at 0xdf4b8df0>, 'Connection to 117.54.114.101 timed out. (connect timeout=15)')))
HTTPSConnectionPool(host='t.me', port=443): Max retries exceeded with url: //0?embed=1&mode=tme (Caused by ProxyError('Unable to connect to proxy', OSError('Tunnel connection failed: 400 Bad Request')))
HTTPSConnectionPool(host='t.me', port=443): Max retries exceeded with url: //0?embed=1&mode=tme (Caused by ProxyError('Unable to connect to proxy', ConnectTimeoutError(<urllib3.connection.HTTPSConnection object at 0xc5c101c0>, 'Connection to 154.73.28.89 timed out. (connect timeout=15)')))
HTTPSConnectionPool(host='t.me', port=443): Max retries exceeded with url: //0?embed=1&mode=tme (Caused by ProxyError('Unable to connect to proxy', ConnectTimeoutError(<urllib3.connection.HTTPSConnection object at 0xe0167388>, 'Connection to 207.138.39.145 timed out. (connect timeout=15)')))
HTTPSConnectionPool(host='t.me', port=443): Max retries exceeded with url: //0?embed=1&mode=tme (Caused by ProxyError('Unable to connect to proxy', NewConnectionError('<urllib3.connection.HTTPSConnection object at 0xde897268>: Failed to establish a new connection: [Errno 111] Connection refused')))
HTTPSConnectionPool(host='t.me', port=443): Max retries exceeded with url: //0?embed=1&mode=tme (Caused by ProxyError('Unable to connect to proxy', ConnectTimeoutError(<urllib3.connection.HTTPSConnection object at 0xe2dbdf88>, 'Connection to 117.70.48.53 timed out. (connect timeout=15)')))
HTTPSConnectionPool(host='t.me', port=443): Max retries exceeded with url: //0?embed=1&mode=tme (Caused by ProxyError('Unable to connect to proxy', OSError('Tunnel connection failed: 500 Internal Server Error')))
('Connection aborted.', RemoteDisconnected('Remote end closed connection without response'))
HTTPSConnectionPool(host='t.me', port=443): Max retries exceeded with url: //0?embed=1&mode=tme (Caused by ProxyError('Unable to connect to proxy', NewConnectionError('<urllib3.connection.HTTPSConnection object at 0xcbb570d0>: Failed to establish a new connection: [Errno 111] Connection refused')))
HTTPSConnectionPool(host='t.me', port=443): Max retries exceeded with url: //0?embed=1&mode=tme (Caused by ProxyError('Unable to connect to proxy', ConnectTimeoutError(<urllib3.connection.HTTPSConnection object at 0xddc547d8>, 'Connection to 103.65.214.144 timed out. (connect timeout=15)')))
HTTPSConnectionPool(host='t.me', port=443): Max retries exceeded with url: //0?embed=1&mode=tme (Caused by ProxyError('Unable to connect to proxy', NewConnectionError('<urllib3.connection.HTTPSConnection object at 0xc5c57058>: Failed to establish a new connection: [Errno 111] Connection refused')))
HTTPSConnectionPool(host='t.me', port=443): Max retries exceeded with url: //0?embed=1&mode=tme (Caused by ProxyError('Unable to connect to proxy', NewConnectionError('<urllib3.connection.HTTPSConnection object at 0xc5e06c88>: Failed to establish a new connection: [Errno 111] Connection refused')))
HTTPSConnectionPool(host='t.me', port=443): Max retries exceeded with url: //0?embed=1&mode=tme (Caused by ProxyError('Unable to connect to proxy', NewConnectionError('<urllib3.connection.HTTPSConnection object at 0xc5c95bf8>: Failed to establish a new connection: [Errno 111] Connection refused')))
HTTPSConnectionPool(host='t.me', port=443): Max retries exceeded with url: //0?embed=1&mode=tme (Caused by ProxyError('Unable to connect to proxy', OSError('Tunnel connection failed: 400 Bad Request')))
HTTPSConnectionPool(host='t.me', port=443): Max retries exceeded with url: //0?embed=1&mode=tme (Caused by ProxyError('Unable to connect to proxy', NewConnectionError('<urllib3.connection.HTTPSConnection object at 0xe2173fb8>: Failed to establish a new connection: [Errno 111] Connection refused')))
HTTPSConnectionPool(host='t.me', port=443): Max retries exceeded with url: //0?embed=1&mode=tme (Caused by ProxyError('Unable to connect to proxy', NewConnectionError('<urllib3.connection.HTTPSConnection object at 0xc54c44d8>: Failed to establish a new connection: [Errno 111] Connection refused')))
('Connection aborted.', RemoteDisconnected('Remote end closed connection without response'))
HTTPSConnectionPool(host='t.me', port=443): Max retries exceeded with url: //0?embed=1&mode=tme (Caused by ProxyError('Unable to connect to proxy', ConnectTimeoutError(<urllib3.connection.HTTPSConnection object at 0xc5b8cd78>, 'Connection to 180.242.248.70 timed out. (connect timeout=15)')))
HTTPSConnectionPool(host='t.me', port=443): Read timed out. (read timeout=15)
HTTPSConnectionPool(host='t.me', port=443): Max retries exceeded with url: //0?embed=1&mode=tme (Caused by ProxyError('Unable to connect to proxy', ConnectTimeoutError(<urllib3.connection.HTTPSConnection object at 0xc5b3a1a8>, 'Connection to 38.253.88.242 timed out. (connect timeout=15)')))
HTTPSConnectionPool(host='t.me', port=443): Max retries exceeded with url: //0?embed=1&mode=tme (Caused by ProxyError('Unable to connect to proxy', ConnectTimeoutError(<urllib3.connection.HTTPSConnection object at 0xc5b15e80>, 'Connection to 107.148.100.119 timed out. (connect timeout=15)')))
HTTPSConnectionPool(host='t.me', port=443): Max retries exceeded with url: //0?embed=1&mode=tme (Caused by ProxyError('Unable to connect to proxy', NewConnectionError('<urllib3.connection.HTTPSConnection object at 0xde87cc40>: Failed to establish a new connection: [Errno 111] Connection refused')))
HTTPSConnectionPool(host='t.me', port=443): Max retries exceeded with url: //0?embed=1&mode=tme (Caused by ProxyError('Unable to connect to proxy', NewConnectionError('<urllib3.connection.HTTPSConnection object at 0xe17db790>: Failed to establish a new connection: [Errno 113] No route to host')))
HTTPSConnectionPool(host='t.me', port=443): Max retries exceeded with url: //0?embed=1&mode=tme (Caused by ProxyError('Unable to connect to proxy', NewConnectionError('<urllib3.connection.HTTPSConnection object at 0xc5be9940>: Failed to establish a new connection: [Errno 111] Connection refused')))
HTTPSConnectionPool(host='t.me', port=443): Max retries exceeded with url: //0?embed=1&mode=tme (Caused by ProxyError('Unable to connect to proxy', NewConnectionError('<urllib3.connection.HTTPSConnection object at 0xc54144c0>: Failed to establish a new connection: [Errno 111] Connection refused')))
('Connection aborted.', RemoteDisconnected('Remote end closed connection without response'))
HTTPSConnectionPool(host='t.me', port=443): Max retries exceeded with url: //0?embed=1&mode=tme (Caused by ProxyError('Unable to connect to proxy', NewConnectionError('<urllib3.connection.HTTPSConnection object at 0xc541def8>: Failed to establish a new connection: [Errno 111] Connection refused')))
HTTPSConnectionPool(host='t.me', port=443): Max retries exceeded with url: //0?embed=1&mode=tme (Caused by ProxyError('Unable to connect to proxy', OSError('Tunnel connection failed: 400 Bad Request')))
HTTPSConnectionPool(host='t.me', port=443): Max retries exceeded with url: //0?embed=1&mode=tme (Caused by ProxyError('Unable to connect to proxy', OSError('Tunnel connection failed: 400 Bad Request')))
('Connection aborted.', ConnectionResetError(104, 'Connection reset by peer'))
HTTPSConnectionPool(host='t.me', port=443): Max retries exceeded with url: //0?embed=1&mode=tme (Caused by ProxyError('Unable to connect to proxy', NewConnectionError('<urllib3.connection.HTTPSConnection object at 0xe5c3b718>: Failed to establish a new connection: [Errno 111] Connection refused')))
HTTPSConnectionPool(host='t.me', port=443): Max retries exceeded with url: //0?embed=1&mode=tme (Caused by ProxyError('Unable to connect to proxy', ConnectTimeoutError(<urllib3.connection.HTTPSConnection object at 0xddc548e0>, 'Connection to 77.72.32.15 timed out. (connect timeout=15)')))
HTTPSConnectionPool(host='t.me', port=443): Max retries exceeded with url: //0?embed=1&mode=tme (Caused by ProxyError('Unable to connect to proxy', NewConnectionError('<urllib3.connection.HTTPSConnection object at 0xd5011448>: Failed to establish a new connection: [Errno 111] Connection refused')))
HTTPSConnectionPool(host='t.me', port=443): Max retries exceeded with url: //0?embed=1&mode=tme (Caused by ProxyError('Unable to connect to proxy', NewConnectionError('<urllib3.connection.HTTPSConnection object at 0xc533a190>: Failed to establish a new connection: [Errno 111] Connection refused')))
HTTPSConnectionPool(host='t.me', port=443): Read timed out. (read timeout=15)
HTTPSConnectionPool(host='t.me', port=443): Max retries exceeded with url: //0?embed=1&mode=tme (Caused by ProxyError('Unable to connect to proxy', OSError('Tunnel connection failed: 400 Bad Request')))
HTTPSConnectionPool(host='t.me', port=443): Max retries exceeded with url: //0?embed=1&mode=tme (Caused by ProxyError('Unable to connect to proxy', NewConnectionError('<urllib3.connection.HTTPSConnection object at 0xc5c9d490>: Failed to establish a new connection: [Errno 113] No route to host')))
('Connection aborted.', RemoteDisconnected('Remote end closed connection without response'))
HTTPSConnectionPool(host='t.me', port=443): Max retries exceeded with url: //0?embed=1&mode=tme (Caused by ProxyError('Unable to connect to proxy', ConnectTimeoutError(<urllib3.connection.HTTPSConnection object at 0xc5a85b68>, 'Connection to 103.163.244.22 timed out. (connect timeout=15)')))
HTTPSConnectionPool(host='t.me', port=443): Max retries exceeded with url: //0?embed=1&mode=tme (Caused by ProxyError('Unable to connect to proxy', NewConnectionError('<urllib3.connection.HTTPSConnection object at 0xc5243778>: Failed to establish a new connection: [Errno 111] Connection refused')))
HTTPSConnectionPool(host='t.me', port=443): Max retries exceeded with url: //0?embed=1&mode=tme (Caused by ProxyError('Unable to connect to proxy', ConnectTimeoutError(<urllib3.connection.HTTPSConnection object at 0xe6891eb0>, 'Connection to 103.137.218.161 timed out. (connect timeout=15)')))
HTTPSConnectionPool(host='t.me', port=443): Max retries exceeded with url: //0?embed=1&mode=tme (Caused by ProxyError('Unable to connect to proxy', ConnectTimeoutError(<urllib3.connection.HTTPSConnection object at 0xc5a5e2e0>, 'Connection to 154.73.28.193 timed out. (connect timeout=15)')))
HTTPSConnectionPool(host='t.me', port=443): Max retries exceeded with url: //0?embed=1&mode=tme (Caused by ProxyError('Unable to connect to proxy', ConnectTimeoutError(<urllib3.connection.HTTPSConnection object at 0xc5a7bfb8>, 'Connection to 117.54.142.46 timed out. (connect timeout=15)')))
HTTPSConnectionPool(host='t.me', port=443): Max retries exceeded with url: //0?embed=1&mode=tme (Caused by ProxyError('Unable to connect to proxy', ConnectTimeoutError(<urllib3.connection.HTTPSConnection object at 0xc5a8ae08>, 'Connection to 109.74.35.219 timed out. (connect timeout=15)')))
HTTPSConnectionPool(host='t.me', port=443): Max retries exceeded with url: //0?embed=1&mode=tme (Caused by ProxyError('Unable to connect to proxy', NewConnectionError('<urllib3.connection.HTTPSConnection object at 0xc515e538>: Failed to establish a new connection: [Errno 111] Connection refused')))
HTTPSConnectionPool(host='t.me', port=443): Max retries exceeded with url: //0?embed=1&mode=tme (Caused by ProxyError('Unable to connect to proxy', ConnectTimeoutError(<urllib3.connection.HTTPSConnection object at 0xc5a1e3e8>, 'Connection to 113.176.118.255 timed out. (connect timeout=15)')))
HTTPSConnectionPool(host='t.me', port=443): Max retries exceeded with url: //0?embed=1&mode=tme (Caused by ProxyError('Unable to connect to proxy', ConnectTimeoutError(<urllib3.connection.HTTPSConnection object at 0xc5a1e460>, 'Connection to 185.170.238.42 timed out. (connect timeout=15)')))
HTTPSConnectionPool(host='t.me', port=443): Max retries exceeded with url: //0?embed=1&mode=tme (Caused by ProxyError('Unable to connect to proxy', ConnectTimeoutError(<urllib3.connection.HTTPSConnection object at 0xc5a1ebf8>, 'Connection to 95.158.174.111 timed out. (connect timeout=15)')))
HTTPSConnectionPool(host='t.me', port=443): Max retries exceeded with url: //0?embed=1&mode=tme (Caused by ProxyError('Unable to connect to proxy', ConnectTimeoutError(<urllib3.connection.HTTPSConnection object at 0xdd2258b0>, 'Connection to 117.69.190.52 timed out. (connect timeout=15)')))
                                                                                                                                                                                                                                                                                                            HTTPSConnectionPool(host='t.me', port=443): Max retries exceeded with url: //0?embed=1&mode=tme (Caused by ProxyError('Unable to connect to proxy', OSError('Tunnel connection failed: 400 Bad Request')))
HTTPSConnectionPool(host='t.me', port=443): Max retries exceeded with url: //0?embed=1&mode=tme (Caused by ProxyError('Unable to connect to proxy', ConnectTimeoutError(<urllib3.connection.HTTPSConnection object at 0xdd21a640>, 'Connection to 54.161.67.134 timed out. (connect timeout=15)')))
HTTPSConnectionPool(host='t.me', port=443): Max retries exceeded with url: //0?embed=1&mode=tme (Caused by ProxyError('Unable to connect to proxy', ConnectTimeoutError(<urllib3.connection.HTTPSConnection object at 0xdf4c8550>, 'Connection to 107.178.9.186 timed out. (connect timeout=15)')))
('Connection aborted.', RemoteDisconnected('Remote end closed connection without response'))
HTTPSConnectionPool(host='t.me', port=443): Max retries exceeded with url: //0?embed=1&mode=tme (Caused by ProxyError('Unable to connect to proxy', ConnectTimeoutError(<urllib3.connection.HTTPSConnection object at 0xc5a7b9e8>, 'Connection to 190.14.215.130 timed out. (connect timeout=15)')))
HTTPSConnectionPool(host='t.me', port=443): Max retries exceeded with url: //0?embed=1&mode=tme (Caused by ProxyError('Unable to connect to proxy', ConnectTimeoutError(<urllib3.connection.HTTPSConnection object at 0xc5a30118>, 'Connection to 203.128.71.92 timed out. (connect timeout=15)')))
HTTPSConnectionPool(host='t.me', port=443): Max retries exceeded with url: //0?embed=1&mode=tme (Caused by ProxyError('Unable to connect to proxy', ConnectTimeoutError(<urllib3.connection.HTTPSConnection object at 0xd8b33628>, 'Connection to 142.11.222.22 timed out. (connect timeout=15)')))
HTTPSConnectionPool(host='t.me', port=443): Max retries exceeded with url: //0?embed=1&mode=tme (Caused by ProxyError('Unable to connect to proxy', ConnectTimeoutError(<urllib3.connection.HTTPSConnection object at 0xdf4c8658>, 'Connection to 137.184.197.190 timed out. (connect timeout=15)')))
HTTPSConnectionPool(host='t.me', port=443): Max retries exceeded with url: //0?embed=1&mode=tme (Caused by ProxyError('Unable to connect to proxy', ConnectTimeoutError(<urllib3.connection.HTTPSConnection object at 0xd96d0460>, 'Connection to 143.42.194.37 timed out. (connect timeout=15)')))
HTTPSConnectionPool(host='t.me', port=443): Max retries exceeded with url: //0?embed=1&mode=tme (Caused by ProxyError('Unable to connect to proxy', NewConnectionError('<urllib3.connection.HTTPSConnection object at 0xc52b1c88>: Failed to establish a new connection: [Errno 113] No route to host')))
HTTPSConnectionPool(host='t.me', port=443): Read timed out. (read timeout=15)
HTTPSConnectionPool(host='t.me', port=443): Max retries exceeded with url: //0?embed=1&mode=tme (Caused by ProxyError('Unable to connect to proxy', ConnectTimeoutError(<urllib3.connection.HTTPSConnection object at 0xc5a30028>, 'Connection to 117.54.114.99 timed out. (connect timeout=15)')))
('Connection aborted.', ConnectionResetError(104, 'Connection reset by peer'))
HTTPSConnectionPool(host='t.me', port=443): Max retries exceeded with url: //0?embed=1&mode=tme (Caused by ProxyError('Unable to connect to proxy', NewConnectionError('<urllib3.connection.HTTPSConnection object at 0xc5a5e190>: Failed to establish a new connection: [Errno 111] Connection refused')))
HTTPSConnectionPool(host='t.me', port=443): Max retries exceeded with url: //0?embed=1&mode=tme (Caused by ProxyError('Unable to connect to proxy', ConnectTimeoutError(<urllib3.connection.HTTPSConnection object at 0xe2dbdf10>, 'Connection to 104.248.59.38 timed out. (connect timeout=15)')))
HTTPSConnectionPool(host='t.me', port=443): Max retries exceeded with url: //0?embed=1&mode=tme (Caused by ProxyError('Unable to connect to proxy', ConnectTimeoutError(<urllib3.connection.HTTPSConnection object at 0xd96e9550>, 'Connection to 176.113.73.102 timed out. (connect timeout=15)')))
HTTPSConnectionPool(host='t.me', port=443): Max retries exceeded with url: //0?embed=1&mode=tme (Caused by ProxyError('Unable to connect to proxy', ConnectTimeoutError(<urllib3.connection.HTTPSConnection object at 0xd96b2088>, 'Connection to 176.113.73.99 timed out. (connect timeout=15)')))
HTTPSConnectionPool(host='t.me', port=443): Max retries exceeded with url: //0?embed=1&mode=tme (Caused by ProxyError('Unable to connect to proxy', ConnectTimeoutError(<urllib3.connection.HTTPSConnection object at 0xec260610>, 'Connection to 38.50.165.54 timed out. (connect timeout=15)')))
HTTPSConnectionPool(host='t.me', port=443): Max retries exceeded with url: //0?embed=1&mode=tme (Caused by ProxyError('Unable to connect to proxy', ConnectTimeoutError(<urllib3.connection.HTTPSConnection object at 0xdd225400>, 'Connection to 177.234.211.79 timed out. (connect timeout=15)')))
HTTPSConnectionPool(host='t.me', port=443): Max retries exceeded with url: //0?embed=1&mode=tme (Caused by ProxyError('Unable to connect to proxy', ConnectTimeoutError(<urllib3.connection.HTTPSConnection object at 0xdacd9568>, 'Connection to 46.21.153.16 timed out. (connect timeout=15)')))
HTTPSConnectionPool(host='t.me', port=443): Max retries exceeded with url: //0?embed=1&mode=tme (Caused by ProxyError('Unable to connect to proxy', ConnectTimeoutError(<urllib3.connection.HTTPSConnection object at 0xc5a92310>, 'Connection to 45.179.200.129 timed out. (connect timeout=15)')))
HTTPSConnectionPool(host='t.me', port=443): Max retries exceeded with url: //0?embed=1&mode=tme (Caused by SSLError(SSLEOFError(8, 'EOF occurred in violation of protocol (_ssl.c:1129)')))
HTTPSConnectionPool(host='t.me', port=443): Max retries exceeded with url: //0?embed=1&mode=tme (Caused by ProxyError('Unable to connect to proxy', ConnectTimeoutError(<urllib3.connection.HTTPSConnection object at 0xd96e92c8>, 'Connection to 12.156.45.155 timed out. (connect timeout=15)')))
HTTPSConnectionPool(host='t.me', port=443): Max retries exceeded with url: //0?embed=1&mode=tme (Caused by ProxyError('Unable to connect to proxy', ConnectTimeoutError(<urllib3.connection.HTTPSConnection object at 0xda258da8>, 'Connection to 176.113.73.104 timed out. (connect timeout=15)')))
HTTPSConnectionPool(host='t.me', port=443): Max retries exceeded with url: //0?embed=1&mode=tme (Caused by ProxyError('Unable to connect to proxy', ConnectTimeoutError(<urllib3.connection.HTTPSConnection object at 0xc5a85658>, 'Connection to 43.251.213.62 timed out. (connect timeout=15)')))
HTTPSConnectionPool(host='t.me', port=443): Max retries exceeded with url: //0?embed=1&mode=tme (Caused by ProxyError('Unable to connect to proxy', ConnectTimeoutError(<urllib3.connection.HTTPSConnection object at 0xc5ab53e8>, 'Connection to 174.126.217.110 timed out. (connect timeout=15)')))
HTTPSConnectionPool(host='t.me', port=443): Max retries exceeded with url: //0?embed=1&mode=tme (Caused by ProxyError('Unable to connect to proxy', ConnectTimeoutError(<urllib3.connection.HTTPSConnection object at 0xe0b90160>, 'Connection to 117.54.114.97 timed out. (connect timeout=15)')))
HTTPSConnectionPool(host='t.me', port=443): Max retries exceeded with url: //0?embed=1&mode=tme (Caused by ProxyError('Unable to connect to proxy', ConnectTimeoutError(<urllib3.connection.HTTPSConnection object at 0xdd21a100>, 'Connection to 77.119.240.209 timed out. (connect timeout=15)')))
HTTPSConnectionPool(host='t.me', port=443): Max retries exceeded with url: //0?embed=1&mode=tme (Caused by ProxyError('Unable to connect to proxy', ConnectTimeoutError(<urllib3.connection.HTTPSConnection object at 0xda266d18>, 'Connection to 189.240.60.171 timed out. (connect timeout=15)')))
HTTPSConnectionPool(host='t.me', port=443): Max retries exceeded with url: //0?embed=1&mode=tme (Caused by ProxyError('Unable to connect to proxy', ConnectTimeoutError(<urllib3.connection.HTTPSConnection object at 0xc71498f8>, 'Connection to 43.153.66.118 timed out. (connect timeout=15)')))
HTTPSConnectionPool(host='t.me', port=443): Max retries exceeded with url: //0?embed=1&mode=tme (Caused by ProxyError('Unable to connect to proxy', ConnectTimeoutError(<urllib3.connection.HTTPSConnection object at 0xc71497c0>, 'Connection to 38.51.49.84 timed out. (connect timeout=15)')))
HTTPSConnectionPool(host='t.me', port=443): Max retries exceeded with url: //0?embed=1&mode=tme (Caused by ProxyError('Unable to connect to proxy', ConnectTimeoutError(<urllib3.connection.HTTPSConnection object at 0xc5a7bb98>, 'Connection to 108.161.128.43 timed out. (connect timeout=15)')))
HTTPSConnectionPool(host='t.me', port=443): Max retries exceeded with url: //0?embed=1&mode=tme (Caused by ProxyError('Unable to connect to proxy', ConnectTimeoutError(<urllib3.connection.HTTPSConnection object at 0xdd225430>, 'Connection to 103.228.246.130 timed out. (connect timeout=15)')))
HTTPSConnectionPool(host='t.me', port=443): Max retries exceeded with url: //0?embed=1&mode=tme (Caused by ProxyError('Unable to connect to proxy', ConnectTimeoutError(<urllib3.connection.HTTPSConnection object at 0xe0b90178>, 'Connection to 202.191.127.21 timed out. (connect timeout=15)')))
('Connection aborted.', RemoteDisconnected('Remote end closed connection without response'))
HTTPSConnectionPool(host='t.me', port=443): Max retries exceeded with url: //0?embed=1&mode=tme (Caused by ProxyError('Unable to connect to proxy', ConnectTimeoutError(<urllib3.connection.HTTPSConnection object at 0xc5a1eef8>, 'Connection to 88.87.78.137 timed out. (connect timeout=15)')))
HTTPSConnectionPool(host='t.me', port=443): Max retries exceeded with url: //0?embed=1&mode=tme (Caused by ProxyError('Unable to connect to proxy', ConnectTimeoutError(<urllib3.connection.HTTPSConnection object at 0xd8b5e7f0>, 'Connection to 52.41.249.10 timed out. (connect timeout=15)')))
HTTPSConnectionPool(host='t.me', port=443): Max retries exceeded with url: //0?embed=1&mode=tme (Caused by ProxyError('Unable to connect to proxy', ConnectTimeoutError(<urllib3.connection.HTTPSConnection object at 0xda258eb0>, 'Connection to 67.205.190.164 timed out. (connect timeout=15)')))
HTTPSConnectionPool(host='t.me', port=443): Max retries exceeded with url: //0?embed=1&mode=tme (Caused by ProxyError('Unable to connect to proxy', ConnectTimeoutError(<urllib3.connection.HTTPSConnection object at 0xc5a6b088>, 'Connection to 155.50.208.37 timed out. (connect timeout=15)')))
HTTPSConnectionPool(host='t.me', port=443): Max retries exceeded with url: //0?embed=1&mode=tme (Caused by ProxyError('Unable to connect to proxy', ConnectTimeoutError(<urllib3.connection.HTTPSConnection object at 0xd7e49100>, 'Connection to 155.50.241.99 timed out. (connect timeout=15)')))
HTTPSConnectionPool(host='t.me', port=443): Max retries exceeded with url: //0?embed=1&mode=tme (Caused by ProxyError('Unable to connect to proxy', ConnectTimeoutError(<urllib3.connection.HTTPSConnection object at 0xc5a7b670>, 'Connection to 114.106.146.146 timed out. (connect timeout=15)')))
HTTPSConnectionPool(host='t.me', port=443): Read timed out. (read timeout=15)
HTTPSConnectionPool(host='t.me', port=443): Max retries exceeded with url: //0?embed=1&mode=tme (Caused by ProxyError('Unable to connect to proxy', ConnectTimeoutError(<urllib3.connection.HTTPSConnection object at 0xc83e8790>, 'Connection to 34.135.166.24 timed out. (connect timeout=15)')))
HTTPSConnectionPool(host='t.me', port=443): Max retries exceeded with url: //0?embed=1&mode=tme (Caused by ProxyError('Unable to connect to proxy', ConnectTimeoutError(<urllib3.connection.HTTPSConnection object at 0xc83e88e0>, 'Connection to 24.172.34.114 timed out. (connect timeout=15)')))
HTTPSConnectionPool(host='t.me', port=443): Max retries exceeded with url: //0?embed=1&mode=tme (Caused by ProxyError('Unable to connect to proxy', ConnectTimeoutError(<urllib3.connection.HTTPSConnection object at 0xda248070>, 'Connection to 50.113.36.155 timed out. (connect timeout=15)')))
HTTPSConnectionPool(host='t.me', port=443): Max retries exceeded with url: //0?embed=1&mode=tme (Caused by ProxyError('Unable to connect to proxy', ConnectTimeoutError(<urllib3.connection.HTTPSConnection object at 0xce97a1a8>, 'Connection to 162.144.236.128 timed out. (connect timeout=15)')))
HTTPSConnectionPool(host='t.me', port=443): Max retries exceeded with url: //0?embed=1&mode=tme (Caused by ProxyError('Unable to connect to proxy', ConnectTimeoutError(<urllib3.connection.HTTPSConnection object at 0xd96dc460>, 'Connection to 3.128.142.113 timed out. (connect timeout=15)')))
HTTPSConnectionPool(host='t.me', port=443): Max retries exceeded with url: //0?embed=1&mode=tme (Caused by ProxyError('Unable to connect to proxy', ConnectTimeoutError(<urllib3.connection.HTTPSConnection object at 0xc5ab54f0>, 'Connection to 142.147.114.50 timed out. (connect timeout=15)')))
HTTPSConnectionPool(host='t.me', port=443): Max retries exceeded with url: //0?embed=1&mode=tme (Caused by ProxyError('Unable to connect to proxy', ConnectTimeoutError(<urllib3.connection.HTTPSConnection object at 0xd7e6b4c0>, 'Connection to 155.50.213.149 timed out. (connect timeout=15)')))
HTTPSConnectionPool(host='t.me', port=443): Max retries exceeded with url: //0?embed=1&mode=tme (Caused by ProxyError('Unable to connect to proxy', ConnectTimeoutError(<urllib3.connection.HTTPSConnection object at 0xcae34fe8>, 'Connection to 52.24.80.166 timed out. (connect timeout=15)')))
HTTPSConnectionPool(host='t.me', port=443): Max retries exceeded with url: //0?embed=1&mode=tme (Caused by ProxyError('Unable to connect to proxy', NewConnectionError('<urllib3.connection.HTTPSConnection object at 0xc5a8af58>: Failed to establish a new connection: [Errno 111] Connection refused')))
HTTPSConnectionPool(host='t.me', port=443): Max retries exceeded with url: //0?embed=1&mode=tme (Caused by ProxyError('Unable to connect to proxy', ConnectTimeoutError(<urllib3.connection.HTTPSConnection object at 0xd66bca00>, 'Connection to 167.99.174.59 timed out. (connect timeout=15)')))
HTTPSConnectionPool(host='t.me', port=443): Max retries exceeded with url: //0?embed=1&mode=tme (Caused by ProxyError('Unable to connect to proxy', ConnectTimeoutError(<urllib3.connection.HTTPSConnection object at 0xd66bcc10>, 'Connection to 155.50.215.37 timed out. (connect timeout=15)')))
HTTPSConnectionPool(host='t.me', port=443): Max retries exceeded with url: //0?embed=1&mode=tme (Caused by ProxyError('Unable to connect to proxy', ConnectTimeoutError(<urllib3.connection.HTTPSConnection object at 0xdf4c86a0>, 'Connection to 24.230.33.96 timed out. (connect timeout=15)')))
HTTPSConnectionPool(host='t.me', port=443): Max retries exceeded with url: //0?embed=1&mode=tme (Caused by ProxyError('Unable to connect to proxy', ConnectTimeoutError(<urllib3.connection.HTTPSConnection object at 0xc5aab9b8>, 'Connection to 3.143.37.255 timed out. (connect timeout=15)')))
HTTPSConnectionPool(host='t.me', port=443): Max retries exceeded with url: //0?embed=1&mode=tme (Caused by ProxyError('Unable to connect to proxy', OSError('Tunnel connection failed: 400 Bad Request')))
HTTPSConnectionPool(host='t.me', port=443): Max retries exceeded with url: //0?embed=1&mode=tme (Caused by ProxyError('Unable to connect to proxy', ConnectTimeoutError(<urllib3.connection.HTTPSConnection object at 0xc5aaba78>, 'Connection to 157.230.226.230 timed out. (connect timeout=15)')))
HTTPSConnectionPool(host='t.me', port=443): Max retries exceeded with url: //0?embed=1&mode=tme (Caused by ProxyError('Unable to connect to proxy', ConnectTimeoutError(<urllib3.connection.HTTPSConnection object at 0xd722a550>, 'Connection to 109.122.195.16 timed out. (connect timeout=15)')))
                                                                                                                                                                                                                                                                                                                                                                                HTTPSConnectionPool(host='t.me', port=443): Max retries exceeded with url: //0?embed=1&mode=tme (Caused by ProxyError('Unable to connect to proxy', NewConnectionError('<urllib3.connection.HTTPSConnection object at 0xc5c9d5e0>: Failed to establish a new connection: [Errno 113] No route to host')))
HTTPSConnectionPool(host='t.me', port=443): Max retries exceeded with url: //0?embed=1&mode=tme (Caused by ProxyError('Unable to connect to proxy', NewConnectionError('<urllib3.connection.HTTPSConnection object at 0xc5a852b0>: Failed to establish a new connection: [Errno 111] Connection refused')))
HTTPSConnectionPool(host='t.me', port=443): Max retries exceeded with url: //0?embed=1&mode=tme (Caused by ProxyError('Unable to connect to proxy', ConnectTimeoutError(<urllib3.connection.HTTPSConnection object at 0xd723a460>, 'Connection to 38.56.70.97 timed out. (connect timeout=15)')))
HTTPSConnectionPool(host='t.me', port=443): Max retries exceeded with url: //0?embed=1&mode=tme (Caused by ProxyError('Unable to connect to proxy', ConnectTimeoutError(<urllib3.connection.HTTPSConnection object at 0xd7203d30>, 'Connection to 191.101.1.116 timed out. (connect timeout=15)')))
HTTPSConnectionPool(host='t.me', port=443): Max retries exceeded with url: //0?embed=1&mode=tme (Caused by ProxyError('Unable to connect to proxy', OSError('Tunnel connection failed: 503 Too many open connections')))
HTTPSConnectionPool(host='t.me', port=443): Read timed out. (read timeout=15)
HTTPSConnectionPool(host='t.me', port=443): Max retries exceeded with url: //0?embed=1&mode=tme (Caused by ProxyError('Unable to connect to proxy', ConnectTimeoutError(<urllib3.connection.HTTPSConnection object at 0xd7e753e8>, 'Connection to 89.249.65.191 timed out. (connect timeout=15)')))
HTTPSConnectionPool(host='t.me', port=443): Max retries exceeded with url: //0?embed=1&mode=tme (Caused by ProxyError('Unable to connect to proxy', OSError('Tunnel connection failed: 400 Bad Request')))
('Connection aborted.', RemoteDisconnected('Remote end closed connection without response'))
HTTPSConnectionPool(host='t.me', port=443): Max retries exceeded with url: //0?embed=1&mode=tme (Caused by ProxyError('Unable to connect to proxy', NewConnectionError('<urllib3.connection.HTTPSConnection object at 0xd7e6b2b0>: Failed to establish a new connection: [Errno 111] Connection refused')))
('Connection aborted.', RemoteDisconnected('Remote end closed connection without response'))
HTTPSConnectionPool(host='t.me', port=443): Read timed out. (read timeout=15)
HTTPSConnectionPool(host='t.me', port=443): Read timed out. (read timeout=15)
HTTPSConnectionPool(host='t.me', port=443): Max retries exceeded with url: //0?embed=1&mode=tme (Caused by ProxyError('Unable to connect to proxy', NewConnectionError('<urllib3.connection.HTTPSConnection object at 0xd7e6b3d0>: Failed to establish a new connection: [Errno 111] Connection refused')))
HTTPSConnectionPool(host='t.me', port=443): Max retries exceeded with url: //0?embed=1&mode=tme (Caused by ProxyError('Unable to connect to proxy', NewConnectionError('<urllib3.connection.HTTPSConnection object at 0xd7e6b4a8>: Failed to establish a new connection: [Errno 111] Connection refused')))
HTTPSConnectionPool(host='t.me', port=443): Max retries exceeded with url: //0?embed=1&mode=tme (Caused by ProxyError('Unable to connect to proxy', ConnectTimeoutError(<urllib3.connection.HTTPSConnection object at 0xd5c67fa0>, 'Connection to 88.99.10.252 timed out. (connect timeout=15)')))
HTTPSConnectionPool(host='t.me', port=443): Max retries exceeded with url: //0?embed=1&mode=tme (Caused by ProxyError('Unable to connect to proxy', NewConnectionError('<urllib3.connection.HTTPSConnection object at 0xd8b40ca0>: Failed to establish a new connection: [Errno 111] Connection refused')))
HTTPSConnectionPool(host='t.me', port=443): Max retries exceeded with url: //0?embed=1&mode=tme (Caused by ProxyError('Unable to connect to proxy', NewConnectionError('<urllib3.connection.HTTPSConnection object at 0xda2666d0>: Failed to establish a new connection: [Errno 111] Connection refused')))
HTTPSConnectionPool(host='t.me', port=443): Max retries exceeded with url: //0?embed=1&mode=tme (Caused by ProxyError('Unable to connect to proxy', ConnectTimeoutError(<urllib3.connection.HTTPSConnection object at 0xcae09ac0>, 'Connection to 82.165.105.48 timed out. (connect timeout=15)')))
HTTPSConnectionPool(host='t.me', port=443): Max retries exceeded with url: //0?embed=1&mode=tme (Caused by ProxyError('Unable to connect to proxy', NewConnectionError('<urllib3.connection.HTTPSConnection object at 0xc55b1f88>: Failed to establish a new connection: [Errno 111] Connection refused')))
HTTPSConnectionPool(host='t.me', port=443): Max retries exceeded with url: //0?embed=1&mode=tme (Caused by ProxyError('Unable to connect to proxy', OSError('Tunnel connection failed: 404 Not Found')))
HTTPSConnectionPool(host='t.me', port=443): Max retries exceeded with url: //0?embed=1&mode=tme (Caused by ProxyError('Unable to connect to proxy', ConnectTimeoutError(<urllib3.connection.HTTPSConnection object at 0xd723a148>, 'Connection to 188.34.164.99 timed out. (connect timeout=15)')))
HTTPSConnectionPool(host='t.me', port=443): Max retries exceeded with url: //0?embed=1&mode=tme (Caused by ProxyError('Unable to connect to proxy', ConnectTimeoutError(<urllib3.connection.HTTPSConnection object at 0xcae099b8>, 'Connection to 185.189.112.157 timed out. (connect timeout=15)')))
('Connection aborted.', RemoteDisconnected('Remote end closed connection without response'))
HTTPSConnectionPool(host='t.me', port=443): Max retries exceeded with url: //0?embed=1&mode=tme (Caused by ProxyError('Unable to connect to proxy', ConnectTimeoutError(<urllib3.connection.HTTPSConnection object at 0xd5011028>, 'Connection to 207.180.250.238 timed out. (connect timeout=15)')))
HTTPSConnectionPool(host='t.me', port=443): Max retries exceeded with url: //0?embed=1&mode=tme (Caused by ProxyError('Unable to connect to proxy', ConnectTimeoutError(<urllib3.connection.HTTPSConnection object at 0xd4396658>, 'Connection to 88.99.148.60 timed out. (connect timeout=15)')))
HTTPSConnectionPool(host='t.me', port=443): Max retries exceeded with url: //0?embed=1&mode=tme (Caused by ProxyError('Unable to connect to proxy', OSError('Tunnel connection failed: 400 Bad Request')))
HTTPSConnectionPool(host='t.me', port=443): Read timed out. (read timeout=15)
HTTPSConnectionPool(host='t.me', port=443): Max retries exceeded with url: //0?embed=1&mode=tme (Caused by ProxyError('Unable to connect to proxy', NewConnectionError('<urllib3.connection.HTTPSConnection object at 0xc76833a0>: Failed to establish a new connection: [Errno 111] Connection refused')))
HTTPSConnectionPool(host='t.me', port=443): Max retries exceeded with url: //0?embed=1&mode=tme (Caused by ProxyError('Unable to connect to proxy', NewConnectionError('<urllib3.connection.HTTPSConnection object at 0xc5a5e9b8>: Failed to establish a new connection: [Errno 111] Connection refused')))
HTTPSConnectionPool(host='t.me', port=443): Max retries exceeded with url: //0?embed=1&mode=tme (Caused by ProxyError('Unable to connect to proxy', ConnectTimeoutError(<urllib3.connection.HTTPSConnection object at 0xd43c18b0>, 'Connection to 78.47.103.89 timed out. (connect timeout=15)')))
HTTPSConnectionPool(host='t.me', port=443): Read timed out. (read timeout=15)
HTTPSConnectionPool(host='t.me', port=443): Max retries exceeded with url: //0?embed=1&mode=tme (Caused by ProxyError('Unable to connect to proxy', ConnectTimeoutError(<urllib3.connection.HTTPSConnection object at 0xd3844670>, 'Connection to 15.207.196.77 timed out. (connect timeout=15)')))
HTTPSConnectionPool(host='t.me', port=443): Max retries exceeded with url: //0?embed=1&mode=tme (Caused by ProxyError('Unable to connect to proxy', ConnectTimeoutError(<urllib3.connection.HTTPSConnection object at 0xc6238f58>, 'Connection to 103.174.102.127 timed out. (connect timeout=15)')))
HTTPSConnectionPool(host='t.me', port=443): Max retries exceeded with url: //0?embed=1&mode=tme (Caused by ProxyError('Unable to connect to proxy', ConnectTimeoutError(<urllib3.connection.HTTPSConnection object at 0xd50115c8>, 'Connection to 46.101.160.223 timed out. (connect timeout=15)')))
('Connection aborted.', RemoteDisconnected('Remote end closed connection without response'))
HTTPSConnectionPool(host='t.me', port=443): Max retries exceeded with url: //0?embed=1&mode=tme (Caused by SSLError(SSLCertVerificationError(1, '[SSL: CERTIFICATE_VERIFY_FAILED] certificate verify failed: self signed certificate in certificate chain (_ssl.c:1129)')))
HTTPSConnectionPool(host='t.me', port=443): Max retries exceeded with url: //0?embed=1&mode=tme (Caused by ProxyError('Unable to connect to proxy', ConnectTimeoutError(<urllib3.connection.HTTPSConnection object at 0xd43ce7d8>, 'Connection to 103.155.54.26 timed out. (connect timeout=15)')))
HTTPSConnectionPool(host='t.me', port=443): Max retries exceeded with url: //0?embed=1&mode=tme (Caused by ProxyError('Unable to connect to proxy', NewConnectionError('<urllib3.connection.HTTPSConnection object at 0xc71499d0>: Failed to establish a new connection: [Errno 111] Connection refused')))
HTTPSConnectionPool(host='t.me', port=443): Max retries exceeded with url: //0?embed=1&mode=tme (Caused by ProxyError('Unable to connect to proxy', NewConnectionError('<urllib3.connection.HTTPSConnection object at 0xc5dc1658>: Failed to establish a new connection: [Errno 111] Connection refused')))
HTTPSConnectionPool(host='t.me', port=443): Max retries exceeded with url: //0?embed=1&mode=tme (Caused by ProxyError('Unable to connect to proxy', ConnectTimeoutError(<urllib3.connection.HTTPSConnection object at 0xd723a268>, 'Connection to 18.195.164.53 timed out. (connect timeout=15)')))
HTTPSConnectionPool(host='t.me', port=443): Max retries exceeded with url: //0?embed=1&mode=tme (Caused by ProxyError('Unable to connect to proxy', OSError('Tunnel connection failed: 400 Bad Request')))
HTTPSConnectionPool(host='t.me', port=443): Max retries exceeded with url: //0?embed=1&mode=tme (Caused by ProxyError('Unable to connect to proxy', NewConnectionError('<urllib3.connection.HTTPSConnection object at 0xdacd9148>: Failed to establish a new connection: [Errno 111] Connection refused')))
('Connection aborted.', RemoteDisconnected('Remote end closed connection without response'))
HTTPSConnectionPool(host='t.me', port=443): Max retries exceeded with url: //0?embed=1&mode=tme (Caused by ProxyError('Unable to connect to proxy', ConnectTimeoutError(<urllib3.connection.HTTPSConnection object at 0xd723a760>, 'Connection to 182.72.203.246 timed out. (connect timeout=15)')))
HTTPSConnectionPool(host='t.me', port=443): Max retries exceeded with url: //0?embed=1&mode=tme (Caused by ProxyError('Unable to connect to proxy', ConnectTimeoutError(<urllib3.connection.HTTPSConnection object at 0xd43966d0>, 'Connection to 103.206.208.135 timed out. (connect timeout=15)')))
HTTPSConnectionPool(host='t.me', port=443): Max retries exceeded with url: //0?embed=1&mode=tme (Caused by ProxyError('Unable to connect to proxy', ConnectTimeoutError(<urllib3.connection.HTTPSConnection object at 0xd723a358>, 'Connection to 103.243.114.206 timed out. (connect timeout=15)')))
HTTPSConnectionPool(host='t.me', port=443): Max retries exceeded with url: //0?embed=1&mode=tme (Caused by ProxyError('Unable to connect to proxy', NewConnectionError('<urllib3.connection.HTTPSConnection object at 0xc520b268>: Failed to establish a new connection: [Errno 111] Connection refused')))
HTTPSConnectionPool(host='t.me', port=443): Max retries exceeded with url: //0?embed=1&mode=tme (Caused by ProxyError('Unable to connect to proxy', ConnectTimeoutError(<urllib3.connection.HTTPSConnection object at 0xd66c91d8>, 'Connection to 103.160.207.49 timed out. (connect timeout=15)')))
HTTPSConnectionPool(host='t.me', port=443): Max retries exceeded with url: //0?embed=1&mode=tme (Caused by ProxyError('Unable to connect to proxy', ConnectTimeoutError(<urllib3.connection.HTTPSConnection object at 0xd43b47f0>, 'Connection to 103.125.154.233 timed out. (connect timeout=15)')))
HTTPSConnectionPool(host='t.me', port=443): Max retries exceeded with url: //0?embed=1&mode=tme (Caused by ProxyError('Unable to connect to proxy', NewConnectionError('<urllib3.connection.HTTPSConnection object at 0xc55b1fb8>: Failed to establish a new connection: [Errno 111] Connection refused')))
HTTPSConnectionPool(host='t.me', port=443): Max retries exceeded with url: //0?embed=1&mode=tme (Caused by ProxyError('Unable to connect to proxy', OSError('Tunnel connection failed: 400 Bad Request')))
HTTPSConnectionPool(host='t.me', port=443): Max retries exceeded with url: //0?embed=1&mode=tme (Caused by ProxyError('Unable to connect to proxy', ConnectTimeoutError(<urllib3.connection.HTTPSConnection object at 0xd7203808>, 'Connection to 59.92.70.176 timed out. (connect timeout=15)')))
HTTPSConnectionPool(host='t.me', port=443): Max retries exceeded with url: //0?embed=1&mode=tme (Caused by ProxyError('Unable to connect to proxy', ConnectTimeoutError(<urllib3.connection.HTTPSConnection object at 0xd66c93e8>, 'Connection to 103.51.21.250 timed out. (connect timeout=15)')))
HTTPSConnectionPool(host='t.me', port=443): Max retries exceeded with url: //0?embed=1&mode=tme (Caused by ProxyError('Unable to connect to proxy', ConnectTimeoutError(<urllib3.connection.HTTPSConnection object at 0xd4ff4f58>, 'Connection to 193.56.255.179 timed out. (connect timeout=15)')))
HTTPSConnectionPool(host='t.me', port=443): Max retries exceeded with url: //0?embed=1&mode=tme (Caused by ProxyError('Unable to connect to proxy', OSError('Tunnel connection failed: 500 Internal Server Error')))
HTTPSConnectionPool(host='t.me', port=443): Max retries exceeded with url: //0?embed=1&mode=tme (Caused by ProxyError('Unable to connect to proxy', ConnectTimeoutError(<urllib3.connection.HTTPSConnection object at 0xd3854748>, 'Connection to 13.229.107.106 timed out. (connect timeout=15)')))
HTTPSConnectionPool(host='t.me', port=443): Max retries exceeded with url: //0?embed=1&mode=tme (Caused by ProxyError('Unable to connect to proxy', OSError('Tunnel connection failed: 400 Bad Request')))
HTTPSConnectionPool(host='t.me', port=443): Max retries exceeded with url: //0?embed=1&mode=tme (Caused by ProxyError('Unable to connect to proxy', ConnectTimeoutError(<urllib3.connection.HTTPSConnection object at 0xd3854598>, 'Connection to 103.134.165.38 timed out. (connect timeout=15)')))
HTTPSConnectionPool(host='t.me', port=443): Max retries exceeded with url: //0?embed=1&mode=tme (Caused by ProxyError('Unable to connect to proxy', NewConnectionError('<urllib3.connection.HTTPSConnection object at 0xca271dd8>: Failed to establish a new connection: [Errno 111] Connection refused')))
HTTPSConnectionPool(host='t.me', port=443): Max retries exceeded with url: //0?embed=1&mode=tme (Caused by ProxyError('Unable to connect to proxy', NewConnectionError('<urllib3.connection.HTTPSConnection object at 0xc7265910>: Failed to establish a new connection: [Errno 113] No route to host')))
HTTPSConnectionPool(host='t.me', port=443): Max retries exceeded with url: //0?embed=1&mode=tme (Caused by ProxyError('Unable to connect to proxy', ConnectTimeoutError(<urllib3.connection.HTTPSConnection object at 0xd4396298>, 'Connection to 119.81.71.27 timed out. (connect timeout=15)')))
('Connection aborted.', RemoteDisconnected('Remote end closed connection without response'))
HTTPSConnectionPool(host='t.me', port=443): Max retries exceeded with url: //0?embed=1&mode=tme (Caused by ProxyError('Unable to connect to proxy', ConnectTimeoutError(<urllib3.connection.HTTPSConnection object at 0xd2827598>, 'Connection to 139.180.140.254 timed out. (connect timeout=15)')))
HTTPSConnectionPool(host='t.me', port=443): Max retries exceeded with url: //0?embed=1&mode=tme (Caused by ProxyError('Unable to connect to proxy', ConnectTimeoutError(<urllib3.connection.HTTPSConnection object at 0xd3873eb0>, 'Connection to 119.81.71.27 timed out. (connect timeout=15)')))
HTTPSConnectionPool(host='t.me', port=443): Max retries exceeded with url: //0?embed=1&mode=tme (Caused by ProxyError('Unable to connect to proxy', ConnectTimeoutError(<urllib3.connection.HTTPSConnection object at 0xd1ac5898>, 'Connection to 18.141.177.23 timed out. (connect timeout=15)')))
HTTPSConnectionPool(host='t.me', port=443): Max retries exceeded with url: //0?embed=1&mode=tme (Caused by ProxyError('Unable to connect to proxy', ConnectTimeoutError(<urllib3.connection.HTTPSConnection object at 0xd27f96e8>, 'Connection to 34.126.187.77 timed out. (connect timeout=15)')))
HTTPSConnectionPool(host='t.me', port=443): Max retries exceeded with url: //0?embed=1&mode=tme (Caused by ProxyError('Unable to connect to proxy', ConnectTimeoutError(<urllib3.connection.HTTPSConnection object at 0xe2dd6dc0>, 'Connection to 103.82.157.102 timed out. (connect timeout=15)')))
HTTPSConnectionPool(host='t.me', port=443): Max retries exceeded with url: //0?embed=1&mode=tme (Caused by ProxyError('Unable to connect to proxy', ConnectTimeoutError(<urllib3.connection.HTTPSConnection object at 0xd2808d78>, 'Connection to 34.87.103.220 timed out. (connect timeout=15)')))
('Connection aborted.', RemoteDisconnected('Remote end closed connection without response'))
HTTPSConnectionPool(host='t.me', port=443): Max retries exceeded with url: //0?embed=1&mode=tme (Caused by ProxyError('Unable to connect to proxy', NewConnectionError('<urllib3.connection.HTTPSConnection object at 0xd722aa60>: Failed to establish a new connection: [Errno 111] Connection refused')))
HTTPSConnectionPool(host='t.me', port=443): Max retries exceeded with url: //0?embed=1&mode=tme (Caused by ProxyError('Unable to connect to proxy', ConnectTimeoutError(<urllib3.connection.HTTPSConnection object at 0xd2813478>, 'Connection to 51.79.249.186 timed out. (connect timeout=15)')))
HTTPSConnectionPool(host='t.me', port=443): Max retries exceeded with url: //0?embed=1&mode=tme (Caused by ProxyError('Unable to connect to proxy', ConnectTimeoutError(<urllib3.connection.HTTPSConnection object at 0xd43a1628>, 'Connection to 85.172.0.30 timed out. (connect timeout=15)')))
HTTPSConnectionPool(host='t.me', port=443): Max retries exceeded with url: //0?embed=1&mode=tme (Caused by ProxyError('Unable to connect to proxy', ConnectTimeoutError(<urllib3.connection.HTTPSConnection object at 0xd2808ef8>, 'Connection to 165.154.236.214 timed out. (connect timeout=15)')))
HTTPSConnectionPool(host='t.me', port=443): Max retries exceeded with url: //0?embed=1&mode=tme (Caused by ProxyError('Unable to connect to proxy', ConnectTimeoutError(<urllib3.connection.HTTPSConnection object at 0xe014d028>, 'Connection to 194.186.35.70 timed out. (connect timeout=15)')))
HTTPSConnectionPool(host='t.me', port=443): Max retries exceeded with url: //0?embed=1&mode=tme (Caused by ProxyError('Unable to connect to proxy', OSError('Tunnel connection failed: 400 Bad Request')))
HTTPSConnectionPool(host='t.me', port=443): Max retries exceeded with url: //0?embed=1&mode=tme (Caused by ProxyError('Unable to connect to proxy', NewConnectionError('<urllib3.connection.HTTPSConnection object at 0xd4ff4940>: Failed to establish a new connection: [Errno 111] Connection refused')))
HTTPSConnectionPool(host='t.me', port=443): Max retries exceeded with url: //0?embed=1&mode=tme (Caused by ProxyError('Unable to connect to proxy', NewConnectionError('<urllib3.connection.HTTPSConnection object at 0xd3854d00>: Failed to establish a new connection: [Errno 111] Connection refused')))
HTTPSConnectionPool(host='t.me', port=443): Max retries exceeded with url: //0?embed=1&mode=tme (Caused by ProxyError('Unable to connect to proxy', NewConnectionError('<urllib3.connection.HTTPSConnection object at 0xd4ff4e50>: Failed to establish a new connection: [Errno 111] Connection refused')))
HTTPSConnectionPool(host='t.me', port=443): Max retries exceeded with url: //0?embed=1&mode=tme (Caused by ProxyError('Unable to connect to proxy', NewConnectionError('<urllib3.connection.HTTPSConnection object at 0xc61c2088>: Failed to establish a new connection: [Errno 111] Connection refused')))
HTTPSConnectionPool(host='t.me', port=443): Max retries exceeded with url: //0?embed=1&mode=tme (Caused by ProxyError('Unable to connect to proxy', ConnectTimeoutError(<urllib3.connection.HTTPSConnection object at 0xd1afd7c0>, 'Connection to 79.122.230.20 timed out. (connect timeout=15)')))
HTTPSConnectionPool(host='t.me', port=443): Max retries exceeded with url: //0?embed=1&mode=tme (Caused by ProxyError('Unable to connect to proxy', ConnectTimeoutError(<urllib3.connection.HTTPSConnection object at 0xd43a1d78>, 'Connection to 91.213.249.200 timed out. (connect timeout=15)')))
HTTPSConnectionPool(host='t.me', port=443): Max retries exceeded with url: //0?embed=1&mode=tme (Caused by ProxyError('Unable to connect to proxy', NewConnectionError('<urllib3.connection.HTTPSConnection object at 0xd7e6b550>: Failed to establish a new connection: [Errno 111] Connection refused')))
HTTPSConnectionPool(host='t.me', port=443): Max retries exceeded with url: //0?embed=1&mode=tme (Caused by ProxyError('Unable to connect to proxy', ConnectTimeoutError(<urllib3.connection.HTTPSConnection object at 0xd43a1d90>, 'Connection to 92.255.205.129 timed out. (connect timeout=15)')))
HTTPSConnectionPool(host='t.me', port=443): Max retries exceeded with url: //0?embed=1&mode=tme (Caused by ProxyError('Unable to connect to proxy', ConnectTimeoutError(<urllib3.connection.HTTPSConnection object at 0xd4ff4628>, 'Connection to 18.142.81.218 timed out. (connect timeout=15)')))
HTTPSConnectionPool(host='t.me', port=443): Max retries exceeded with url: //0?embed=1&mode=tme (Caused by ProxyError('Unable to connect to proxy', NewConnectionError('<urllib3.connection.HTTPSConnection object at 0xc5c9d5e0>: Failed to establish a new connection: [Errno 111] Connection refused')))
HTTPSConnectionPool(host='t.me', port=443): Max retries exceeded with url: //0?embed=1&mode=tme (Caused by ProxyError('Unable to connect to proxy', ConnectTimeoutError(<urllib3.connection.HTTPSConnection object at 0xd43b4e20>, 'Connection to 194.186.127.60 timed out. (connect timeout=15)')))
HTTPSConnectionPool(host='t.me', port=443): Max retries exceeded with url: //0?embed=1&mode=tme (Caused by ProxyError('Unable to connect to proxy', NewConnectionError('<urllib3.connection.HTTPSConnection object at 0xd43b4730>: Failed to establish a new connection: [Errno 111] Connection refused')))
HTTPSConnectionPool(host='t.me', port=443): Max retries exceeded with url: //0?embed=1&mode=tme (Caused by ProxyError('Unable to connect to proxy', ConnectTimeoutError(<urllib3.connection.HTTPSConnection object at 0xd27f9520>, 'Connection to 46.160.129.189 timed out. (connect timeout=15)')))
HTTPSConnectionPool(host='t.me', port=443): Max retries exceeded with url: //0?embed=1&mode=tme (Caused by ProxyError('Unable to connect to proxy', ConnectTimeoutError(<urllib3.connection.HTTPSConnection object at 0xd28088f8>, 'Connection to 149.126.101.162 timed out. (connect timeout=15)')))
HTTPSConnectionPool(host='t.me', port=443): Max retries exceeded with url: //0?embed=1&mode=tme (Caused by ProxyError('Unable to connect to proxy', ConnectTimeoutError(<urllib3.connection.HTTPSConnection object at 0xd0d3bcb8>, 'Connection to 51.158.68.68 timed out. (connect timeout=15)')))
HTTPSConnectionPool(host='t.me', port=443): Max retries exceeded with url: //0?embed=1&mode=tme (Caused by ProxyError('Unable to connect to proxy', OSError('Tunnel connection failed: 400 Bad Request')))
HTTPSConnectionPool(host='t.me', port=443): Max retries exceeded with url: //0?embed=1&mode=tme (Caused by ProxyError('Unable to connect to proxy', ConnectTimeoutError(<urllib3.connection.HTTPSConnection object at 0xe68a1100>, 'Connection to 85.235.184.186 timed out. (connect timeout=15)')))
HTTPSConnectionPool(host='t.me', port=443): Max retries exceeded with url: //0?embed=1&mode=tme (Caused by ProxyError('Unable to connect to proxy', NewConnectionError('<urllib3.connection.HTTPSConnection object at 0xc6238f40>: Failed to establish a new connection: [Errno 111] Connection refused')))
HTTPSConnectionPool(host='t.me', port=443): Max retries exceeded with url: //0?embed=1&mode=tme (Caused by ProxyError('Unable to connect to proxy', ConnectTimeoutError(<urllib3.connection.HTTPSConnection object at 0xe712f670>, 'Connection to 77.233.5.68 timed out. (connect timeout=15)')))
HTTPSConnectionPool(host='t.me', port=443): Max retries exceeded with url: //0?embed=1&mode=tme (Caused by ProxyError('Unable to connect to proxy', ConnectTimeoutError(<urllib3.connection.HTTPSConnection object at 0xcf380538>, 'Connection to 146.59.243.214 timed out. (connect timeout=15)')))
HTTPSConnectionPool(host='t.me', port=443): Max retries exceeded with url: //0?embed=1&mode=tme (Caused by ProxyError('Unable to connect to proxy', OSError('Tunnel connection failed: 407 Proxy Authentication Required')))
HTTPSConnectionPool(host='t.me', port=443): Max retries exceeded with url: //0?embed=1&mode=tme (Caused by ProxyError('Unable to connect to proxy', NewConnectionError('<urllib3.connection.HTTPSConnection object at 0xd43cecb8>: Failed to establish a new connection: [Errno 111] Connection refused')))
HTTPSConnectionPool(host='t.me', port=443): Max retries exceeded with url: //0?embed=1&mode=tme (Caused by ProxyError('Unable to connect to proxy', ConnectTimeoutError(<urllib3.connection.HTTPSConnection object at 0xea589d48>, 'Connection to 159.8.114.37 timed out. (connect timeout=15)')))
HTTPSConnectionPool(host='t.me', port=443): Max retries exceeded with url: //0?embed=1&mode=tme (Caused by ProxyError('Unable to connect to proxy', ConnectTimeoutError(<urllib3.connection.HTTPSConnection object at 0xcfeef748>, 'Connection to 46.0.203.186 timed out. (connect timeout=15)')))
HTTPSConnectionPool(host='t.me', port=443): Max retries exceeded with url: //0?embed=1&mode=tme (Caused by ProxyError('Unable to connect to proxy', ConnectTimeoutError(<urllib3.connection.HTTPSConnection object at 0xd0d2c9e8>, 'Connection to 35.180.188.216 timed out. (connect timeout=15)')))
HTTPSConnectionPool(host='t.me', port=443): Max retries exceeded with url: //0?embed=1&mode=tme (Caused by ProxyError('Unable to connect to proxy', ConnectTimeoutError(<urllib3.connection.HTTPSConnection object at 0xd1afd850>, 'Connection to 51.159.134.210 timed out. (connect timeout=15)')))
HTTPSConnectionPool(host='t.me', port=443): Max retries exceeded with url: //0?embed=1&mode=tme (Caused by ProxyError('Unable to connect to proxy', OSError('Tunnel connection failed: 400 Bad Request')))
HTTPSConnectionPool(host='t.me', port=443): Max retries exceeded with url: //0?embed=1&mode=tme (Caused by ProxyError('Unable to connect to proxy', ConnectTimeoutError(<urllib3.connection.HTTPSConnection object at 0xcf3809a0>, 'Connection to 51.158.172.165 timed out. (connect timeout=15)')))
HTTPSConnectionPool(host='t.me', port=443): Max retries exceeded with url: //0?embed=1&mode=tme (Caused by ProxyError('Unable to connect to proxy', ConnectTimeoutError(<urllib3.connection.HTTPSConnection object at 0xcf3801c0>, 'Connection to 51.178.165.36 timed out. (connect timeout=15)')))
HTTPSConnectionPool(host='t.me', port=443): Max retries exceeded with url: //0?embed=1&mode=tme (Caused by ProxyError('Unable to connect to proxy', ConnectTimeoutError(<urllib3.connection.HTTPSConnection object at 0xcf39d6b8>, 'Connection to 119.81.189.194 timed out. (connect timeout=15)')))
HTTPSConnectionPool(host='t.me', port=443): Max retries exceeded with url: //0?embed=1&mode=tme (Caused by ProxyError('Unable to connect to proxy', OSError('Tunnel connection failed: 502 Bad Gateway')))
HTTPSConnectionPool(host='t.me', port=443): Max retries exceeded with url: //0?embed=1&mode=tme (Caused by ProxyError('Unable to connect to proxy', ConnectTimeoutError(<urllib3.connection.HTTPSConnection object at 0xe6883730>, 'Connection to 119.81.189.194 timed out. (connect timeout=15)')))
HTTPSConnectionPool(host='t.me', port=443): Max retries exceeded with url: //0?embed=1&mode=tme (Caused by ProxyError('Unable to connect to proxy', ConnectTimeoutError(<urllib3.connection.HTTPSConnection object at 0xd2808e98>, 'Connection to 54.36.81.217 timed out. (connect timeout=15)')))
HTTPSConnectionPool(host='t.me', port=443): Max retries exceeded with url: //0?embed=1&mode=tme (Caused by ProxyError('Unable to connect to proxy', ConnectTimeoutError(<urllib3.connection.HTTPSConnection object at 0xcf380988>, 'Connection to 5.135.136.60 timed out. (connect timeout=15)')))
HTTPSConnectionPool(host='t.me', port=443): Max retries exceeded with url: //0?embed=1&mode=tme (Caused by ProxyError('Unable to connect to proxy', ConnectTimeoutError(<urllib3.connection.HTTPSConnection object at 0xcf38c5e0>, 'Connection to 193.239.86.249 timed out. (connect timeout=15)')))
HTTPSConnectionPool(host='t.me', port=443): Max retries exceeded with url: //0?embed=1&mode=tme (Caused by ProxyError('Unable to connect to proxy', OSError('Tunnel connection failed: 400 Bad Request')))
HTTPSConnectionPool(host='t.me', port=443): Max retries exceeded with url: //0?embed=1&mode=tme (Caused by ProxyError('Unable to connect to proxy', ConnectTimeoutError(<urllib3.connection.HTTPSConnection object at 0xd1ad5820>, 'Connection to 37.187.88.32 timed out. (connect timeout=15)')))
HTTPSConnectionPool(host='t.me', port=443): Max retries exceeded with url: //0?embed=1&mode=tme (Caused by ProxyError('Unable to connect to proxy', ConnectTimeoutError(<urllib3.connection.HTTPSConnection object at 0xd1af0df0>, 'Connection to 193.239.86.248 timed out. (connect timeout=15)')))
HTTPSConnectionPool(host='t.me', port=443): Max retries exceeded with url: //0?embed=1&mode=tme (Caused by ProxyError('Unable to connect to proxy', NewConnectionError('<urllib3.connection.HTTPSConnection object at 0xc71ce658>: Failed to establish a new connection: [Errno 111] Connection refused')))
HTTPSConnectionPool(host='t.me', port=443): Max retries exceeded with url: //0?embed=1&mode=tme (Caused by ProxyError('Unable to connect to proxy', NewConnectionError('<urllib3.connection.HTTPSConnection object at 0xd0d3b100>: Failed to establish a new connection: [Errno 111] Connection refused')))
HTTPSConnectionPool(host='t.me', port=443): Max retries exceeded with url: //0?embed=1&mode=tme (Caused by ProxyError('Unable to connect to proxy', ConnectTimeoutError(<urllib3.connection.HTTPSConnection object at 0xd1af04f0>, 'Connection to 20.187.77.5 timed out. (connect timeout=15)')))
HTTPSConnectionPool(host='t.me', port=443): Max retries exceeded with url: //0?embed=1&mode=tme (Caused by ProxyError('Unable to connect to proxy', ConnectTimeoutError(<urllib3.connection.HTTPSConnection object at 0xd0d1c0d0>, 'Connection to 202.162.105.202 timed out. (connect timeout=15)')))
HTTPSConnectionPool(host='t.me', port=443): Max retries exceeded with url: //0?embed=1&mode=tme (Caused by ProxyError('Unable to connect to proxy', ConnectTimeoutError(<urllib3.connection.HTTPSConnection object at 0xe17f3ee0>, 'Connection to 193.239.86.247 timed out. (connect timeout=15)')))
HTTPSConnectionPool(host='t.me', port=443): Max retries exceeded with url: //0?embed=1&mode=tme (Caused by ProxyError('Unable to connect to proxy', NewConnectionError('<urllib3.connection.HTTPSConnection object at 0xd0d3be68>: Failed to establish a new connection: [Errno 111] Connection refused')))
HTTPSConnectionPool(host='t.me', port=443): Max retries exceeded with url: //0?embed=1&mode=tme (Caused by ProxyError('Unable to connect to proxy', ConnectTimeoutError(<urllib3.connection.HTTPSConnection object at 0xce95ea18>, 'Connection to 223.18.60.191 timed out. (connect timeout=15)')))
                                                                                                                                                                                                                                                                                                                                                                                                                                                                                                                                                                                                               HTTPSConnectionPool(host='t.me', port=443): Max retries exceeded with url: //0?embed=1&mode=tme (Caused by ProxyError('Unable to connect to proxy', OSError('Tunnel connection failed: 400 Bad Request')))
HTTPSConnectionPool(host='t.me', port=443): Max retries exceeded with url: //0?embed=1&mode=tme (Caused by ProxyError('Unable to connect to proxy', NewConnectionError('<urllib3.connection.HTTPSConnection object at 0xc720baa8>: Failed to establish a new connection: [Errno 111] Connection refused')))
HTTPSConnectionPool(host='t.me', port=443): Max retries exceeded with url: //0?embed=1&mode=tme (Caused by ProxyError('Unable to connect to proxy', ConnectTimeoutError(<urllib3.connection.HTTPSConnection object at 0xcfefb190>, 'Connection to 202.162.105.202 timed out. (connect timeout=15)')))
HTTPSConnectionPool(host='t.me', port=443): Max retries exceeded with url: //0?embed=1&mode=tme (Caused by ProxyError('Unable to connect to proxy', ConnectTimeoutError(<urllib3.connection.HTTPSConnection object at 0xcfed3790>, 'Connection to 165.154.224.14 timed out. (connect timeout=15)')))
HTTPSConnectionPool(host='t.me', port=443): Max retries exceeded with url: //0?embed=1&mode=tme (Caused by ProxyError('Unable to connect to proxy', ConnectTimeoutError(<urllib3.connection.HTTPSConnection object at 0xcfeeff10>, 'Connection to 103.234.55.173 timed out. (connect timeout=15)')))
HTTPSConnectionPool(host='t.me', port=443): Max retries exceeded with url: //0?embed=1&mode=tme (Caused by ProxyError('Unable to connect to proxy', NewConnectionError('<urllib3.connection.HTTPSConnection object at 0xdacd9790>: Failed to establish a new connection: [Errno 111] Connection refused')))
('Connection aborted.', RemoteDisconnected('Remote end closed connection without response'))
HTTPSConnectionPool(host='t.me', port=443): Max retries exceeded with url: //0?embed=1&mode=tme (Caused by ProxyError('Unable to connect to proxy', NewConnectionError('<urllib3.connection.HTTPSConnection object at 0xd0d3be38>: Failed to establish a new connection: [Errno 111] Connection refused')))
HTTPSConnectionPool(host='t.me', port=443): Max retries exceeded with url: //0?embed=1&mode=tme (Caused by ProxyError('Unable to connect to proxy', NewConnectionError('<urllib3.connection.HTTPSConnection object at 0xc720b490>: Failed to establish a new connection: [Errno 111] Connection refused')))
HTTPSConnectionPool(host='t.me', port=443): Max retries exceeded with url: //0?embed=1&mode=tme (Caused by ProxyError('Unable to connect to proxy', NewConnectionError('<urllib3.connection.HTTPSConnection object at 0xd1ae0538>: Failed to establish a new connection: [Errno 111] Connection refused')))
('Connection aborted.', ConnectionResetError(104, 'Connection reset by peer'))
HTTPSConnectionPool(host='t.me', port=443): Max retries exceeded with url: //0?embed=1&mode=tme (Caused by ProxyError('Unable to connect to proxy', ConnectTimeoutError(<urllib3.connection.HTTPSConnection object at 0xce950ef8>, 'Connection to 125.87.82.86 timed out. (connect timeout=15)')))
HTTPSConnectionPool(host='t.me', port=443): Max retries exceeded with url: //0?embed=1&mode=tme (Caused by ProxyError('Unable to connect to proxy', ConnectTimeoutError(<urllib3.connection.HTTPSConnection object at 0xd8b332f8>, 'Connection to 113.195.224.222 timed out. (connect timeout=15)')))
HTTPSConnectionPool(host='t.me', port=443): Max retries exceeded with url: //0?embed=1&mode=tme (Caused by ProxyError('Unable to connect to proxy', NewConnectionError('<urllib3.connection.HTTPSConnection object at 0xd1ac5988>: Failed to establish a new connection: [Errno 113] No route to host')))
HTTPSConnectionPool(host='t.me', port=443): Max retries exceeded with url: //0?embed=1&mode=tme (Caused by ProxyError('Unable to connect to proxy', ConnectTimeoutError(<urllib3.connection.HTTPSConnection object at 0xd96dcf88>, 'Connection to 116.242.89.230 timed out. (connect timeout=15)')))
HTTPSConnectionPool(host='t.me', port=443): Max retries exceeded with url: //0?embed=1&mode=tme (Caused by ProxyError('Unable to connect to proxy', ConnectTimeoutError(<urllib3.connection.HTTPSConnection object at 0xcdb10e38>, 'Connection to 113.121.240.114 timed out. (connect timeout=15)')))
HTTPSConnectionPool(host='t.me', port=443): Max retries exceeded with url: //0?embed=1&mode=tme (Caused by ProxyError('Unable to connect to proxy', ConnectTimeoutError(<urllib3.connection.HTTPSConnection object at 0xd66e8898>, 'Connection to 36.7.252.165 timed out. (connect timeout=15)')))
HTTPSConnectionPool(host='t.me', port=443): Max retries exceeded with url: //0?embed=1&mode=tme (Caused by ProxyError('Unable to connect to proxy', ConnectTimeoutError(<urllib3.connection.HTTPSConnection object at 0xd66e8880>, 'Connection to 112.98.218.73 timed out. (connect timeout=15)')))
HTTPSConnectionPool(host='t.me', port=443): Max retries exceeded with url: //0?embed=1&mode=tme (Caused by ProxyError('Unable to connect to proxy', ConnectTimeoutError(<urllib3.connection.HTTPSConnection object at 0xcdb30460>, 'Connection to 115.221.242.131 timed out. (connect timeout=15)')))
HTTPSConnectionPool(host='t.me', port=443): Max retries exceeded with url: //0?embed=1&mode=tme (Caused by ProxyError('Unable to connect to proxy', ConnectTimeoutError(<urllib3.connection.HTTPSConnection object at 0xce950f40>, 'Connection to 183.164.254.8 timed out. (connect timeout=15)')))
HTTPSConnectionPool(host='t.me', port=443): Max retries exceeded with url: //0?embed=1&mode=tme (Caused by ProxyError('Unable to connect to proxy', NewConnectionError('<urllib3.connection.HTTPSConnection object at 0xcf380100>: Failed to establish a new connection: [Errno 111] Connection refused')))
HTTPSConnectionPool(host='t.me', port=443): Max retries exceeded with url: //0?embed=1&mode=tme (Caused by ProxyError('Unable to connect to proxy', ConnectTimeoutError(<urllib3.connection.HTTPSConnection object at 0xc5b7aee0>, 'Connection to 223.113.89.138 timed out. (connect timeout=15)')))
HTTPSConnectionPool(host='t.me', port=443): Max retries exceeded with url: //0?embed=1&mode=tme (Caused by ProxyError('Unable to connect to proxy', ConnectTimeoutError(<urllib3.connection.HTTPSConnection object at 0xcdb02508>, 'Connection to 106.45.221.168 timed out. (connect timeout=15)')))
('Connection aborted.', RemoteDisconnected('Remote end closed connection without response'))
HTTPSConnectionPool(host='t.me', port=443): Max retries exceeded with url: //0?embed=1&mode=tme (Caused by ProxyError('Unable to connect to proxy', ConnectTimeoutError(<urllib3.connection.HTTPSConnection object at 0xc83da0e8>, 'Connection to 178.128.172.154 timed out. (connect timeout=15)')))
HTTPSConnectionPool(host='t.me', port=443): Max retries exceeded with url: //0?embed=1&mode=tme (Caused by ProxyError('Unable to connect to proxy', NewConnectionError('<urllib3.connection.HTTPSConnection object at 0xdb85a460>: Failed to establish a new connection: [Errno 113] No route to host')))
HTTPSConnectionPool(host='t.me', port=443): Max retries exceeded with url: //0?embed=1&mode=tme (Caused by ProxyError('Unable to connect to proxy', ConnectTimeoutError(<urllib3.connection.HTTPSConnection object at 0xd2827628>, 'Connection to 217.172.122.14 timed out. (connect timeout=15)')))
HTTPSConnectionPool(host='t.me', port=443): Max retries exceeded with url: //0?embed=1&mode=tme (Caused by ProxyError('Unable to connect to proxy', ConnectTimeoutError(<urllib3.connection.HTTPSConnection object at 0xcd1db3a0>, 'Connection to 92.207.253.226 timed out. (connect timeout=15)')))
HTTPSConnectionPool(host='t.me', port=443): Max retries exceeded with url: //0?embed=1&mode=tme (Caused by ProxyError('Unable to connect to proxy', NewConnectionError('<urllib3.connection.HTTPSConnection object at 0xc71a34d8>: Failed to establish a new connection: [Errno 111] Connection refused')))
HTTPSConnectionPool(host='t.me', port=443): Max retries exceeded with url: //0?embed=1&mode=tme (Caused by ProxyError('Unable to connect to proxy', ConnectTimeoutError(<urllib3.connection.HTTPSConnection object at 0xcd1d12e0>, 'Connection to 80.194.38.106 timed out. (connect timeout=15)')))
HTTPSConnectionPool(host='t.me', port=443): Max retries exceeded with url: //0?embed=1&mode=tme (Caused by ProxyError('Unable to connect to proxy', ConnectTimeoutError(<urllib3.connection.HTTPSConnection object at 0xcd1d1370>, 'Connection to 43.251.119.79 timed out. (connect timeout=15)')))
HTTPSConnectionPool(host='t.me', port=443): Max retries exceeded with url: //0?embed=1&mode=tme (Caused by ProxyError('Unable to connect to proxy', ConnectTimeoutError(<urllib3.connection.HTTPSConnection object at 0xd0d3b148>, 'Connection to 121.206.205.75 timed out. (connect timeout=15)')))
HTTPSConnectionPool(host='t.me', port=443): Max retries exceeded with url: //0?embed=1&mode=tme (Caused by ProxyError('Unable to connect to proxy', OSError('Tunnel connection failed: 400 Bad Request')))
HTTPSConnectionPool(host='t.me', port=443): Max retries exceeded with url: //0?embed=1&mode=tme (Caused by ProxyError('Unable to connect to proxy', ConnectTimeoutError(<urllib3.connection.HTTPSConnection object at 0xcbb1c208>, 'Connection to 45.159.150.23 timed out. (connect timeout=15)')))
HTTPSConnectionPool(host='t.me', port=443): Max retries exceeded with url: //0?embed=1&mode=tme (Caused by ProxyError('Unable to connect to proxy', ConnectTimeoutError(<urllib3.connection.HTTPSConnection object at 0xcdb30940>, 'Connection to 217.219.74.130 timed out. (connect timeout=15)')))
HTTPSConnectionPool(host='t.me', port=443): Max retries exceeded with url: //0?embed=1&mode=tme (Caused by ProxyError('Unable to connect to proxy', ConnectTimeoutError(<urllib3.connection.HTTPSConnection object at 0xc83da178>, 'Connection to 213.171.214.19 timed out. (connect timeout=15)')))
HTTPSConnectionPool(host='t.me', port=443): Max retries exceeded with url: //0?embed=1&mode=tme (Caused by ProxyError('Unable to connect to proxy', ConnectTimeoutError(<urllib3.connection.HTTPSConnection object at 0xce9502f8>, 'Connection to 181.57.131.122 timed out. (connect timeout=15)')))
HTTPSConnectionPool(host='t.me', port=443): Max retries exceeded with url: //0?embed=1&mode=tme (Caused by ProxyError('Unable to connect to proxy', ConnectTimeoutError(<urllib3.connection.HTTPSConnection object at 0xd72105e0>, 'Connection to 177.93.44.53 timed out. (connect timeout=15)')))
('Connection aborted.', BadStatusLine('<html>\r\n'))
HTTPSConnectionPool(host='t.me', port=443): Max retries exceeded with url: //0?embed=1&mode=tme (Caused by ProxyError('Unable to connect to proxy', ConnectTimeoutError(<urllib3.connection.HTTPSConnection object at 0xea536eb0>, 'Connection to 181.129.43.3 timed out. (connect timeout=15)')))
HTTPSConnectionPool(host='t.me', port=443): Max retries exceeded with url: //0?embed=1&mode=tme (Caused by ProxyError('Unable to connect to proxy', ConnectTimeoutError(<urllib3.connection.HTTPSConnection object at 0xc5b1e100>, 'Connection to 141.136.42.164 timed out. (connect timeout=15)')))
HTTPSConnectionPool(host='t.me', port=443): Max retries exceeded with url: //0?embed=1&mode=tme (Caused by ProxyError('Unable to connect to proxy', ConnectTimeoutError(<urllib3.connection.HTTPSConnection object at 0xcd1b3ef8>, 'Connection to 31.214.171.62 timed out. (connect timeout=15)')))
HTTPSConnectionPool(host='t.me', port=443): Max retries exceeded with url: //0?embed=1&mode=tme (Caused by ProxyError('Unable to connect to proxy', NewConnectionError('<urllib3.connection.HTTPSConnection object at 0xd722ab50>: Failed to establish a new connection: [Errno 111] Connection refused')))
HTTPSConnectionPool(host='t.me', port=443): Max retries exceeded with url: //0?embed=1&mode=tme (Caused by ProxyError('Unable to connect to proxy', ConnectTimeoutError(<urllib3.connection.HTTPSConnection object at 0xcd1b3ac0>, 'Connection to 170.239.207.241 timed out. (connect timeout=15)')))
HTTPSConnectionPool(host='t.me', port=443): Max retries exceeded with url: //0?embed=1&mode=tme (Caused by ProxyError('Unable to connect to proxy', ConnectTimeoutError(<urllib3.connection.HTTPSConnection object at 0xe17db538>, 'Connection to 179.1.192.17 timed out. (connect timeout=15)')))
HTTPSConnectionPool(host='t.me', port=443): Max retries exceeded with url: //0?embed=1&mode=tme (Caused by ProxyError('Unable to connect to proxy', NewConnectionError('<urllib3.connection.HTTPSConnection object at 0xc5ac3c28>: Failed to establish a new connection: [Errno 111] Connection refused')))
HTTPSConnectionPool(host='t.me', port=443): Max retries exceeded with url: //0?embed=1&mode=tme (Caused by ProxyError('Unable to connect to proxy', OSError('Tunnel connection failed: 400 Bad Request')))
('Connection aborted.', RemoteDisconnected('Remote end closed connection without response'))
HTTPSConnectionPool(host='t.me', port=443): Max retries exceeded with url: //0?embed=1&mode=tme (Caused by ProxyError('Unable to connect to proxy', ConnectTimeoutError(<urllib3.connection.HTTPSConnection object at 0xcd1c57f0>, 'Connection to 179.1.133.33 timed out. (connect timeout=15)')))
HTTPSConnectionPool(host='t.me', port=443): Max retries exceeded with url: //0?embed=1&mode=tme (Caused by ProxyError('Unable to connect to proxy', ConnectTimeoutError(<urllib3.connection.HTTPSConnection object at 0xcbb43a00>, 'Connection to 180.183.97.16 timed out. (connect timeout=15)')))
HTTPSConnectionPool(host='t.me', port=443): Max retries exceeded with url: //0?embed=1&mode=tme (Caused by ProxyError('Unable to connect to proxy', ConnectTimeoutError(<urllib3.connection.HTTPSConnection object at 0xcdb026a0>, 'Connection to 201.219.201.14 timed out. (connect timeout=15)')))
HTTPSConnectionPool(host='t.me', port=443): Max retries exceeded with url: //0?embed=1&mode=tme (Caused by ProxyError('Unable to connect to proxy', OSError('Tunnel connection failed: 400 Bad Request')))
HTTPSConnectionPool(host='t.me', port=443): Max retries exceeded with url: //0?embed=1&mode=tme (Caused by ProxyError('Unable to connect to proxy', NewConnectionError('<urllib3.connection.HTTPSConnection object at 0xc5a85070>: Failed to establish a new connection: [Errno 113] No route to host')))
HTTPSConnectionPool(host='t.me', port=443): Max retries exceeded with url: //0?embed=1&mode=tme (Caused by ProxyError('Unable to connect to proxy', ConnectTimeoutError(<urllib3.connection.HTTPSConnection object at 0xec2609e8>, 'Connection to 89.43.10.141 timed out. (connect timeout=15)')))
ämaR@&¨C\….·ð²C²sÀd NÊªŠ:;ÿæ½0ÌkšRÒ´Cíñ¬¿$3-e›•2ä‘Xr«iHy/X'v•v"Œ$ÑZŠ$,DTxoï¶J˜Ì‹½ªVL,ž"…[1IœŽç¤\µ#œ½äúú•qL³¤>ç×î“†ìØá|·»0/¤TÃhXÆe„Xg¤Š± «4²ðC+ù]‚ÚÒ¹•’>{st4‡Ñ¢VE¤=¤µ
‚žÆTˆ.OÄ™dY´?É hëÄoÃB0sÁÁ%Œ°‰íŒ„‡è"7ÅL9ÆÞLjãÓPÔ@¢-U,½£Mt‡šˆÆ79£äñ(p06°‹2eø*m’¡¥±¥¶HLGë×nDžÜ˜ÖOgÕ”Ù‹A¿z@N×y»*¤l7éƒWz'¯†SŽlì`® #º{¦pÊ‘ý
.1ÿCÎ¦ã«UøƒùÕõÙ)5a`Õs˜÷W³nZ
””rß2ÒŒ˜üºÆŽÑ„Ã±´Û}œGç´½ðˆ›šÖÇB”ölý+Ùèw(Ll0+‰Ât	5¶Å =¥«Á4KK^ù)3ôZËç&N©‰ŠßIªPÕI£¨H"bÊíZ›(©ãª¹Ÿ©$îE)lªÝéc1–£ {‘ÛÊÜ­Ù**.‘L½ž74©kn 1Ó$#–IÍVÝ K{câ®#ŸïÌ¨´fêíj:ƒYâGåMèy`¹#$ÙL¤>°œ’Ö“‹I~ò¥»¢uÇþC”“˜¯$ÂM~j<¶iøá5âF
·•`ÆUúÝ¡à+ë´2Å#­8Æìw°sòˆ°\¾h(#µlä6ØqÑ9_ÃÓ|%ŽÑ &ƒë¶×ip†Ðsq“ P:¨öÌvg…ê„ˆå uqÌp åJºðÕ^„‡8›²’¶XM®Hžoâp„PÜ^ õÇÐÔË6×¼tèÃˆmBóß(Õ#=t7JÛÉÖ¾…€po{ÁWˆ’ž–”©ò>ž¼DL“PÁ@ç_8óÞGj4ˆ¦àwl<TËªù¹;i,*‘± Lž4+—Ó}1mw	ÕƒHp‹ 
ZÖˆ)Â&x„ªÂ´íž˜¸ÏrP“IŒ¸õ—	š¶X~ 
E7 ‘—¸;0„v([Å‹»&Ý€¨œ¹(MâW»oÌ®Á;‡›Â»Ar EÈ€~Ì¬»^Ñ	9Ùt¬­‚ÉO4±X×ªNX.€‹.¾„^c¬æaÛŸP¨Î¸<¬X$Eˆ¾Û©tÆ“™¥X¦®'ãXa™gáˆ:A7=lá¸i«©I&Ûg7†7ÅÂ>°È —iä=Ò“ŽÑçaâú“)©|“ºƒKâ<Þ\.`çI÷¬M©„è»¨¶@NE$¦.No)l<‹Ív±V"Ð·¤–ŒO¶œÜÂ½¸Ñ‘º-…®ÏFÈ&_@r¼ŒÍ ¬|ŸÝ Þ"Öz¹™Žºµ²)oE³\D+õ™ï
–u YyQÍü­Îs0©Âð›Nõ‹jâ“¨Ã¦V³Ô•î1ž‹Os7ñ%Ù†hµW.¤ºr¢š-§ê5o0jþã„šç“mÿ,ì(¢æø¾qµµ£»ÿæ?ËXO€Í«jU9ˆ6UŠiR=úÆ~¤ˆÏ²ì šhŸˆ˜9ºûÜâv6Td¨ŽÓ6ÔDµ`B¨h7N{ZïÕ¨øLß|î^µ5DrÃyClßlTÂ%ï…VU ˜¿‹\²Í”¦ØË)ÅC²âDz7²ÙçacŸð€Žáºå¬q/ðøAìá„ƒØGÚ‡:Á“ÔŠœó½§EËø2y	¸F7fb‹Ûz—™çaT‡{î&‡
HGãVD¹Ï£N¦EÝŒÁýª1Ø_5Žª4Ë†5h±‰yÃgü‡%E¡ƒ¸b+º|h±S1kæëm
RYénqMÙì‹øÜoÇ ž±fM¯|èžÙÙõ5Û5µLåhfqîÇôš*í_¯$f]§à]^´KwÑ NÒF¯ ¿WÙzÈ.ÀŽTjÒÇhÕ†æP ÙZðÆFhØ&S*[ÃÞ/‚ßb"}‚w}@°ó«ãA~H-Š*pëûE™Ç½+Ü&—Ox ãÖ-_ãa«®J¨Pûs¨óŽl…ì~7d¿‘
|åÜc¡@^í@i|êç$o<3ú\ò³ž"É¤ŽçDßI¨±„Ïq_Í­ñ•jþ½¼ 0¬\™ïlœà|‚PŸÁô®E6Å‘pÆŽ˜6÷›¢k±pÀ8åb*?‘ðw|V
°ØÂ±þ,SëÀ€ÜÂÚâ
ß<
’}›ªëÀ®ìN•J!&•º£9;.Z0ÿRVÃÞÆÏÍa°¡âÞôÒ°$‰îþŠäŠ	ÑWwÖ[E÷Lª"}ãOe‘HTTPSConnectionPool(host='t.me', port=443): Max retries exceeded with url: //0?embed=1&mode=tme (Caused by ProxyError('Unable to connect to proxy', ConnectTimeoutError(<urllib3.connection.HTTPSConnection object at 0xcd1e87c0>, 'Connection to 91.107.203.75 timed out. (connect timeout=15)')))
HTTPSConnectionPool(host='t.me', port=443): Max retries exceeded with url: //0?embed=1&mode=tme (Caused by ProxyError('Unable to connect to proxy', ConnectTimeoutError(<urllib3.connection.HTTPSConnection object at 0xcbb2af10>, 'Connection to 193.176.242.186 timed out. (connect timeout=15)')))
HTTPSConnectionPool(host='t.me', port=443): Max retries exceeded with url: //0?embed=1&mode=tme (Caused by ProxyError('Unable to connect to proxy', ConnectTimeoutError(<urllib3.connection.HTTPSConnection object at 0xcbb1c100>, 'Connection to 186.159.6.163 timed out. (connect timeout=15)')))
HTTPSConnectionPool(host='t.me', port=443): Max retries exceeded with url: //0?embed=1&mode=tme (Caused by ProxyError('Unable to connect to proxy', NewConnectionError('<urllib3.connection.HTTPSConnection object at 0xcfefb7d8>: Failed to establish a new connection: [Errno 111] Connection refused')))
HTTPSConnectionPool(host='t.me', port=443): Max retries exceeded with url: //0?embed=1&mode=tme (Caused by ProxyError('Unable to connect to proxy', ConnectTimeoutError(<urllib3.connection.HTTPSConnection object at 0xcc593178>, 'Connection to 125.25.40.41 timed out. (connect timeout=15)')))
HTTPSConnectionPool(host='t.me', port=443): Max retries exceeded with url: //0?embed=1&mode=tme (Caused by ProxyError('Unable to connect to proxy', ConnectTimeoutError(<urllib3.connection.HTTPSConnection object at 0xc71fb310>, 'Connection to 14.207.24.176 timed out. (connect timeout=15)')))
HTTPSConnectionPool(host='t.me', port=443): Max retries exceeded with url: //0?embed=1&mode=tme (Caused by ProxyError('Unable to connect to proxy', ConnectTimeoutError(<urllib3.connection.HTTPSConnection object at 0xcd1dbdf0>, 'Connection to 181.212.45.226 timed out. (connect timeout=15)')))
HTTPSConnectionPool(host='t.me', port=443): Max retries exceeded with url: //0?embed=1&mode=tme (Caused by ProxyError('Unable to connect to proxy', OSError('Tunnel connection failed: 400 Bad Request')))
HTTPSConnectionPool(host='t.me', port=443): Max retries exceeded with url: //0?embed=1&mode=tme (Caused by ProxyError('Unable to connect to proxy', ConnectTimeoutError(<urllib3.connection.HTTPSConnection object at 0xcd1c58f8>, 'Connection to 183.89.41.224 timed out. (connect timeout=15)')))
HTTPSConnectionPool(host='t.me', port=443): Max retries exceeded with url: //0?embed=1&mode=tme (Caused by ProxyError('Unable to connect to proxy', NewConnectionError('<urllib3.connection.HTTPSConnection object at 0xcf3802e0>: Failed to establish a new connection: [Errno 111] Connection refused')))
HTTPSConnectionPool(host='t.me', port=443): Max retries exceeded with url: //0?embed=1&mode=tme (Caused by ProxyError('Unable to connect to proxy', ConnectTimeoutError(<urllib3.connection.HTTPSConnection object at 0xc71ce538>, 'Connection to 1.179.148.9 timed out. (connect timeout=15)')))
HTTPSConnectionPool(host='t.me', port=443): Max retries exceeded with url: //0?embed=1&mode=tme (Caused by ProxyError('Unable to connect to proxy', ConnectTimeoutError(<urllib3.connection.HTTPSConnection object at 0xd3854fd0>, 'Connection to 180.180.218.250 timed out. (connect timeout=15)')))
HTTPSConnectionPool(host='t.me', port=443): Max retries exceeded with url: //0?embed=1&mode=tme (Caused by ProxyError('Unable to connect to proxy', ConnectTimeoutError(<urllib3.connection.HTTPSConnection object at 0xd66e8910>, 'Connection to 103.42.28.27 timed out. (connect timeout=15)')))
HTTPSConnectionPool(host='t.me', port=443): Max retries exceeded with url: //0?embed=1&mode=tme (Caused by ProxyError('Unable to connect to proxy', ConnectTimeoutError(<urllib3.connection.HTTPSConnection object at 0xd96dcc28>, 'Connection to 140.83.32.175 timed out. (connect timeout=15)')))
HTTPSConnectionPool(host='t.me', port=443): Max retries exceeded with url: //0?embed=1&mode=tme (Caused by ProxyError('Unable to connect to proxy', ConnectTimeoutError(<urllib3.connection.HTTPSConnection object at 0xd50018c8>, 'Connection to 103.151.41.7 timed out. (connect timeout=15)')))
HTTPSConnectionPool(host='t.me', port=443): Max retries exceeded with url: //0?embed=1&mode=tme (Caused by ProxyError('Unable to connect to proxy', ConnectTimeoutError(<urllib3.connection.HTTPSConnection object at 0xcd1b37a8>, 'Connection to 150.230.207.167 timed out. (connect timeout=15)')))
HTTPSConnectionPool(host='t.me', port=443): Max retries exceeded with url: //0?embed=1&mode=tme (Caused by ProxyError('Unable to connect to proxy', NewConnectionError('<urllib3.connection.HTTPSConnection object at 0xcfeef7c0>: Failed to establish a new connection: [Errno 113] No route to host')))
HTTPSConnectionPool(host='t.me', port=443): Max retries exceeded with url: //0?embed=1&mode=tme (Caused by ProxyError('Unable to connect to proxy', ConnectTimeoutError(<urllib3.connection.HTTPSConnection object at 0xe714bbb0>, 'Connection to 143.202.97.171 timed out. (connect timeout=15)')))
HTTPSConnectionPool(host='t.me', port=443): Read timed out. (read timeout=15)
HTTPSConnectionPool(host='t.me', port=443): Max retries exceeded with url: //0?embed=1&mode=tme (Caused by ProxyError('Unable to connect to proxy', ConnectTimeoutError(<urllib3.connection.HTTPSConnection object at 0xcd1db910>, 'Connection to 181.212.41.171 timed out. (connect timeout=15)')))
HTTPSConnectionPool(host='t.me', port=443): Max retries exceeded with url: //0?embed=1&mode=tme (Caused by ProxyError('Unable to connect to proxy', ConnectTimeoutError(<urllib3.connection.HTTPSConnection object at 0xd0d0d340>, 'Connection to 79.110.52.252 timed out. (connect timeout=15)')))
HTTPSConnectionPool(host='t.me', port=443): Max retries exceeded with url: //0?embed=1&mode=tme (Caused by ProxyError('Unable to connect to proxy', ConnectTimeoutError(<urllib3.connection.HTTPSConnection object at 0xd7210790>, 'Connection to 186.103.130.91 timed out. (connect timeout=15)')))
HTTPSConnectionPool(host='t.me', port=443): Max retries exceeded with url: //0?embed=1&mode=tme (Caused by ProxyError('Unable to connect to proxy', ConnectTimeoutError(<urllib3.connection.HTTPSConnection object at 0xd7203ec8>, 'Connection to 161.202.226.194 timed out. (connect timeout=15)')))
HTTPSConnectionPool(host='t.me', port=443): Max retries exceeded with url: //0?embed=1&mode=tme (Caused by ProxyError('Unable to connect to proxy', ConnectTimeoutError(<urllib3.connection.HTTPSConnection object at 0xd72030e8>, 'Connection to 45.225.184.177 timed out. (connect timeout=15)')))
HTTPSConnectionPool(host='t.me', port=443): Max retries exceeded with url: //0?embed=1&mode=tme (Caused by ProxyError('Unable to connect to proxy', ConnectTimeoutError(<urllib3.connection.HTTPSConnection object at 0xcdb21a48>, 'Connection to 94.100.18.111 timed out. (connect timeout=15)')))
('Connection aborted.', RemoteDisconnected('Remote end closed connection without response'))
HTTPSConnectionPool(host='t.me', port=443): Max retries exceeded with url: //0?embed=1&mode=tme (Caused by ProxyError('Unable to connect to proxy', ConnectTimeoutError(<urllib3.connection.HTTPSConnection object at 0xd1afdda8>, 'Connection to 1.2.252.65 timed out. (connect timeout=15)')))
                                                                                                                                                                                                                                                                                                                                                                                                                                                                                                                                                                                                          HTTPSConnectionPool(host='t.me', port=443): Max retries exceeded with url: //0?embed=1&mode=tme (Caused by ProxyError('Unable to connect to proxy', ConnectTimeoutError(<urllib3.connection.HTTPSConnection object at 0xcbb2abb0>, 'Connection to 181.74.81.195 timed out. (connect timeout=15)')))
HTTPSConnectionPool(host='t.me', port=443): Max retries exceeded with url: //0?embed=1&mode=tme (Caused by ProxyError('Unable to connect to proxy', ConnectTimeoutError(<urllib3.connection.HTTPSConnection object at 0xcbb43b38>, 'Connection to 150.230.59.34 timed out. (connect timeout=15)')))
HTTPSConnectionPool(host='t.me', port=443): Read timed out. (read timeout=15)
HTTPSConnectionPool(host='t.me', port=443): Max retries exceeded with url: //0?embed=1&mode=tme (Caused by ProxyError('Unable to connect to proxy', ConnectTimeoutError(<urllib3.connection.HTTPSConnection object at 0xcd1dbd18>, 'Connection to 168.90.255.60 timed out. (connect timeout=15)')))
HTTPSConnectionPool(host='t.me', port=443): Max retries exceeded with url: //0?embed=1&mode=tme (Caused by ProxyError('Unable to connect to proxy', OSError('Tunnel connection failed: 400 Bad Request')))
HTTPSConnectionPool(host='t.me', port=443): Max retries exceeded with url: //0?embed=1&mode=tme (Caused by ProxyError('Unable to connect to proxy', ConnectTimeoutError(<urllib3.connection.HTTPSConnection object at 0xcc593a00>, 'Connection to 178.62.229.28 timed out. (connect timeout=15)')))
HTTPSConnectionPool(host='t.me', port=443): Max retries exceeded with url: //0?embed=1&mode=tme (Caused by ProxyError('Unable to connect to proxy', ConnectTimeoutError(<urllib3.connection.HTTPSConnection object at 0xce950118>, 'Connection to 190.110.99.189 timed out. (connect timeout=15)')))
HTTPSConnectionPool(host='t.me', port=443): Max retries exceeded with url: //0?embed=1&mode=tme (Caused by ProxyError('Unable to connect to proxy', ConnectTimeoutError(<urllib3.connection.HTTPSConnection object at 0xd0d0d430>, 'Connection to 200.106.184.97 timed out. (connect timeout=15)')))
HTTPSConnectionPool(host='t.me', port=443): Max retries exceeded with url: //0?embed=1&mode=tme (Caused by ProxyError('Unable to connect to proxy', ConnectTimeoutError(<urllib3.connection.HTTPSConnection object at 0xe45dbeb0>, 'Connection to 183.88.184.48 timed out. (connect timeout=15)')))
HTTPSConnectionPool(host='t.me', port=443): Max retries exceeded with url: //0?embed=1&mode=tme (Caused by ProxyError('Unable to connect to proxy', ConnectTimeoutError(<urllib3.connection.HTTPSConnection object at 0xca2718c8>, 'Connection to 95.216.17.79 timed out. (connect timeout=15)')))
HTTPSConnectionPool(host='t.me', port=443): Max retries exceeded with url: //0?embed=1&mode=tme (Caused by ProxyError('Unable to connect to proxy', ConnectTimeoutError(<urllib3.connection.HTTPSConnection object at 0xc7221940>, 'Connection to 200.54.194.13 timed out. (connect timeout=15)')))
HTTPSConnectionPool(host='t.me', port=443): Max retries exceeded with url: //0?embed=1&mode=tme (Caused by ProxyError('Unable to connect to proxy', ConnectTimeoutError(<urllib3.connection.HTTPSConnection object at 0xca243f70>, 'Connection to 95.216.230.239 timed out. (connect timeout=15)')))
HTTPSConnectionPool(host='t.me', port=443): Max retries exceeded with url: //0?embed=1&mode=tme (Caused by ProxyError('Unable to connect to proxy', ConnectTimeoutError(<urllib3.connection.HTTPSConnection object at 0xcd1e8e98>, 'Connection to 95.217.137.46 timed out. (connect timeout=15)')))
HTTPSConnectionPool(host='t.me', port=443): Max retries exceeded with url: //0?embed=1&mode=tme (Caused by ProxyError('Unable to connect to proxy', NewConnectionError('<urllib3.connection.HTTPSConnection object at 0xc7155628>: Failed to establish a new connection: [Errno 113] No route to host')))
HTTPSConnectionPool(host='t.me', port=443): Max retries exceeded with url: //0?embed=1&mode=tme (Caused by ProxyError('Unable to connect to proxy', ConnectTimeoutError(<urllib3.connection.HTTPSConnection object at 0xcf38cfd0>, 'Connection to 84.241.188.138 timed out. (connect timeout=15)')))
HTTPSConnectionPool(host='t.me', port=443): Max retries exceeded with url: //0?embed=1&mode=tme (Caused by ProxyError('Unable to connect to proxy', ConnectTimeoutError(<urllib3.connection.HTTPSConnection object at 0xce96cc28>, 'Connection to 94.231.192.97 timed out. (connect timeout=15)')))
HTTPSConnectionPool(host='t.me', port=443): Max retries exceeded with url: //0?embed=1&mode=tme (Caused by ProxyError('Unable to connect to proxy', NewConnectionError('<urllib3.connection.HTTPSConnection object at 0xd1afd478>: Failed to establish a new connection: [Errno 111] Connection refused')))
HTTPSConnectionPool(host='t.me', port=443): Max retries exceeded with url: //0?embed=1&mode=tme (Caused by ProxyError('Unable to connect to proxy', ConnectTimeoutError(<urllib3.connection.HTTPSConnection object at 0xce96cd60>, 'Connection to 65.21.131.27 timed out. (connect timeout=15)')))
HTTPSConnectionPool(host='t.me', port=443): Max retries exceeded with url: //0?embed=1&mode=tme (Caused by ProxyError('Unable to connect to proxy', NewConnectionError('<urllib3.connection.HTTPSConnection object at 0xd5011b38>: Failed to establish a new connection: [Errno 111] Connection refused')))
HTTPSConnectionPool(host='t.me', port=443): Max retries exceeded with url: //0?embed=1&mode=tme (Caused by ProxyError('Unable to connect to proxy', ConnectTimeoutError(<urllib3.connection.HTTPSConnection object at 0xce97afa0>, 'Connection to 81.161.236.152 timed out. (connect timeout=15)')))
HTTPSConnectionPool(host='t.me', port=443): Max retries exceeded with url: //0?embed=1&mode=tme (Caused by ProxyError('Unable to connect to proxy', NewConnectionError('<urllib3.connection.HTTPSConnection object at 0xea589ca0>: Failed to establish a new connection: [Errno 111] Connection refused')))
HTTPSConnectionPool(host='t.me', port=443): Max retries exceeded with url: //0?embed=1&mode=tme (Caused by ProxyError('Unable to connect to proxy', ConnectTimeoutError(<urllib3.connection.HTTPSConnection object at 0xce97aec8>, 'Connection to 95.217.195.146 timed out. (connect timeout=15)')))
HTTPSConnectionPool(host='t.me', port=443): Max retries exceeded with url: //0?embed=1&mode=tme (Caused by ProxyError('Unable to connect to proxy', ConnectTimeoutError(<urllib3.connection.HTTPSConnection object at 0xce97a268>, 'Connection to 52.79.107.158 timed out. (connect timeout=15)')))
HTTPSConnectionPool(host='t.me', port=443): Max retries exceeded with url: //0?embed=1&mode=tme (Caused by ProxyError('Unable to connect to proxy', ConnectTimeoutError(<urllib3.connection.HTTPSConnection object at 0xd282efb8>, 'Connection to 203.243.63.16 timed out. (connect timeout=15)')))
HTTPSConnectionPool(host='t.me', port=443): Max retries exceeded with url: //0?embed=1&mode=tme (Caused by ProxyError('Unable to connect to proxy', ConnectTimeoutError(<urllib3.connection.HTTPSConnection object at 0xe0bbafd0>, 'Connection to 88.255.102.123 timed out. (connect timeout=15)')))
HTTPSConnectionPool(host='t.me', port=443): Max retries exceeded with url: //0?embed=1&mode=tme (Caused by ProxyError('Unable to connect to proxy', ConnectTimeoutError(<urllib3.connection.HTTPSConnection object at 0xd282e8b0>, 'Connection to 121.139.218.165 timed out. (connect timeout=15)')))
HTTPSConnectionPool(host='t.me', port=443): Max retries exceeded with url: //0?embed=1&mode=tme (Caused by ProxyError('Unable to connect to proxy', ConnectTimeoutError(<urllib3.connection.HTTPSConnection object at 0xd282e898>, 'Connection to 13.209.156.241 timed out. (connect timeout=15)')))
HTTPSConnectionPool(host='t.me', port=443): Max retries exceeded with url: //0?embed=1&mode=tme (Caused by ProxyError('Unable to connect to proxy', NewConnectionError('<urllib3.connection.HTTPSConnection object at 0xd43c1a00>: Failed to establish a new connection: [Errno 111] Connection refused')))
HTTPSConnectionPool(host='t.me', port=443): Max retries exceeded with url: //0?embed=1&mode=tme (Caused by ProxyError('Unable to connect to proxy', ConnectTimeoutError(<urllib3.connection.HTTPSConnection object at 0xdf4c80b8>, 'Connection to 125.141.151.83 timed out. (connect timeout=15)')))
HTTPSConnectionPool(host='t.me', port=443): Max retries exceeded with url: //0?embed=1&mode=tme (Caused by ProxyError('Unable to connect to proxy', NewConnectionError('<urllib3.connection.HTTPSConnection object at 0xe014d028>: Failed to establish a new connection: [Errno 111] Connection refused')))
HTTPSConnectionPool(host='t.me', port=443): Max retries exceeded with url: //0?embed=1&mode=tme (Caused by ProxyError('Unable to connect to proxy', ConnectTimeoutError(<urllib3.connection.HTTPSConnection object at 0xca2716a0>, 'Connection to 102.0.0.118 timed out. (connect timeout=15)')))
HTTPSConnectionPool(host='t.me', port=443): Max retries exceeded with url: //0?embed=1&mode=tme (Caused by ProxyError('Unable to connect to proxy', ConnectTimeoutError(<urllib3.connection.HTTPSConnection object at 0xc83cb0b8>, 'Connection to 197.232.36.85 timed out. (connect timeout=15)')))
HTTPSConnectionPool(host='t.me', port=443): Max retries exceeded with url: //0?embed=1&mode=tme (Caused by ProxyError('Unable to connect to proxy', ConnectTimeoutError(<urllib3.connection.HTTPSConnection object at 0xe17f3b50>, 'Connection to 41.65.55.10 timed out. (connect timeout=15)')))
HTTPSConnectionPool(host='t.me', port=443): Max retries exceeded with url: //0?embed=1&mode=tme (Caused by ProxyError('Unable to connect to proxy', NewConnectionError('<urllib3.connection.HTTPSConnection object at 0xcae130b8>: Failed to establish a new connection: [Errno 111] Connection refused')))
HTTPSConnectionPool(host='t.me', port=443): Max retries exceeded with url: //0?embed=1&mode=tme (Caused by ProxyError('Unable to connect to proxy', NewConnectionError('<urllib3.connection.HTTPSConnection object at 0xd0d3b250>: Failed to establish a new connection: [Errno 111] Connection refused')))
HTTPSConnectionPool(host='t.me', port=443): Max retries exceeded with url: //0?embed=1&mode=tme (Caused by ProxyError('Unable to connect to proxy', ConnectTimeoutError(<urllib3.connection.HTTPSConnection object at 0xd72030d0>, 'Connection to 41.33.66.228 timed out. (connect timeout=15)')))
HTTPSConnectionPool(host='t.me', port=443): Max retries exceeded with url: //0?embed=1&mode=tme (Caused by ProxyError('Unable to connect to proxy', NewConnectionError('<urllib3.connection.HTTPSConnection object at 0xcf39d040>: Failed to establish a new connection: [Errno 113] No route to host')))
('Connection aborted.', RemoteDisconnected('Remote end closed connection without response'))
HTTPSConnectionPool(host='t.me', port=443): Max retries exceeded with url: //0?embed=1&mode=tme (Caused by ProxyError('Unable to connect to proxy', NewConnectionError('<urllib3.connection.HTTPSConnection object at 0xc71aac28>: Failed to establish a new connection: [Errno 113] No route to host')))
HTTPSConnectionPool(host='t.me', port=443): Max retries exceeded with url: //0?embed=1&mode=tme (Caused by ProxyError('Unable to connect to proxy', NewConnectionError('<urllib3.connection.HTTPSConnection object at 0xd1afd4a8>: Failed to establish a new connection: [Errno 111] Connection refused')))
HTTPSConnectionPool(host='t.me', port=443): Max retries exceeded with url: //0?embed=1&mode=tme (Caused by ProxyError('Unable to connect to proxy', ConnectTimeoutError(<urllib3.connection.HTTPSConnection object at 0xd7e6b970>, 'Connection to 156.200.116.71 timed out. (connect timeout=15)')))
HTTPSConnectionPool(host='t.me', port=443): Max retries exceeded with url: //0?embed=1&mode=tme (Caused by ProxyError('Unable to connect to proxy', ConnectTimeoutError(<urllib3.connection.HTTPSConnection object at 0xc83bc2e0>, 'Connection to 102.216.69.176 timed out. (connect timeout=15)')))
HTTPSConnectionPool(host='t.me', port=443): Max retries exceeded with url: //0?embed=1&mode=tme (Caused by ProxyError('Unable to connect to proxy', ConnectTimeoutError(<urllib3.connection.HTTPSConnection object at 0xd66d8b08>, 'Connection to 195.246.54.31 timed out. (connect timeout=15)')))
HTTPSConnectionPool(host='t.me', port=443): Max retries exceeded with url: //0?embed=1&mode=tme (Caused by ProxyError('Unable to connect to proxy', ConnectTimeoutError(<urllib3.connection.HTTPSConnection object at 0xc90b3dc0>, 'Connection to 190.187.201.26 timed out. (connect timeout=15)')))
HTTPSConnectionPool(host='t.me', port=443): Max retries exceeded with url: //0?embed=1&mode=tme (Caused by ProxyError('Unable to connect to proxy', ConnectTimeoutError(<urllib3.connection.HTTPSConnection object at 0xc769bf10>, 'Connection to 201.218.144.18 timed out. (connect timeout=15)')))
HTTPSConnectionPool(host='t.me', port=443): Max retries exceeded with url: //0?embed=1&mode=tme (Caused by ProxyError('Unable to connect to proxy', OSError('Tunnel connection failed: 400 Bad Request')))
HTTPSConnectionPool(host='t.me', port=443): Max retries exceeded with url: //0?embed=1&mode=tme (Caused by ProxyError('Unable to connect to proxy', ConnectTimeoutError(<urllib3.connection.HTTPSConnection object at 0xd1af0418>, 'Connection to 122.52.196.36 timed out. (connect timeout=15)')))
('Connection aborted.', RemoteDisconnected('Remote end closed connection without response'))
HTTPSConnectionPool(host='t.me', port=443): Max retries exceeded with url: //0?embed=1&mode=tme (Caused by ProxyError('Unable to connect to proxy', ConnectTimeoutError(<urllib3.connection.HTTPSConnection object at 0xd66e8538>, 'Connection to 187.141.184.235 timed out. (connect timeout=15)')))
HTTPSConnectionPool(host='t.me', port=443): Max retries exceeded with url: //0?embed=1&mode=tme (Caused by ProxyError('Unable to connect to proxy', ConnectTimeoutError(<urllib3.connection.HTTPSConnection object at 0xd5c8dcb8>, 'Connection to 159.89.113.155 timed out. (connect timeout=15)')))
HTTPSConnectionPool(host='t.me', port=443): Max retries exceeded with url: //0?embed=1&mode=tme (Caused by ProxyError('Unable to connect to proxy', NewConnectionError('<urllib3.connection.HTTPSConnection object at 0xc71ce508>: Failed to establish a new connection: [Errno 111] Connection refused')))
HTTPSConnectionPool(host='t.me', port=443): Max retries exceeded with url: //0?embed=1&mode=tme (Caused by ProxyError('Unable to connect to proxy', ConnectTimeoutError(<urllib3.connection.HTTPSConnection object at 0xc90b3ef8>, 'Connection to 201.218.144.19 timed out. (connect timeout=15)')))
HTTPSConnectionPool(host='t.me', port=443): Max retries exceeded with url: //0?embed=1&mode=tme (Caused by ProxyError('Unable to connect to proxy', ConnectTimeoutError(<urllib3.connection.HTTPSConnection object at 0xc83cbd30>, 'Connection to 190.238.231.65 timed out. (connect timeout=15)')))
HTTPSConnectionPool(host='t.me', port=443): Max retries exceeded with url: //0?embed=1&mode=tme (Caused by ProxyError('Unable to connect to proxy', NewConnectionError('<urllib3.connection.HTTPSConnection object at 0xc520b5f8>: Failed to establish a new connection: [Errno 111] Connection refused')))
HTTPSConnectionPool(host='t.me', port=443): Max retries exceeded with url: //0?embed=1&mode=tme (Caused by ProxyError('Unable to connect to proxy', ConnectTimeoutError(<urllib3.connection.HTTPSConnection object at 0xd1af0640>, 'Connection to 45.188.166.52 timed out. (connect timeout=15)')))
HTTPSConnectionPool(host='t.me', port=443): Max retries exceeded with url: //0?embed=1&mode=tme (Caused by ProxyError('Unable to connect to proxy', ConnectTimeoutError(<urllib3.connection.HTTPSConnection object at 0xc76838b0>, 'Connection to 190.116.2.52 timed out. (connect timeout=15)')))
HTTPSConnectionPool(host='t.me', port=443): Max retries exceeded with url: //0?embed=1&mode=tme (Caused by ProxyError('Unable to connect to proxy', ConnectTimeoutError(<urllib3.connection.HTTPSConnection object at 0xd5c820b8>, 'Connection to 45.231.221.193 timed out. (connect timeout=15)')))
HTTPSConnectionPool(host='t.me', port=443): Max retries exceeded with url: //0?embed=1&mode=tme (Caused by ProxyError('Unable to connect to proxy', NewConnectionError('<urllib3.connection.HTTPSConnection object at 0xcfeefc40>: Failed to establish a new connection: [Errno 111] Connection refused')))
HTTPSConnectionPool(host='t.me', port=443): Max retries exceeded with url: //0?embed=1&mode=tme (Caused by ProxyError('Unable to connect to proxy', ConnectTimeoutError(<urllib3.connection.HTTPSConnection object at 0xd5c99400>, 'Connection to 51.222.155.142 timed out. (connect timeout=15)')))
HTTPSConnectionPool(host='t.me', port=443): Max retries exceeded with url: //0?embed=1&mode=tme (Caused by ProxyError('Unable to connect to proxy', OSError('Tunnel connection failed: 400 Bad Request')))
HTTPSConnectionPool(host='t.me', port=443): Max retries exceeded with url: //0?embed=1&mode=tme (Caused by ProxyError('Unable to connect to proxy', ConnectTimeoutError(<urllib3.connection.HTTPSConnection object at 0xcf3ac898>, 'Connection to 190.113.40.202 timed out. (connect timeout=15)')))
HTTPSConnectionPool(host='t.me', port=443): Max retries exceeded with url: //0?embed=1&mode=tme (Caused by ProxyError('Unable to connect to proxy', ConnectTimeoutError(<urllib3.connection.HTTPSConnection object at 0xc83dad48>, 'Connection to 201.229.250.21 timed out. (connect timeout=15)')))
('Connection aborted.', RemoteDisconnected('Remote end closed connection without response'))
HTTPSConnectionPool(host='t.me', port=443): Max retries exceeded with url: //0?embed=1&mode=tme (Caused by ProxyError('Unable to connect to proxy', ConnectTimeoutError(<urllib3.connection.HTTPSConnection object at 0xca2522f8>, 'Connection to 172.105.107.223 timed out. (connect timeout=15)')))
HTTPSConnectionPool(host='t.me', port=443): Max retries exceeded with url: //0?embed=1&mode=tme (Caused by ProxyError('Unable to connect to proxy', ConnectTimeoutError(<urllib3.connection.HTTPSConnection object at 0xd5c8d4d8>, 'Connection to 189.250.135.40 timed out. (connect timeout=15)')))
HTTPSConnectionPool(host='t.me', port=443): Max retries exceeded with url: //0?embed=1&mode=tme (Caused by ProxyError('Unable to connect to proxy', ConnectTimeoutError(<urllib3.connection.HTTPSConnection object at 0xca2526e8>, 'Connection to 185.123.143.251 timed out. (connect timeout=15)')))
HTTPSConnectionPool(host='t.me', port=443): Max retries exceeded with url: //0?embed=1&mode=tme (Caused by ProxyError('Unable to connect to proxy', ConnectTimeoutError(<urllib3.connection.HTTPSConnection object at 0xd721e898>, 'Connection to 41.254.53.70 timed out. (connect timeout=15)')))
('Connection aborted.', RemoteDisconnected('Remote end closed connection without response'))
HTTPSConnectionPool(host='t.me', port=443): Read timed out. (read timeout=15)
('Connection aborted.', RemoteDisconnected('Remote end closed connection without response'))
HTTPSConnectionPool(host='t.me', port=443): Max retries exceeded with url: //0?embed=1&mode=tme (Caused by ProxyError('Unable to connect to proxy', ConnectTimeoutError(<urllib3.connection.HTTPSConnection object at 0xd66bc550>, 'Connection to 85.221.249.213 timed out. (connect timeout=15)')))
('Connection aborted.', RemoteDisconnected('Remote end closed connection without response'))
HTTPSConnectionPool(host='t.me', port=443): Max retries exceeded with url: //0?embed=1&mode=tme (Caused by ProxyError('Unable to connect to proxy', ConnectTimeoutError(<urllib3.connection.HTTPSConnection object at 0xc71ef820>, 'Connection to 201.249.152.172 timed out. (connect timeout=15)')))
HTTPSConnectionPool(host='t.me', port=443): Max retries exceeded with url: //0?embed=1&mode=tme (Caused by ProxyError('Unable to connect to proxy', ConnectTimeoutError(<urllib3.connection.HTTPSConnection object at 0xcae34040>, 'Connection to 185.123.143.247 timed out. (connect timeout=15)')))
HTTPSConnectionPool(host='t.me', port=443): Max retries exceeded with url: //0?embed=1&mode=tme (Caused by ProxyError('Unable to connect to proxy', OSError('Tunnel connection failed: 400 Bad Request')))
HTTPSConnectionPool(host='t.me', port=443): Max retries exceeded with url: //0?embed=1&mode=tme (Caused by ProxyError('Unable to connect to proxy', ConnectTimeoutError(<urllib3.connection.HTTPSConnection object at 0xc716cca0>, 'Connection to 153.19.91.77 timed out. (connect timeout=15)')))
HTTPSConnectionPool(host='t.me', port=443): Max retries exceeded with url: //0?embed=1&mode=tme (Caused by ProxyError('Unable to connect to proxy', OSError('Tunnel connection failed: 405 Not Allowed')))
HTTPSConnectionPool(host='t.me', port=443): Max retries exceeded with url: //0?embed=1&mode=tme (Caused by ProxyError('Unable to connect to proxy', ConnectTimeoutError(<urllib3.connection.HTTPSConnection object at 0xd5c8d298>, 'Connection to 194.31.53.250 timed out. (connect timeout=15)')))
HTTPSConnectionPool(host='t.me', port=443): Max retries exceeded with url: //0?embed=1&mode=tme (Caused by ProxyError('Unable to connect to proxy', ConnectTimeoutError(<urllib3.connection.HTTPSConnection object at 0xc83e8850>, 'Connection to 37.120.140.158 timed out. (connect timeout=15)')))
HTTPSConnectionPool(host='t.me', port=443): Max retries exceeded with url: //0?embed=1&mode=tme (Caused by ProxyError('Unable to connect to proxy', ConnectTimeoutError(<urllib3.connection.HTTPSConnection object at 0xd7e6beb0>, 'Connection to 45.235.123.45 timed out. (connect timeout=15)')))
HTTPSConnectionPool(host='t.me', port=443): Max retries exceeded with url: //0?embed=1&mode=tme (Caused by ProxyError('Unable to connect to proxy', ConnectTimeoutError(<urllib3.connection.HTTPSConnection object at 0xe3901dd8>, 'Connection to 157.100.6.202 timed out. (connect timeout=15)')))
HTTPSConnectionPool(host='t.me', port=443): Max retries exceeded with url: //0?embed=1&mode=tme (Caused by ProxyError('Unable to connect to proxy', ConnectTimeoutError(<urllib3.connection.HTTPSConnection object at 0xd5c8d1d8>, 'Connection to 102.38.22.121 timed out. (connect timeout=15)')))
HTTPSConnectionPool(host='t.me', port=443): Max retries exceeded with url: //0?embed=1&mode=tme (Caused by ProxyError('Unable to connect to proxy', ConnectTimeoutError(<urllib3.connection.HTTPSConnection object at 0xe2185298>, 'Connection to 203.189.150.48 timed out. (connect timeout=15)')))
HTTPSConnectionPool(host='t.me', port=443): Max retries exceeded with url: //0?embed=1&mode=tme (Caused by ProxyError('Unable to connect to proxy', OSError('Tunnel connection failed: 302 Found')))
HTTPSConnectionPool(host='t.me', port=443): Max retries exceeded with url: //0?embed=1&mode=tme (Caused by ProxyError('Unable to connect to proxy', NewConnectionError('<urllib3.connection.HTTPSConnection object at 0xcbb43f58>: Failed to establish a new connection: [Errno 111] Connection refused')))
HTTPSConnectionPool(host='t.me', port=443): Max retries exceeded with url: //0?embed=1&mode=tme (Caused by ProxyError('Unable to connect to proxy', ConnectTimeoutError(<urllib3.connection.HTTPSConnection object at 0xc722e8e0>, 'Connection to 103.114.53.2 timed out. (connect timeout=15)')))
HTTPSConnectionPool(host='t.me', port=443): Max retries exceeded with url: //0?embed=1&mode=tme (Caused by ProxyError('Unable to connect to proxy', ConnectTimeoutError(<urllib3.connection.HTTPSConnection object at 0xe5033b68>, 'Connection to 118.99.108.4 timed out. (connect timeout=15)')))
HTTPSConnectionPool(host='t.me', port=443): Max retries exceeded with url: //0?embed=1&mode=tme (Caused by ProxyError('Unable to connect to proxy', ConnectTimeoutError(<urllib3.connection.HTTPSConnection object at 0xc83bc1c0>, 'Connection to 169.57.157.148 timed out. (connect timeout=15)')))
HTTPSConnectionPool(host='t.me', port=443): Max retries exceeded with url: //0?embed=1&mode=tme (Caused by ProxyError('Unable to connect to proxy', ConnectTimeoutError(<urllib3.connection.HTTPSConnection object at 0xc725bce8>, 'Connection to 200.24.130.138 timed out. (connect timeout=15)')))
HTTPSConnectionPool(host='t.me', port=443): Max retries exceeded with url: //0?embed=1&mode=tme (Caused by ProxyError('Unable to connect to proxy', ConnectTimeoutError(<urllib3.connection.HTTPSConnection object at 0xc83bc160>, 'Connection to 190.128.241.102 timed out. (connect timeout=15)')))
('Connection aborted.', RemoteDisconnected('Remote end closed connection without response'))
HTTPSConnectionPool(host='t.me', port=443): Read timed out. (read timeout=15)
HTTPSConnectionPool(host='t.me', port=443): Max retries exceeded with url: //0?embed=1&mode=tme (Caused by ProxyError('Unable to connect to proxy', NewConnectionError('<urllib3.connection.HTTPSConnection object at 0xc5660cb8>: Failed to establish a new connection: [Errno 113] No route to host')))
HTTPSConnectionPool(host='t.me', port=443): Max retries exceeded with url: //0?embed=1&mode=tme (Caused by ProxyError('Unable to connect to proxy', ConnectTimeoutError(<urllib3.connection.HTTPSConnection object at 0xc722e430>, 'Connection to 3.24.178.81 timed out. (connect timeout=15)')))
HTTPSConnectionPool(host='t.me', port=443): Max retries exceeded with url: //0?embed=1&mode=tme (Caused by ProxyError('Unable to connect to proxy', ConnectTimeoutError(<urllib3.connection.HTTPSConnection object at 0xc83bc148>, 'Connection to 181.120.28.228 timed out. (connect timeout=15)')))
HTTPSConnectionPool(host='t.me', port=443): Max retries exceeded with url: //0?embed=1&mode=tme (Caused by ProxyError('Unable to connect to proxy', ConnectTimeoutError(<urllib3.connection.HTTPSConnection object at 0xd5c8d5b0>, 'Connection to 185.236.203.208 timed out. (connect timeout=15)')))
HTTPSConnectionPool(host='t.me', port=443): Max retries exceeded with url: //0?embed=1&mode=tme (Caused by ProxyError('Unable to connect to proxy', NewConnectionError('<urllib3.connection.HTTPSConnection object at 0xe7d77148>: Failed to establish a new connection: [Errno 111] Connection refused')))
HTTPSConnectionPool(host='t.me', port=443): Max retries exceeded with url: //0?embed=1&mode=tme (Caused by ProxyError('Unable to connect to proxy', ConnectTimeoutError(<urllib3.connection.HTTPSConnection object at 0xd2813ca0>, 'Connection to 3.24.58.156 timed out. (connect timeout=15)')))
HTTPSConnectionPool(host='t.me', port=443): Max retries exceeded with url: //0?embed=1&mode=tme (Caused by ProxyError('Unable to connect to proxy', ConnectTimeoutError(<urllib3.connection.HTTPSConnection object at 0xc7149538>, 'Connection to 169.57.157.146 timed out. (connect timeout=15)')))
HTTPSConnectionPool(host='t.me', port=443): Max retries exceeded with url: //0?embed=1&mode=tme (Caused by ProxyError('Unable to connect to proxy', NewConnectionError('<urllib3.connection.HTTPSConnection object at 0xc71b2808>: Failed to establish a new connection: [Errno 111] Connection refused')))
HTTPSConnectionPool(host='t.me', port=443): Max retries exceeded with url: //0?embed=1&mode=tme (Caused by ProxyError('Unable to connect to proxy', ConnectTimeoutError(<urllib3.connection.HTTPSConnection object at 0xcae289e8>, 'Connection to 146.70.80.76 timed out. (connect timeout=15)')))
HTTPSConnectionPool(host='t.me', port=443): Max retries exceeded with url: //0?embed=1&mode=tme (Caused by ProxyError('Unable to connect to proxy', OSError('Tunnel connection failed: 400 Bad Request')))
HTTPSConnectionPool(host='t.me', port=443): Max retries exceeded with url: //0?embed=1&mode=tme (Caused by ProxyError('Unable to connect to proxy', OSError('Tunnel connection failed: 400 Bad Request')))
HTTPSConnectionPool(host='t.me', port=443): Max retries exceeded with url: //0?embed=1&mode=tme (Caused by ProxyError('Unable to connect to proxy', NewConnectionError('<urllib3.connection.HTTPSConnection object at 0xd66c94d8>: Failed to establish a new connection: [Errno 111] Connection refused')))
HTTPSConnectionPool(host='t.me', port=443): Max retries exceeded with url: //0?embed=1&mode=tme (Caused by ProxyError('Unable to connect to proxy', ConnectTimeoutError(<urllib3.connection.HTTPSConnection object at 0xd66e8d00>, 'Connection to 193.34.95.110 timed out. (connect timeout=15)')))
HTTPSConnectionPool(host='t.me', port=443): Max retries exceeded with url: //0?embed=1&mode=tme (Caused by ProxyError('Unable to connect to proxy', ConnectTimeoutError(<urllib3.connection.HTTPSConnection object at 0xc706a880>, 'Connection to 185.236.202.205 timed out. (connect timeout=15)')))
HTTPSConnectionPool(host='t.me', port=443): Max retries exceeded with url: //0?embed=1&mode=tme (Caused by ProxyError('Unable to connect to proxy', ConnectTimeoutError(<urllib3.connection.HTTPSConnection object at 0xd4fe2b68>, 'Connection to 139.5.73.71 timed out. (connect timeout=15)')))
HTTPSConnectionPool(host='t.me', port=443): Max retries exceeded with url: //0?embed=1&mode=tme (Caused by ProxyError('Unable to connect to proxy', ConnectTimeoutError(<urllib3.connection.HTTPSConnection object at 0xd4fe2238>, 'Connection to 200.52.148.10 timed out. (connect timeout=15)')))
HTTPSConnectionPool(host='t.me', port=443): Max retries exceeded with url: //0?embed=1&mode=tme (Caused by ProxyError('Unable to connect to proxy', ConnectTimeoutError(<urllib3.connection.HTTPSConnection object at 0xc7120f28>, 'Connection to 103.28.121.58 timed out. (connect timeout=15)')))
HTTPSConnectionPool(host='t.me', port=443): Max retries exceeded with url: //0?embed=1&mode=tme (Caused by ProxyError('Unable to connect to proxy', ConnectTimeoutError(<urllib3.connection.HTTPSConnection object at 0xd4fe2220>, 'Connection to 212.192.31.37 timed out. (connect timeout=15)')))
HTTPSConnectionPool(host='t.me', port=443): Max retries exceeded with url: //0?embed=1&mode=tme (Caused by ProxyError('Unable to connect to proxy', ConnectTimeoutError(<urllib3.connection.HTTPSConnection object at 0xd66e8b50>, 'Connection to 103.28.121.58 timed out. (connect timeout=15)')))
HTTPSConnectionPool(host='t.me', port=443): Max retries exceeded with url: //0?embed=1&mode=tme (Caused by ProxyError('Unable to connect to proxy', ConnectTimeoutError(<urllib3.connection.HTTPSConnection object at 0xc6cd8e38>, 'Connection to 61.216.156.222 timed out. (connect timeout=15)')))
('Connection aborted.', RemoteDisconnected('Remote end closed connection without response'))
HTTPSConnectionPool(host='t.me', port=443): Max retries exceeded with url: //0?embed=1&mode=tme (Caused by ProxyError('Unable to connect to proxy', ConnectTimeoutError(<urllib3.connection.HTTPSConnection object at 0xc6ce1058>, 'Connection to 81.94.255.13 timed out. (connect timeout=15)')))
HTTPSConnectionPool(host='t.me', port=443): Max retries exceeded with url: //0?embed=1&mode=tme (Caused by ProxyError('Unable to connect to proxy', NewConnectionError('<urllib3.connection.HTTPSConnection object at 0xcd1db790>: Failed to establish a new connection: [Errno 111] Connection refused')))
HTTPSConnectionPool(host='t.me', port=443): Max retries exceeded with url: //0?embed=1&mode=tme (Caused by ProxyError('Unable to connect to proxy', OSError('Tunnel connection failed: 504 Gateway Time-out')))
HTTPSConnectionPool(host='t.me', port=443): Max retries exceeded with url: //0?embed=1&mode=tme (Caused by ProxyError('Unable to connect to proxy', ConnectTimeoutError(<urllib3.connection.HTTPSConnection object at 0xd4fe22b0>, 'Connection to 36.229.100.73 timed out. (connect timeout=15)')))
HTTPSConnectionPool(host='t.me', port=443): Max retries exceeded with url: //0?embed=1&mode=tme (Caused by ProxyError('Unable to connect to proxy', ConnectTimeoutError(<urllib3.connection.HTTPSConnection object at 0xd1ac5448>, 'Connection to 85.238.74.91 timed out. (connect timeout=15)')))
HTTPSConnectionPool(host='t.me', port=443): Max retries exceeded with url: //0?embed=1&mode=tme (Caused by ProxyError('Unable to connect to proxy', NewConnectionError('<urllib3.connection.HTTPSConnection object at 0xd5c82550>: Failed to establish a new connection: [Errno 111] Connection refused')))
HTTPSConnectionPool(host='t.me', port=443): Max retries exceeded with url: //0?embed=1&mode=tme (Caused by ProxyError('Unable to connect to proxy', ConnectTimeoutError(<urllib3.connection.HTTPSConnection object at 0xd1afd160>, 'Connection to 81.44.83.70 timed out. (connect timeout=15)')))
HTTPSConnectionPool(host='t.me', port=443): Max retries exceeded with url: //0?embed=1&mode=tme (Caused by ProxyError('Unable to connect to proxy', ConnectTimeoutError(<urllib3.connection.HTTPSConnection object at 0xcae09e80>, 'Connection to 156.54.240.53 timed out. (connect timeout=15)')))
HTTPSConnectionPool(host='t.me', port=443): Max retries exceeded with url: //0?embed=1&mode=tme (Caused by ProxyError('Unable to connect to proxy', ConnectTimeoutError(<urllib3.connection.HTTPSConnection object at 0xd96b2a30>, 'Connection to 103.137.91.250 timed out. (connect timeout=15)')))
HTTPSConnectionPool(host='t.me', port=443): Max retries exceeded with url: //0?embed=1&mode=tme (Caused by ProxyError('Unable to connect to proxy', NewConnectionError('<urllib3.connection.HTTPSConnection object at 0xe713f958>: Failed to establish a new connection: [Errno 111] Connection refused')))
HTTPSConnectionPool(host='t.me', port=443): Max retries exceeded with url: //0?embed=1&mode=tme (Caused by ProxyError('Unable to connect to proxy', ConnectTimeoutError(<urllib3.connection.HTTPSConnection object at 0xd8b5e190>, 'Connection to 213.6.155.9 timed out. (connect timeout=15)')))
HTTPSConnectionPool(host='t.me', port=443): Max retries exceeded with url: //0?embed=1&mode=tme (Caused by ProxyError('Unable to connect to proxy', ConnectTimeoutError(<urllib3.connection.HTTPSConnection object at 0xc6d90c10>, 'Connection to 16.170.1.8 timed out. (connect timeout=15)')))
HTTPSConnectionPool(host='t.me', port=443): Max retries exceeded with url: //0?embed=1&mode=tme (Caused by ProxyError('Unable to connect to proxy', ConnectTimeoutError(<urllib3.connection.HTTPSConnection object at 0xc6d90c58>, 'Connection to 41.86.252.91 timed out. (connect timeout=15)')))
HTTPSConnectionPool(host='t.me', port=443): Max retries exceeded with url: //0?embed=1&mode=tme (Caused by ProxyError('Unable to connect to proxy', ConnectTimeoutError(<urllib3.connection.HTTPSConnection object at 0xcae09580>, 'Connection to 190.61.88.147 timed out. (connect timeout=15)')))
HTTPSConnectionPool(host='t.me', port=443): Read timed out. (read timeout=15)
HTTPSConnectionPool(host='t.me', port=443): Max retries exceeded with url: //0?embed=1&mode=tme (Caused by ProxyError('Unable to connect to proxy', ConnectTimeoutError(<urllib3.connection.HTTPSConnection object at 0xe17f3928>, 'Connection to 190.186.237.103 timed out. (connect timeout=15)')))
HTTPSConnectionPool(host='t.me', port=443): Max retries exceeded with url: //0?embed=1&mode=tme (Caused by ProxyError('Unable to connect to proxy', OSError('Tunnel connection failed: 400 Bad Request')))
HTTPSConnectionPool(host='t.me', port=443): Max retries exceeded with url: //0?embed=1&mode=tme (Caused by ProxyError('Unable to connect to proxy', NewConnectionError('<urllib3.connection.HTTPSConnection object at 0xc71e2688>: Failed to establish a new connection: [Errno 111] Connection refused')))
HTTPSConnectionPool(host='t.me', port=443): Max retries exceeded with url: //0?embed=1&mode=tme (Caused by ProxyError('Unable to connect to proxy', ConnectTimeoutError(<urllib3.connection.HTTPSConnection object at 0xda2480d0>, 'Connection to 102.215.196.178 timed out. (connect timeout=15)')))
HTTPSConnectionPool(host='t.me', port=443): Max retries exceeded with url: //0?embed=1&mode=tme (Caused by ProxyError('Unable to connect to proxy', ConnectTimeoutError(<urllib3.connection.HTTPSConnection object at 0xd96bfb50>, 'Connection to 134.19.254.2 timed out. (connect timeout=15)')))
HTTPSConnectionPool(host='t.me', port=443): Max retries exceeded with url: //0?embed=1&mode=tme (Caused by ProxyError('Unable to connect to proxy', ConnectTimeoutError(<urllib3.connection.HTTPSConnection object at 0xd96bfa00>, 'Connection to 102.39.68.76 timed out. (connect timeout=15)')))
HTTPSConnectionPool(host='t.me', port=443): Max retries exceeded with url: //0?embed=1&mode=tme (Caused by ProxyError('Unable to connect to proxy', ConnectTimeoutError(<urllib3.connection.HTTPSConnection object at 0xea5606e8>, 'Connection to 1.179.144.41 timed out. (connect timeout=15)')))
HTTPSConnectionPool(host='t.me', port=443): Max retries exceeded with url: //0?embed=1&mode=tme (Caused by ProxyError('Unable to connect to proxy', ConnectTimeoutError(<urllib3.connection.HTTPSConnection object at 0xc83da538>, 'Connection to 200.108.197.2 timed out. (connect timeout=15)')))
HTTPSConnectionPool(host='t.me', port=443): Read timed out. (read timeout=15)
HTTPSConnectionPool(host='t.me', port=443): Max retries exceeded with url: //0?embed=1&mode=tme (Caused by ProxyError('Unable to connect to proxy', ConnectTimeoutError(<urllib3.connection.HTTPSConnection object at 0xc71ce898>, 'Connection to 103.139.144.105 timed out. (connect timeout=15)')))
HTTPSConnectionPool(host='t.me', port=443): Max retries exceeded with url: //0?embed=1&mode=tme (Caused by ProxyError('Unable to connect to proxy', ConnectTimeoutError(<urllib3.connection.HTTPSConnection object at 0xd96e9ee0>, 'Connection to 102.132.41.31 timed out. (connect timeout=15)')))
HTTPSConnectionPool(host='t.me', port=443): Max retries exceeded with url: //0?embed=1&mode=tme (Caused by ProxyError('Unable to connect to proxy', ConnectTimeoutError(<urllib3.connection.HTTPSConnection object at 0xea5601a8>, 'Connection to 103.117.192.10 timed out. (connect timeout=15)')))
HTTPSConnectionPool(host='t.me', port=443): Max retries exceeded with url: //0?embed=1&mode=tme (Caused by ProxyError('Unable to connect to proxy', ConnectTimeoutError(<urllib3.connection.HTTPSConnection object at 0xd4fe2aa8>, 'Connection to 103.102.85.1 timed out. (connect timeout=15)')))
HTTPSConnectionPool(host='t.me', port=443): Max retries exceeded with url: //0?embed=1&mode=tme (Caused by ProxyError('Unable to connect to proxy', ConnectTimeoutError(<urllib3.connection.HTTPSConnection object at 0xc5a1ef28>, 'Connection to 117.139.124.182 timed out. (connect timeout=15)')))
HTTPSConnectionPool(host='t.me', port=443): Max retries exceeded with url: //0?embed=1&mode=tme (Caused by ProxyError('Unable to connect to proxy', ConnectTimeoutError(<urllib3.connection.HTTPSConnection object at 0xd96bf718>, 'Connection to 117.70.48.40 timed out. (connect timeout=15)')))
HTTPSConnectionPool(host='t.me', port=443): Max retries exceeded with url: //0?embed=1&mode=tme (Caused by ProxyError('Unable to connect to proxy', NewConnectionError('<urllib3.connection.HTTPSConnection object at 0xc6840130>: Failed to establish a new connection: [Errno 111] Connection refused')))
HTTPSConnectionPool(host='t.me', port=443): Max retries exceeded with url: //0?embed=1&mode=tme (Caused by ProxyError('Unable to connect to proxy', ConnectTimeoutError(<urllib3.connection.HTTPSConnection object at 0xe21902f8>, 'Connection to 146.83.205.10 timed out. (connect timeout=15)')))
HTTPSConnectionPool(host='t.me', port=443): Max retries exceeded with url: //0?embed=1&mode=tme (Caused by ProxyError('Unable to connect to proxy', ConnectTimeoutError(<urllib3.connection.HTTPSConnection object at 0xc83da478>, 'Connection to 117.158.146.215 timed out. (connect timeout=15)')))
HTTPSConnectionPool(host='t.me', port=443): Read timed out. (read timeout=15)
HTTPSConnectionPool(host='t.me', port=443): Max retries exceeded with url: //0?embed=1&mode=tme (Caused by ProxyError('Unable to connect to proxy', ConnectTimeoutError(<urllib3.connection.HTTPSConnection object at 0xc90b3cb8>, 'Connection to 154.236.168.179 timed out. (connect timeout=15)')))
HTTPSConnectionPool(host='t.me', port=443): Max retries exceeded with url: //0?embed=1&mode=tme (Caused by ProxyError('Unable to connect to proxy', ConnectTimeoutError(<urllib3.connection.HTTPSConnection object at 0xe0b90088>, 'Connection to 117.146.231.40 timed out. (connect timeout=15)')))
HTTPSConnectionPool(host='t.me', port=443): Max retries exceeded with url: //0?embed=1&mode=tme (Caused by ProxyError('Unable to connect to proxy', ConnectTimeoutError(<urllib3.connection.HTTPSConnection object at 0xe2de0af0>, 'Connection to 146.59.202.70 timed out. (connect timeout=15)')))
HTTPSConnectionPool(host='t.me', port=443): Max retries exceeded with url: //0?embed=1&mode=tme (Caused by ProxyError('Unable to connect to proxy', NewConnectionError('<urllib3.connection.HTTPSConnection object at 0xea5706b8>: Failed to establish a new connection: [Errno 111] Connection refused')))
HTTPSConnectionPool(host='t.me', port=443): Max retries exceeded with url: //0?embed=1&mode=tme (Caused by ProxyError('Unable to connect to proxy', ConnectTimeoutError(<urllib3.connection.HTTPSConnection object at 0xdacced30>, 'Connection to 176.36.12.121 timed out. (connect timeout=15)')))
HTTPSConnectionPool(host='t.me', port=443): Max retries exceeded with url: //0?embed=1&mode=tme (Caused by ProxyError('Unable to connect to proxy', ConnectTimeoutError(<urllib3.connection.HTTPSConnection object at 0xc5a1e478>, 'Connection to 146.190.79.143 timed out. (connect timeout=15)')))
HTTPSConnectionPool(host='t.me', port=443): Max retries exceeded with url: //0?embed=1&mode=tme (Caused by ProxyError('Unable to connect to proxy', ConnectTimeoutError(<urllib3.connection.HTTPSConnection object at 0xda23ddc0>, 'Connection to 177.124.184.52 timed out. (connect timeout=15)')))
HTTPSConnectionPool(host='t.me', port=443): Max retries exceeded with url: //0?embed=1&mode=tme (Caused by ProxyError('Unable to connect to proxy', OSError('Tunnel connection failed: 403 Forbidden')))
HTTPSConnectionPool(host='t.me', port=443): Max retries exceeded with url: //0?embed=1&mode=tme (Caused by ProxyError('Unable to connect to proxy', ConnectTimeoutError(<urllib3.connection.HTTPSConnection object at 0xdace91a8>, 'Connection to 176.253.53.25 timed out. (connect timeout=15)')))
HTTPSConnectionPool(host='t.me', port=443): Max retries exceeded with url: //0?embed=1&mode=tme (Caused by ProxyError('Unable to connect to proxy', ConnectTimeoutError(<urllib3.connection.HTTPSConnection object at 0xdacceaf0>, 'Connection to 175.101.80.134 timed out. (connect timeout=15)')))
HTTPSConnectionPool(host='t.me', port=443): Read timed out. (read timeout=15)
HTTPSConnectionPool(host='t.me', port=443): Max retries exceeded with url: //0?embed=1&mode=tme (Caused by ProxyError('Unable to connect to proxy', ConnectTimeoutError(<urllib3.connection.HTTPSConnection object at 0xd8b6bac0>, 'Connection to 174.138.184.82 timed out. (connect timeout=15)')))
HTTPSConnectionPool(host='t.me', port=443): Max retries exceeded with url: //0?embed=1&mode=tme (Caused by ProxyError('Unable to connect to proxy', ConnectTimeoutError(<urllib3.connection.HTTPSConnection object at 0xda23d0e8>, 'Connection to 177.241.233.10 timed out. (connect timeout=15)')))
HTTPSConnectionPool(host='t.me', port=443): Max retries exceeded with url: //0?embed=1&mode=tme (Caused by ProxyError('Unable to connect to proxy', NewConnectionError('<urllib3.connection.HTTPSConnection object at 0xc71c5a90>: Failed to establish a new connection: [Errno 111] Connection refused')))
HTTPSConnectionPool(host='t.me', port=443): Max retries exceeded with url: //0?embed=1&mode=tme (Caused by ProxyError('Unable to connect to proxy', OSError('Tunnel connection failed: 400 Bad Request')))
HTTPSConnectionPool(host='t.me', port=443): Max retries exceeded with url: //0?embed=1&mode=tme (Caused by ProxyError('Unable to connect to proxy', NewConnectionError('<urllib3.connection.HTTPSConnection object at 0xcae34aa8>: Failed to establish a new connection: [Errno 111] Connection refused')))
HTTPSConnectionPool(host='t.me', port=443): Max retries exceeded with url: //0?embed=1&mode=tme (Caused by ProxyError('Unable to connect to proxy', ConnectTimeoutError(<urllib3.connection.HTTPSConnection object at 0xdd21ac40>, 'Connection to 222.88.167.22 timed out. (connect timeout=15)')))
HTTPSConnectionPool(host='t.me', port=443): Max retries exceeded with url: //0?embed=1&mode=tme (Caused by ProxyError('Unable to connect to proxy', ConnectTimeoutError(<urllib3.connection.HTTPSConnection object at 0xe1801f88>, 'Connection to 190.94.239.182 timed out. (connect timeout=15)')))
HTTPSConnectionPool(host='t.me', port=443): Max retries exceeded with url: //0?embed=1&mode=tme (Caused by ProxyError('Unable to connect to proxy', ConnectTimeoutError(<urllib3.connection.HTTPSConnection object at 0xdd21aee0>, 'Connection to 200.7.10.158 timed out. (connect timeout=15)')))
HTTPSConnectionPool(host='t.me', port=443): Max retries exceeded with url: //0?embed=1&mode=tme (Caused by ProxyError('Unable to connect to proxy', ConnectTimeoutError(<urllib3.connection.HTTPSConnection object at 0xdd21ae68>, 'Connection to 193.136.97.17 timed out. (connect timeout=15)')))
HTTPSConnectionPool(host='t.me', port=443): Max retries exceeded with url: //0?embed=1&mode=tme (Caused by ProxyError('Unable to connect to proxy', NewConnectionError('<urllib3.connection.HTTPSConnection object at 0xd721eb80>: Failed to establish a new connection: [Errno 113] No route to host')))
HTTPSConnectionPool(host='t.me', port=443): Max retries exceeded with url: //0?embed=1&mode=tme (Caused by ProxyError('Unable to connect to proxy', ConnectTimeoutError(<urllib3.connection.HTTPSConnection object at 0xcae095b0>, 'Connection to 222.190.173.154 timed out. (connect timeout=15)')))
HTTPSConnectionPool(host='t.me', port=443): Max retries exceeded with url: //0?embed=1&mode=tme (Caused by ProxyError('Unable to connect to proxy', NewConnectionError('<urllib3.connection.HTTPSConnection object at 0xcae130b8>: Failed to establish a new connection: [Errno 111] Connection refused')))
HTTPSConnectionPool(host='t.me', port=443): Max retries exceeded with url: //0?embed=1&mode=tme (Caused by ProxyError('Unable to connect to proxy', ConnectTimeoutError(<urllib3.connection.HTTPSConnection object at 0xdb8674c0>, 'Connection to 216.238.99.171 timed out. (connect timeout=15)')))
HTTPSConnectionPool(host='t.me', port=443): Read timed out. (read timeout=15)
HTTPSConnectionPool(host='t.me', port=443): Max retries exceeded with url: //0?embed=1&mode=tme (Caused by ProxyError('Unable to connect to proxy', ConnectTimeoutError(<urllib3.connection.HTTPSConnection object at 0xc6104940>, 'Connection to 218.58.108.8 timed out. (connect timeout=15)')))
('Connection aborted.', RemoteDisconnected('Remote end closed connection without response'))
HTTPSConnectionPool(host='t.me', port=443): Max retries exceeded with url: //0?embed=1&mode=tme (Caused by ProxyError('Unable to connect to proxy', ConnectTimeoutError(<urllib3.connection.HTTPSConnection object at 0xc61ca070>, 'Connection to 222.190.173.102 timed out. (connect timeout=15)')))
HTTPSConnectionPool(host='t.me', port=443): Max retries exceeded with url: //0?embed=1&mode=tme (Caused by ProxyError('Unable to connect to proxy', ConnectTimeoutError(<urllib3.connection.HTTPSConnection object at 0xe2de0f40>, 'Connection to 45.189.113.142 timed out. (connect timeout=15)')))
HTTPSConnectionPool(host='t.me', port=443): Max retries exceeded with url: //0?embed=1&mode=tme (Caused by ProxyError('Unable to connect to proxy', ConnectTimeoutError(<urllib3.connection.HTTPSConnection object at 0xe17e78c8>, 'Connection to 45.130.96.26 timed out. (connect timeout=15)')))
HTTPSConnectionPool(host='t.me', port=443): Max retries exceeded with url: //0?embed=1&mode=tme (Caused by ProxyError('Unable to connect to proxy', ConnectTimeoutError(<urllib3.connection.HTTPSConnection object at 0xe2dcddd8>, 'Connection to 45.224.119.184 timed out. (connect timeout=15)')))
                                                                                                                                                                                                                                                                                                    HTTPSConnectionPool(host='t.me', port=443): Max retries exceeded with url: //0?embed=1&mode=tme (Caused by ProxyError('Unable to connect to proxy', ConnectTimeoutError(<urllib3.connection.HTTPSConnection object at 0xe45c22c8>, 'Connection to 45.190.170.254 timed out. (connect timeout=15)')))
HTTPSConnectionPool(host='t.me', port=443): Max retries exceeded with url: //0?embed=1&mode=tme (Caused by ProxyError('Unable to connect to proxy', NewConnectionError('<urllib3.connection.HTTPSConnection object at 0xc7103f28>: Failed to establish a new connection: [Errno 111] Connection refused')))
HTTPSConnectionPool(host='t.me', port=443): Max retries exceeded with url: //0?embed=1&mode=tme (Caused by ProxyError('Unable to connect to proxy', ConnectTimeoutError(<urllib3.connection.HTTPSConnection object at 0xe2dcd550>, 'Connection to 45.5.118.142 timed out. (connect timeout=15)')))
HTTPSConnectionPool(host='t.me', port=443): Max retries exceeded with url: //0?embed=1&mode=tme (Caused by ProxyError('Unable to connect to proxy', OSError('Tunnel connection failed: 400 Bad Request')))
HTTPSConnectionPool(host='t.me', port=443): Max retries exceeded with url: //0?embed=1&mode=tme (Caused by ProxyError('Unable to connect to proxy', ConnectTimeoutError(<urllib3.connection.HTTPSConnection object at 0xe2dcd5f8>, 'Connection to 45.184.155.6 timed out. (connect timeout=15)')))
HTTPSConnectionPool(host='t.me', port=443): Max retries exceeded with url: //0?embed=1&mode=tme (Caused by ProxyError('Unable to connect to proxy', ConnectTimeoutError(<urllib3.connection.HTTPSConnection object at 0xca27e6e8>, 'Connection to 103.118.78.194 timed out. (connect timeout=15)')))
HTTPSConnectionPool(host='t.me', port=443): Max retries exceeded with url: //0?embed=1&mode=tme (Caused by ProxyError('Unable to connect to proxy', ConnectTimeoutError(<urllib3.connection.HTTPSConnection object at 0xc71cefa0>, 'Connection to 65.20.171.253 timed out. (connect timeout=15)')))
HTTPSConnectionPool(host='t.me', port=443): Max retries exceeded with url: //0?embed=1&mode=tme (Caused by ProxyError('Unable to connect to proxy', ConnectTimeoutError(<urllib3.connection.HTTPSConnection object at 0xdd21aaa8>, 'Connection to 65.21.232.59 timed out. (connect timeout=15)')))
HTTPSConnectionPool(host='t.me', port=443): Max retries exceeded with url: //0?embed=1&mode=tme (Caused by ProxyError('Unable to connect to proxy', NewConnectionError('<urllib3.connection.HTTPSConnection object at 0xc71c5c58>: Failed to establish a new connection: [Errno 111] Connection refused')))
HTTPSConnectionPool(host='t.me', port=443): Max retries exceeded with url: //0?embed=1&mode=tme (Caused by ProxyError('Unable to connect to proxy', ConnectTimeoutError(<urllib3.connection.HTTPSConnection object at 0xc7693ef8>, 'Connection to 102.68.128.217 timed out. (connect timeout=15)')))
HTTPSConnectionPool(host='t.me', port=443): Max retries exceeded with url: //0?embed=1&mode=tme (Caused by ProxyError('Unable to connect to proxy', ConnectTimeoutError(<urllib3.connection.HTTPSConnection object at 0xdb84c880>, 'Connection to 103.146.196.112 timed out. (connect timeout=15)')))
HTTPSConnectionPool(host='t.me', port=443): Max retries exceeded with url: //0?embed=1&mode=tme (Caused by ProxyError('Unable to connect to proxy', ConnectTimeoutError(<urllib3.connection.HTTPSConnection object at 0xcc593cb8>, 'Connection to 118.69.134.3 timed out. (connect timeout=15)')))
HTTPSConnectionPool(host='t.me', port=443): Max retries exceeded with url: //0?embed=1&mode=tme (Caused by ProxyError('Unable to connect to proxy', ConnectTimeoutError(<urllib3.connection.HTTPSConnection object at 0xe7da4340>, 'Connection to 117.239.228.10 timed out. (connect timeout=15)')))
HTTPSConnectionPool(host='t.me', port=443): Max retries exceeded with url: //0?embed=1&mode=tme (Caused by ProxyError('Unable to connect to proxy', NewConnectionError('<urllib3.connection.HTTPSConnection object at 0xd5c99bf8>: Failed to establish a new connection: [Errno 111] Connection refused')))
HTTPSConnectionPool(host='t.me', port=443): Max retries exceeded with url: //0?embed=1&mode=tme (Caused by ProxyError('Unable to connect to proxy', ConnectTimeoutError(<urllib3.connection.HTTPSConnection object at 0xcc593b68>, 'Connection to 101.231.64.89 timed out. (connect timeout=15)')))
HTTPSConnectionPool(host='t.me', port=443): Max retries exceeded with url: //0?embed=1&mode=tme (Caused by ProxyError('Unable to connect to proxy', ConnectTimeoutError(<urllib3.connection.HTTPSConnection object at 0xdb84c0a0>, 'Connection to 103.169.130.46 timed out. (connect timeout=15)')))
HTTPSConnectionPool(host='t.me', port=443): Max retries exceeded with url: //0?embed=1&mode=tme (Caused by ProxyError('Unable to connect to proxy', NewConnectionError('<urllib3.connection.HTTPSConnection object at 0xde8b2c70>: Failed to establish a new connection: [Errno 111] Connection refused')))
HTTPSConnectionPool(host='t.me', port=443): Max retries exceeded with url: //0?embed=1&mode=tme (Caused by ProxyError('Unable to connect to proxy', OSError('Tunnel connection failed: 500 Internal Server Error')))
HTTPSConnectionPool(host='t.me', port=443): Max retries exceeded with url: //0?embed=1&mode=tme (Caused by ProxyError('Unable to connect to proxy', NewConnectionError('<urllib3.connection.HTTPSConnection object at 0xc5be9748>: Failed to establish a new connection: [Errno 111] Connection refused')))
HTTPSConnectionPool(host='t.me', port=443): Max retries exceeded with url: //0?embed=1&mode=tme (Caused by ProxyError('Unable to connect to proxy', ConnectTimeoutError(<urllib3.connection.HTTPSConnection object at 0xc5f06868>, 'Connection to 157.245.27.9 timed out. (connect timeout=15)')))
HTTPSConnectionPool(host='t.me', port=443): Max retries exceeded with url: //0?embed=1&mode=tme (Caused by ProxyError('Unable to connect to proxy', NewConnectionError('<urllib3.connection.HTTPSConnection object at 0xe1801c70>: Failed to establish a new connection: [Errno 111] Connection refused')))
HTTPSConnectionPool(host='t.me', port=443): Max retries exceeded with url: //0?embed=1&mode=tme (Caused by ProxyError('Unable to connect to proxy', ConnectTimeoutError(<urllib3.connection.HTTPSConnection object at 0xdb84c0d0>, 'Connection to 103.118.175.87 timed out. (connect timeout=15)')))
HTTPSConnectionPool(host='t.me', port=443): Max retries exceeded with url: //0?embed=1&mode=tme (Caused by ProxyError('Unable to connect to proxy', ConnectTimeoutError(<urllib3.connection.HTTPSConnection object at 0xdb85a8b0>, 'Connection to 102.69.236.152 timed out. (connect timeout=15)')))
HTTPSConnectionPool(host='t.me', port=443): Max retries exceeded with url: //0?embed=1&mode=tme (Caused by ProxyError('Unable to connect to proxy', ConnectTimeoutError(<urllib3.connection.HTTPSConnection object at 0xc6c07910>, 'Connection to 155.0.72.251 timed out. (connect timeout=15)')))
HTTPSConnectionPool(host='t.me', port=443): Max retries exceeded with url: //0?embed=1&mode=tme (Caused by ProxyError('Unable to connect to proxy', ConnectTimeoutError(<urllib3.connection.HTTPSConnection object at 0xe7122ad8>, 'Connection to 167.71.41.76 timed out. (connect timeout=15)')))
HTTPSConnectionPool(host='t.me', port=443): Max retries exceeded with url: //0?embed=1&mode=tme (Caused by ProxyError('Unable to connect to proxy', NewConnectionError('<urllib3.connection.HTTPSConnection object at 0xc7120e08>: Failed to establish a new connection: [Errno 111] Connection refused')))
('Connection aborted.', RemoteDisconnected('Remote end closed connection without response'))
éHx—éx—éØx—é y—éhy—é°y—éøy—é@z—éˆz—éÐz—é{—é`{—é¨{—éð{—é8|—é€|—éÈ|—é}—éX}—é }—éè}—é0~—éx~—éÀ~—é—éP—é˜—é PbêhPbê°PbêøPbê@QbêˆQbêÐQbêRbê`Rbê¨RbêðRbê8Sbê€SbêÈSbêTbêXTbê TbêèTbê0UbêxUbêÀUbêVbêPVbê˜VbêàVbê(WbêpWbê¸Wbê XbêHXbêXbêØXbê YbêhYbê°YbêøYbê@ZbêˆZbêÐZbê[bê`[bêÈ\bê]bêX]bê ]bêè]bê0^bêx^bêÀ^bê_bêP_bê˜_bê àYÌhàYÌ°àYÌøàYÌ@áYÌˆáYÌÐáYÌâYÌ`âYÌ¨âYÌðâYÌ8ãYÌ€ãYÌÈãYÌäYÌXäYÌ äYÌèäYÌ0åYÌxåYÌÀåYÌæYÌPæYÌ˜æYÌàæYÌ(çYÌpçYÌ¸çYÌ èYÌHèYÌèYÌØèYÌ éYÌhéYÌ°éYÌøéYÌ@êYÌˆêYÌÐêYÌëYÌ`ëYÌ¨ëYÌðëYÌ8ìYÌ€ìYÌÈìYÌíYÌXíYÌ íYÌèíYÌ0îYÌxîYÌÀîYÌïYÌPïYÌ˜ïYÌ °!×h°!×°°!×ø°!×@±!×ˆ±!×Ð±!×²!×`²!×¨²!×ð²!×8³!×€³!HTTPSConnectionPool(host='t.me', port=443): Max retries exceeded with url: //0?embed=1&mode=tme (Caused by ProxyError('Unable to connect to proxy', OSError('Tunnel connection failed: 407 Proxy Authentication Required')))
HTTPSConnectionPool(host='t.me', port=443): Max retries exceeded with url: //0?embed=1&mode=tme (Caused by ProxyError('Unable to connect to proxy', ConnectTimeoutError(<urllib3.connection.HTTPSConnection object at 0xe3901c10>, 'Connection to 153.101.67.170 timed out. (connect timeout=15)')))
HTTPSConnectionPool(host='t.me', port=443): Max retries exceeded with url: //0?embed=1&mode=tme (Caused by ProxyError('Unable to connect to proxy', ConnectTimeoutError(<urllib3.connection.HTTPSConnection object at 0xdacceca0>, 'Connection to 177.240.20.138 timed out. (connect timeout=15)')))
HTTPSConnectionPool(host='t.me', port=443): Max retries exceeded with url: //0?embed=1&mode=tme (Caused by ProxyError('Unable to connect to proxy', ConnectTimeoutError(<urllib3.connection.HTTPSConnection object at 0xe6883220>, 'Connection to 177.53.214.208 timed out. (connect timeout=15)')))
('Connection aborted.', RemoteDisconnected('Remote end closed connection without response'))
('Connection aborted.', RemoteDisconnected('Remote end closed connection without response'))
HTTPSConnectionPool(host='t.me', port=443): Max retries exceeded with url: //0?embed=1&mode=tme (Caused by ProxyError('Unable to connect to proxy', ConnectTimeoutError(<urllib3.connection.HTTPSConnection object at 0xe7d95298>, 'Connection to 177.93.45.154 timed out. (connect timeout=15)')))
('Connection aborted.', RemoteDisconnected('Remote end closed connection without response'))
HTTPSConnectionPool(host='t.me', port=443): Max retries exceeded with url: //0?embed=1&mode=tme (Caused by ProxyError('Unable to connect to proxy', ConnectTimeoutError(<urllib3.connection.HTTPSConnection object at 0xea5c9598>, 'Connection to 177.184.197.125 timed out. (connect timeout=15)')))
HTTPSConnectionPool(host='t.me', port=443): Max retries exceeded with url: //0?embed=1&mode=tme (Caused by ProxyError('Unable to connect to proxy', ConnectTimeoutError(<urllib3.connection.HTTPSConnection object at 0xcae097c0>, 'Connection to 190.97.233.18 timed out. (connect timeout=15)')))
HTTPSConnectionPool(host='t.me', port=443): Max retries exceeded with url: //0?embed=1&mode=tme (Caused by ProxyError('Unable to connect to proxy', NewConnectionError('<urllib3.connection.HTTPSConnection object at 0xcae30190>: Failed to establish a new connection: [Errno 111] Connection refused')))
HTTPSConnectionPool(host='t.me', port=443): Max retries exceeded with url: //0?embed=1&mode=tme (Caused by ProxyError('Unable to connect to proxy', OSError('Tunnel connection failed: 400 Bad Request')))
HTTPSConnectionPool(host='t.me', port=443): Max retries exceeded with url: //0?embed=1&mode=tme (Caused by ProxyError('Unable to connect to proxy', NewConnectionError('<urllib3.connection.HTTPSConnection object at 0xdb83fa18>: Failed to establish a new connection: [Errno 111] Connection refused')))
HTTPSConnectionPool(host='t.me', port=443): Max retries exceeded with url: //0?embed=1&mode=tme (Caused by ProxyError('Unable to connect to proxy', ConnectTimeoutError(<urllib3.connection.HTTPSConnection object at 0xcae09a78>, 'Connection to 192.141.196.129 timed out. (connect timeout=15)')))
HTTPSConnectionPool(host='t.me', port=443): Max retries exceeded with url: //0?embed=1&mode=tme (Caused by ProxyError('Unable to connect to proxy', ConnectTimeoutError(<urllib3.connection.HTTPSConnection object at 0xc6009610>, 'Connection to 179.0.43.68 timed out. (connect timeout=15)')))
HTTPSConnectionPool(host='t.me', port=443): Max retries exceeded with url: //0?embed=1&mode=tme (Caused by ProxyError('Unable to connect to proxy', ConnectTimeoutError(<urllib3.connection.HTTPSConnection object at 0xe391d5e0>, 'Connection to 193.233.203.58 timed out. (connect timeout=15)')))
HTTPSConnectionPool(host='t.me', port=443): Max retries exceeded with url: //0?embed=1&mode=tme (Caused by ProxyError('Unable to connect to proxy', ConnectTimeoutError(<urllib3.connection.HTTPSConnection object at 0xe713f7d8>, 'Connection to 196.1.95.124 timed out. (connect timeout=15)')))
HTTPSConnectionPool(host='t.me', port=443): Read timed out. (read timeout=15)
HTTPSConnectionPool(host='t.me', port=443): Max retries exceeded with url: //0?embed=1&mode=tme (Caused by ProxyError('Unable to connect to proxy', ConnectTimeoutError(<urllib3.connection.HTTPSConnection object at 0xe68ab118>, 'Connection to 206.233.177.254 timed out. (connect timeout=15)')))
HTTPSConnectionPool(host='t.me', port=443): Read timed out. (read timeout=15)
HTTPSConnectionPool(host='t.me', port=443): Max retries exceeded with url: //0?embed=1&mode=tme (Caused by ProxyError('Unable to connect to proxy', ConnectTimeoutError(<urllib3.connection.HTTPSConnection object at 0xd96bf358>, 'Connection to 197.91.178.46 timed out. (connect timeout=15)')))
HTTPSConnectionPool(host='t.me', port=443): Max retries exceeded with url: //0?embed=1&mode=tme (Caused by ProxyError('Unable to connect to proxy', ConnectTimeoutError(<urllib3.connection.HTTPSConnection object at 0xc6065700>, 'Connection to 34.162.156.215 timed out. (connect timeout=15)')))
HTTPSConnectionPool(host='t.me', port=443): Max retries exceeded with url: //0?embed=1&mode=tme (Caused by ProxyError('Unable to connect to proxy', ConnectTimeoutError(<urllib3.connection.HTTPSConnection object at 0xdb867178>, 'Connection to 194.190.254.250 timed out. (connect timeout=15)')))
HTTPSConnectionPool(host='t.me', port=443): Max retries exceeded with url: //0?embed=1&mode=tme (Caused by ProxyError('Unable to connect to proxy', NewConnectionError('<urllib3.connection.HTTPSConnection object at 0xdd2025f8>: Failed to establish a new connection: [Errno 111] Connection refused')))
HTTPSConnectionPool(host='t.me', port=443): Max retries exceeded with url: //0?embed=1&mode=tme (Caused by ProxyError('Unable to connect to proxy', ConnectTimeoutError(<urllib3.connection.HTTPSConnection object at 0xdd225d30>, 'Connection to 221.230.216.50 timed out. (connect timeout=15)')))
HTTPSConnectionPool(host='t.me', port=443): Max retries exceeded with url: //0?embed=1&mode=tme (Caused by ProxyError('Unable to connect to proxy', ConnectTimeoutError(<urllib3.connection.HTTPSConnection object at 0xce944448>, 'Connection to 222.190.208.233 timed out. (connect timeout=15)')))
HTTPSConnectionPool(host='t.me', port=443): Max retries exceeded with url: //0?embed=1&mode=tme (Caused by ProxyError('Unable to connect to proxy', ConnectTimeoutError(<urllib3.connection.HTTPSConnection object at 0xde87ce68>, 'Connection to 34.162.183.32 timed out. (connect timeout=15)')))
HTTPSConnectionPool(host='t.me', port=443): Max retries exceeded with url: //0?embed=1&mode=tme (Caused by ProxyError('Unable to connect to proxy', ConnectTimeoutError(<urllib3.connection.HTTPSConnection object at 0xc58bce68>, 'Connection to 45.184.155.3 timed out. (connect timeout=15)')))
('Connection aborted.', RemoteDisconnected('Remote end closed connection without response'))
HTTPSConnectionPool(host='t.me', port=443): Max retries exceeded with url: //0?embed=1&mode=tme (Caused by ProxyError('Unable to connect to proxy', NewConnectionError('<urllib3.connection.HTTPSConnection object at 0xc5bd49a0>: Failed to establish a new connection: [Errno 111] Connection refused')))
HTTPSConnectionPool(host='t.me', port=443): Max retries exceeded with url: //0?embed=1&mode=tme (Caused by ProxyError('Unable to connect to proxy', ConnectTimeoutError(<urllib3.connection.HTTPSConnection object at 0xc5fd4868>, 'Connection to 5.161.82.73 timed out. (connect timeout=15)')))
HTTPSConnectionPool(host='t.me', port=443): Read timed out. (read timeout=15)
HTTPSConnectionPool(host='t.me', port=443): Max retries exceeded with url: //0?embed=1&mode=tme (Caused by ProxyError('Unable to connect to proxy', ConnectTimeoutError(<urllib3.connection.HTTPSConnection object at 0xc5800478>, 'Connection to 45.224.148.117 timed out. (connect timeout=15)')))
HTTPSConnectionPool(host='t.me', port=443): Max retries exceeded with url: //0?embed=1&mode=tme (Caused by ProxyError('Unable to connect to proxy', OSError('Tunnel connection failed: 500 Internal Server Error')))
HTTPSConnectionPool(host='t.me', port=443): Max retries exceeded with url: //0?embed=1&mode=tme (Caused by ProxyError('Unable to connect to proxy', ConnectTimeoutError(<urllib3.connection.HTTPSConnection object at 0xc582a238>, 'Connection to 45.247.64.49 timed out. (connect timeout=15)')))
HTTPSConnectionPool(host='t.me', port=443): Max retries exceeded with url: //0?embed=1&mode=tme (Caused by ProxyError('Unable to connect to proxy', ConnectTimeoutError(<urllib3.connection.HTTPSConnection object at 0xc5fd47d8>, 'Connection to 45.201.134.38 timed out. (connect timeout=15)')))
HTTPSConnectionPool(host='t.me', port=443): Max retries exceeded with url: //0?embed=1&mode=tme (Caused by ProxyError('Unable to connect to proxy', OSError('Tunnel connection failed: 400 Bad Request')))
HTTPSConnectionPool(host='t.me', port=443): Max retries exceeded with url: //0?embed=1&mode=tme (Caused by ProxyError('Unable to connect to proxy', NewConnectionError('<urllib3.connection.HTTPSConnection object at 0xc6104cb8>: Failed to establish a new connection: [Errno 111] Connection refused')))
HTTPSConnectionPool(host='t.me', port=443): Max retries exceeded with url: //0?embed=1&mode=tme (Caused by ProxyError('Unable to connect to proxy', ConnectTimeoutError(<urllib3.connection.HTTPSConnection object at 0xc5799a18>, 'Connection to 79.127.11.194 timed out. (connect timeout=15)')))
HTTPSConnectionPool(host='t.me', port=443): Max retries exceeded with url: //0?embed=1&mode=tme (Caused by ProxyError('Unable to connect to proxy', ConnectTimeoutError(<urllib3.connection.HTTPSConnection object at 0xc5748658>, 'Connection to 78.189.32.215 timed out. (connect timeout=15)')))
HTTPSConnectionPool(host='t.me', port=443): Max retries exceeded with url: //0?embed=1&mode=tme (Caused by ProxyError('Unable to connect to proxy', ConnectTimeoutError(<urllib3.connection.HTTPSConnection object at 0xea525f10>, 'Connection to 103.141.70.18 timed out. (connect timeout=15)')))
HTTPSConnectionPool(host='t.me', port=443): Max retries exceeded with url: //0?embed=1&mode=tme (Caused by ProxyError('Unable to connect to proxy', NewConnectionError('<urllib3.connection.HTTPSConnection object at 0xc6380478>: Failed to establish a new connection: [Errno 111] Connection refused')))
HTTPSConnectionPool(host='t.me', port=443): Read timed out. (read timeout=15)
HTTPSConnectionPool(host='t.me', port=443): Max retries exceeded with url: //0?embed=1&mode=tme (Caused by ProxyError('Unable to connect to proxy', ConnectTimeoutError(<urllib3.connection.HTTPSConnection object at 0xc56a3778>, 'Connection to 117.40.176.42 timed out. (connect timeout=15)')))
HTTPSConnectionPool(host='t.me', port=443): Max retries exceeded with url: //0?embed=1&mode=tme (Caused by ProxyError('Unable to connect to proxy', NewConnectionError('<urllib3.connection.HTTPSConnection object at 0xc58bc9a0>: Failed to establish a new connection: [Errno 111] Connection refused')))
('Connection aborted.', RemoteDisconnected('Remote end closed connection without response'))
HTTPSConnectionPool(host='t.me', port=443): Max retries exceeded with url: //0?embed=1&mode=tme (Caused by ProxyError('Unable to connect to proxy', ConnectTimeoutError(<urllib3.connection.HTTPSConnection object at 0xc5641eb0>, 'Connection to 117.186.232.73 timed out. (connect timeout=15)')))
HTTPSConnectionPool(host='t.me', port=443): Max retries exceeded with url: //0?embed=1&mode=tme (Caused by ProxyError('Unable to connect to proxy', ConnectTimeoutError(<urllib3.connection.HTTPSConnection object at 0xc5660af0>, 'Connection to 162.212.157.238 timed out. (connect timeout=15)')))
HTTPSConnectionPool(host='t.me', port=443): Max retries exceeded with url: //0?embed=1&mode=tme (Caused by ProxyError('Unable to connect to proxy', ConnectTimeoutError(<urllib3.connection.HTTPSConnection object at 0xc57126d0>, 'Connection to 103.41.88.182 timed out. (connect timeout=15)')))
HTTPSConnectionPool(host='t.me', port=443): Max retries exceeded with url: //0?embed=1&mode=tme (Caused by ProxyError('Unable to connect to proxy', ConnectTimeoutError(<urllib3.connection.HTTPSConnection object at 0xc56a3fb8>, 'Connection to 117.94.122.150 timed out. (connect timeout=15)')))
HTTPSConnectionPool(host='t.me', port=443): Max retries exceeded with url: //0?embed=1&mode=tme (Caused by ProxyError('Unable to connect to proxy', OSError('Tunnel connection failed: 400 Bad Request')))
HTTPSConnectionPool(host='t.me', port=443): Read timed out. (read timeout=15)
HTTPSConnectionPool(host='t.me', port=443): Max retries exceeded with url: //0?embed=1&mode=tme (Caused by ProxyError('Unable to connect to proxy', ConnectTimeoutError(<urllib3.connection.HTTPSConnection object at 0xc56158e0>, 'Connection to 158.69.212.254 timed out. (connect timeout=15)')))
HTTPSConnectionPool(host='t.me', port=443): Max retries exceeded with url: //0?embed=1&mode=tme (Caused by ProxyError('Unable to connect to proxy', ConnectTimeoutError(<urllib3.connection.HTTPSConnection object at 0xc561d8f8>, 'Connection to 167.86.115.218 timed out. (connect timeout=15)')))
HTTPSConnectionPool(host='t.me', port=443): Max retries exceeded with url: //0?embed=1&mode=tme (Caused by ProxyError('Unable to connect to proxy', ConnectTimeoutError(<urllib3.connection.HTTPSConnection object at 0xc56ae268>, 'Connection to 120.82.174.128 timed out. (connect timeout=15)')))
HTTPSConnectionPool(host='t.me', port=443): Max retries exceeded with url: //0?embed=1&mode=tme (Caused by ProxyError('Unable to connect to proxy', NewConnectionError('<urllib3.connection.HTTPSConnection object at 0xc58bc4f0>: Failed to establish a new connection: [Errno 111] Connection refused')))
HTTPSConnectionPool(host='t.me', port=443): Max retries exceeded with url: //0?embed=1&mode=tme (Caused by ProxyError('Unable to connect to proxy', NewConnectionError('<urllib3.connection.HTTPSConnection object at 0xdb83faa8>: Failed to establish a new connection: [Errno 111] Connection refused')))
HTTPSConnectionPool(host='t.me', port=443): Max retries exceeded with url: //0?embed=1&mode=tme (Caused by ProxyError('Unable to connect to proxy', NewConnectionError('<urllib3.connection.HTTPSConnection object at 0xe1801ce8>: Failed to establish a new connection: [Errno 111] Connection refused')))
HTTPSConnectionPool(host='t.me', port=443): Max retries exceeded with url: //0?embed=1&mode=tme (Caused by ProxyError('Unable to connect to proxy', ConnectTimeoutError(<urllib3.connection.HTTPSConnection object at 0xc722ea30>, 'Connection to 180.242.248.70 timed out. (connect timeout=15)')))
HTTPSConnectionPool(host='t.me', port=443): Max retries exceeded with url: //0?embed=1&mode=tme (Caused by ProxyError('Unable to connect to proxy', ConnectTimeoutError(<urllib3.connection.HTTPSConnection object at 0xc722e9d0>, 'Connection to 178.128.200.87 timed out. (connect timeout=15)')))
HTTPSConnectionPool(host='t.me', port=443): Max retries exceeded with url: //0?embed=1&mode=tme (Caused by ProxyError('Unable to connect to proxy', OSError('Tunnel connection failed: 400 Bad Request')))
HTTPSConnectionPool(host='t.me', port=443): Max retries exceeded with url: //0?embed=1&mode=tme (Caused by ProxyError('Unable to connect to proxy', OSError('Tunnel connection failed: 407 Proxy Authentication Required')))
HTTPSConnectionPool(host='t.me', port=443): Max retries exceeded with url: //0?embed=1&mode=tme (Caused by ProxyError('Unable to connect to proxy', NewConnectionError('<urllib3.connection.HTTPSConnection object at 0xe7da4c58>: Failed to establish a new connection: [Errno 111] Connection refused')))
nection to 103.155.199.54 timed out. (connect timeout=15)')))
HTTPSConnectionPool(host='t.me', port=443): Max retries exceeded with url: //0?embed=1&mode=tme (Caused by ProxyError('Unable to connect toHTTPSConnectionPool(host='t.me', port=443): Max retries exceeded with url: //0?embed=1&mode=tme (Caused by ProxyError('Unable to connect to proxy', NewConnectionError('<urllib3.connection.HTTPSConnection object at 0xc569b2e0>: Failed to establish a new connection: [Errno 111] Connection refused')))
('Connection aborted.', RemoteDisconnected('Remote end closed connection without response'))
HTTPSConnectionPool(host='t.me', port=443): Max retries exceeded with url: //0?embed=1&mode=tme (Caused by ProxyError('Unable to connect to proxy', NewConnectionError('<urllib3.connection.HTTPSConnection object at 0xc71e2808>: Failed to establish a new connection: [Errno 111] Connection refused')))
HTTPSConnectionPool(host='t.me', port=443): Max retries exceeded with url: //0?embed=1&mode=tme (Caused by SSLError(SSLError(1, '[SSL: WRONG_VERSION_NUMBER] wrong version number (_ssl.c:1129)')))
HTTPSConnectionPool(host='t.me', port=443): Max retries exceeded with url: //0?embed=1&mode=tme (Caused by ProxyError('Unable to connect to proxy', ConnectTimeoutError(<urllib3.connection.HTTPSConnection object at 0xd96bf430>, 'Connection to 181.115.67.3 timed out. (connect timeout=15)')))
HTTPSConnectionPool(host='t.me', port=443): Max retries exceeded with url: //0?embed=1&mode=tme (Caused by ProxyError('Unable to connect to proxy', ConnectTimeoutError(<urllib3.connection.HTTPSConnection object at 0xd4fe2298>, 'Connection to 177.93.45.156 timed out. (connect timeout=15)')))
('Connection aborted.', RemoteDisconnected('Remote end closed connection without response'))
HTTPSConnectionPool(host='t.me', port=443): Max retries exceeded with url: //0?embed=1&mode=tme (Caused by ProxyError('Unable to connect to proxy', ConnectTimeoutError(<urllib3.connection.HTTPSConnection object at 0xd1af0130>, 'Connection to 202.51.114.210 timed out. (connect timeout=15)')))
HTTPSConnectionPool(host='t.me', port=443): Read timed out. (read timeout=15)
HTTPSConnectionPool(host='t.me', port=443): Max retries exceeded with url: //0?embed=1&mode=tme (Caused by ProxyError('Unable to connect to proxy', ConnectTimeoutError(<urllib3.connection.HTTPSConnection object at 0xe2185d48>, 'Connection to 179.1.129.37 timed out. (connect timeout=15)')))
HTTPSConnectionPool(host='t.me', port=443): Max retries exceeded with url: //0?embed=1&mode=tme (Caused by ProxyError('Unable to connect to proxy', NewConnectionError('<urllib3.connection.HTTPSConnection object at 0xdacb1850>: Failed to establish a new connection: [Errno 111] Connection refused')))
HTTPSConnectionPool(host='t.me', port=443): Max retries exceeded with url: //0?embed=1&mode=tme (Caused by ProxyError('Unable to connect to proxy', ConnectTimeoutError(<urllib3.connection.HTTPSConnection object at 0xc55db190>, 'Connection to 197.243.67.110 timed out. (connect timeout=15)')))
HTTPSConnectionPool(host='t.me', port=443): Max retries exceeded with url: //0?embed=1&mode=tme (Caused by ProxyError('Unable to connect to proxy', NewConnectionError('<urllib3.connection.HTTPSConnection object at 0xc5b7ace8>: Failed to establish a new connection: [Errno 111] Connection refused')))
HTTPSConnectionPool(host='t.me', port=443): Max retries exceeded with url: //0?embed=1&mode=tme (Caused by ProxyError('Unable to connect to proxy', ConnectTimeoutError(<urllib3.connection.HTTPSConnection object at 0xe2190e68>, 'Connection to 34.162.24.17 timed out. (connect timeout=15)')))
HTTPSConnectionPool(host='t.me', port=443): Max retries exceeded with url: //0?embed=1&mode=tme (Caused by SSLError(SSLCertVerificationError(1, "[SSL: CERTIFICATE_VERIFY_FAILED] certificate verify failed: Hostname mismatch, certificate is not valid for 't.me'. (_ssl.c:1129)")))
HTTPSConnectionPool(host='t.me', port=443): Max retries exceeded with url: //0?embed=1&mode=tme (Caused by ProxyError('Unable to connect to proxy', NewConnectionError('<urllib3.connection.HTTPSConnection object at 0xdb84c2c8>: Failed to establish a new connection: [Errno 113] No route to host')))
HTTPSConnectionPool(host='t.me', port=443): Max retries exceeded with url: //0?embed=1&mode=tme (Caused by ProxyError('Unable to connect to proxy', ConnectTimeoutError(<urllib3.connection.HTTPSConnection object at 0xd96bf1c0>, 'Connection to 192.145.228.226 timed out. (connect timeout=15)')))
HTTPSConnectionPool(host='t.me', port=443): Max retries exceeded with url: //0?embed=1&mode=tme (Caused by ProxyError('Unable to connect to proxy', NewConnectionError('<urllib3.connection.HTTPSConnection object at 0xcae09ca0>: Failed to establish a new connection: [Errno 111] Connection refused')))
HTTPSConnectionPool(host='t.me', port=443): Max retries exceeded with url: //0?embed=1&mode=tme (Caused by ProxyError('Unable to connect to proxy', ConnectTimeoutError(<urllib3.connection.HTTPSConnection object at 0xdb8671f0>, 'Connection to 198.13.42.153 timed out. (connect timeout=15)')))
HTTPSConnectionPool(host='t.me', port=443): Max retries exceeded with url: //0?embed=1&mode=tme (Caused by ProxyError('Unable to connect to proxy', NewConnectionError('<urllib3.connection.HTTPSConnection object at 0xc5628358>: Failed to establish a new connection: [Errno 111] Connection refused')))
('Connection aborted.', RemoteDisconnected('Remote end closed connection without response'))
HTTPSConnectionPool(host='t.me', port=443): Max retries exceeded with url: //0?embed=1&mode=tme (Caused by ProxyError('Unable to connect to proxy', ConnectTimeoutError(<urllib3.connection.HTTPSConnection object at 0xd1ad5d78>, 'Connection to 179.43.8.15 timed out. (connect timeout=15)')))
HTTPSConnectionPool(host='t.me', port=443): Max retries exceeded with url: //0?embed=1&mode=tme (Caused by ProxyError('Unable to connect to proxy', ConnectTimeoutError(<urllib3.connection.HTTPSConnection object at 0xe5c67f28>, 'Connection to 85.214.251.15 timed out. (connect timeout=15)')))
HTTPSConnectionPool(host='t.me', port=443): Max retries exceeded with url: //0?embed=1&mode=tme (Caused by ProxyError('Unable to connect to proxy', ConnectTimeoutError(<urllib3.connection.HTTPSConnection object at 0xe2190b50>, 'Connection to 45.70.201.53 timed out. (connect timeout=15)')))
HTTPSConnectionPool(host='t.me', port=443): Max retries exceeded with url: //0?embed=1&mode=tme (Caused by ProxyError('Unable to connect to proxy', ConnectTimeoutError(<urllib3.connection.HTTPSConnection object at 0xe5016460>, 'Connection to 45.225.185.62 timed out. (connect timeout=15)')))
HTTPSConnectionPool(host='t.me', port=443): Max retries exceeded with url: //0?embed=1&mode=tme (Caused by ProxyError('Unable to connect to proxy', ConnectTimeoutError(<urllib3.connection.HTTPSConnection object at 0xc57371d8>, 'Connection to 179.53.250.19 timed out. (connect timeout=15)')))
('Connection aborted.', ConnectionResetError(104, 'Connection reset by peer'))
HTTPSConnectionPool(host='t.me', port=443): Max retries exceeded with url: //0?embed=1&mode=tme (Caused by ProxyError('Unable to connect to proxy', ConnectTimeoutError(<urllib3.connection.HTTPSConnection object at 0xe50163d0>, 'Connection to 34.162.59.88 timed out. (connect timeout=15)')))
HTTPSConnectionPool(host='t.me', port=443): Max retries exceeded with url: //0?embed=1&mode=tme (Caused by ProxyError('Unable to connect to proxy', ConnectTimeoutError(<urllib3.connection.HTTPSConnection object at 0xe0b909b8>, 'Connection to 82.223.102.92 timed out. (connect timeout=15)')))
HTTPSConnectionPool(host='t.me', port=443): Max retries exceeded with url: //0?embed=1&mode=tme (Caused by ProxyError('Unable to connect to proxy', ConnectTimeoutError(<urllib3.connection.HTTPSConnection object at 0xe0b90a48>, 'Connection to 72.169.65.145 timed out. (connect timeout=15)')))
HTTPSConnectionPool(host='t.me', port=443): Max retries exceeded with url: //0?embed=1&mode=tme (Caused by ProxyError('Unable to connect to proxy', ConnectTimeoutError(<urllib3.connection.HTTPSConnection object at 0xe5c677a8>, 'Connection to 83.238.80.11 timed out. (connect timeout=15)')))
HTTPSConnectionPool(host='t.me', port=443): Max retries exceeded with url: //0?embed=1&mode=tme (Caused by ProxyError('Unable to connect to proxy', ConnectTimeoutError(<urllib3.connection.HTTPSConnection object at 0xe0b9d058>, 'Connection to 69.70.244.34 timed out. (connect timeout=15)')))
HTTPSConnectionPool(host='t.me', port=443): Max retries exceeded with url: //0?embed=1&mode=tme (Caused by ProxyError('Unable to connect to proxy', ConnectTimeoutError(<urllib3.connection.HTTPSConnection object at 0xc55f60a0>, 'Connection to 103.253.127.186 timed out. (connect timeout=15)')))
HTTPSConnectionPool(host='t.me', port=443): Max retries exceeded with url: //0?embed=1&mode=tme (Caused by ProxyError('Unable to connect to proxy', ConnectTimeoutError(<urllib3.connection.HTTPSConnection object at 0xc5660940>, 'Connection to 222.243.201.153 timed out. (connect timeout=15)')))
HTTPSConnectionPool(host='t.me', port=443): Max retries exceeded with url: //0?embed=1&mode=tme (Caused by ProxyError('Unable to connect to proxy', ConnectTimeoutError(<urllib3.connection.HTTPSConnection object at 0xe18126d0>, 'Connection to 34.162.135.2 timed out. (connect timeout=15)')))
HTTPSConnectionPool(host='t.me', port=443): Max retries exceeded with url: //0?embed=1&mode=tme (Caused by ProxyError('Unable to connect to proxy', ConnectTimeoutError(<urllib3.connection.HTTPSConnection object at 0xc57511a8>, 'Connection to 85.114.120.177 timed out. (connect timeout=15)')))
HTTPSConnectionPool(host='t.me', port=443): Max retries exceeded with url: //0?embed=1&mode=tme (Caused by ProxyError('Unable to connect to proxy', ConnectTimeoutError(<urllib3.connection.HTTPSConnection object at 0xc55ff100>, 'Connection to 34.162.22.200 timed out. (connect timeout=15)')))
HTTPSConnectionPool(host='t.me', port=443): Max retries exceeded with url: //0?embed=1&mode=tme (Caused by ProxyError('Unable to connect to proxy', OSError('Tunnel connection failed: 400 Bad Request')))
HTTPSConnectionPool(host='t.me', port=443): Max retries exceeded with url: //0?embed=1&mode=tme (Caused by ProxyError('Unable to connect to proxy', ConnectTimeoutError(<urllib3.connection.HTTPSConnection object at 0xc5593b20>, 'Connection to 103.163.13.112 timed out. (connect timeout=15)')))
HTTPSConnectionPool(host='t.me', port=443): Max retries exceeded with url: //0?embed=1&mode=tme (Caused by ProxyError('Unable to connect to proxy', ConnectTimeoutError(<urllib3.connection.HTTPSConnection object at 0xc712c388>, 'Connection to 103.147.241.3 timed out. (connect timeout=15)')))
HTTPSConnectionPool(host='t.me', port=443): Max retries exceeded with url: //0?embed=1&mode=tme (Caused by ProxyError('Unable to connect to proxy', ConnectTimeoutError(<urllib3.connection.HTTPSConnection object at 0xc55991f0>, 'Connection to 170.246.85.107 timed out. (connect timeout=15)')))
HTTPSConnectionPool(host='t.me', port=443): Max retries exceeded with url: //0?embed=1&mode=tme (Caused by ProxyError('Unable to connect to proxy', OSError('Tunnel connection failed: 400 Bad Request')))
HTTPSConnectionPool(host='t.me', port=443): Max retries exceeded with url: //0?embed=1&mode=tme (Caused by ProxyError('Unable to connect to proxy', ConnectTimeoutError(<urllib3.connection.HTTPSConnection object at 0xc55ffd30>, 'Connection to 103.105.196.130 timed out. (connect timeout=15)')))
HTTPSConnectionPool(host='t.me', port=443): Max retries exceeded with url: //0?embed=1&mode=tme (Caused by ProxyError('Unable to connect to proxy', ConnectTimeoutError(<urllib3.connection.HTTPSConnection object at 0xc55a86a0>, 'Connection to 119.110.73.226 timed out. (connect timeout=15)')))
HTTPSConnectionPool(host='t.me', port=443): Max retries exceeded with url: //0?embed=1&mode=tme (Caused by ProxyError('Unable to connect to proxy', NewConnectionError('<urllib3.connection.HTTPSConnection object at 0xe7d95490>: Failed to establish a new connection: [Errno 113] No route to host')))
HTTPSConnectionPool(host='t.me', port=443): Max retries exceeded with url: //0?embed=1&mode=tme (Caused by ProxyError('Unable to connect to proxy', ConnectTimeoutError(<urllib3.connection.HTTPSConnection object at 0xc5e06ca0>, 'Connection to 157.100.56.94 timed out. (connect timeout=15)')))
HTTPSConnectionPool(host='t.me', port=443): Max retries exceeded with url: //0?embed=1&mode=tme (Caused by ProxyError('Unable to connect to proxy', ConnectTimeoutError(<urllib3.connection.HTTPSConnection object at 0xe5009508>, 'Connection to 117.94.122.175 timed out. (connect timeout=15)')))
('Connection aborted.', ConnectionResetError(104, 'Connection reset by peer'))
HTTPSConnectionPool(host='t.me', port=443): Max retries exceeded with url: //0?embed=1&mode=tme (Caused by ProxyError('Unable to connect to proxy', ConnectTimeoutError(<urllib3.connection.HTTPSConnection object at 0xc55bb040>, 'Connection to 158.140.191.136 timed out. (connect timeout=15)')))
HTTPSConnectionPool(host='t.me', port=443): Max retries exceeded with url: //0?embed=1&mode=tme (Caused by ProxyError('Unable to connect to proxy', NewConnectionError('<urllib3.connection.HTTPSConnection object at 0xc55d2448>: Failed to establish a new connection: [Errno 111] Connection refused')))
HTTPSConnectionPool(host='t.me', port=443): Max retries exceeded with url: //0?embed=1&mode=tme (Caused by ProxyError('Unable to connect to proxy', ConnectTimeoutError(<urllib3.connection.HTTPSConnection object at 0xea536b68>, 'Connection to 181.78.83.210 timed out. (connect timeout=15)')))
HTTPSConnectionPool(host='t.me', port=443): Max retries exceeded with url: //0?embed=1&mode=tme (Caused by ProxyError('Unable to connect to proxy', NewConnectionError('<urllib3.connection.HTTPSConnection object at 0xd4fe2b68>: Failed to establish a new connection: [Errno 111] Connection refused')))
HTTPSConnectionPool(host='t.me', port=443): Max retries exceeded with url: //0?embed=1&mode=tme (Caused by ProxyError('Unable to connect to proxy', OSError('Tunnel connection failed: 400 Bad Request')))
HTTPSConnectionPool(host='t.me', port=443): Max retries exceeded with url: //0?embed=1&mode=tme (Caused by ProxyError('Unable to connect to proxy', ConnectTimeoutError(<urllib3.connection.HTTPSConnection object at 0xc5fddda8>, 'Connection to 181.224.205.18 timed out. (connect timeout=15)')))
HTTPSConnectionPool(host='t.me', port=443): Max retries exceeded with url: //0?embed=1&mode=tme (Caused by ProxyError('Unable to connect to proxy', NewConnectionError('<urllib3.connection.HTTPSConnection object at 0xe2de0d00>: Failed to establish a new connection: [Errno 111] Connection refused')))
HTTPSConnectionPool(host='t.me', port=443): Max retries exceeded with url: //0?embed=1&mode=tme (Caused by ProxyError('Unable to connect to proxy', ConnectTimeoutError(<urllib3.connection.HTTPSConnection object at 0xc551f130>, 'Connection to 181.39.35.3 timed out. (connect timeout=15)')))
HTTPSConnectionPool(host='t.me', port=443): Max retries exceeded with url: //0?embed=1&mode=tme (Caused by ProxyError('Unable to connect to proxy', ConnectTimeoutError(<urllib3.connection.HTTPSConnection object at 0xe68bbc28>, 'Connection to 195.15.215.146 timed out. (connect timeout=15)')))
HTTPSConnectionPool(host='t.me', port=443): Max retries exceeded with url: //0?embed=1&mode=tme (Caused by ProxyError('Unable to connect to proxy', ConnectTimeoutError(<urllib3.connection.HTTPSConnection object at 0xc5555ad8>, 'Connection to 179.1.85.210 timed out. (connect timeout=15)')))
HTTPSConnectionPool(host='t.me', port=443): Max retries exceeded with url: //0?embed=1&mode=tme (Caused by ProxyError('Unable to connect to proxy', ConnectTimeoutError(<urllib3.connection.HTTPSConnection object at 0xc5c9d670>, 'Connection to 37.148.217.234 timed out. (connect timeout=15)')))
HTTPSConnectionPool(host='t.me', port=443): Max retries exceeded with url: //0?embed=1&mode=tme (Caused by ProxyError('Unable to connect to proxy', ConnectTimeoutError(<urllib3.connection.HTTPSConnection object at 0xc550d148>, 'Connection to 34.162.63.141 timed out. (connect timeout=15)')))
HTTPSConnectionPool(host='t.me', port=443): Max retries exceeded with url: //0?embed=1&mode=tme (Caused by ProxyError('Unable to connect to proxy', NewConnectionError('<urllib3.connection.HTTPSConnection object at 0xd4fe2550>: Failed to establish a new connection: [Errno 111] Connection refused')))
HTTPSConnectionPool(host='t.me', port=443): Max retries exceeded with url: //0?embed=1&mode=tme (Caused by ProxyError('Unable to connect to proxy', ConnectTimeoutError(<urllib3.connection.HTTPSConnection object at 0xc55306a0>, 'Connection to 20.219.137.240 timed out. (connect timeout=15)')))
HTTPSConnectionPool(host='t.me', port=443): Max retries exceeded with url: //0?embed=1&mode=tme (Caused by ProxyError('Unable to connect to proxy', ConnectTimeoutError(<urllib3.connection.HTTPSConnection object at 0xc5c95580>, 'Connection to 180.191.23.221 timed out. (connect timeout=15)')))
HTTPSConnectionPool(host='t.me', port=443): Max retries exceeded with url: //0?embed=1&mode=tme (Caused by ProxyError('Unable to connect to proxy', ConnectTimeoutError(<urllib3.connection.HTTPSConnection object at 0xe68bbaf0>, 'Connection to 196.11.183.216 timed out. (connect timeout=15)')))
HTTPSConnectionPool(host='t.me', port=443): Max retries exceeded with url: //0?embed=1&mode=tme (Caused by ProxyError('Unable to connect to proxy', ConnectTimeoutError(<urllib3.connection.HTTPSConnection object at 0xe5024d78>, 'Connection to 34.162.67.130 timed out. (connect timeout=15)')))
HTTPSConnectionPool(host='t.me', port=443): Max retries exceeded with url: //0?embed=1&mode=tme (Caused by ProxyError('Unable to connect to proxy', ConnectTimeoutError(<urllib3.connection.HTTPSConnection object at 0xc5568820>, 'Connection to 179.53.239.155 timed out. (connect timeout=15)')))
HTTPSConnectionPool(host='t.me', port=443): Max retries exceeded with url: //0?embed=1&mode=tme (Caused by ProxyError('Unable to connect to proxy', ConnectTimeoutError(<urllib3.connection.HTTPSConnection object at 0xe2173298>, 'Connection to 181.205.241.227 timed out. (connect timeout=15)')))
HTTPSConnectionPool(host='t.me', port=443): Max retries exceeded with url: //0?embed=1&mode=tme (Caused by ProxyError('Unable to connect to proxy', ConnectTimeoutError(<urllib3.connection.HTTPSConnection object at 0xd66bc1f0>, 'Connection to 223.215.176.37 timed out. (connect timeout=15)')))
HTTPSConnectionPool(host='t.me', port=443): Max retries exceeded with url: //0?embed=1&mode=tme (Caused by ProxyError('Unable to connect to proxy', ConnectTimeoutError(<urllib3.connection.HTTPSConnection object at 0xe5c3b7f0>, 'Connection to 34.162.53.144 timed out. (connect timeout=15)')))
HTTPSConnectionPool(host='t.me', port=443): Max retries exceeded with url: //0?embed=1&mode=tme (Caused by ProxyError('Unable to connect to proxy', ConnectTimeoutError(<urllib3.connection.HTTPSConnection object at 0xc5723598>, 'Connection to 49.70.89.246 timed out. (connect timeout=15)')))
HTTPSConnectionPool(host='t.me', port=443): Max retries exceeded with url: //0?embed=1&mode=tme (Caused by ProxyError('Unable to connect to proxy', ConnectTimeoutError(<urllib3.connection.HTTPSConnection object at 0xc55ef190>, 'Connection to 221.230.216.54 timed out. (connect timeout=15)')))
HTTPSConnectionPool(host='t.me', port=443): Max retries exceeded with url: //0?embed=1&mode=tme (Caused by ProxyError('Unable to connect to proxy', NewConnectionError('<urllib3.connection.HTTPSConnection object at 0xe18019a0>: Failed to establish a new connection: [Errno 111] Connection refused')))
HTTPSConnectionPool(host='t.me', port=443): Max retries exceeded with url: //0?embed=1&mode=tme (Caused by ProxyError('Unable to connect to proxy', NewConnectionError('<urllib3.connection.HTTPSConnection object at 0xcd1c5ad8>: Failed to establish a new connection: [Errno 111] Connection refused')))
HTTPSConnectionPool(host='t.me', port=443): Max retries exceeded with url: //0?embed=1&mode=tme (Caused by ProxyError('Unable to connect to proxy', ConnectTimeoutError(<urllib3.connection.HTTPSConnection object at 0xc5530a48>, 'Connection to 45.4.202.126 timed out. (connect timeout=15)')))
HTTPSConnectionPool(host='t.me', port=443): Read timed out. (read timeout=15)
HTTPSConnectionPool(host='t.me', port=443): Max retries exceeded with url: //0?embed=1&mode=tme (Caused by ProxyError('Unable to connect to proxy', OSError('Tunnel connection failed: 500 Internal Server Error')))
HTTPSConnectionPool(host='t.me', port=443): Max retries exceeded with url: //0?embed=1&mode=tme (Caused by ProxyError('Unable to connect to proxy', ConnectTimeoutError(<urllib3.connection.HTTPSConnection object at 0xc5c9d430>, 'Connection to 45.71.169.145 timed out. (connect timeout=15)')))
HTTPSConnectionPool(host='t.me', port=443): Max retries exceeded with url: //0?embed=1&mode=tme (Caused by ProxyError('Unable to connect to proxy', ConnectTimeoutError(<urllib3.connection.HTTPSConnection object at 0xc5cbc970>, 'Connection to 88.250.47.51 timed out. (connect timeout=15)')))
HTTPSConnectionPool(host='t.me', port=443): Max retries exceeded with url: //0?embed=1&mode=tme (Caused by ProxyError('Unable to connect to proxy', ConnectTimeoutError(<urllib3.connection.HTTPSConnection object at 0xde87c838>, 'Connection to 85.50.139.97 timed out. (connect timeout=15)')))
HTTPSConnectionPool(host='t.me', port=443): Max retries exceeded with url: //0?embed=1&mode=tme (Caused by ProxyError('Unable to connect to proxy', ConnectTimeoutError(<urllib3.connection.HTTPSConnection object at 0xc55effd0>, 'Connection to 5.180.254.9 timed out. (connect timeout=15)')))
HTTPSConnectionPool(host='t.me', port=443): Max retries exceeded with url: //0?embed=1&mode=tme (Caused by ProxyError('Unable to connect to proxy', ConnectTimeoutError(<urllib3.connection.HTTPSConnection object at 0xc5530bf8>, 'Connection to 45.4.201.92 timed out. (connect timeout=15)')))
HTTPSConnectionPool(host='t.me', port=443): Max retries exceeded with url: //0?embed=1&mode=tme (Caused by ProxyError('Unable to connect to proxy', ConnectTimeoutError(<urllib3.connection.HTTPSConnection object at 0xc71884c0>, 'Connection to 103.155.197.49 timed out. (connect timeout=15)')))
HTTPSConnectionPool(host='t.me', port=443): Max retries exceeded with url: //0?embed=1&mode=tme (Caused by ProxyError('Unable to connect to proxy', NewConnectionError('<urllib3.connection.HTTPSConnection object at 0xe45c2a60>: Failed to establish a new connection: [Errno 111] Connection refused')))
HTTPSConnectionPool(host='t.me', port=443): Max retries exceeded with url: //0?embed=1&mode=tme (Caused by ProxyError('Unable to connect to proxy', ConnectTimeoutError(<urllib3.connection.HTTPSConnection object at 0xc5c42910>, 'Connection to 103.167.71.38 timed out. (connect timeout=15)')))
HTTPSConnectionPool(host='t.me', port=443): Max retries exceeded with url: //0?embed=1&mode=tme (Caused by ProxyError('Unable to connect to proxy', ConnectTimeoutError(<urllib3.connection.HTTPSConnection object at 0xc5c507d8>, 'Connection to 118.69.134.0 timed out. (connect timeout=15)')))
HTTPSConnectionPool(host='t.me', port=443): Max retries exceeded with url: //0?embed=1&mode=tme (Caused by ProxyError('Unable to connect to proxy', ConnectTimeoutError(<urllib3.connection.HTTPSConnection object at 0xe2dd66d0>, 'Connection to 123.245.249.5 timed out. (connect timeout=15)')))
HTTPSConnectionPool(host='t.me', port=443): Max retries exceeded with url: //0?embed=1&mode=tme (Caused by ProxyError('Unable to connect to proxy', ConnectTimeoutError(<urllib3.connection.HTTPSConnection object at 0xdd202a30>, 'Connection to 123.138.214.150 timed out. (connect timeout=15)')))
HTTPSConnectionPool(host='t.me', port=443): Max retries exceeded with url: //0?embed=1&mode=tme (Caused by ProxyError('Unable to connect to proxy', ConnectTimeoutError(<urllib3.connection.HTTPSConnection object at 0xe0bc8bc8>, 'Connection to 117.94.121.29 timed out. (connect timeout=15)')))
HTTPSConnectionPool(host='t.me', port=443): Max retries exceeded with url: //0?embed=1&mode=tme (Caused by ProxyError('Unable to connect to proxy', ConnectTimeoutError(<urllib3.connection.HTTPSConnection object at 0xe6891040>, 'Connection to 170.39.30.129 timed out. (connect timeout=15)')))
HTTPSConnectionPool(host='t.me', port=443): Read timed out. (read timeout=15)
HTTPSConnectionPool(host='t.me', port=443): Max retries exceeded with url: //0?embed=1&mode=tme (Caused by ProxyError('Unable to connect to proxy', ConnectTimeoutError(<urllib3.connection.HTTPSConnection object at 0xcc57a148>, 'Connection to 120.35.200.44 timed out. (connect timeout=15)')))
HTTPSConnectionPool(host='t.me', port=443): Max retries exceeded with url: //0?embed=1&mode=tme (Caused by ProxyError('Unable to connect to proxy', ConnectTimeoutError(<urllib3.connection.HTTPSConnection object at 0xc76a5e08>, 'Connection to 119.17.42.150 timed out. (connect timeout=15)')))
HTTPSConnectionPool(host='t.me', port=443): Max retries exceeded with url: //0?embed=1&mode=tme (Caused by ProxyError('Unable to connect to proxy', ConnectTimeoutError(<urllib3.connection.HTTPSConnection object at 0xe5c3b2c8>, 'Connection to 80.63.84.58 timed out. (connect timeout=15)')))
HTTPSConnectionPool(host='t.me', port=443): Read timed out. (read timeout=15)
HTTPSConnectionPool(host='t.me', port=443): Max retries exceeded with url: //0?embed=1&mode=tme (Caused by ProxyError('Unable to connect to proxy', ConnectTimeoutError(<urllib3.connection.HTTPSConnection object at 0xc5c9d820>, 'Connection to 119.179.232.219 timed out. (connect timeout=15)')))
HTTPSConnectionPool(host='t.me', port=443): Max retries exceeded with url: //0?embed=1&mode=tme (Caused by ProxyError('Unable to connect to proxy', ConnectTimeoutError(<urllib3.connection.HTTPSConnection object at 0xc71e2310>, 'Connection to 164.92.105.75 timed out. (connect timeout=15)')))
HTTPSConnectionPool(host='t.me', port=443): Max retries exceeded with url: //0?embed=1&mode=tme (Caused by ProxyError('Unable to connect to proxy', ConnectTimeoutError(<urllib3.connection.HTTPSConnection object at 0xc55f6bc8>, 'Connection to 168.90.13.162 timed out. (connect timeout=15)')))
HTTPSConnectionPool(host='t.me', port=443): Max retries exceeded with url: //0?embed=1&mode=tme (Caused by ProxyError('Unable to connect to proxy', ConnectTimeoutError(<urllib3.connection.HTTPSConnection object at 0xe17f3508>, 'Connection to 182.253.40.205 timed out. (connect timeout=15)')))
HTTPSConnectionPool(host='t.me', port=443): Max retries exceeded with url: //0?embed=1&mode=tme (Caused by ProxyError('Unable to connect to proxy', ConnectTimeoutError(<urllib3.connection.HTTPSConnection object at 0xddc541c0>, 'Connection to 181.39.101.117 timed out. (connect timeout=15)')))
HTTPSConnectionPool(host='t.me', port=443): Max retries exceeded with url: //0?embed=1&mode=tme (Caused by ProxyError('Unable to connect to proxy', ConnectTimeoutError(<urllib3.connection.HTTPSConnection object at 0xc5c95b38>, 'Connection to 179.107.54.27 timed out. (connect timeout=15)')))
HTTPSConnectionPool(host='t.me', port=443): Max retries exceeded with url: //0?embed=1&mode=tme (Caused by ProxyError('Unable to connect to proxy', ConnectTimeoutError(<urllib3.connection.HTTPSConnection object at 0xc5c95e20>, 'Connection to 180.242.248.99 timed out. (connect timeout=15)')))
HTTPSConnectionPool(host='t.me', port=443): Max retries exceeded with url: //0?embed=1&mode=tme (Caused by ProxyError('Unable to connect to proxy', ConnectTimeoutError(<urllib3.connection.HTTPSConnection object at 0xc5cbc298>, 'Connection to 78.110.120.182 timed out. (connect timeout=15)')))
HTTPSConnectionPool(host='t.me', port=443): Max retries exceeded with url: //0?embed=1&mode=tme (Caused by ProxyError('Unable to connect to proxy', ConnectTimeoutError(<urllib3.connection.HTTPSConnection object at 0xc5c7f478>, 'Connection to 179.0.43.45 timed out. (connect timeout=15)')))
HTTPSConnectionPool(host='t.me', port=443): Max retries exceeded with url: //0?embed=1&mode=tme (Caused by SSLError(SSLError(1, '[SSL: WRONG_VERSION_NUMBER] wrong version number (_ssl.c:1129)')))
HTTPSConnectionPool(host='t.me', port=443): Max retries exceeded with url: //0?embed=1&mode=tme (Caused by ProxyError('Unable to connect to proxy', ConnectTimeoutError(<urllib3.connection.HTTPSConnection object at 0xd7e58700>, 'Connection to 201.77.108.149 timed out. (connect timeout=15)')))
HTTPSConnectionPool(host='t.me', port=443): Max retries exceeded with url: //0?embed=1&mode=tme (Caused by ProxyError('Unable to connect to proxy', ConnectTimeoutError(<urllib3.connection.HTTPSConnection object at 0xc605b430>, 'Connection to 202.168.69.227 timed out. (connect timeout=15)')))
HTTPSConnectionPool(host='t.me', port=443): Max retries exceeded with url: //0?embed=1&mode=tme (Caused by ProxyError('Unable to connect to proxy', ConnectTimeoutError(<urllib3.connection.HTTPSConnection object at 0xddc549e8>, 'Connection to 37.210.37.129 timed out. (connect timeout=15)')))
HTTPSConnectionPool(host='t.me', port=443): Max retries exceeded with url: //0?embed=1&mode=tme (Caused by ProxyError('Unable to connect to proxy', ConnectTimeoutError(<urllib3.connection.HTTPSConnection object at 0xde8b2640>, 'Connection to 36.64.195.242 timed out. (connect timeout=15)')))
HTTPSConnectionPool(host='t.me', port=443): Max retries exceeded with url: //0?embed=1&mode=tme (Caused by ProxyError('Unable to connect to proxy', ConnectTimeoutError(<urllib3.connection.HTTPSConnection object at 0xc5c95e50>, 'Connection to 34.85.155.119 timed out. (connect timeout=15)')))
HTTPSConnectionPool(host='t.me', port=443): Max retries exceeded with url: //0?embed=1&mode=tme (Caused by ProxyError('Unable to connect to proxy', ConnectTimeoutError(<urllib3.connection.HTTPSConnection object at 0xd96e90e8>, 'Connection to 2.83.198.171 timed out. (connect timeout=15)')))
HTTPSConnectionPool(host='t.me', port=443): Max retries exceeded with url: //0?embed=1&mode=tme (Caused by ProxyError('Unable to connect to proxy', ConnectTimeoutError(<urllib3.connection.HTTPSConnection object at 0xc55f6550>, 'Connection to 38.51.235.212 timed out. (connect timeout=15)')))
HTTPSConnectionPool(host='t.me', port=443): Max retries exceeded with url: //0?embed=1&mode=tme (Caused by ProxyError('Unable to connect to proxy', ConnectTimeoutError(<urllib3.connection.HTTPSConnection object at 0xc54e75f8>, 'Connection to 45.5.118.43 timed out. (connect timeout=15)')))
HTTPSConnectionPool(host='t.me', port=443): Max retries exceeded with url: //0?embed=1&mode=tme (Caused by ProxyError('Unable to connect to proxy', ConnectTimeoutError(<urllib3.connection.HTTPSConnection object at 0xc5477358>, 'Connection to 5.165.6.188 timed out. (connect timeout=15)')))
HTTPSConnectionPool(host='t.me', port=443): Max retries exceeded with url: //0?embed=1&mode=tme (Caused by ProxyError('Unable to connect to proxy', ConnectTimeoutError(<urllib3.connection.HTTPSConnection object at 0xc54daef8>, 'Connection to 23.131.56.171 timed out. (connect timeout=15)')))
HTTPSConnectionPool(host='t.me', port=443): Max retries exceeded with url: //0?embed=1&mode=tme (Caused by ProxyError('Unable to connect to proxy', ConnectTimeoutError(<urllib3.connection.HTTPSConnection object at 0xc53c15e0>, 'Connection to 46.160.209.155 timed out. (connect timeout=15)')))
HTTPSConnectionPool(host='t.me', port=443): Read timed out. (read timeout=15)
HTTPSConnectionPool(host='t.me', port=443): Max retries exceeded with url: //0?embed=1&mode=tme (Caused by ProxyError('Unable to connect to proxy', ConnectTimeoutError(<urllib3.connection.HTTPSConnection object at 0xc533a148>, 'Connection to 103.159.46.34 timed out. (connect timeout=15)')))
HTTPSConnectionPool(host='t.me', port=443): Max retries exceeded with url: //0?embed=1&mode=tme (Caused by ProxyError('Unable to connect to proxy', ConnectTimeoutError(<urllib3.connection.HTTPSConnection object at 0xc52c3b80>, 'Connection to 109.201.14.82 timed out. (connect timeout=15)')))
HTTPSConnectionPool(host='t.me', port=443): Max retries exceeded with url: //0?embed=1&mode=tme (Caused by ProxyError('Unable to connect to proxy', NewConnectionError('<urllib3.connection.HTTPSConnection object at 0xc55a84f0>: Failed to establish a new connection: [Errno 111] Connection refused')))
HTTPSConnectionPool(host='t.me', port=443): Max retries exceeded with url: //0?embed=1&mode=tme (Caused by ProxyError('Unable to connect to proxy', NewConnectionError('<urllib3.connection.HTTPSConnection object at 0xd5c675b0>: Failed to establish a new connection: [Errno 111] Connection refused')))
HTTPSConnectionPool(host='t.me', port=443): Max retries exceeded with url: //0?embed=1&mode=tme (Caused by ProxyError('Unable to connect to proxy', NewConnectionError('<urllib3.connection.HTTPSConnection object at 0xc61a73d0>: Failed to establish a new connection: [Errno 111] Connection refused')))
HTTPSConnectionPool(host='t.me', port=443): Max retries exceeded with url: //0?embed=1&mode=tme (Caused by ProxyError('Unable to connect to proxy', NewConnectionError('<urllib3.connection.HTTPSConnection object at 0xe2190730>: Failed to establish a new connection: [Errno 111] Connection refused')))
HTTPSConnectionPool(host='t.me', port=443): Max retries exceeded with url: //0?embed=1&mode=tme (Caused by ProxyError('Unable to connect to proxy', OSError('Tunnel connection failed: 503 Too many open connections')))
HTTPSConnectionPool(host='t.me', port=443): Read timed out. (read timeout=15)
HTTPSConnectionPool(host='t.me', port=443): Max retries exceeded with url: //0?embed=1&mode=tme (Caused by ProxyError('Unable to connect to proxy', NewConnectionError('<urllib3.connection.HTTPSConnection object at 0xc7188c58>: Failed to establish a new connection: [Errno 111] Connection refused')))
HTTPSConnectionPool(host='t.me', port=443): Max retries exceeded with url: //0?embed=1&mode=tme (Caused by ProxyError('Unable to connect to proxy', NewConnectionError('<urllib3.connection.HTTPSConnection object at 0xc5c9d148>: Failed to establish a new connection: [Errno 111] Connection refused')))
HTTPSConnectionPool(host='t.me', port=443): Max retries exceeded with url: //0?embed=1&mode=tme (Caused by ProxyError('Unable to connect to proxy', ConnectTimeoutError(<urllib3.connection.HTTPSConnection object at 0xc5295f40>, 'Connection to 103.156.17.151 timed out. (connect timeout=15)')))
HTTPSConnectionPool(host='t.me', port=443): Max retries exceeded with url: //0?embed=1&mode=tme (Caused by ProxyError('Unable to connect to proxy', ConnectTimeoutError(<urllib3.connection.HTTPSConnection object at 0xc52b9fb8>, 'Connection to 142.44.210.174 timed out. (connect timeout=15)')))
HTTPSConnectionPool(host='t.me', port=443): Max retries exceeded with url: //0?embed=1&mode=tme (Caused by ProxyError('Unable to connect to proxy', ConnectTimeoutError(<urllib3.connection.HTTPSConnection object at 0xc52b9418>, 'Connection to 103.15.140.121 timed out. (connect timeout=15)')))
HTTPSConnectionPool(host='t.me', port=443): Max retries exceeded with url: //0?embed=1&mode=tme (Caused by ProxyError('Unable to connect to proxy', ConnectTimeoutError(<urllib3.connection.HTTPSConnection object at 0xc524a8f8>, 'Connection to 124.167.20.48 timed out. (connect timeout=15)')))
HTTPSConnectionPool(host='t.me', port=443): Max retries exceeded with url: //0?embed=1&mode=tme (Caused by ProxyError('Unable to connect to proxy', NewConnectionError('<urllib3.connection.HTTPSConnection object at 0xc5c9d070>: Failed to establish a new connection: [Errno 111] Connection refused')))
HTTPSConnectionPool(host='t.me', port=443): Max retries exceeded with url: //0?embed=1&mode=tme (Caused by ProxyError('Unable to connect to proxy', OSError('Tunnel connection failed: 405 Method Not Allowed')))
HTTPSConnectionPool(host='t.me', port=443): Max retries exceeded with url: //0?embed=1&mode=tme (Caused by ProxyError('Unable to connect to proxy', NewConnectionError('<urllib3.connection.HTTPSConnection object at 0xc55688e0>: Failed to establish a new connection: [Errno 111] Connection refused')))
HTTPSConnectionPool(host='t.me', port=443): Max retries exceeded with url: //0?embed=1&mode=tme (Caused by ProxyError('Unable to connect to proxy', OSError('Tunnel connection failed: 503 Service Temporarily Unavailable')))
HTTPSConnectionPool(host='t.me', port=443): Max retries exceeded with url: //0?embed=1&mode=tme (Caused by ProxyError('Unable to connect to proxy', ConnectTimeoutError(<urllib3.connection.HTTPSConnection object at 0xc52b9ee0>, 'Connection to 110.238.111.229 timed out. (connect timeout=15)')))
HTTPSConnectionPool(host='t.me', port=443): Max retries exceeded with url: //0?embed=1&mode=tme (Caused by ProxyError('Unable to connect to proxy', ConnectTimeoutError(<urllib3.connection.HTTPSConnection object at 0xc520b0d0>, 'Connection to 121.230.210.254 timed out. (connect timeout=15)')))
HTTPSConnectionPool(host='t.me', port=443): Max retries exceeded with url: //0?embed=1&mode=tme (Caused by ProxyError('Unable to connect to proxy', NewConnectionError('<urllib3.connection.HTTPSConnection object at 0xe2190418>: Failed to establish a new connection: [Errno 111] Connection refused')))
HTTPSConnectionPool(host='t.me', port=443): Max retries exceeded with url: //0?embed=1&mode=tme (Caused by ProxyError('Unable to connect to proxy', NewConnectionError('<urllib3.connection.HTTPSConnection object at 0xcae28fd0>: Failed to establish a new connection: [Errno 111] Connection refused')))
HTTPSConnectionPool(host='t.me', port=443): Max retries exceeded with url: //0?embed=1&mode=tme (Caused by ProxyError('Unable to connect to proxy', ConnectTimeoutError(<urllib3.connection.HTTPSConnection object at 0xc51de2f8>, 'Connection to 120.79.53.225 timed out. (connect timeout=15)')))
HTTPSConnectionPool(host='t.me', port=443): Max retries exceeded with url: //0?embed=1&mode=tme (Caused by ProxyError('Unable to connect to proxy', OSError('Tunnel connection failed: 400 Bad Request')))
HTTPSConnectionPool(host='t.me', port=443): Max retries exceeded with url: //0?embed=1&mode=tme (Caused by ProxyError('Unable to connect to proxy', NewConnectionError('<urllib3.connection.HTTPSConnection object at 0xe45ceb68>: Failed to establish a new connection: [Errno 111] Connection refused')))
HTTPSConnectionPool(host='t.me', port=443): Max retries exceeded with url: //0?embed=1&mode=tme (Caused by ProxyError('Unable to connect to proxy', NewConnectionError('<urllib3.connection.HTTPSConnection object at 0xc5589310>: Failed to establish a new connection: [Errno 113] No route to host')))
HTTPSConnectionPool(host='t.me', port=443): Read timed out. (read timeout=15)
HTTPSConnectionPool(host='t.me', port=443): Max retries exceeded with url: //0?embed=1&mode=tme (Caused by ProxyError('Unable to connect to proxy', ConnectTimeoutError(<urllib3.connection.HTTPSConnection object at 0xdf4d8070>, 'Connection to 88.99.249.96 timed out. (connect timeout=15)')))
HTTPSConnectionPool(host='t.me', port=443): Max retries exceeded with url: //0?embed=1&mode=tme (Caused by ProxyError('Unable to connect to proxy', OSError('Tunnel connection failed: 400 Bad Request')))
HTTPSConnectionPool(host='t.me', port=443): Max retries exceeded with url: //0?embed=1&mode=tme (Caused by ProxyError('Unable to connect to proxy', NewConnectionError('<urllib3.connection.HTTPSConnection object at 0xc55a8598>: Failed to establish a new connection: [Errno 111] Connection refused')))
('Connection aborted.', RemoteDisconnected('Remote end closed connection without response'))
HTTPSConnectionPool(host='t.me', port=443): Max retries exceeded with url: //0?embed=1&mode=tme (Caused by ProxyError('Unable to connect to proxy', ConnectTimeoutError(<urllib3.connection.HTTPSConnection object at 0xc725b3e8>, 'Connection to 183.237.222.51 timed out. (connect timeout=15)')))
HTTPSConnectionPool(host='t.me', port=443): Max retries exceeded with url: //0?embed=1&mode=tme (Caused by ProxyError('Unable to connect to proxy', NewConnectionError('<urllib3.connection.HTTPSConnection object at 0xc76a5be0>: Failed to establish a new connection: [Errno 111] Connection refused')))
HTTPSConnectionPool(host='t.me', port=443): Max retries exceeded with url: //0?embed=1&mode=tme (Caused by ProxyError('Unable to connect to proxy', NewConnectionError('<urllib3.connection.HTTPSConnection object at 0xc56284f0>: Failed to establish a new connection: [Errno 111] Connection refused')))
HTTPSConnectionPool(host='t.me', port=443): Max retries exceeded with url: //0?embed=1&mode=tme (Caused by ProxyError('Unable to connect to proxy', ConnectTimeoutError(<urllib3.connection.HTTPSConnection object at 0xc5a8aaa8>, 'Connection to 186.121.235.66 timed out. (connect timeout=15)')))
HTTPSConnectionPool(host='t.me', port=443): Max retries exceeded with url: //0?embed=1&mode=tme (Caused by ProxyError('Unable to connect to proxy', NewConnectionError('<urllib3.connection.HTTPSConnection object at 0xc525e748>: Failed to establish a new connection: [Errno 113] No route to host')))
HTTPSConnectionPool(host='t.me', port=443): Max retries exceeded with url: //0?embed=1&mode=tme (Caused by ProxyError('Unable to connect to proxy', NewConnectionError('<urllib3.connection.HTTPSConnection object at 0xcf3ace68>: Failed to establish a new connection: [Errno 111] Connection refused')))
HTTPSConnectionPool(host='t.me', port=443): Max retries exceeded with url: //0?embed=1&mode=tme (Caused by ProxyError('Unable to connect to proxy', ConnectTimeoutError(<urllib3.connection.HTTPSConnection object at 0xc50a89d0>, 'Connection to 179.63.149.5 timed out. (connect timeout=15)')))
HTTPSConnectionPool(host='t.me', port=443): Max retries exceeded with url: //0?embed=1&mode=tme (Caused by ProxyError('Unable to connect to proxy', ConnectTimeoutError(<urllib3.connection.HTTPSConnection object at 0xc50cd388>, 'Connection to 182.16.171.42 timed out. (connect timeout=15)')))
HTTPSConnectionPool(host='t.me', port=443): Max retries exceeded with url: //0?embed=1&mode=tme (Caused by ProxyError('Unable to connect to proxy', NewConnectionError('<urllib3.connection.HTTPSConnection object at 0xe0b9d9e8>: Failed to establish a new connection: [Errno 111] Connection refused')))
HTTPSConnectionPool(host='t.me', port=443): Max retries exceeded with url: //0?embed=1&mode=tme (Caused by ProxyError('Unable to connect to proxy', NewConnectionError('<urllib3.connection.HTTPSConnection object at 0xc7120940>: Failed to establish a new connection: [Errno 111] Connection refused')))
('Connection aborted.', ConnectionResetError(104, 'Connection reset by peer'))
('Connection aborted.', RemoteDisconnected('Remote end closed connection without response'))
HTTPSConnectionPool(host='t.me', port=443): Max retries exceeded with url: //0?embed=1&mode=tme (Caused by ProxyError('Unable to connect to proxy', NewConnectionError('<urllib3.connection.HTTPSConnection object at 0xde8b26e8>: Failed to establish a new connection: [Errno 113] No route to host')))
HTTPSConnectionPool(host='t.me', port=443): Max retries exceeded with url: //0?embed=1&mode=tme (Caused by ProxyError('Unable to connect to proxy', ConnectTimeoutError(<urllib3.connection.HTTPSConnection object at 0xc528ce38>, 'Connection to 181.10.117.254 timed out. (connect timeout=15)')))
HTTPSConnectionPool(host='t.me', port=443): Max retries exceeded with url: //0?embed=1&mode=tme (Caused by ProxyError('Unable to connect to proxy', ConnectTimeoutError(<urllib3.connection.HTTPSConnection object at 0xddc49be0>, 'Connection to 200.82.188.28 timed out. (connect timeout=15)')))
HTTPSConnectionPool(host='t.me', port=443): Max retries exceeded with url: //0?embed=1&mode=tme (Caused by ProxyError('Unable to connect to proxy', ConnectTimeoutError(<urllib3.connection.HTTPSConnection object at 0xd96b21d8>, 'Connection to 188.136.154.52 timed out. (connect timeout=15)')))
HTTPSConnectionPool(host='t.me', port=443): Max retries exceeded with url: //0?embed=1&mode=tme (Caused by ProxyError('Unable to connect to proxy', ConnectTimeoutError(<urllib3.connection.HTTPSConnection object at 0xca252e98>, 'Connection to 197.246.212.70 timed out. (connect timeout=15)')))
HTTPSConnectionPool(host='t.me', port=443): Max retries exceeded with url: //0?embed=1&mode=tme (Caused by ProxyError('Unable to connect to proxy', ConnectTimeoutError(<urllib3.connection.HTTPSConnection object at 0xd96dcbc8>, 'Connection to 203.190.44.252 timed out. (connect timeout=15)')))
HTTPSConnectionPool(host='t.me', port=443): Max retries exceeded with url: //0?embed=1&mode=tme (Caused by ProxyError('Unable to connect to proxy', ConnectTimeoutError(<urllib3.connection.HTTPSConnection object at 0xcd1d1640>, 'Connection to 36.88.239.219 timed out. (connect timeout=15)')))
HTTPSConnectionPool(host='t.me', port=443): Max retries exceeded with url: //0?embed=1&mode=tme (Caused by ProxyError('Unable to connect to proxy', NewConnectionError('<urllib3.connection.HTTPSConnection object at 0xdd202898>: Failed to establish a new connection: [Errno 111] Connection refused')))
HTTPSConnectionPool(host='t.me', port=443): Max retries exceeded with url: //0?embed=1&mode=tme (Caused by ProxyError('Unable to connect to proxy', ConnectTimeoutError(<urllib3.connection.HTTPSConnection object at 0xcd1d17a8>, 'Connection to 91.206.229.251 timed out. (connect timeout=15)')))
HTTPSConnectionPool(host='t.me', port=443): Max retries exceeded with url: //0?embed=1&mode=tme (Caused by ProxyError('Unable to connect to proxy', NewConnectionError('<urllib3.connection.HTTPSConnection object at 0xe2173d78>: Failed to establish a new connection: [Errno 111] Connection refused')))
HTTPSConnectionPool(host='t.me', port=443): Max retries exceeded with url: //0?embed=1&mode=tme (Caused by ProxyError('Unable to connect to proxy', ConnectTimeoutError(<urllib3.connection.HTTPSConnection object at 0xd96b2478>, 'Connection to 36.83.188.44 timed out. (connect timeout=15)')))
HTTPSConnectionPool(host='t.me', port=443): Max retries exceeded with url: //0?embed=1&mode=tme (Caused by ProxyError('Unable to connect to proxy', NewConnectionError('<urllib3.connection.HTTPSConnection object at 0xe21733e8>: Failed to establish a new connection: [Errno 111] Connection refused')))
HTTPSConnectionPool(host='t.me', port=443): Max retries exceeded with url: //0?embed=1&mode=tme (Caused by ProxyError('Unable to connect to proxy', ConnectTimeoutError(<urllib3.connection.HTTPSConnection object at 0xd96b2778>, 'Connection to 31.40.27.214 timed out. (connect timeout=15)')))
HTTPSConnectionPool(host='t.me', port=443): Read timed out. (read timeout=15)
HTTPSConnectionPool(host='t.me', port=443): Max retries exceeded with url: //0?embed=1&mode=tme (Caused by ProxyError('Unable to connect to proxy', ConnectTimeoutError(<urllib3.connection.HTTPSConnection object at 0xcd1d1838>, 'Connection to 34.86.252.79 timed out. (connect timeout=15)')))
HTTPSConnectionPool(host='t.me', port=443): Max retries exceeded with url: //0?embed=1&mode=tme (Caused by ProxyError('Unable to connect to proxy', ConnectTimeoutError(<urllib3.connection.HTTPSConnection object at 0xd7e6bac0>, 'Connection to 38.51.243.145 timed out. (connect timeout=15)')))
HTTPSConnectionPool(host='t.me', port=443): Max retries exceeded with url: //0?embed=1&mode=tme (Caused by ProxyError('Unable to connect to proxy', ConnectTimeoutError(<urllib3.connection.HTTPSConnection object at 0xc83e8670>, 'Connection to 110.238.111.229 timed out. (connect timeout=15)')))
HTTPSConnectionPool(host='t.me', port=443): Max retries exceeded with url: //0?embed=1&mode=tme (Caused by ProxyError('Unable to connect to proxy', NewConnectionError('<urllib3.connection.HTTPSConnection object at 0xe45c24f0>: Failed to establish a new connection: [Errno 111] Connection refused')))
HTTPSConnectionPool(host='t.me', port=443): Max retries exceeded with url: //0?embed=1&mode=tme (Caused by ProxyError('Unable to connect to proxy', NewConnectionError('<urllib3.connection.HTTPSConnection object at 0xc5568778>: Failed to establish a new connection: [Errno 111] Connection refused')))
('Connection aborted.', RemoteDisconnected('Remote end closed connection without response'))
HTTPSConnectionPool(host='t.me', port=443): Max retries exceeded with url: //0?embed=1&mode=tme (Caused by ProxyError('Unable to connect to proxy', NewConnectionError('<urllib3.connection.HTTPSConnection object at 0xc5516d30>: Failed to establish a new connection: [Errno 111] Connection refused')))
HTTPSConnectionPool(host='t.me', port=443): Max retries exceeded with url: //0?embed=1&mode=tme (Caused by ProxyError('Unable to connect to proxy', OSError('Tunnel connection failed: 400 Bad Request')))
HTTPSConnectionPool(host='t.me', port=443): Max retries exceeded with url: //0?embed=1&mode=tme (Caused by ProxyError('Unable to connect to proxy', ConnectTimeoutError(<urllib3.connection.HTTPSConnection object at 0xe5c3b9a0>, 'Connection to 103.218.188.2 timed out. (connect timeout=15)')))
HTTPSConnectionPool(host='t.me', port=443): Max retries exceeded with url: //0?embed=1&mode=tme (Caused by ProxyError('Unable to connect to proxy', OSError('Tunnel connection failed: 400 Bad Request')))
HTTPSConnectionPool(host='t.me', port=443): Max retries exceeded with url: //0?embed=1&mode=tme (Caused by ProxyError('Unable to connect to proxy', ConnectTimeoutError(<urllib3.connection.HTTPSConnection object at 0xc717fa48>, 'Connection to 103.150.18.218 timed out. (connect timeout=15)')))
HTTPSConnectionPool(host='t.me', port=443): Max retries exceeded with url: //0?embed=1&mode=tme (Caused by ProxyError('Unable to connect to proxy', NewConnectionError('<urllib3.connection.HTTPSConnection object at 0xc5fdda48>: Failed to establish a new connection: [Errno 111] Connection refused')))
HTTPSConnectionPool(host='t.me', port=443): Max retries exceeded with url: //0?embed=1&mode=tme (Caused by ProxyError('Unable to connect to proxy', NewConnectionError('<urllib3.connection.HTTPSConnection object at 0xe68910e8>: Failed to establish a new connection: [Errno 111] Connection refused')))
HTTPSConnectionPool(host='t.me', port=443): Max retries exceeded with url: //0?embed=1&mode=tme (Caused by ProxyError('Unable to connect to proxy', ConnectTimeoutError(<urllib3.connection.HTTPSConnection object at 0xd8b33f70>, 'Connection to 129.222.179.58 timed out. (connect timeout=15)')))
HTTPSConnectionPool(host='t.me', port=443): Max retries exceeded with url: //0?embed=1&mode=tme (Caused by ProxyError('Unable to connect to proxy', NewConnectionError('<urllib3.connection.HTTPSConnection object at 0xcae13538>: Failed to establish a new connection: [Errno 111] Connection refused')))
HTTPSConnectionPool(host='t.me', port=443): Max retries exceeded with url: //0?embed=1&mode=tme (Caused by ProxyError('Unable to connect to proxy', NewConnectionError('<urllib3.connection.HTTPSConnection object at 0xc5503f70>: Failed to establish a new connection: [Errno 111] Connection refused')))
HTTPSConnectionPool(host='t.me', port=443): Max retries exceeded with url: //0?embed=1&mode=tme (Caused by ProxyError('Unable to connect to proxy', NewConnectionError('<urllib3.connection.HTTPSConnection object at 0xd8b50418>: Failed to establish a new connection: [Errno 111] Connection refused')))
HTTPSConnectionPool(host='t.me', port=443): Max retries exceeded with url: //0?embed=1&mode=tme (Caused by ProxyError('Unable to connect to proxy', ConnectTimeoutError(<urllib3.connection.HTTPSConnection object at 0xc52b1c10>, 'Connection to 88.99.249.96 timed out. (connect timeout=15)')))
HTTPSConnectionPool(host='t.me', port=443): Max retries exceeded with url: //0?embed=1&mode=tme (Caused by ProxyError('Unable to connect to proxy', ConnectTimeoutError(<urllib3.connection.HTTPSConnection object at 0xc5a5e8b0>, 'Connection to 60.214.128.150 timed out. (connect timeout=15)')))
HTTPSConnectionPool(host='t.me', port=443): Max retries exceeded with url: //0?embed=1&mode=tme (Caused by ProxyError('Unable to connect to proxy', ConnectTimeoutError(<urllib3.connection.HTTPSConnection object at 0xc5ab5178>, 'Connection to 47.236.103.190 timed out. (connect timeout=15)')))
HTTPSConnectionPool(host='t.me', port=443): Max retries exceeded with url: //0?embed=1&mode=tme (Caused by ProxyError('Unable to connect to proxy', ConnectTimeoutError(<urllib3.connection.HTTPSConnection object at 0xc5ab5358>, 'Connection to 87.123.56.163 timed out. (connect timeout=15)')))
HTTPSConnectionPool(host='t.me', port=443): Max retries exceeded with url: //0?embed=1&mode=tme (Caused by ProxyError('Unable to connect to proxy', ConnectTimeoutError(<urllib3.connection.HTTPSConnection object at 0xd8b40c28>, 'Connection to 180.175.124.102 timed out. (connect timeout=15)')))
HTTPSConnectionPool(host='t.me', port=443): Max retries exceeded with url: //0?embed=1&mode=tme (Caused by ProxyError('Unable to connect to proxy', ConnectTimeoutError(<urllib3.connection.HTTPSConnection object at 0xc5aabeb0>, 'Connection to 80.191.244.100 timed out. (connect timeout=15)')))
HTTPSConnectionPool(host='t.me', port=443): Max retries exceeded with url: //0?embed=1&mode=tme (Caused by ProxyError('Unable to connect to proxy', ConnectTimeoutError(<urllib3.connection.HTTPSConnection object at 0xc71aa928>, 'Connection to 8.137.34.229 timed out. (connect timeout=15)')))
HTTPSConnectionPool(host='t.me', port=443): Max retries exceeded with url: //0?embed=1&mode=tme (Caused by ProxyError('Unable to connect to proxy', NewConnectionError('<urllib3.connection.HTTPSConnection object at 0xc71b2700>: Failed to establish a new connection: [Errno 111] Connection refused')))
HTTPSConnectionPool(host='t.me', port=443): Max retries exceeded with url: //0?embed=1&mode=tme (Caused by ProxyError('Unable to connect to proxy', NewConnectionError('<urllib3.connection.HTTPSConnection object at 0xc56ae958>: Failed to establish a new connection: [Errno 111] Connection refused')))
HTTPSConnectionPool(host='t.me', port=443): Max retries exceeded with url: //0?embed=1&mode=tme (Caused by ProxyError('Unable to connect to proxy', ConnectTimeoutError(<urllib3.connection.HTTPSConnection object at 0xc7149d60>, 'Connection to 188.87.102.128 timed out. (connect timeout=15)')))
HTTPSConnectionPool(host='t.me', port=443): Max retries exceeded with url: //0?embed=1&mode=tme (Caused by ProxyError('Unable to connect to proxy', NewConnectionError('<urllib3.connection.HTTPSConnection object at 0xcae34820>: Failed to establish a new connection: [Errno 111] Connection refused')))
HTTPSConnectionPool(host='t.me', port=443): Max retries exceeded with url: //0?embed=1&mode=tme (Caused by ProxyError('Unable to connect to proxy', ConnectTimeoutError(<urllib3.connection.HTTPSConnection object at 0xd8b404c0>, 'Connection to 188.0.138.224 timed out. (connect timeout=15)')))
HTTPSConnectionPool(host='t.me', port=443): Max retries exceeded with url: //0?embed=1&mode=tme (Caused by ProxyError('Unable to connect to proxy', ConnectTimeoutError(<urllib3.connection.HTTPSConnection object at 0xc83e8808>, 'Connection to 92.114.19.138 timed out. (connect timeout=15)')))
HTTPSConnectionPool(host='t.me', port=443): Max retries exceeded with url: //0?embed=1&mode=tme (Caused by ProxyError('Unable to connect to proxy', NewConnectionError('<urllib3.connection.HTTPSConnection object at 0xe6883088>: Failed to establish a new connection: [Errno 111] Connection refused')))
HTTPSConnectionPool(host='t.me', port=443): Max retries exceeded with url: //0?embed=1&mode=tme (Caused by ProxyError('Unable to connect to proxy', ConnectTimeoutError(<urllib3.connection.HTTPSConnection object at 0xce950cd0>, 'Connection to 31.59.9.32 timed out. (connect timeout=15)')))
HTTPSConnectionPool(host='t.me', port=443): Max retries exceeded with url: //0?embed=1&mode=tme (Caused by ProxyError('Unable to connect to proxy', ConnectTimeoutError(<urllib3.connection.HTTPSConnection object at 0xd7210358>, 'Connection to 92.114.19.131 timed out. (connect timeout=15)')))
HTTPSConnectionPool(host='t.me', port=443): Max retries exceeded with url: //0?embed=1&mode=tme (Caused by ProxyError('Unable to connect to proxy', ConnectTimeoutError(<urllib3.connection.HTTPSConnection object at 0xd0d2cdd8>, 'Connection to 38.156.238.182 timed out. (connect timeout=15)')))
HTTPSConnectionPool(host='t.me', port=443): Max retries exceeded with url: //0?embed=1&mode=tme (Caused by ProxyError('Unable to connect to proxy', NewConnectionError('<urllib3.connection.HTTPSConnection object at 0xcae34820>: Failed to establish a new connection: [Errno 111] Connection refused')))
HTTPSConnectionPool(host='t.me', port=443): Max retries exceeded with url: //0?embed=1&mode=tme (Caused by ProxyError('Unable to connect to proxy', ConnectTimeoutError(<urllib3.connection.HTTPSConnection object at 0xcbb57c40>, 'Connection to 41.33.99.139 timed out. (connect timeout=15)')))
HTTPSConnectionPool(host='t.me', port=443): Max retries exceeded with url: //0?embed=1&mode=tme (Caused by ProxyError('Unable to connect to proxy', ConnectTimeoutError(<urllib3.connection.HTTPSConnection object at 0xc71ef0b8>, 'Connection to 34.162.171.228 timed out. (connect timeout=15)')))
HTTPSConnectionPool(host='t.me', port=443): Max retries exceeded with url: //0?embed=1&mode=tme (Caused by ProxyError('Unable to connect to proxy', ConnectTimeoutError(<urllib3.connection.HTTPSConnection object at 0xd722a640>, 'Connection to 34.86.196.77 timed out. (connect timeout=15)')))
HTTPSConnectionPool(host='t.me', port=443): Max retries exceeded with url: //0?embed=1&mode=tme (Caused by ProxyError('Unable to connect to proxy', ConnectTimeoutError(<urllib3.connection.HTTPSConnection object at 0xd72036d0>, 'Connection to 36.95.78.154 timed out. (connect timeout=15)')))
HTTPSConnectionPool(host='t.me', port=443): Max retries exceeded with url: //0?embed=1&mode=tme (Caused by ProxyError('Unable to connect to proxy', NewConnectionError('<urllib3.connection.HTTPSConnection object at 0xd1ac5658>: Failed to establish a new connection: [Errno 111] Connection refused')))
HTTPSConnectionPool(host='t.me', port=443): Max retries exceeded with url: //0?embed=1&mode=tme (Caused by ProxyError('Unable to connect to proxy', ConnectTimeoutError(<urllib3.connection.HTTPSConnection object at 0xd43ceb50>, 'Connection to 114.231.46.185 timed out. (connect timeout=15)')))
HTTPSConnectionPool(host='t.me', port=443): Max retries exceeded with url: //0?embed=1&mode=tme (Caused by ProxyError('Unable to connect to proxy', ConnectTimeoutError(<urllib3.connection.HTTPSConnection object at 0xe18019d0>, 'Connection to 103.48.68.107 timed out. (connect timeout=15)')))
HTTPSConnectionPool(host='t.me', port=443): Max retries exceeded with url: //0?embed=1&mode=tme (Caused by ProxyError('Unable to connect to proxy', ConnectTimeoutError(<urllib3.connection.HTTPSConnection object at 0xd38545e0>, 'Connection to 123.245.250.179 timed out. (connect timeout=15)')))
HTTPSConnectionPool(host='t.me', port=443): Max retries exceeded with url: //0?embed=1&mode=tme (Caused by ProxyError('Unable to connect to proxy', ConnectTimeoutError(<urllib3.connection.HTTPSConnection object at 0xc52b1d00>, 'Connection to 61.162.210.14 timed out. (connect timeout=15)')))
HTTPSConnectionPool(host='t.me', port=443): Max retries exceeded with url: //0?embed=1&mode=tme (Caused by ProxyError('Unable to connect to proxy', NewConnectionError('<urllib3.connection.HTTPSConnection object at 0xc5aabe38>: Failed to establish a new connection: [Errno 111] Connection refused')))
HTTPSConnectionPool(host='t.me', port=443): Max retries exceeded with url: //0?embed=1&mode=tme (Caused by ProxyError('Unable to connect to proxy', ConnectTimeoutError(<urllib3.connection.HTTPSConnection object at 0xd7210e98>, 'Connection to 103.178.94.107 timed out. (connect timeout=15)')))
HTTPSConnectionPool(host='t.me', port=443): Max retries exceeded with url: //0?embed=1&mode=tme (Caused by ProxyError('Unable to connect to proxy', NewConnectionError('<urllib3.connection.HTTPSConnection object at 0xc50fb2c8>: Failed to establish a new connection: [Errno 111] Connection refused')))
HTTPSConnectionPool(host='t.me', port=443): Max retries exceeded with url: //0?embed=1&mode=tme (Caused by ProxyError('Unable to connect to proxy', OSError('Tunnel connection failed: 500 Internal Server Error')))
('Connection aborted.', RemoteDisconnected('Remote end closed connection without response'))
HTTPSConnectionPool(host='t.me', port=443): Max retries exceeded with url: //0?embed=1&mode=tme (Caused by ProxyError('Unable to connect to proxy', OSError('Tunnel connection failed: 404 Not Found')))
HTTPSConnectionPool(host='t.me', port=443): Max retries exceeded with url: //0?embed=1&mode=tme (Caused by ProxyError('Unable to connect to proxy', ConnectTimeoutError(<urllib3.connection.HTTPSConnection object at 0xcae09ac0>, 'Connection to 103.244.205.179 timed out. (connect timeout=15)')))
HTTPSConnectionPool(host='t.me', port=443): Max retries exceeded with url: //0?embed=1&mode=tme (Caused by ProxyError('Unable to connect to proxy', NewConnectionError('<urllib3.connection.HTTPSConnection object at 0xcfeefa18>: Failed to establish a new connection: [Errno 111] Connection refused')))
HTTPSConnectionPool(host='t.me', port=443): Max retries exceeded with url: //0?embed=1&mode=tme (Caused by ProxyError('Unable to connect to proxy', OSError('Tunnel connection failed: 400 Bad Request')))
HTTPSConnectionPool(host='t.me', port=443): Max retries exceeded with url: //0?embed=1&mode=tme (Caused by ProxyError('Unable to connect to proxy', ConnectTimeoutError(<urllib3.connection.HTTPSConnection object at 0xc71effa0>, 'Connection to 121.1.41.162 timed out. (connect timeout=15)')))
HTTPSConnectionPool(host='t.me', port=443): Max retries exceeded with url: //0?embed=1&mode=tme (Caused by ProxyError('Unable to connect to proxy', ConnectTimeoutError(<urllib3.connection.HTTPSConnection object at 0xd7210d30>, 'Connection to 123.154.254.153 timed out. (connect timeout=15)')))
HTTPSConnectionPool(host='t.me', port=443): Max retries exceeded with url: //0?embed=1&mode=tme (Caused by ProxyError('Unable to connect to proxy', ConnectTimeoutError(<urllib3.connection.HTTPSConnection object at 0xc5e0e508>, 'Connection to 60.210.40.190 timed out. (connect timeout=15)')))
HTTPSConnectionPool(host='t.me', port=443): Max retries exceeded with url: //0?embed=1&mode=tme (Caused by ProxyError('Unable to connect to proxy', ConnectTimeoutError(<urllib3.connection.HTTPSConnection object at 0xd7e75550>, 'Connection to 103.191.165.202 timed out. (connect timeout=15)')))
HTTPSConnectionPool(host='t.me', port=443): Max retries exceeded with url: //0?embed=1&mode=tme (Caused by ProxyError('Unable to connect to proxy', ConnectTimeoutError(<urllib3.connection.HTTPSConnection object at 0xc5fd4ee0>, 'Connection to 123.3.141.167 timed out. (connect timeout=15)')))
HTTPSConnectionPool(host='t.me', port=443): Max retries exceeded with url: //0?embed=1&mode=tme (Caused by ProxyError('Unable to connect to proxy', NewConnectionError('<urllib3.connection.HTTPSConnection object at 0xc50fb340>: Failed to establish a new connection: [Errno 111] Connection refused')))
HTTPSConnectionPool(host='t.me', port=443): Max retries exceeded with url: //0?embed=1&mode=tme (Caused by ProxyError('Unable to connect to proxy', NewConnectionError('<urllib3.connection.HTTPSConnection object at 0xd1ae0e80>: Failed to establish a new connection: [Errno 111] Connection refused')))
HTTPSConnectionPool(host='t.me', port=443): Max retries exceeded with url: //0?embed=1&mode=tme (Caused by ProxyError('Unable to connect to proxy', ConnectTimeoutError(<urllib3.connection.HTTPSConnection object at 0xe5024490>, 'Connection to 51.75.206.209 timed out. (connect timeout=15)')))
HTTPSConnectionPool(host='t.me', port=443): Max retries exceeded with url: //0?embed=1&mode=tme (Caused by ProxyError('Unable to connect to proxy', ConnectTimeoutError(<urllib3.connection.HTTPSConnection object at 0xc5b8cc88>, 'Connection to 190.110.35.224 timed out. (connect timeout=15)')))
HTTPSConnectionPool(host='t.me', port=443): Max retries exceeded with url: //0?embed=1&mode=tme (Caused by SSLError(SSLError(1, '[SSL: WRONG_VERSION_NUMBER] wrong version number (_ssl.c:1129)')))
HTTPSConnectionPool(host='t.me', port=443): Max retries exceeded with url: //0?embed=1&mode=tme (Caused by ProxyError('Unable to connect to proxy', ConnectTimeoutError(<urllib3.connection.HTTPSConnection object at 0xd43b4748>, 'Connection to 20.157.194.61 timed out. (connect timeout=15)')))
HTTPSConnectionPool(host='t.me', port=443): Max retries exceeded with url: //0?embed=1&mode=tme (Caused by ProxyError('Unable to connect to proxy', ConnectTimeoutError(<urllib3.connection.HTTPSConnection object at 0xc71fbe80>, 'Connection to 181.212.58.68 timed out. (connect timeout=15)')))
HTTPSConnectionPool(host='t.me', port=443): Max retries exceeded with url: //0?embed=1&mode=tme (Caused by ProxyError('Unable to connect to proxy', ConnectTimeoutError(<urllib3.connection.HTTPSConnection object at 0xd66c9148>, 'Connection to 202.110.67.141 timed out. (connect timeout=15)')))
('Connection aborted.', RemoteDisconnected('Remote end closed connection without response'))
HTTPSConnectionPool(host='t.me', port=443): Max retries exceeded with url: //0?embed=1&mode=tme (Caused by ProxyError('Unable to connect to proxy', ConnectTimeoutError(<urllib3.connection.HTTPSConnection object at 0xd43b4b20>, 'Connection to 185.196.182.22 timed out. (connect timeout=15)')))
HTTPSConnectionPool(host='t.me', port=443): Max retries exceeded with url: //0?embed=1&mode=tme (Caused by ProxyError('Unable to connect to proxy', NewConnectionError('<urllib3.connection.HTTPSConnection object at 0xc5e0e508>: Failed to establish a new connection: [Errno 111] Connection refused')))
HTTPSConnectionPool(host='t.me', port=443): Max retries exceeded with url: //0?embed=1&mode=tme (Caused by ProxyError('Unable to connect to proxy', ConnectTimeoutError(<urllib3.connection.HTTPSConnection object at 0xd3844028>, 'Connection to 41.215.85.74 timed out. (connect timeout=15)')))
HTTPSConnectionPool(host='t.me', port=443): Max retries exceeded with url: //0?embed=1&mode=tme (Caused by ProxyError('Unable to connect to proxy', ConnectTimeoutError(<urllib3.connection.HTTPSConnection object at 0xd2808298>, 'Connection to 34.162.76.11 timed out. (connect timeout=15)')))
HTTPSConnectionPool(host='t.me', port=443): Max retries exceeded with url: //0?embed=1&mode=tme (Caused by ProxyError('Unable to connect to proxy', ConnectTimeoutError(<urllib3.connection.HTTPSConnection object at 0xd4ff40e8>, 'Connection to 38.52.162.255 timed out. (connect timeout=15)')))
HTTPSConnectionPool(host='t.me', port=443): Max retries exceeded with url: //0?embed=1&mode=tme (Caused by ProxyError('Unable to connect to proxy', OSError('Tunnel connection failed: 407 Proxy Authentication Required')))
HTTPSConnectionPool(host='t.me', port=443): Max retries exceeded with url: //0?embed=1&mode=tme (Caused by ProxyError('Unable to connect to proxy', ConnectTimeoutError(<urllib3.connection.HTTPSConnection object at 0xd0d2cfe8>, 'Connection to 103.48.68.36 timed out. (connect timeout=15)')))
HTTPSConnectionPool(host='t.me', port=443): Max retries exceeded with url: //0?embed=1&mode=tme (Caused by ProxyError('Unable to connect to proxy', ConnectTimeoutError(<urllib3.connection.HTTPSConnection object at 0xd723ae38>, 'Connection to 85.105.84.48 timed out. (connect timeout=15)')))
HTTPSConnectionPool(host='t.me', port=443): Max retries exceeded with url: //0?embed=1&mode=tme (Caused by ProxyError('Unable to connect to proxy', ConnectTimeoutError(<urllib3.connection.HTTPSConnection object at 0xc9088580>, 'Connection to 103.79.35.146 timed out. (connect timeout=15)')))
HTTPSConnectionPool(host='t.me', port=443): Max retries exceeded with url: //0?embed=1&mode=tme (Caused by ProxyError('Unable to connect to proxy', ConnectTimeoutError(<urllib3.connection.HTTPSConnection object at 0xc634ba78>, 'Connection to 112.194.142.135 timed out. (connect timeout=15)')))
HTTPSConnectionPool(host='t.me', port=443): Max retries exceeded with url: //0?embed=1&mode=tme (Caused by ProxyError('Unable to connect to proxy', ConnectTimeoutError(<urllib3.connection.HTTPSConnection object at 0xd0d3b808>, 'Connection to 38.56.80.23 timed out. (connect timeout=15)')))
HTTPSConnectionPool(host='t.me', port=443): Max retries exceeded with url: //0?embed=1&mode=tme (Caused by ProxyError('Unable to connect to proxy', NewConnectionError('<urllib3.connection.HTTPSConnection object at 0xd66c9fa0>: Failed to establish a new connection: [Errno 111] Connection refused')))
HTTPSConnectionPool(host='t.me', port=443): Read timed out. (read timeout=15)
HTTPSConnectionPool(host='t.me', port=443): Max retries exceeded with url: //0?embed=1&mode=tme (Caused by ProxyError('Unable to connect to proxy', ConnectTimeoutError(<urllib3.connection.HTTPSConnection object at 0xd4ff4cd0>, 'Connection to 41.65.224.74 timed out. (connect timeout=15)')))
HTTPSConnectionPool(host='t.me', port=443): Max retries exceeded with url: //0?embed=1&mode=tme (Caused by ProxyError('Unable to connect to proxy', ConnectTimeoutError(<urllib3.connection.HTTPSConnection object at 0xd1ac5f88>, 'Connection to 123.245.250.6 timed out. (connect timeout=15)')))
HTTPSConnectionPool(host='t.me', port=443): Max retries exceeded with url: //0?embed=1&mode=tme (Caused by ProxyError('Unable to connect to proxy', NewConnectionError('<urllib3.connection.HTTPSConnection object at 0xd7e6b730>: Failed to establish a new connection: [Errno 111] Connection refused')))
HTTPSConnectionPool(host='t.me', port=443): Max retries exceeded with url: //0?embed=1&mode=tme (Caused by ProxyError('Unable to connect to proxy', ConnectTimeoutError(<urllib3.connection.HTTPSConnection object at 0xc720ba90>, 'Connection to 123.245.250.190 timed out. (connect timeout=15)')))
HTTPSConnectionPool(host='t.me', port=443): Max retries exceeded with url: //0?embed=1&mode=tme (Caused by ProxyError('Unable to connect to proxy', NewConnectionError('<urllib3.connection.HTTPSConnection object at 0xd66c9e50>: Failed to establish a new connection: [Errno 113] No route to host')))
HTTPSConnectionPool(host='t.me', port=443): Max retries exceeded with url: //0?embed=1&mode=tme (Caused by ProxyError('Unable to connect to proxy', ConnectTimeoutError(<urllib3.connection.HTTPSConnection object at 0xd1ae01d8>, 'Connection to 123.245.248.135 timed out. (connect timeout=15)')))
HTTPSConnectionPool(host='t.me', port=443): Max retries exceeded with url: //0?embed=1&mode=tme (Caused by ProxyError('Unable to connect to proxy', NewConnectionError('<urllib3.connection.HTTPSConnection object at 0xe6891628>: Failed to establish a new connection: [Errno 111] Connection refused')))
HTTPSConnectionPool(host='t.me', port=443): Max retries exceeded with url: //0?embed=1&mode=tme (Caused by ProxyError('Unable to connect to proxy', ConnectTimeoutError(<urllib3.connection.HTTPSConnection object at 0xd3854718>, 'Connection to 5.161.111.42 timed out. (connect timeout=15)')))
HTTPSConnectionPool(host='t.me', port=443): Max retries exceeded with url: //0?embed=1&mode=tme (Caused by ProxyError('Unable to connect to proxy', ConnectTimeoutError(<urllib3.connection.HTTPSConnection object at 0xc7203910>, 'Connection to 88.99.249.96 timed out. (connect timeout=15)')))
HTTPSConnectionPool(host='t.me', port=443): Max retries exceeded with url: //0?embed=1&mode=tme (Caused by ProxyError('Unable to connect to proxy', ConnectTimeoutError(<urllib3.connection.HTTPSConnection object at 0xe2dd6550>, 'Connection to 63.42.112.155 timed out. (connect timeout=15)')))
HTTPSConnectionPool(host='t.me', port=443): Max retries exceeded with url: //0?embed=1&mode=tme (Caused by ProxyError('Unable to connect to proxy', ConnectTimeoutError(<urllib3.connection.HTTPSConnection object at 0xd0d1cc70>, 'Connection to 88.247.17.91 timed out. (connect timeout=15)')))
HTTPSConnectionPool(host='t.me', port=443): Read timed out. (read timeout=15)
HTTPSConnectionPool(host='t.me', port=443): Max retries exceeded with url: //0?embed=1&mode=tme (Caused by ProxyError('Unable to connect to proxy', NewConnectionError('<urllib3.connection.HTTPSConnection object at 0xc7221aa8>: Failed to establish a new connection: [Errno 113] No route to host')))
HTTPSConnectionPool(host='t.me', port=443): Max retries exceeded with url: //0?embed=1&mode=tme (Caused by ProxyError('Unable to connect to proxy', OSError('Tunnel connection failed: 400 Bad Request')))
HTTPSConnectionPool(host='t.me', port=443): Max retries exceeded with url: //0?embed=1&mode=tme (Caused by ProxyError('Unable to connect to proxy', ConnectTimeoutError(<urllib3.connection.HTTPSConnection object at 0xd3854880>, 'Connection to 190.104.168.19 timed out. (connect timeout=15)')))
HTTPSConnectionPool(host='t.me', port=443): Max retries exceeded with url: //0?embed=1&mode=tme (Caused by ProxyError('Unable to connect to proxy', OSError('Tunnel connection failed: 400 Bad Request')))
HTTPSConnectionPool(host='t.me', port=443): Max retries exceeded with url: //0?embed=1&mode=tme (Caused by ProxyError('Unable to connect to proxy', ConnectTimeoutError(<urllib3.connection.HTTPSConnection object at 0xd3873b50>, 'Connection to 182.92.73.106 timed out. (connect timeout=15)')))
HTTPSConnectionPool(host='t.me', port=443): Max retries exceeded with url: //0?embed=1&mode=tme (Caused by ProxyError('Unable to connect to proxy', ConnectTimeoutError(<urllib3.connection.HTTPSConnection object at 0xcf39d358>, 'Connection to 80.68.225.188 timed out. (connect timeout=15)')))
HTTPSConnectionPool(host='t.me', port=443): Max retries exceeded with url: //0?embed=1&mode=tme (Caused by ProxyError('Unable to connect to proxy', ConnectTimeoutError(<urllib3.connection.HTTPSConnection object at 0xc7203970>, 'Connection to 181.225.107.227 timed out. (connect timeout=15)')))
HTTPSConnectionPool(host='t.me', port=443): Max retries exceeded with url: //0?embed=1&mode=tme (Caused by ProxyError('Unable to connect to proxy', NewConnectionError('<urllib3.connection.HTTPSConnection object at 0xd5001ce8>: Failed to establish a new connection: [Errno 111] Connection refused')))
HTTPSConnectionPool(host='t.me', port=443): Max retries exceeded with url: //0?embed=1&mode=tme (Caused by ProxyError('Unable to connect to proxy', ConnectTimeoutError(<urllib3.connection.HTTPSConnection object at 0xd27f9b80>, 'Connection to 64.56.159.214 timed out. (connect timeout=15)')))
HTTPSConnectionPool(host='t.me', port=443): Max retries exceeded with url: //0?embed=1&mode=tme (Caused by ProxyError('Unable to connect to proxy', ConnectTimeoutError(<urllib3.connection.HTTPSConnection object at 0xcf38c880>, 'Connection to 34.86.138.63 timed out. (connect timeout=15)')))
HTTPSConnectionPool(host='t.me', port=443): Max retries exceeded with url: //0?embed=1&mode=tme (Caused by ProxyError('Unable to connect to proxy', ConnectTimeoutError(<urllib3.connection.HTTPSConnection object at 0xcf38ca90>, 'Connection to 185.76.10.133 timed out. (connect timeout=15)')))
HTTPSConnectionPool(host='t.me', port=443): Max retries exceeded with url: //0?embed=1&mode=tme (Caused by ProxyError('Unable to connect to proxy', NewConnectionError('<urllib3.connection.HTTPSConnection object at 0xe17f3b20>: Failed to establish a new connection: [Errno 111] Connection refused')))
HTTPSConnectionPool(host='t.me', port=443): Max retries exceeded with url: //0?embed=1&mode=tme (Caused by ProxyError('Unable to connect to proxy', ConnectTimeoutError(<urllib3.connection.HTTPSConnection object at 0xd28137d8>, 'Connection to 202.182.55.44 timed out. (connect timeout=15)')))
HTTPSConnectionPool(host='t.me', port=443): Max retries exceeded with url: //0?embed=1&mode=tme (Caused by ProxyError('Unable to connect to proxy', ConnectTimeoutError(<urllib3.connection.HTTPSConnection object at 0xd43a1880>, 'Connection to 95.0.206.222 timed out. (connect timeout=15)')))
HTTPSConnectionPool(host='t.me', port=443): Read timed out. (read timeout=15)
HTTPSConnectionPool(host='t.me', port=443): Max retries exceeded with url: //0?embed=1&mode=tme (Caused by ProxyError('Unable to connect to proxy', ConnectTimeoutError(<urllib3.connection.HTTPSConnection object at 0xd96dc5c8>, 'Connection to 112.5.128.78 timed out. (connect timeout=15)')))
HTTPSConnectionPool(host='t.me', port=443): Max retries exceeded with url: //0?embed=1&mode=tme (Caused by ProxyError('Unable to connect to proxy', ConnectTimeoutError(<urllib3.connection.HTTPSConnection object at 0xc720b640>, 'Connection to 186.13.11.121 timed out. (connect timeout=15)')))
HTTPSConnectionPool(host='t.me', port=443): Max retries exceeded with url: //0?embed=1&mode=tme (Caused by ProxyError('Unable to connect to proxy', ConnectTimeoutError(<urllib3.connection.HTTPSConnection object at 0xd43a12f8>, 'Connection to 35.245.31.182 timed out. (connect timeout=15)')))
('Connection aborted.', ConnectionResetError(104, 'Connection reset by peer'))
HTTPSConnectionPool(host='t.me', port=443): Max retries exceeded with url: //0?embed=1&mode=tme (Caused by ProxyError('Unable to connect to proxy', ConnectTimeoutError(<urllib3.connection.HTTPSConnection object at 0xcdb21058>, 'Connection to 116.212.140.118 timed out. (connect timeout=15)')))
HTTPSConnectionPool(host='t.me', port=443): Max retries exceeded with url: //0?embed=1&mode=tme (Caused by SSLError(SSLError(1, '[SSL: WRONG_VERSION_NUMBER] wrong version number (_ssl.c:1129)')))
HTTPSConnectionPool(host='t.me', port=443): Max retries exceeded with url: //0?embed=1&mode=tme (Caused by ProxyError('Unable to connect to proxy', ConnectTimeoutError(<urllib3.connection.HTTPSConnection object at 0xc83f4dd8>, 'Connection to 103.48.68.35 timed out. (connect timeout=15)')))
HTTPSConnectionPool(host='t.me', port=443): Max retries exceeded with url: //0?embed=1&mode=tme (Caused by ProxyError('Unable to connect to proxy', ConnectTimeoutError(<urllib3.connection.HTTPSConnection object at 0xd1ae04d8>, 'Connection to 114.233.71.0 timed out. (connect timeout=15)')))
HTTPSConnectionPool(host='t.me', port=443): Max retries exceeded with url: //0?embed=1&mode=tme (Caused by ProxyError('Unable to connect to proxy', ConnectTimeoutError(<urllib3.connection.HTTPSConnection object at 0xd2808e98>, 'Connection to 106.75.86.143 timed out. (connect timeout=15)')))
HTTPSConnectionPool(host='t.me', port=443): Max retries exceeded with url: //0?embed=1&mode=tme (Caused by ProxyError('Unable to connect to proxy', ConnectTimeoutError(<urllib3.connection.HTTPSConnection object at 0xd27f95e0>, 'Connection to 35.193.158.6 timed out. (connect timeout=15)')))
('Connection aborted.', RemoteDisconnected('Remote end closed connection without response'))
HTTPSConnectionPool(host='t.me', port=443): Max retries exceeded with url: //0?embed=1&mode=tme (Caused by ProxyError('Unable to connect to proxy', OSError('Tunnel connection failed: 503 Service Temporarily Unavailable')))
('Connection aborted.', RemoteDisconnected('Remote end closed connection without response'))
HTTPSConnectionPool(host='t.me', port=443): Max retries exceeded with url: //0?embed=1&mode=tme (Caused by ProxyError('Unable to connect to proxy', NewConnectionError('<urllib3.connection.HTTPSConnection object at 0xd5c82460>: Failed to establish a new connection: [Errno 111] Connection refused')))
HTTPSConnectionPool(host='t.me', port=443): Max retries exceeded with url: //0?embed=1&mode=tme (Caused by ProxyError('Unable to connect to proxy', NewConnectionError('<urllib3.connection.HTTPSConnection object at 0xc5503f88>: Failed to establish a new connection: [Errno 111] Connection refused')))
HTTPSConnectionPool(host='t.me', port=443): Max retries exceeded with url: //0?embed=1&mode=tme (Caused by ProxyError('Unable to connect to proxy', NewConnectionError('<urllib3.connection.HTTPSConnection object at 0xc5aab940>: Failed to establish a new connection: [Errno 113] No route to host')))
HTTPSConnectionPool(host='t.me', port=443): Max retries exceeded with url: //0?embed=1&mode=tme (Caused by SSLError(SSLError(1, '[SSL: WRONG_VERSION_NUMBER] wrong version number (_ssl.c:1129)')))
                                                                                                                                                                                                           HTTPSConnectionPool(host='t.me', port=443): Max retries exceeded with url: //0?embed=1&mode=tme (Caused by ProxyError('Unable to connect to proxy', ConnectTimeoutError(<urllib3.connection.HTTPSConnection object at 0xd7210e08>, 'Connection to 187.62.64.155 timed out. (connect timeout=15)')))
HTTPSConnectionPool(host='t.me', port=443): Max retries exceeded with url: //0?embed=1&mode=tme (Caused by ProxyError('Unable to connect to proxy', ConnectTimeoutError(<urllib3.connection.HTTPSConnection object at 0xd96dcb68>, 'Connection to 142.11.232.45 timed out. (connect timeout=15)')))
HTTPSConnectionPool(host='t.me', port=443): Max retries exceeded with url: //0?embed=1&mode=tme (Caused by SSLError(SSLError(1, '[SSL: WRONG_VERSION_NUMBER] wrong version number (_ssl.c:1129)')))
HTTPSConnectionPool(host='t.me', port=443): Max retries exceeded with url: //0?embed=1&mode=tme (Caused by ProxyError('Unable to connect to proxy', ConnectTimeoutError(<urllib3.connection.HTTPSConnection object at 0xce95e0b8>, 'Connection to 91.107.142.20 timed out. (connect timeout=15)')))
HTTPSConnectionPool(host='t.me', port=443): Max retries exceeded with url: //0?embed=1&mode=tme (Caused by ProxyError('Unable to connect to proxy', OSError('Tunnel connection failed: 400 Bad Request')))
HTTPSConnectionPool(host='t.me', port=443): Max retries exceeded with url: //0?embed=1&mode=tme (Caused by ProxyError('Unable to connect to proxy', ConnectTimeoutError(<urllib3.connection.HTTPSConnection object at 0xd8b50d18>, 'Connection to 88.99.249.96 timed out. (connect timeout=15)')))
HTTPSConnectionPool(host='t.me', port=443): Max retries exceeded with url: //0?embed=1&mode=tme (Caused by ProxyError('Unable to connect to proxy', OSError('Tunnel connection failed: 400 Bad Request')))
HTTPSConnectionPool(host='t.me', port=443): Max retries exceeded with url: //0?embed=1&mode=tme (Caused by ProxyError('Unable to connect to proxy', ConnectTimeoutError(<urllib3.connection.HTTPSConnection object at 0xcae13c40>, 'Connection to 38.51.235.213 timed out. (connect timeout=15)')))
HTTPSConnectionPool(host='t.me', port=443): Max retries exceeded with url: //0?embed=1&mode=tme (Caused by ProxyError('Unable to connect to proxy', ConnectTimeoutError(<urllib3.connection.HTTPSConnection object at 0xcfec5718>, 'Connection to 211.219.51.199 timed out. (connect timeout=15)')))
HTTPSConnectionPool(host='t.me', port=443): Max retries exceeded with url: //0?embed=1&mode=tme (Caused by ProxyError('Unable to connect to proxy', NewConnectionError('<urllib3.connection.HTTPSConnection object at 0xc7120400>: Failed to establish a new connection: [Errno 111] Connection refused')))
HTTPSConnectionPool(host='t.me', port=443): Max retries exceeded with url: //0?embed=1&mode=tme (Caused by ProxyError('Unable to connect to proxy', ConnectTimeoutError(<urllib3.connection.HTTPSConnection object at 0xd3873ec8>, 'Connection to 125.60.148.162 timed out. (connect timeout=15)')))
HTTPSConnectionPool(host='t.me', port=443): Max retries exceeded with url: //0?embed=1&mode=tme (Caused by ProxyError('Unable to connect to proxy', ConnectTimeoutError(<urllib3.connection.HTTPSConnection object at 0xd43c1448>, 'Connection to 41.65.236.53 timed out. (connect timeout=15)')))
HTTPSConnectionPool(host='t.me', port=443): Max retries exceeded with url: //0?embed=1&mode=tme (Caused by ProxyError('Unable to connect to proxy', OSError('Tunnel connection failed: 400 Bad Request')))
HTTPSConnectionPool(host='t.me', port=443): Max retries exceeded with url: //0?embed=1&mode=tme (Caused by ProxyError('Unable to connect to proxy', ConnectTimeoutError(<urllib3.connection.HTTPSConnection object at 0xc5a5e5f8>, 'Connection to 183.165.246.108 timed out. (connect timeout=15)')))
HTTPSConnectionPool(host='t.me', port=443): Max retries exceeded with url: //0?embed=1&mode=tme (Caused by ProxyError('Unable to connect to proxy', ConnectTimeoutError(<urllib3.connection.HTTPSConnection object at 0xcfefb628>, 'Connection to 186.167.24.66 timed out. (connect timeout=15)')))
HTTPSConnectionPool(host='t.me', port=443): Max retries exceeded with url: //0?embed=1&mode=tme (Caused by ProxyError('Unable to connect to proxy', NewConnectionError('<urllib3.connection.HTTPSConnection object at 0xce96cb20>: Failed to establish a new connection: [Errno 113] No route to host')))
HTTPSConnectionPool(host='t.me', port=443): Max retries exceeded with url: //0?embed=1&mode=tme (Caused by ProxyError('Unable to connect to proxy', OSError('Tunnel connection failed: 501 Tor is not an HTTP Proxy')))
HTTPSConnectionPool(host='t.me', port=443): Max retries exceeded with url: //0?embed=1&mode=tme (Caused by ProxyError('Unable to connect to proxy', NewConnectionError('<urllib3.connection.HTTPSConnection object at 0xe17f3ad8>: Failed to establish a new connection: [Errno 113] No route to host')))
HTTPSConnectionPool(host='t.me', port=443): Max retries exceeded with url: //0?embed=1&mode=tme (Caused by ProxyError('Unable to connect to proxy', NewConnectionError('<urllib3.connection.HTTPSConnection object at 0xc5530d00>: Failed to establish a new connection: [Errno 111] Connection refused')))
HTTPSConnectionPool(host='t.me', port=443): Max retries exceeded with url: //0?embed=1&mode=tme (Caused by ProxyError('Unable to connect to proxy', NewConnectionError('<urllib3.connection.HTTPSConnection object at 0xd72108c8>: Failed to establish a new connection: [Errno 111] Connection refused')))
HTTPSConnectionPool(host='t.me', port=443): Max retries exceeded with url: //0?embed=1&mode=tme (Caused by ProxyError('Unable to connect to proxy', NewConnectionError('<urllib3.connection.HTTPSConnection object at 0xe45db190>: Failed to establish a new connection: [Errno 111] Connection refused')))
HTTPSConnectionPool(host='t.me', port=443): Max retries exceeded with url: //0?embed=1&mode=tme (Caused by ProxyError('Unable to connect to proxy', NewConnectionError('<urllib3.connection.HTTPSConnection object at 0xd43a18b0>: Failed to establish a new connection: [Errno 111] Connection refused')))
HTTPSConnectionPool(host='t.me', port=443): Max retries exceeded with url: //0?embed=1&mode=tme (Caused by ProxyError('Unable to connect to proxy', ConnectTimeoutError(<urllib3.connection.HTTPSConnection object at 0xd43c11a8>, 'Connection to 50.84.48.130 timed out. (connect timeout=15)')))
HTTPSConnectionPool(host='t.me', port=443): Max retries exceeded with url: //0?embed=1&mode=tme (Caused by ProxyError('Unable to connect to proxy', ConnectTimeoutError(<urllib3.connection.HTTPSConnection object at 0xc5a5e538>, 'Connection to 183.165.244.37 timed out. (connect timeout=15)')))
HTTPSConnectionPool(host='t.me', port=443): Max retries exceeded with url: //0?embed=1&mode=tme (Caused by ProxyError('Unable to connect to proxy', ConnectTimeoutError(<urllib3.connection.HTTPSConnection object at 0xcfec5820>, 'Connection to 109.254.81.159 timed out. (connect timeout=15)')))
HTTPSConnectionPool(host='t.me', port=443): Max retries exceeded with url: //0?embed=1&mode=tme (Caused by ProxyError('Unable to connect to proxy', ConnectTimeoutError(<urllib3.connection.HTTPSConnection object at 0xd7e49e08>, 'Connection to 105.112.135.166 timed out. (connect timeout=15)')))
('Connection aborted.', RemoteDisconnected('Remote end closed connection without response'))
HTTPSConnectionPool(host='t.me', port=443): Max retries exceeded with url: //0?embed=1&mode=tme (Caused by ProxyError('Unable to connect to proxy', NewConnectionError('<urllib3.connection.HTTPSConnection object at 0xc5660820>: Failed to establish a new connection: [Errno 111] Connection refused')))
('Connection aborted.', ConnectionResetError(104, 'Connection reset by peer'))
HTTPSConnectionPool(host='t.me', port=443): Max retries exceeded with url: //0?embed=1&mode=tme (Caused by SSLError(SSLError(1, '[SSL: WRONG_VERSION_NUMBER] wrong version number (_ssl.c:1129)')))
HTTPSConnectionPool(host='t.me', port=443): Max retries exceeded with url: //0?embed=1&mode=tme (Caused by ProxyError('Unable to connect to proxy', NewConnectionError('<urllib3.connection.HTTPSConnection object at 0xe5c67220>: Failed to establish a new connection: [Errno 111] Connection refused')))
HTTPSConnectionPool(host='www.proxyscan.io', port=443): Max retries exceeded with url: /download?type=socks4 (Caused by NewConnectionError('<urllib3.connection.HTTPSConnection object at 0xebf89c70>: Failed to establish a new connection: [Errno 111] Connection refused'))
HTTPSConnectionPool(host='www.proxyscan.io', port=443): Max retries exceeded with url: /download?type=socks5 (Caused by NewConnectionError('<urllib3.connection.HTTPSConnection object at 0xebf89580>: Failed to establish a new connection: [Errno 111] Connection refused'))
HTTPSConnectionPool(host='rootjazz.com', port=443): Max retries exceeded with url: /proxies/proxies.txt (Caused by SSLError(SSLCertVerificationError(1, "[SSL: CERTIFICATE_VERIFY_FAILED] certificate verify failed: Hostname mismatch, certificate is not valid for 'rootjazz.com'. (_ssl.c:1129)")))
HTTPSConnectionPool(host='www.proxyscan.io', port=443): Max retries exceeded with url: /download?type=http (Caused by NewConnectionError('<urllib3.connection.HTTPSConnection object at 0xebf9a2c8>: Failed to establish a new connection: [Errno 111] Connection refused'))
('Connection aborted.', RemoteDisconnected('Remote end closed connection without response'))
HTTPSConnectionPool(host='t.me', port=443): Max retries exceeded with url: //0?embed=1&mode=tme (Caused by ProxyError('Unable to connect to proxy', OSError('Tunnel connection failed: 400 Bad Request')))
HTTPSConnectionPool(host='t.me', port=443): Max retries exceeded with url: //0?embed=1&mode=tme (Caused by ProxyError('Unable to connect to proxy', NewConnectionError('<urllib3.connection.HTTPSConnection object at 0xebf7f268>: Failed to establish a new connection: [Errno 111] Connection refused')))
HTTPSConnectionPool(host='t.me', port=443): Max retries exceeded with url: //0?embed=1&mode=tme (Caused by ProxyError('Unable to connect to proxy', NewConnectionError('<urllib3.connection.HTTPSConnection object at 0xebe97ca0>: Failed to establish a new connection: [Errno 111] Connection refused')))
('Connection aborted.', ConnectionResetError(104, 'Connection reset by peer'))
HTTPSConnectionPool(host='t.me', port=443): Max retries exceeded with url: //0?embed=1&mode=tme (Caused by ProxyError('Unable to connect to proxy', OSError('Tunnel connection failed: 403 Forbidden')))
HTTPSConnectionPool(host='t.me', port=443): Max retries exceeded with url: //0?embed=1&mode=tme (Caused by ProxyError('Unable to connect to proxy', OSError('Tunnel connection failed: 400 Bad Request')))
('Connection aborted.', RemoteDisconnected('Remote end closed connection without response'))
HTTPSConnectionPool(host='t.me', port=443): Max retries exceeded with url: //0?embed=1&mode=tme (Caused by ProxyError('Unable to connect to proxy', OSError('Tunnel connection failed: 400 Bad Request')))
('Connection aborted.', ConnectionResetError(104, 'Connection reset by peer'))
HTTPSConnectionPool(host='t.me', port=443): Max retries exceeded with url: //0?embed=1&mode=tme (Caused by ProxyError('Unable to connect to proxy', OSError('Tunnel connection failed: 500 Internal Server Error')))
HTTPSConnectionPool(host='t.me', port=443): Max retries exceeded with url: //0?embed=1&mode=tme (Caused by ProxyError('Unable to connect to proxy', NewConnectionError('<urllib3.connection.HTTPSConnection object at 0xebe76c58>: Failed to establish a new connection: [Errno 111] Connection refused')))
('Connection aborted.', RemoteDisconnected('Remote end closed connection without response'))
HTTPSConnectionPool(host='t.me', port=443): Max retries exceeded with url: //0?embed=1&mode=tme (Caused by ProxyError('Unable to connect to proxy', NewConnectionError('<urllib3.connection.HTTPSConnection object at 0xe7fd2bb0>: Failed to establish a new connection: [Errno 111] Connection refused')))
HTTPSConnectionPool(host='t.me', port=443): Max retries exceeded with url: //0?embed=1&mode=tme (Caused by ProxyError('Unable to connect to proxy', OSError('Tunnel connection failed: 400 Bad Request')))
HTTPSConnectionPool(host='t.me', port=443): Max retries exceeded with url: //0?embed=1&mode=tme (Caused by ProxyError('Unable to connect to proxy', OSError('Tunnel connection failed: 400 Bad Request')))
HTTPSConnectionPool(host='t.me', port=443): Max retries exceeded with url: //0?embed=1&mode=tme (Caused by ProxyError('Unable to connect to proxy', OSError('Tunnel connection failed: 403 Access Denied')))
HTTPSConnectionPool(host='t.me', port=443): Max retries exceeded with url: //0?embed=1&mode=tme (Caused by ProxyError('Unable to connect to proxy', OSError('Tunnel connection failed: 400 Bad Request')))
HTTPSConnectionPool(host='t.me', port=443): Max retries exceeded with url: //0?embed=1&mode=tme (Caused by ProxyError('Unable to connect to proxy', OSError('Tunnel connection failed: 400 Bad Request')))
HTTPSConnectionPool(host='t.me', port=443): Max retries exceeded with url: //0?embed=1&mode=tme (Caused by SSLError(SSLCertVerificationError(1, '[SSL: CERTIFICATE_VERIFY_FAILED] certificate verify failed: self signed certificate in certificate chain (_ssl.c:1129)')))
HTTPSConnectionPool(host='t.me', port=443): Max retries exceeded with url: //0?embed=1&mode=tme (Caused by ProxyError('Unable to connect to proxy', OSError('Tunnel connection failed: 400 Bad Request')))
HTTPSConnectionPool(host='t.me', port=443): Max retries exceeded with url: //0?embed=1&mode=tme (Caused by ProxyError('Unable to connect to proxy', OSError('Tunnel connection failed: 503 Service Unavailable')))
HTTPSConnectionPool(host='t.me', port=443): Max retries exceeded with url: //0?embed=1&mode=tme (Caused by ProxyError('Unable to connect to proxy', OSError('Tunnel connection failed: 502 Bad Gateway')))
HTTPSConnectionPool(host='t.me', port=443): Max retries exceeded with url: //0?embed=1&mode=tme (Caused by ProxyError('Unable to connect to proxy', OSError('Tunnel connection failed: 500 Internal Server Error')))
HTTPSConnectionPool(host='t.me', port=443): Max retries exceeded with url: //0?embed=1&mode=tme (Caused by ProxyError('Unable to connect to proxy', OSError('Tunnel connection failed: 400 Bad Request')))
HTTPSConnectionPool(host='t.me', port=443): Max retries exceeded with url: //0?embed=1&mode=tme (Caused by ProxyError('Unable to connect to proxy', OSError('Tunnel connection failed: 400 Bad Request')))
HTTPSConnectionPool(host='t.me', port=443): Max retries exceeded with url: //0?embed=1&mode=tme (Caused by ProxyError('Unable to connect to proxy', NewConnectionError('<urllib3.connection.HTTPSConnection object at 0xe3ea2d18>: Failed to establish a new connection: [Errno 111] Connection refused')))
('Connection aborted.', ConnectionResetError(104, 'Connection reset by peer'))
HTTPSConnectionPool(host='t.me', port=443): Max retries exceeded with url: //0?embed=1&mode=tme (Caused by ProxyError('Unable to connect to proxy', OSError('Tunnel connection failed: 400 Bad Request')))
('Connection aborted.', RemoteDisconnected('Remote end closed connection without response'))
HTTPSConnectionPool(host='t.me', port=443): Max retries exceeded with url: //0?embed=1&mode=tme (Caused by ProxyError('Unable to connect to proxy', OSError('Tunnel connection failed: 400 Bad Request')))
HTTPSConnectionPool(host='t.me', port=443): Max retries exceeded with url: //0?embed=1&mode=tme (Caused by ProxyError('Unable to connect to proxy', OSError('Tunnel connection failed: 426 Upgrade Required')))
HTTPSConnectionPool(host='t.me', port=443): Max retries exceeded with url: //0?embed=1&mode=tme (Caused by ProxyError('Unable to connect to proxy', OSError('Tunnel connection failed: 502 Bad Gateway')))
HTTPSConnectionPool(host='t.me', port=443): Max retries exceeded with url: //0?embed=1&mode=tme (Caused by ProxyError('Unable to connect to proxy', OSError('Tunnel connection failed: 400 Bad Request')))
HTTPSConnectionPool(host='t.me', port=443): Max retries exceeded with url: //0?embed=1&mode=tme (Caused by ProxyError('Unable to connect to proxy', OSError('Tunnel connection failed: 400 Bad Request')))
HTTPSConnectionPool(host='t.me', port=443): Max retries exceeded with url: //0?embed=1&mode=tme (Caused by ProxyError('Unable to connect to proxy', OSError('Tunnel connection failed: 405 Method Not Allowed')))
HTTPSConnectionPool(host='t.me', port=443): Max retries exceeded with url: //0?embed=1&mode=tme (Caused by ProxyError('Unable to connect to proxy', OSError('Tunnel connection failed: 404 Not Found')))
('Connection aborted.', RemoteDisconnected('Remote end closed connection without response'))
HTTPSConnectionPool(host='t.me', port=443): Max retries exceeded with url: //0?embed=1&mode=tme (Caused by ProxyError('Unable to connect to proxy', NewConnectionError('<urllib3.connection.HTTPSConnection object at 0xe24ff3b8>: Failed to establish a new connection: [Errno 111] Connection refused')))
HTTPSConnectionPool(host='t.me', port=443): Max retries exceeded with url: //0?embed=1&mode=tme (Caused by ProxyError('Unable to connect to proxy', OSError('Tunnel connection failed: 403 Access Denied')))
HTTPSConnectionPool(host='t.me', port=443): Max retries exceeded with url: //0?embed=1&mode=tme (Caused by ProxyError('Unable to connect to proxy', OSError('Tunnel connection failed: 400 Bad Request')))
HTTPSConnectionPool(host='t.me', port=443): Max retries exceeded with url: //0?embed=1&mode=tme (Caused by ProxyError('Unable to connect to proxy', OSError('Tunnel connection failed: 404 Not Found')))
HTTPSConnectionPool(host='t.me', port=443): Max retries exceeded with url: //0?embed=1&mode=tme (Caused by ProxyError('Unable to connect to proxy', OSError('Tunnel connection failed: 400 Bad Request')))
('Connection aborted.', RemoteDisconnected('Remote end closed connection without response'))
HTTPSConnectionPool(host='t.me', port=443): Max retries exceeded with url: //0?embed=1&mode=tme (Caused by ProxyError('Unable to connect to proxy', OSError('Tunnel connection failed: 502 Proxy Error')))
('Connection aborted.', RemoteDisconnected('Remote end closed connection without response'))
('Connection aborted.', RemoteDisconnected('Remote end closed connection without response'))
HTTPSConnectionPool(host='t.me', port=443): Max retries exceeded with url: //0?embed=1&mode=tme (Caused by ProxyError('Unable to connect to proxy', NewConnectionError('<urllib3.connection.HTTPSConnection object at 0xdeb90eb0>: Failed to establish a new connection: [Errno 111] Connection refused')))
HTTPSConnectionPool(host='t.me', port=443): Max retries exceeded with url: //0?embed=1&mode=tme (Caused by ProxyError('Unable to connect to proxy', NewConnectionError('<urllib3.connection.HTTPSConnection object at 0xedb32520>: Failed to establish a new connection: [Errno 111] Connection refused')))
HTTPSConnectionPool(host='t.me', port=443): Max retries exceeded with url: //0?embed=1&mode=tme (Caused by ProxyError('Unable to connect to proxy', OSError('Tunnel connection failed: 500 Internal Server Error')))
HTTPSConnectionPool(host='t.me', port=443): Max retries exceeded with url: //0?embed=1&mode=tme (Caused by ProxyError('Unable to connect to proxy', NewConnectionError('<urllib3.connection.HTTPSConnection object at 0xe1a05e80>: Failed to establish a new connection: [Errno 111] Connection refused')))
HTTPSConnectionPool(host='t.me', port=443): Max retries exceeded with url: //0?embed=1&mode=tme (Caused by ProxyError('Unable to connect to proxy', OSError('Tunnel connection failed: 400 Bad Request')))
('Connection aborted.', RemoteDisconnected('Remote end closed connection without response'))
HTTPSConnectionPool(host='t.me', port=443): Max retries exceeded with url: //0?embed=1&mode=tme (Caused by ProxyError('Unable to connect to proxy', OSError('Tunnel connection failed: 502 Bad Gateway')))
HTTPSConnectionPool(host='t.me', port=443): Max retries exceeded with url: //0?embed=1&mode=tme (Caused by ProxyError('Unable to connect to proxy', OSError('Tunnel connection failed: 400 Bad Request')))
HTTPSConnectionPool(host='t.me', port=443): Max retries exceeded with url: //0?embed=1&mode=tme (Caused by ProxyError('Unable to connect to proxy', OSError('Tunnel connection failed: 500 Internal Server Error')))
HTTPSConnectionPool(host='t.me', port=443): Max retries exceeded with url: //0?embed=1&mode=tme (Caused by ProxyError('Unable to connect to proxy', OSError('Tunnel connection failed: 400 Bad Request')))
HTTPSConnectionPool(host='t.me', port=443): Max retries exceeded with url: //0?embed=1&mode=tme (Caused by ProxyError('Unable to connect to proxy', OSError('Tunnel connection failed: 503 Too many open connections')))
HTTPSConnectionPool(host='t.me', port=443): Max retries exceeded with url: //0?embed=1&mode=tme (Caused by ProxyError('Unable to connect to proxy', NewConnectionError('<urllib3.connection.HTTPSConnection object at 0xdc04bd18>: Failed to establish a new connection: [Errno 111] Connection refused')))
HTTPSConnectionPool(host='t.me', port=443): Max retries exceeded with url: //0?embed=1&mode=tme (Caused by ProxyError('Unable to connect to proxy', OSError('Tunnel connection failed: 403 Forbidden')))
HTTPSConnectionPool(host='t.me', port=443): Max retries exceeded with url: //0?embed=1&mode=tme (Caused by ProxyError('Unable to connect to proxy', OSError('Tunnel connection failed: 400 Bad Request')))
HTTPSConnectionPool(host='t.me', port=443): Max retries exceeded with url: //0?embed=1&mode=tme (Caused by ProxyError('Unable to connect to proxy', OSError('Tunnel connection failed: 502 Bad Gateway')))
HTTPSConnectionPool(host='t.me', port=443): Max retries exceeded with url: //0?embed=1&mode=tme (Caused by ProxyError('Unable to connect to proxy', OSError('Tunnel connection failed: 400 Bad Request')))
HTTPSConnectionPool(host='t.me', port=443): Max retries exceeded with url: //0?embed=1&mode=tme (Caused by ProxyError('Unable to connect to proxy', OSError('Tunnel connection failed: 400 Bad Request')))
HTTPSConnectionPool(host='t.me', port=443): Max retries exceeded with url: //0?embed=1&mode=tme (Caused by ProxyError('Unable to connect to proxy', OSError('Tunnel connection failed: 400 Bad Request')))
HTTPSConnectionPool(host='t.me', port=443): Max retries exceeded with url: //0?embed=1&mode=tme (Caused by ProxyError('Unable to connect to proxy', OSError('Tunnel connection failed: 407 Proxy Authentication Required')))
HTTPSConnectionPool(host='t.me', port=443): Max retries exceeded with url: //0?embed=1&mode=tme (Caused by ProxyError('Unable to connect to proxy', OSError('Tunnel connection failed: 403 Access Denied')))
HTTPSConnectionPool(host='t.me', port=443): Max retries exceeded with url: //0?embed=1&mode=tme (Caused by ProxyError('Unable to connect to proxy', OSError('Tunnel connection failed: 400 Bad Request')))
HTTPSConnectionPool(host='t.me', port=443): Max retries exceeded with url: //0?embed=1&mode=tme (Caused by SSLError(SSLCertVerificationError(1, '[SSL: CERTIFICATE_VERIFY_FAILED] certificate verify failed: self signed certificate in certificate chain (_ssl.c:1129)')))
HTTPSConnectionPool(host='t.me', port=443): Max retries exceeded with url: //0?embed=1&mode=tme (Caused by ProxyError('Unable to connect to proxy', OSError('Tunnel connection failed: 404 Not Found')))
HTTPSConnectionPool(host='t.me', port=443): Max retries exceeded with url: //0?embed=1&mode=tme (Caused by ProxyError('Unable to connect to proxy', NewConnectionError('<urllib3.connection.HTTPSConnection object at 0xd875c6e8>: Failed to establish a new connection: [Errno 111] Connection refused')))
HTTPSConnectionPool(host='t.me', port=443): Max retries exceeded with url: //0?embed=1&mode=tme (Caused by ProxyError('Unable to connect to proxy', OSError('Tunnel connection failed: 403 Forbidden')))
HTTPSConnectionPool(host='t.me', port=443): Max retries exceeded with url: //0?embed=1&mode=tme (Caused by ProxyError('Unable to connect to proxy', OSError('Tunnel connection failed: 400 Bad Request')))
HTTPSConnectionPool(host='t.me', port=443): Max retries exceeded with url: //0?embed=1&mode=tme (Caused by ProxyError('Unable to connect to proxy', OSError('Tunnel connection failed: 404 Not Found')))
HTTPSConnectionPool(host='t.me', port=443): Max retries exceeded with url: //0?embed=1&mode=tme (Caused by ProxyError('Unable to connect to proxy', OSError('Tunnel connection failed: 503 Service Unavailable')))
HTTPSConnectionPool(host='t.me', port=443): Max retries exceeded with url: //0?embed=1&mode=tme (Caused by ProxyError('Unable to connect to proxy', OSError('Tunnel connection failed: 400 Bad Request')))
HTTPSConnectionPool(host='t.me', port=443): Max retries exceeded with url: //0?embed=1&mode=tme (Caused by ProxyError('Unable to connect to proxy', OSError('Tunnel connection failed: 400 Bad Request')))
HTTPSConnectionPool(host='t.me', port=443): Max retries exceeded with url: //0?embed=1&mode=tme (Caused by ProxyError('Unable to connect to proxy', OSError('Tunnel connection failed: 400 Bad Request')))
('Connection aborted.', RemoteDisconnected('Remote end closed connection without response'))
HTTPSConnectionPool(host='t.me', port=443): Max retries exceeded with url: //0?embed=1&mode=tme (Caused by ProxyError('Unable to connect to proxy', OSError('Tunnel connection failed: 502 Bad Gateway')))
HTTPSConnectionPool(host='t.me', port=443): Max retries exceeded with url: //0?embed=1&mode=tme (Caused by ProxyError('Unable to connect to proxy', NewConnectionError('<urllib3.connection.HTTPSConnection object at 0xd7031100>: Failed to establish a new connection: [Errno 111] Connection refused')))
HTTPSConnectionPool(host='t.me', port=443): Max retries exceeded with url: //0?embed=1&mode=tme (Caused by ProxyError('Unable to connect to proxy', OSError('Tunnel connection failed: 500 Internal Server Error')))
HTTPSConnectionPool(host='t.me', port=443): Max retries exceeded with url: //0?embed=1&mode=tme (Caused by ProxyError('Unable to connect to proxy', OSError('Tunnel connection failed: 400 Bad Request')))
HTTPSConnectionPool(host='t.me', port=443): Max retries exceeded with url: //0?embed=1&mode=tme (Caused by ProxyError('Unable to connect to proxy', OSError('Tunnel connection failed: 400 Bad Request')))
HTTPSConnectionPool(host='t.me', port=443): Max retries exceeded with url: //0?embed=1&mode=tme (Caused by ProxyError('Unable to connect to proxy', OSError('Tunnel connection failed: 400 Bad Request')))
HTTPSConnectionPool(host='t.me', port=443): Max retries exceeded with url: //0?embed=1&mode=tme (Caused by ProxyError('Unable to connect to proxy', NewConnectionError('<urllib3.connection.HTTPSConnection object at 0xd7a465e0>: Failed to establish a new connection: [Errno 111] Connection refused')))
HTTPSConnectionPool(host='t.me', port=443): Max retries exceeded with url: //0?embed=1&mode=tme (Caused by ProxyError('Unable to connect to proxy', OSError('Tunnel connection failed: 400 Bad Request')))
HTTPSConnectionPool(host='t.me', port=443): Max retries exceeded with url: //0?embed=1&mode=tme (Caused by ProxyError('Unable to connect to proxy', OSError('Tunnel connection failed: 400 Bad Request')))
HTTPSConnectionPool(host='t.me', port=443): Max retries exceeded with url: //0?embed=1&mode=tme (Caused by ProxyError('Unable to connect to proxy', OSError('Tunnel connection failed: 400 Bad Request')))
('Connection aborted.', RemoteDisconnected('Remote end closed connection without response'))
HTTPSConnectionPool(host='t.me', port=443): Max retries exceeded with url: //0?embed=1&mode=tme (Caused by ProxyError('Unable to connect to proxy', OSError('Tunnel connection failed: 400 Bad Request')))
SOCKSHTTPSConnectionPool(host='t.me', port=443): Max retries exceeded with url: //0?embed=1&mode=tme (Caused by SSLError(SSLCertVerificationError(1, '[SSL: CERTIFICATE_VERIFY_FAILED] certificate verify failed: self signed certificate in certificate chain (_ssl.c:1129)')))
HTTPSConnectionPool(host='t.me', port=443): Max retries exceeded with url: //0?embed=1&mode=tme (Caused by ProxyError('Unable to connect to proxy', OSError('Tunnel connection failed: 400 Bad Request')))
HTTPSConnectionPool(host='t.me', port=443): Max retries exceeded with url: //0?embed=1&mode=tme (Caused by ProxyError('Unable to connect to proxy', OSError('Tunnel connection failed: 502 Bad Gateway')))
SOCKSHTTPSConnectionPool(host='t.me', port=443): Max retries exceeded with url: //0?embed=1&mode=tme (Caused by SSLError(SSLCertVerificationError(1, '[SSL: CERTIFICATE_VERIFY_FAILED] certificate verify failed: self signed certificate in certificate chain (_ssl.c:1129)')))
HTTPSConnectionPool(host='t.me', port=443): Max retries exceeded with url: //0?embed=1&mode=tme (Caused by ProxyError('Unable to connect to proxy', OSError('Tunnel connection failed: 404 Not Found')))
('Connection aborted.', RemoteDisconnected('Remote end closed connection without response'))
HTTPSConnectionPool(host='t.me', port=443): Max retries exceeded with url: //0?embed=1&mode=tme (Caused by ProxyError('Unable to connect to proxy', OSError('Tunnel connection failed: 500 Internal Server Error')))
HTTPSConnectionPool(host='t.me', port=443): Max retries exceeded with url: //0?embed=1&mode=tme (Caused by ProxyError('Unable to connect to proxy', ConnectTimeoutError(<urllib3.connection.HTTPSConnection object at 0xeb285748>, 'Connection to 60.188.102.225 timed out. (connect timeout=15)')))
HTTPSConnectionPool(host='t.me', port=443): Max retries exceeded with url: //0?embed=1&mode=tme (Caused by ProxyError('Unable to connect to proxy', ConnectTimeoutError(<urllib3.connection.HTTPSConnection object at 0xebf9a670>, 'Connection to 93.157.248.108 timed out. (connect timeout=15)')))
HTTPSConnectionPool(host='t.me', port=443): Max retries exceeded with url: //0?embed=1&mode=tme (Caused by ProxyError('Unable to connect to proxy', ConnectTimeoutError(<urllib3.connection.HTTPSConnection object at 0xeb285e20>, 'Connection to 167.114.107.37 timed out. (connect timeout=15)')))
HTTPSConnectionPool(host='t.me', port=443): Max retries exceeded with url: //0?embed=1&mode=tme (Caused by ProxyError('Unable to connect to proxy', ConnectTimeoutError(<urllib3.connection.HTTPSConnection object at 0xeb186b38>, 'Connection to 38.50.165.51 timed out. (connect timeout=15)')))
HTTPSConnectionPool(host='t.me', port=443): Max retries exceeded with url: //0?embed=1&mode=tme (Caused by ProxyError('Unable to connect to proxy', ConnectTimeoutError(<urllib3.connection.HTTPSConnection object at 0xebd90478>, 'Connection to 212.115.232.79 timed out. (connect timeout=15)')))
('Connection aborted.', RemoteDisconnected('Remote end closed connection without response'))
HTTPSConnectionPool(host='t.me', port=443): Max retries exceeded with url: //0?embed=1&mode=tme (Caused by ProxyError('Unable to connect to proxy', ConnectTimeoutError(<urllib3.connection.HTTPSConnection object at 0xebd9cad8>, 'Connection to 43.252.105.140 timed out. (connect timeout=15)')))
HTTPSConnectionPool(host='t.me', port=443): Max retries exceeded with url: //0?embed=1&mode=tme (Caused by ProxyError('Unable to connect to proxy', ConnectTimeoutError(<urllib3.connection.HTTPSConnection object at 0xebe76148>, 'Connection to 177.85.245.87 timed out. (connect timeout=15)')))
HTTPSConnectionPool(host='t.me', port=443): Max retries exceeded with url: //0?embed=1&mode=tme (Caused by ProxyError('Unable to connect to proxy', ConnectTimeoutError(<urllib3.connection.HTTPSConnection object at 0xebd9cf58>, 'Connection to 41.242.116.150 timed out. (connect timeout=15)')))
HTTPSConnectionPool(host='t.me', port=443): Max retries exceeded with url: //0?embed=1&mode=tme (Caused by ProxyError('Unable to connect to proxy', OSError('Tunnel connection failed: 500 Internal Server Error')))
HTTPSConnectionPool(host='t.me', port=443): Max retries exceeded with url: //0?embed=1&mode=tme (Caused by ProxyError('Unable to connect to proxy', ConnectTimeoutError(<urllib3.connection.HTTPSConnection object at 0xebd443e8>, 'Connection to 165.16.59.225 timed out. (connect timeout=15)')))
HTTPSConnectionPool(host='t.me', port=443): Read timed out. (read timeout=15)
HTTPSConnectionPool(host='t.me', port=443): Read timed out. (read timeout=15)
HTTPSConnectionPool(host='t.me', port=443): Max retries exceeded with url: //0?embed=1&mode=tme (Caused by ProxyError('Unable to connect to proxy', ConnectTimeoutError(<urllib3.connection.HTTPSConnection object at 0xebd6e7d8>, 'Connection to 69.160.223.65 timed out. (connect timeout=15)')))
HTTPSConnectionPool(host='t.me', port=443): Max retries exceeded with url: //0?embed=1&mode=tme (Caused by ProxyError('Unable to connect to proxy', ConnectTimeoutError(<urllib3.connection.HTTPSConnection object at 0xec6d9f28>, 'Connection to 103.109.57.250 timed out. (connect timeout=15)')))
HTTPSConnectionPool(host='t.me', port=443): Max retries exceeded with url: //0?embed=1&mode=tme (Caused by ProxyError('Unable to connect to proxy', ConnectTimeoutError(<urllib3.connection.HTTPSConnection object at 0xe7fed268>, 'Connection to 117.54.114.102 timed out. (connect timeout=15)')))
HTTPSConnectionPool(host='t.me', port=443): Read timed out. (read timeout=15)
HTTPSConnectionPool(host='t.me', port=443): Max retries exceeded with url: //0?embed=1&mode=tme (Caused by ProxyError('Unable to connect to proxy', ConnectTimeoutError(<urllib3.connection.HTTPSConnection object at 0xe7fed1f0>, 'Connection to 45.11.95.165 timed out. (connect timeout=15)')))
HTTPSConnectionPool(host='t.me', port=443): Max retries exceeded with url: //0?embed=1&mode=tme (Caused by ProxyError('Unable to connect to proxy', ConnectTimeoutError(<urllib3.connection.HTTPSConnection object at 0xebd6d040>, 'Connection to 185.208.101.216 timed out. (connect timeout=15)')))
HTTPSConnectionPool(host='t.me', port=443): Max retries exceeded with url: //0?embed=1&mode=tme (Caused by ProxyError('Unable to connect to proxy', ConnectTimeoutError(<urllib3.connection.HTTPSConnection object at 0xebea65f8>, 'Connection to 41.203.83.66 timed out. (connect timeout=15)')))
HTTPSConnectionPool(host='t.me', port=443): Max retries exceeded with url: //0?embed=1&mode=tme (Caused by ProxyError('Unable to connect to proxy', ConnectTimeoutError(<urllib3.connection.HTTPSConnection object at 0xe739a040>, 'Connection to 152.231.25.58 timed out. (connect timeout=15)')))
HTTPSConnectionPool(host='t.me', port=443): Max retries exceeded with url: //0?embed=1&mode=tme (Caused by ProxyError('Unable to connect to proxy', ConnectTimeoutError(<urllib3.connection.HTTPSConnection object at 0xe739a1d8>, 'Connection to 208.79.9.85 timed out. (connect timeout=15)')))
HTTPSConnectionPool(host='t.me', port=443): Read timed out. (read timeout=15)
HTTPSConnectionPool(host='t.me', port=443): Read timed out. (read timeout=15)
HTTPSConnectionPool(host='t.me', port=443): Max retries exceeded with url: //0?embed=1&mode=tme (Caused by ProxyError('Unable to connect to proxy', ConnectTimeoutError(<urllib3.connection.HTTPSConnection object at 0xe73aa460>, 'Connection to 185.118.153.110 timed out. (connect timeout=15)')))
('Connection aborted.', RemoteDisconnected('Remote end closed connection without response'))
HTTPSConnectionPool(host='t.me', port=443): Max retries exceeded with url: //0?embed=1&mode=tme (Caused by ProxyError('Unable to connect to proxy', ConnectTimeoutError(<urllib3.connection.HTTPSConnection object at 0xe73aab38>, 'Connection to 66.70.225.202 timed out. (connect timeout=15)')))
HTTPSConnectionPool(host='t.me', port=443): Max retries exceeded with url: //0?embed=1&mode=tme (Caused by ProxyError('Unable to connect to proxy', ConnectTimeoutError(<urllib3.connection.HTTPSConnection object at 0xe73b36d0>, 'Connection to 8.242.85.6 timed out. (connect timeout=15)')))
HTTPSConnectionPool(host='t.me', port=443): Read timed out. (read timeout=15)
HTTPSConnectionPool(host='t.me', port=443): Max retries exceeded with url: //0?embed=1&mode=tme (Caused by ProxyError('Unable to connect to proxy', ConnectTimeoutError(<urllib3.connection.HTTPSConnection object at 0xebd555e0>, 'Connection to 103.115.243.156 timed out. (connect timeout=15)')))
HTTPSConnectionPool(host='t.me', port=443): Max retries exceeded with url: //0?embed=1&mode=tme (Caused by ProxyError('Unable to connect to proxy', ConnectTimeoutError(<urllib3.connection.HTTPSConnection object at 0xe6a5aa90>, 'Connection to 122.185.198.242 timed out. (connect timeout=15)')))
HTTPSConnectionPool(host='t.me', port=443): Max retries exceeded with url: //0?embed=1&mode=tme (Caused by SSLError(SSLCertVerificationError(1, '[SSL: CERTIFICATE_VERIFY_FAILED] certificate verify failed: self signed certificate in certificate chain (_ssl.c:1129)')))
HTTPSConnectionPool(host='t.me', port=443): Max retries exceeded with url: //0?embed=1&mode=tme (Caused by ProxyError('Unable to connect to proxy', ConnectTimeoutError(<urllib3.connection.HTTPSConnection object at 0xebf9ada8>, 'Connection to 97.64.69.49 timed out. (connect timeout=15)')))
HTTPSConnectionPool(host='t.me', port=443): Max retries exceeded with url: //0?embed=1&mode=tme (Caused by ProxyError('Unable to connect to proxy', ConnectTimeoutError(<urllib3.connection.HTTPSConnection object at 0xe6a787a8>, 'Connection to 103.133.26.59 timed out. (connect timeout=15)')))
HTTPSConnectionPool(host='t.me', port=443): Read timed out. (read timeout=15)
HTTPSConnectionPool(host='t.me', port=443): Read timed out. (read timeout=15)
HTTPSConnectionPool(host='t.me', port=443): Max retries exceeded with url: //0?embed=1&mode=tme (Caused by ProxyError('Unable to connect to proxy', ConnectTimeoutError(<urllib3.connection.HTTPSConnection object at 0xe6a78dc0>, 'Connection to 79.137.204.235 timed out. (connect timeout=15)')))
HTTPSConnectionPool(host='t.me', port=443): Max retries exceeded with url: //0?embed=1&mode=tme (Caused by ProxyError('Unable to connect to proxy', ConnectTimeoutError(<urllib3.connection.HTTPSConnection object at 0xe6a78d48>, 'Connection to 183.179.187.16 timed out. (connect timeout=15)')))
HTTPSConnectionPool(host='t.me', port=443): Max retries exceeded with url: //0?embed=1&mode=tme (Caused by ProxyError('Unable to connect to proxy', ConnectTimeoutError(<urllib3.connection.HTTPSConnection object at 0xebe76a60>, 'Connection to 140.238.198.171 timed out. (connect timeout=15)')))
HTTPSConnectionPool(host='t.me', port=443): Max retries exceeded with url: //0?embed=1&mode=tme (Caused by ProxyError('Unable to connect to proxy', ConnectTimeoutError(<urllib3.connection.HTTPSConnection object at 0xe5a17bc8>, 'Connection to 103.110.34.136 timed out. (connect timeout=15)')))
HTTPSConnectionPool(host='t.me', port=443): Max retries exceeded with url: //0?embed=1&mode=tme (Caused by ProxyError('Unable to connect to proxy', ConnectTimeoutError(<urllib3.connection.HTTPSConnection object at 0xe5a17df0>, 'Connection to 170.245.57.228 timed out. (connect timeout=15)')))
HTTPSConnectionPool(host='t.me', port=443): Max retries exceeded with url: //0?embed=1&mode=tme (Caused by ProxyError('Unable to connect to proxy', ConnectTimeoutError(<urllib3.connection.HTTPSConnection object at 0xe5a238b0>, 'Connection to 103.115.29.65 timed out. (connect timeout=15)')))
HTTPSConnectionPool(host='t.me', port=443): Max retries exceeded with url: //0?embed=1&mode=tme (Caused by ProxyError('Unable to connect to proxy', ConnectTimeoutError(<urllib3.connection.HTTPSConnection object at 0xe5a345c8>, 'Connection to 109.195.98.207 timed out. (connect timeout=15)')))
HTTPSConnectionPool(host='t.me', port=443): Max retries exceeded with url: //0?embed=1&mode=tme (Caused by ProxyError('Unable to connect to proxy', ConnectTimeoutError(<urllib3.connection.HTTPSConnection object at 0xe73aa7a8>, 'Connection to 45.11.95.165 timed out. (connect timeout=15)')))
('Connection aborted.', RemoteDisconnected('Remote end closed connection without response'))
HTTPSConnectionPool(host='t.me', port=443): Read timed out. (read timeout=15)
HTTPSConnectionPool(host='t.me', port=443): Max retries exceeded with url: //0?embed=1&mode=tme (Caused by ProxyError('Unable to connect to proxy', ConnectTimeoutError(<urllib3.connection.HTTPSConnection object at 0xe4ac86d0>, 'Connection to 103.19.59.148 timed out. (connect timeout=15)')))
HTTPSConnectionPool(host='t.me', port=443): Read timed out. (read timeout=15)
HTTPSConnectionPool(host='t.me', port=443): Max retries exceeded with url: //0?embed=1&mode=tme (Caused by ProxyError('Unable to connect to proxy', ConnectTimeoutError(<urllib3.connection.HTTPSConnection object at 0xe4ac8910>, 'Connection to 192.214.193.136 timed out. (connect timeout=15)')))
HTTPSConnectionPool(host='t.me', port=443): Max retries exceeded with url: //0?embed=1&mode=tme (Caused by ProxyError('Unable to connect to proxy', ConnectTimeoutError(<urllib3.connection.HTTPSConnection object at 0xe4ad5478>, 'Connection to 181.81.245.194 timed out. (connect timeout=15)')))
HTTPSConnectionPool(host='t.me', port=443): Max retries exceeded with url: //0?embed=1&mode=tme (Caused by ProxyError('Unable to connect to proxy', ConnectTimeoutError(<urllib3.connection.HTTPSConnection object at 0xe4ae64a8>, 'Connection to 175.106.10.226 timed out. (connect timeout=15)')))
HTTPSConnectionPool(host='t.me', port=443): Max retries exceeded with url: //0?embed=1&mode=tme (Caused by ProxyError('Unable to connect to proxy', ConnectTimeoutError(<urllib3.connection.HTTPSConnection object at 0xe4ae6a00>, 'Connection to 37.58.58.206 timed out. (connect timeout=15)')))
HTTPSConnectionPool(host='t.me', port=443): Max retries exceeded with url: //0?embed=1&mode=tme (Caused by ProxyError('Unable to connect to proxy', ConnectTimeoutError(<urllib3.connection.HTTPSConnection object at 0xe4af66a0>, 'Connection to 38.51.48.82 timed out. (connect timeout=15)')))
HTTPSConnectionPool(host='t.me', port=443): Max retries exceeded with url: //0?embed=1&mode=tme (Caused by ProxyError('Unable to connect to proxy', ConnectTimeoutError(<urllib3.connection.HTTPSConnection object at 0xe3e777f0>, 'Connection to 103.231.249.242 timed out. (connect timeout=15)')))
HTTPSConnectionPool(host='t.me', port=443): Max retries exceeded with url: //0?embed=1&mode=tme (Caused by ProxyError('Unable to connect to proxy', ConnectTimeoutError(<urllib3.connection.HTTPSConnection object at 0xe3e77c28>, 'Connection to 77.65.50.118 timed out. (connect timeout=15)')))
HTTPSConnectionPool(host='t.me', port=443): Max retries exceeded with url: //0?embed=1&mode=tme (Caused by ProxyError('Unable to connect to proxy', ConnectTimeoutError(<urllib3.connection.HTTPSConnection object at 0xe3e912f8>, 'Connection to 111.68.117.200 timed out. (connect timeout=15)')))
HTTPSConnectionPool(host='t.me', port=443): Read timed out. (read timeout=15)
HTTPSConnectionPool(host='t.me', port=443): Max retries exceeded with url: //0?embed=1&mode=tme (Caused by ProxyError('Unable to connect to proxy', ConnectTimeoutError(<urllib3.connection.HTTPSConnection object at 0xebd81b20>, 'Connection to 139.255.10.236 timed out. (connect timeout=15)')))
HTTPSConnectionPool(host='t.me', port=443): Read timed out. (read timeout=15)
HTTPSConnectionPool(host='t.me', port=443): Read timed out. (read timeout=15)
HTTPSConnectionPool(host='t.me', port=443): Read timed out. (read timeout=15)
HTTPSConnectionPool(host='t.me', port=443): Max retries exceeded with url: //0?embed=1&mode=tme (Caused by ProxyError('Unable to connect to proxy', ConnectTimeoutError(<urllib3.connection.HTTPSConnection object at 0xe33c1040>, 'Connection to 182.79.60.210 timed out. (connect timeout=15)')))
HTTPSConnectionPool(host='t.me', port=443): Max retries exceeded with url: //0?embed=1&mode=tme (Caused by ProxyError('Unable to connect to proxy', ConnectTimeoutError(<urllib3.connection.HTTPSConnection object at 0xe33c16d0>, 'Connection to 213.79.104.228 timed out. (connect timeout=15)')))
HTTPSConnectionPool(host='t.me', port=443): Read timed out. (read timeout=15)
HTTPSConnectionPool(host='t.me', port=443): Max retries exceeded with url: //0?embed=1&mode=tme (Caused by ProxyError('Unable to connect to proxy', ConnectTimeoutError(<urllib3.connection.HTTPSConnection object at 0xe33c1ec8>, 'Connection to 202.173.220.50 timed out. (connect timeout=15)')))
HTTPSConnectionPool(host='t.me', port=443): Max retries exceeded with url: //0?embed=1&mode=tme (Caused by ProxyError('Unable to connect to proxy', ConnectTimeoutError(<urllib3.connection.HTTPSConnection object at 0xe7fdd160>, 'Connection to 125.87.87.108 timed out. (connect timeout=15)')))
HTTPSConnectionPool(host='t.me', port=443): Read timed out. (read timeout=15)
HTTPSConnectionPool(host='t.me', port=443): Read timed out. (read timeout=15)
HTTPSConnectionPool(host='t.me', port=443): Read timed out. (read timeout=15)
HTTPSConnectionPool(host='www.proxyscan.io', port=443): Max retries exceeded with url: /download?type=socks4 (Caused by NewConnectionError('<urllib3.connection.HTTPSConnection object at 0xd7a64838>: Failed to establish a new connection: [Errno 111] Connection refused'))
HTTPSConnectionPool(host='t.me', port=443): Max retries exceeded with url: //0?embed=1&mode=tme (Caused by ProxyError('Unable to connect to proxy', ConnectTimeoutError(<urllib3.connection.HTTPSConnection object at 0xe33f6670>, 'Connection to 45.176.95.38 timed out. (connect timeout=15)')))
HTTPSConnectionPool(host='t.me', port=443): Max retries exceeded with url: //0?embed=1&mode=tme (Caused by ProxyError('Unable to connect to proxy', ConnectTimeoutError(<urllib3.connection.HTTPSConnection object at 0xe33f60b8>, 'Connection to 212.237.218.68 timed out. (connect timeout=15)')))
HTTPSConnectionPool(host='t.me', port=443): Max retries exceeded with url: //0?embed=1&mode=tme (Caused by ProxyError('Unable to connect to proxy', ConnectTimeoutError(<urllib3.connection.HTTPSConnection object at 0xe33f69b8>, 'Connection to 190.211.250.130 timed out. (connect timeout=15)')))
HTTPSConnectionPool(host='t.me', port=443): Read timed out. (read timeout=15)
HTTPSConnectionPool(host='t.me', port=443): Max retries exceeded with url: //0?embed=1&mode=tme (Caused by ProxyError('Unable to connect to proxy', ConnectTimeoutError(<urllib3.connection.HTTPSConnection object at 0xe24ff778>, 'Connection to 5.42.74.179 timed out. (connect timeout=15)')))
HTTPSConnectionPool(host='t.me', port=443): Max retries exceeded with url: //0?embed=1&mode=tme (Caused by ProxyError('Unable to connect to proxy', ConnectTimeoutError(<urllib3.connection.HTTPSConnection object at 0xe24ff088>, 'Connection to 118.103.233.235 timed out. (connect timeout=15)')))
HTTPSConnectionPool(host='t.me', port=443): Read timed out. (read timeout=15)
HTTPSConnectionPool(host='t.me', port=443): Read timed out. (read timeout=15)
HTTPSConnectionPool(host='t.me', port=443): Max retries exceeded with url: //0?embed=1&mode=tme (Caused by ProxyError('Unable to connect to proxy', ConnectTimeoutError(<urllib3.connection.HTTPSConnection object at 0xe24ff6a0>, 'Connection to 119.18.146.114 timed out. (connect timeout=15)')))
HTTPSConnectionPool(host='t.me', port=443): Read timed out. (read timeout=15)
HTTPSConnectionPool(host='t.me', port=443): Max retries exceeded with url: //0?embed=1&mode=tme (Caused by ProxyError('Unable to connect to proxy', ConnectTimeoutError(<urllib3.connection.HTTPSConnection object at 0xe250f1f0>, 'Connection to 185.82.98.42 timed out. (connect timeout=15)')))
HTTPSConnectionPool(host='t.me', port=443): Max retries exceeded with url: //0?embed=1&mode=tme (Caused by ProxyError('Unable to connect to proxy', ConnectTimeoutError(<urllib3.connection.HTTPSConnection object at 0xebeb5a30>, 'Connection to 213.108.127.130 timed out. (connect timeout=15)')))
HTTPSConnectionPool(host='t.me', port=443): Read timed out. (read timeout=15)
HTTPSConnectionPool(host='t.me', port=443): Max retries exceeded with url: //0?embed=1&mode=tme (Caused by ProxyError('Unable to connect to proxy', ConnectTimeoutError(<urllib3.connection.HTTPSConnection object at 0xe252c148>, 'Connection to 80.78.64.70 timed out. (connect timeout=15)')))
HTTPSConnectionPool(host='t.me', port=443): Read timed out. (read timeout=15)
HTTPSConnectionPool(host='t.me', port=443): Read timed out. (read timeout=15)
SOCKSHTTPSConnectionPool(host='t.me', port=443): Max retries exceeded with url: //0?embed=1&mode=tme (Caused by NewConnectionError('<urllib3.contrib.socks.SOCKSHTTPSConnection object at 0xebe846d0>: Failed to establish a new connection: 0x05: Connection refused'))
HTTPSConnectionPool(host='t.me', port=443): Max retries exceeded with url: //0?embed=1&mode=tme (Caused by ProxyError('Unable to connect to proxy', ConnectTimeoutError(<urllib3.connection.HTTPSConnection object at 0xe25391f0>, 'Connection to 103.48.69.113 timed out. (connect timeout=15)')))
HTTPSConnectionPool(host='t.me', port=443): Max retries exceeded with url: //0?embed=1&mode=tme (Caused by ProxyError('Unable to connect to proxy', ConnectTimeoutError(<urllib3.connection.HTTPSConnection object at 0xe25393a0>, 'Connection to 182.93.75.77 timed out. (connect timeout=15)')))
HTTPSConnectionPool(host='t.me', port=443): Read timed out. (read timeout=15)
HTTPSConnectionPool(host='t.me', port=443): Read timed out. (read timeout=15)
HTTPSConnectionPool(host='t.me', port=443): Max retries exceeded with url: //0?embed=1&mode=tme (Caused by ProxyError('Unable to connect to proxy', ConnectTimeoutError(<urllib3.connection.HTTPSConnection object at 0xe1a13040>, 'Connection to 129.154.227.14 timed out. (connect timeout=15)')))
HTTPSConnectionPool(host='t.me', port=443): Max retries exceeded with url: //0?embed=1&mode=tme (Caused by ProxyError('Unable to connect to proxy', ConnectTimeoutError(<urllib3.connection.HTTPSConnection object at 0xe1a1ca60>, 'Connection to 62.176.12.111 timed out. (connect timeout=15)')))
HTTPSConnectionPool(host='t.me', port=443): Max retries exceeded with url: //0?embed=1&mode=tme (Caused by ProxyError('Unable to connect to proxy', ConnectTimeoutError(<urllib3.connection.HTTPSConnection object at 0xe1a1c490>, 'Connection to 185.203.238.204 timed out. (connect timeout=15)')))
HTTPSConnectionPool(host='t.me', port=443): Read timed out. (read timeout=15)
HTTPSConnectionPool(host='t.me', port=443): Read timed out. (read timeout=15)
HTTPSConnectionPool(host='t.me', port=443): Max retries exceeded with url: //0?embed=1&mode=tme (Caused by ProxyError('Unable to connect to proxy', ConnectTimeoutError(<urllib3.connection.HTTPSConnection object at 0xe33eab98>, 'Connection to 190.194.72.57 timed out. (connect timeout=15)')))
HTTPSConnectionPool(host='t.me', port=443): Max retries exceeded with url: //0?embed=1&mode=tme (Caused by ProxyError('Unable to connect to proxy', ConnectTimeoutError(<urllib3.connection.HTTPSConnection object at 0xe0eb12e0>, 'Connection to 202.164.209.69 timed out. (connect timeout=15)')))
HTTPSConnectionPool(host='t.me', port=443): Max retries exceeded with url: //0?embed=1&mode=tme (Caused by ProxyError('Unable to connect to proxy', ConnectTimeoutError(<urllib3.connection.HTTPSConnection object at 0xebd55310>, 'Connection to 79.106.228.212 timed out. (connect timeout=15)')))
HTTPSConnectionPool(host='t.me', port=443): Read timed out. (read timeout=15)
HTTPSConnectionPool(host='t.me', port=443): Max retries exceeded with url: //0?embed=1&mode=tme (Caused by ProxyError('Unable to connect to proxy', ConnectTimeoutError(<urllib3.connection.HTTPSConnection object at 0xe0ecc5f8>, 'Connection to 67.55.186.25 timed out. (connect timeout=15)')))
HTTPSConnectionPool(host='t.me', port=443): Read timed out. (read timeout=15)
HTTPSConnectionPool(host='t.me', port=443): Max retries exceeded with url: //0?embed=1&mode=tme (Caused by ProxyError('Unable to connect to proxy', ConnectTimeoutError(<urllib3.connection.HTTPSConnection object at 0xe0ecc8b0>, 'Connection to 119.93.235.160 timed out. (connect timeout=15)')))
HTTPSConnectionPool(host='www.proxyscan.io', port=443): Max retries exceeded with url: /download?type=socks5 (Caused by NewConnectionError('<urllib3.connection.HTTPSConnection object at 0xdd5f1400>: Failed to establish a new connection: [Errno 111] Connection refused'))
HTTPSConnectionPool(host='t.me', port=443): Max retries exceeded with url: //0?embed=1&mode=tme (Caused by ProxyError('Unable to connect to proxy', ConnectTimeoutError(<urllib3.connection.HTTPSConnection object at 0xebd6d7a8>, 'Connection to 120.28.252.152 timed out. (connect timeout=15)')))
HTTPSConnectionPool(host='t.me', port=443): Max retries exceeded with url: //0?embed=1&mode=tme (Caused by ProxyError('Unable to connect to proxy', ConnectTimeoutError(<urllib3.connection.HTTPSConnection object at 0xe0ee8aa8>, 'Connection to 177.69.118.177 timed out. (connect timeout=15)')))
HTTPSConnectionPool(host='t.me', port=443): Max retries exceeded with url: //0?embed=1&mode=tme (Caused by ProxyError('Unable to connect to proxy', ConnectTimeoutError(<urllib3.connection.HTTPSConnection object at 0xe036b568>, 'Connection to 103.155.199.23 timed out. (connect timeout=15)')))
HTTPSConnectionPool(host='t.me', port=443): Max retries exceeded with url: //0?embed=1&mode=tme (Caused by ProxyError('Unable to connect to proxy', ConnectTimeoutError(<urllib3.connection.HTTPSConnection object at 0xe036b8f8>, 'Connection to 190.97.232.137 timed out. (connect timeout=15)')))
HTTPSConnectionPool(host='t.me', port=443): Max retries exceeded with url: //0?embed=1&mode=tme (Caused by ProxyError('Unable to connect to proxy', ConnectTimeoutError(<urllib3.connection.HTTPSConnection object at 0xe037a148>, 'Connection to 114.97.88.212 timed out. (connect timeout=15)')))
HTTPSConnectionPool(host='t.me', port=443): Max retries exceeded with url: //0?embed=1&mode=tme (Caused by ProxyError('Unable to connect to proxy', ConnectTimeoutError(<urllib3.connection.HTTPSConnection object at 0xe0eb1850>, 'Connection to 186.215.87.194 timed out. (connect timeout=15)')))
HTTPSConnectionPool(host='t.me', port=443): Max retries exceeded with url: //0?embed=1&mode=tme (Caused by ProxyError('Unable to connect to proxy', ConnectTimeoutError(<urllib3.connection.HTTPSConnection object at 0xe037a5b0>, 'Connection to 89.135.59.71 timed out. (connect timeout=15)')))
HTTPSConnectionPool(host='t.me', port=443): Read timed out. (read timeout=15)
HTTPSConnectionPool(host='t.me', port=443): Max retries exceeded with url: //0?embed=1&mode=tme (Caused by ProxyError('Unable to connect to proxy', ConnectTimeoutError(<urllib3.connection.HTTPSConnection object at 0xe1a1c0a0>, 'Connection to 81.12.40.250 timed out. (connect timeout=15)')))
HTTPSConnectionPool(host='t.me', port=443): Max retries exceeded with url: //0?embed=1&mode=tme (Caused by ProxyError('Unable to connect to proxy', ConnectTimeoutError(<urllib3.connection.HTTPSConnection object at 0xe739a790>, 'Connection to 103.14.97.203 timed out. (connect timeout=15)')))
HTTPSConnectionPool(host='t.me', port=443): Max retries exceeded with url: //0?embed=1&mode=tme (Caused by ProxyError('Unable to connect to proxy', ConnectTimeoutError(<urllib3.connection.HTTPSConnection object at 0xe73aa058>, 'Connection to 103.155.198.48 timed out. (connect timeout=15)')))
HTTPSConnectionPool(host='t.me', port=443): Max retries exceeded with url: //0?embed=1&mode=tme (Caused by ProxyError('Unable to connect to proxy', ConnectTimeoutError(<urllib3.connection.HTTPSConnection object at 0xe1a05910>, 'Connection to 79.137.204.235 timed out. (connect timeout=15)')))
HTTPSConnectionPool(host='t.me', port=443): Max retries exceeded with url: //0?embed=1&mode=tme (Caused by ProxyError('Unable to connect to proxy', ConnectTimeoutError(<urllib3.connection.HTTPSConnection object at 0xe0ebc460>, 'Connection to 191.243.44.14 timed out. (connect timeout=15)')))
HTTPSConnectionPool(host='t.me', port=443): Max retries exceeded with url: //0?embed=1&mode=tme (Caused by ProxyError('Unable to connect to proxy', ConnectTimeoutError(<urllib3.connection.HTTPSConnection object at 0xe0384460>, 'Connection to 103.145.160.5 timed out. (connect timeout=15)')))
HTTPSConnectionPool(host='t.me', port=443): Max retries exceeded with url: //0?embed=1&mode=tme (Caused by ProxyError('Unable to connect to proxy', ConnectTimeoutError(<urllib3.connection.HTTPSConnection object at 0xe0ebc730>, 'Connection to 103.48.68.101 timed out. (connect timeout=15)')))
HTTPSConnectionPool(host='t.me', port=443): Max retries exceeded with url: //0?embed=1&mode=tme (Caused by ProxyError('Unable to connect to proxy', ConnectTimeoutError(<urllib3.connection.HTTPSConnection object at 0xdf7bd238>, 'Connection to 81.200.155.125 timed out. (connect timeout=15)')))
HTTPSConnectionPool(host='t.me', port=443): Max retries exceeded with url: //0?embed=1&mode=tme (Caused by ProxyError('Unable to connect to proxy', ConnectTimeoutError(<urllib3.connection.HTTPSConnection object at 0xdf7bd5e0>, 'Connection to 43.154.110.161 timed out. (connect timeout=15)')))
HTTPSConnectionPool(host='t.me', port=443): Max retries exceeded with url: //0?embed=1&mode=tme (Caused by ProxyError('Unable to connect to proxy', ConnectTimeoutError(<urllib3.connection.HTTPSConnection object at 0xe0eda148>, 'Connection to 190.90.7.195 timed out. (connect timeout=15)')))
HTTPSConnectionPool(host='t.me', port=443): Max retries exceeded with url: //0?embed=1&mode=tme (Caused by ProxyError('Unable to connect to proxy', ConnectTimeoutError(<urllib3.connection.HTTPSConnection object at 0xebf894a8>, 'Connection to 185.189.199.77 timed out. (connect timeout=15)')))
HTTPSConnectionPool(host='t.me', port=443): Max retries exceeded with url: //0?embed=1&mode=tme (Caused by ProxyError('Unable to connect to proxy', ConnectTimeoutError(<urllib3.connection.HTTPSConnection object at 0xe4abb670>, 'Connection to 81.17.94.50 timed out. (connect timeout=15)')))
HTTPSConnectionPool(host='t.me', port=443): Read timed out. (read timeout=15)
HTTPSConnectionPool(host='t.me', port=443): Max retries exceeded with url: //0?embed=1&mode=tme (Caused by ProxyError('Unable to connect to proxy', ConnectTimeoutError(<urllib3.connection.HTTPSConnection object at 0xdf7dae80>, 'Connection to 23.152.40.14 timed out. (connect timeout=15)')))
HTTPSConnectionPool(host='t.me', port=443): Read timed out. (read timeout=15)
HTTPSConnectionPool(host='t.me', port=443): Max retries exceeded with url: //0?embed=1&mode=tme (Caused by ProxyError('Unable to connect to proxy', ConnectTimeoutError(<urllib3.connection.HTTPSConnection object at 0xdf7f2b08>, 'Connection to 5.42.81.57 timed out. (connect timeout=15)')))
HTTPSConnectionPool(host='t.me', port=443): Max retries exceeded with url: //0?embed=1&mode=tme (Caused by ProxyError('Unable to connect to proxy', ConnectTimeoutError(<urllib3.connection.HTTPSConnection object at 0xdf7f2388>, 'Connection to 45.71.185.244 timed out. (connect timeout=15)')))
HTTPSConnectionPool(host='t.me', port=443): Max retries exceeded with url: //0?embed=1&mode=tme (Caused by ProxyError('Unable to connect to proxy', ConnectTimeoutError(<urllib3.connection.HTTPSConnection object at 0xdeb75238>, 'Connection to 103.146.196.97 timed out. (connect timeout=15)')))
HTTPSConnectionPool(host='t.me', port=443): Max retries exceeded with url: //0?embed=1&mode=tme (Caused by ProxyError('Unable to connect to proxy', ConnectTimeoutError(<urllib3.connection.HTTPSConnection object at 0xdeb75b20>, 'Connection to 103.10.61.186 timed out. (connect timeout=15)')))
HTTPSConnectionPool(host='t.me', port=443): Max retries exceeded with url: //0?embed=1&mode=tme (Caused by ProxyError('Unable to connect to proxy', ConnectTimeoutError(<urllib3.connection.HTTPSConnection object at 0xdeb75220>, 'Connection to 186.215.87.194 timed out. (connect timeout=15)')))
HTTPSConnectionPool(host='t.me', port=443): Max retries exceeded with url: //0?embed=1&mode=tme (Caused by ProxyError('Unable to connect to proxy', ConnectTimeoutError(<urllib3.connection.HTTPSConnection object at 0xdeb904a8>, 'Connection to 181.129.183.19 timed out. (connect timeout=15)')))
HTTPSConnectionPool(host='t.me', port=443): Max retries exceeded with url: //0?embed=1&mode=tme (Caused by ProxyError('Unable to connect to proxy', ConnectTimeoutError(<urllib3.connection.HTTPSConnection object at 0xdeb90988>, 'Connection to 118.143.228.6 timed out. (connect timeout=15)')))
HTTPSConnectionPool(host='t.me', port=443): Read timed out. (read timeout=15)
HTTPSConnectionPool(host='t.me', port=443): Read timed out. (read timeout=15)
HTTPSConnectionPool(host='t.me', port=443): Max retries exceeded with url: //0?embed=1&mode=tme (Caused by ProxyError('Unable to connect to proxy', ConnectTimeoutError(<urllib3.connection.HTTPSConnection object at 0xdeba0940>, 'Connection to 103.140.142.201 timed out. (connect timeout=15)')))
HTTPSConnectionPool(host='t.me', port=443): Read timed out. (read timeout=15)
HTTPSConnectionPool(host='t.me', port=443): Max retries exceeded with url: //0?embed=1&mode=tme (Caused by ProxyError('Unable to connect to proxy', ConnectTimeoutError(<urllib3.connection.HTTPSConnection object at 0xe251b040>, 'Connection to 186.215.87.194 timed out. (connect timeout=15)')))
HTTPSConnectionPool(host='t.me', port=443): Read timed out. (read timeout=15)
HTTPSConnectionPool(host='t.me', port=443): Max retries exceeded with url: //0?embed=1&mode=tme (Caused by ProxyError('Unable to connect to proxy', ConnectTimeoutError(<urllib3.connection.HTTPSConnection object at 0xde132040>, 'Connection to 119.18.149.110 timed out. (connect timeout=15)')))
HTTPSConnectionPool(host='t.me', port=443): Read timed out. (read timeout=15)
HTTPSConnectionPool(host='t.me', port=443): Max retries exceeded with url: //0?embed=1&mode=tme (Caused by ProxyError('Unable to connect to proxy', ConnectTimeoutError(<urllib3.connection.HTTPSConnection object at 0xde132ac0>, 'Connection to 183.165.225.138 timed out. (connect timeout=15)')))
HTTPSConnectionPool(host='t.me', port=443): Max retries exceeded with url: //0?embed=1&mode=tme (Caused by ProxyError('Unable to connect to proxy', ConnectTimeoutError(<urllib3.connection.HTTPSConnection object at 0xde13e0b8>, 'Connection to 103.167.170.6 timed out. (connect timeout=15)')))
HTTPSConnectionPool(host='t.me', port=443): Max retries exceeded with url: //0?embed=1&mode=tme (Caused by ProxyError('Unable to connect to proxy', ConnectTimeoutError(<urllib3.connection.HTTPSConnection object at 0xde13e0d0>, 'Connection to 190.94.212.150 timed out. (connect timeout=15)')))
HTTPSConnectionPool(host='t.me', port=443): Read timed out. (read timeout=15)
HTTPSConnectionPool(host='t.me', port=443): Read timed out. (read timeout=15)
HTTPSConnectionPool(host='t.me', port=443): Max retries exceeded with url: //0?embed=1&mode=tme (Caused by ProxyError('Unable to connect to proxy', ConnectTimeoutError(<urllib3.connection.HTTPSConnection object at 0xdd5e5100>, 'Connection to 103.137.218.166 timed out. (connect timeout=15)')))
HTTPSConnectionPool(host='t.me', port=443): Max retries exceeded with url: //0?embed=1&mode=tme (Caused by ProxyError('Unable to connect to proxy', ConnectTimeoutError(<urllib3.connection.HTTPSConnection object at 0xde15ca00>, 'Connection to 36.95.142.35 timed out. (connect timeout=15)')))
HTTPSConnectionPool(host='t.me', port=443): Max retries exceeded with url: //0?embed=1&mode=tme (Caused by ProxyError('Unable to connect to proxy', ConnectTimeoutError(<urllib3.connection.HTTPSConnection object at 0xde15cd90>, 'Connection to 103.59.45.53 timed out. (connect timeout=15)')))
HTTPSConnectionPool(host='t.me', port=443): Max retries exceeded with url: //0?embed=1&mode=tme (Caused by ProxyError('Unable to connect to proxy', ConnectTimeoutError(<urllib3.connection.HTTPSConnection object at 0xde15ccd0>, 'Connection to 45.117.179.209 timed out. (connect timeout=15)')))
HTTPSConnectionPool(host='t.me', port=443): Max retries exceeded with url: //0?embed=1&mode=tme (Caused by ProxyError('Unable to connect to proxy', ConnectTimeoutError(<urllib3.connection.HTTPSConnection object at 0xdeb90250>, 'Connection to 103.80.230.21 timed out. (connect timeout=15)')))
HTTPSConnectionPool(host='t.me', port=443): Max retries exceeded with url: //0?embed=1&mode=tme (Caused by ProxyError('Unable to connect to proxy', ConnectTimeoutError(<urllib3.connection.HTTPSConnection object at 0xdd600b68>, 'Connection to 204.11.158.50 timed out. (connect timeout=15)')))
HTTPSConnectionPool(host='t.me', port=443): Max retries exceeded with url: //0?embed=1&mode=tme (Caused by ProxyError('Unable to connect to proxy', ConnectTimeoutError(<urllib3.connection.HTTPSConnection object at 0xdd5f1ee0>, 'Connection to 79.137.204.235 timed out. (connect timeout=15)')))
HTTPSConnectionPool(host='t.me', port=443): Max retries exceeded with url: //0?embed=1&mode=tme (Caused by ProxyError('Unable to connect to proxy', ConnectTimeoutError(<urllib3.connection.HTTPSConnection object at 0xdeb75aa8>, 'Connection to 49.156.47.162 timed out. (connect timeout=15)')))
HTTPSConnectionPool(host='t.me', port=443): Max retries exceeded with url: //0?embed=1&mode=tme (Caused by ProxyError('Unable to connect to proxy', ConnectTimeoutError(<urllib3.connection.HTTPSConnection object at 0xdd600d48>, 'Connection to 186.96.97.85 timed out. (connect timeout=15)')))
HTTPSConnectionPool(host='t.me', port=443): Read timed out. (read timeout=15)
HTTPSConnectionPool(host='t.me', port=443): Max retries exceeded with url: //0?embed=1&mode=tme (Caused by ProxyError('Unable to connect to proxy', ConnectTimeoutError(<urllib3.connection.HTTPSConnection object at 0xdcaa08c8>, 'Connection to 45.11.95.165 timed out. (connect timeout=15)')))
HTTPSConnectionPool(host='t.me', port=443): Read timed out. (read timeout=15)
HTTPSConnectionPool(host='t.me', port=443): Max retries exceeded with url: //0?embed=1&mode=tme (Caused by ProxyError('Unable to connect to proxy', ConnectTimeoutError(<urllib3.connection.HTTPSConnection object at 0xdcab9070>, 'Connection to 45.11.95.165 timed out. (connect timeout=15)')))
HTTPSConnectionPool(host='t.me', port=443): Max retries exceeded with url: //0?embed=1&mode=tme (Caused by ProxyError('Unable to connect to proxy', ConnectTimeoutError(<urllib3.connection.HTTPSConnection object at 0xdf7cae50>, 'Connection to 103.49.28.23 timed out. (connect timeout=15)')))
HTTPSConnectionPool(host='t.me', port=443): Max retries exceeded with url: //0?embed=1&mode=tme (Caused by ProxyError('Unable to connect to proxy', ConnectTimeoutError(<urllib3.connection.HTTPSConnection object at 0xdf7caeb0>, 'Connection to 23.254.231.55 timed out. (connect timeout=15)')))
HTTPSConnectionPool(host='t.me', port=443): Max retries exceeded with url: //0?embed=1&mode=tme (Caused by ProxyError('Unable to connect to proxy', ConnectTimeoutError(<urllib3.connection.HTTPSConnection object at 0xdcac74a8>, 'Connection to 157.119.222.108 timed out. (connect timeout=15)')))
HTTPSConnectionPool(host='t.me', port=443): Max retries exceeded with url: //0?embed=1&mode=tme (Caused by ProxyError('Unable to connect to proxy', ConnectTimeoutError(<urllib3.connection.HTTPSConnection object at 0xdc04b4c0>, 'Connection to 201.71.3.58 timed out. (connect timeout=15)')))
HTTPSConnectionPool(host='t.me', port=443): Read timed out. (read timeout=15)
HTTPSConnectionPool(host='t.me', port=443): Max retries exceeded with url: //0?embed=1&mode=tme (Caused by ProxyError('Unable to connect to proxy', ConnectTimeoutError(<urllib3.connection.HTTPSConnection object at 0xdc0689a0>, 'Connection to 117.57.93.6 timed out. (connect timeout=15)')))
HTTPSConnectionPool(host='t.me', port=443): Read timed out. (read timeout=15)
('Connection aborted.', ConnectionResetError(104, 'Connection reset by peer'))
HTTPSConnectionPool(host='t.me', port=443): Max retries exceeded with url: //0?embed=1&mode=tme (Caused by ProxyError('Unable to connect to proxy', ConnectTimeoutError(<urllib3.connection.HTTPSConnection object at 0xdeb90a48>, 'Connection to 181.232.159.143 timed out. (connect timeout=15)')))
HTTPSConnectionPool(host='t.me', port=443): Max retries exceeded with url: //0?embed=1&mode=tme (Caused by ProxyError('Unable to connect to proxy', ConnectTimeoutError(<urllib3.connection.HTTPSConnection object at 0xdb5893d0>, 'Connection to 103.155.166.149 timed out. (connect timeout=15)')))
HTTPSConnectionPool(host='t.me', port=443): Read timed out. (read timeout=15)
HTTPSConnectionPool(host='t.me', port=443): Max retries exceeded with url: //0?embed=1&mode=tme (Caused by ProxyError('Unable to connect to proxy', ConnectTimeoutError(<urllib3.connection.HTTPSConnection object at 0xdb589328>, 'Connection to 191.102.254.27 timed out. (connect timeout=15)')))
HTTPSConnectionPool(host='t.me', port=443): Read timed out. (read timeout=15)
HTTPSConnectionPool(host='t.me', port=443): Max retries exceeded with url: //0?embed=1&mode=tme (Caused by ProxyError('Unable to connect to proxy', ConnectTimeoutError(<urllib3.connection.HTTPSConnection object at 0xdb59b8b0>, 'Connection to 5.42.74.179 timed out. (connect timeout=15)')))
HTTPSConnectionPool(host='t.me', port=443): Max retries exceeded with url: //0?embed=1&mode=tme (Caused by ProxyError('Unable to connect to proxy', ConnectTimeoutError(<urllib3.connection.HTTPSConnection object at 0xdb5a5910>, 'Connection to 43.249.224.170 timed out. (connect timeout=15)')))
HTTPSConnectionPool(host='t.me', port=443): Max retries exceeded with url: //0?embed=1&mode=tme (Caused by ProxyError('Unable to connect to proxy', ConnectTimeoutError(<urllib3.connection.HTTPSConnection object at 0xdb5b6c28>, 'Connection to 79.137.204.161 timed out. (connect timeout=15)')))
HTTPSConnectionPool(host='t.me', port=443): Max retries exceeded with url: //0?embed=1&mode=tme (Caused by ProxyError('Unable to connect to proxy', OSError('Tunnel connection failed: 503 Service Unavailable')))
HTTPSConnectionPool(host='t.me', port=443): Max retries exceeded with url: //0?embed=1&mode=tme (Caused by ProxyError('Unable to connect to proxy', ConnectTimeoutError(<urllib3.connection.HTTPSConnection object at 0xdc04b2c8>, 'Connection to 49.48.89.119 timed out. (connect timeout=15)')))
HTTPSConnectionPool(host='t.me', port=443): Max retries exceeded with url: //0?embed=1&mode=tme (Caused by ProxyError('Unable to connect to proxy', ConnectTimeoutError(<urllib3.connection.HTTPSConnection object at 0xda9358f8>, 'Connection to 103.163.244.49 timed out. (connect timeout=15)')))
HTTPSConnectionPool(host='t.me', port=443): Max retries exceeded with url: //0?embed=1&mode=tme (Caused by ProxyError('Unable to connect to proxy', ConnectTimeoutError(<urllib3.connection.HTTPSConnection object at 0xda935850>, 'Connection to 185.208.101.217 timed out. (connect timeout=15)')))
HTTPSConnectionPool(host='t.me', port=443): Max retries exceeded with url: //0?embed=1&mode=tme (Caused by ProxyError('Unable to connect to proxy', ConnectTimeoutError(<urllib3.connection.HTTPSConnection object at 0xda935370>, 'Connection to 154.79.242.178 timed out. (connect timeout=15)')))
HTTPSConnectionPool(host='t.me', port=443): Max retries exceeded with url: //0?embed=1&mode=tme (Caused by ProxyError('Unable to connect to proxy', ConnectTimeoutError(<urllib3.connection.HTTPSConnection object at 0xdb57f3e8>, 'Connection to 176.194.189.40 timed out. (connect timeout=15)')))
HTTPSConnectionPool(host='t.me', port=443): Read timed out. (read timeout=15)
HTTPSConnectionPool(host='t.me', port=443): Max retries exceeded with url: //0?embed=1&mode=tme (Caused by ProxyError('Unable to connect to proxy', ConnectTimeoutError(<urllib3.connection.HTTPSConnection object at 0xdc0775e0>, 'Connection to 103.36.10.85 timed out. (connect timeout=15)')))
HTTPSConnectionPool(host='t.me', port=443): Max retries exceeded with url: //0?embed=1&mode=tme (Caused by ProxyError('Unable to connect to proxy', ConnectTimeoutError(<urllib3.connection.HTTPSConnection object at 0xda94d628>, 'Connection to 8.34.208.46 timed out. (connect timeout=15)')))
HTTPSConnectionPool(host='t.me', port=443): Max retries exceeded with url: //0?embed=1&mode=tme (Caused by ProxyError('Unable to connect to proxy', ConnectTimeoutError(<urllib3.connection.HTTPSConnection object at 0xda9606a0>, 'Connection to 170.246.85.38 timed out. (connect timeout=15)')))
HTTPSConnectionPool(host='t.me', port=443): Max retries exceeded with url: //0?embed=1&mode=tme (Caused by ProxyError('Unable to connect to proxy', ConnectTimeoutError(<urllib3.connection.HTTPSConnection object at 0xda96ed00>, 'Connection to 177.234.240.124 timed out. (connect timeout=15)')))
HTTPSConnectionPool(host='t.me', port=443): Max retries exceeded with url: //0?embed=1&mode=tme (Caused by ProxyError('Unable to connect to proxy', ConnectTimeoutError(<urllib3.connection.HTTPSConnection object at 0xd9cf08b0>, 'Connection to 103.154.144.203 timed out. (connect timeout=15)')))
HTTPSConnectionPool(host='t.me', port=443): Max retries exceeded with url: //0?embed=1&mode=tme (Caused by ProxyError('Unable to connect to proxy', ConnectTimeoutError(<urllib3.connection.HTTPSConnection object at 0xd9cf0838>, 'Connection to 190.121.239.195 timed out. (connect timeout=15)')))
HTTPSConnectionPool(host='t.me', port=443): Read timed out. (read timeout=15)
HTTPSConnectionPool(host='t.me', port=443): Read timed out. (read timeout=15)
HTTPSConnectionPool(host='t.me', port=443): Max retries exceeded with url: //0?embed=1&mode=tme (Caused by ProxyError('Unable to connect to proxy', ConnectTimeoutError(<urllib3.connection.HTTPSConnection object at 0xd9cfb358>, 'Connection to 210.5.10.87 timed out. (connect timeout=15)')))
('Connection aborted.', RemoteDisconnected('Remote end closed connection without response'))
HTTPSConnectionPool(host='t.me', port=443): Read timed out. (read timeout=15)
HTTPSConnectionPool(host='t.me', port=443): Max retries exceeded with url: //0?embed=1&mode=tme (Caused by ProxyError('Unable to connect to proxy', ConnectTimeoutError(<urllib3.connection.HTTPSConnection object at 0xd9d0a550>, 'Connection to 103.28.114.157 timed out. (connect timeout=15)')))
HTTPSConnectionPool(host='t.me', port=443): Read timed out. (read timeout=15)
HTTPSConnectionPool(host='t.me', port=443): Max retries exceeded with url: //0?embed=1&mode=tme (Caused by ProxyError('Unable to connect to proxy', ConnectTimeoutError(<urllib3.connection.HTTPSConnection object at 0xe0ee85f8>, 'Connection to 36.64.156.62 timed out. (connect timeout=15)')))
HTTPSConnectionPool(host='t.me', port=443): Max retries exceeded with url: //0?embed=1&mode=tme (Caused by ProxyError('Unable to connect to proxy', ConnectTimeoutError(<urllib3.connection.HTTPSConnection object at 0xdd5e5e08>, 'Connection to 103.160.15.38 timed out. (connect timeout=15)')))
HTTPSConnectionPool(host='t.me', port=443): Max retries exceeded with url: //0?embed=1&mode=tme (Caused by ProxyError('Unable to connect to proxy', ConnectTimeoutError(<urllib3.connection.HTTPSConnection object at 0xd9d1bc40>, 'Connection to 45.71.184.239 timed out. (connect timeout=15)')))
HTTPSConnectionPool(host='t.me', port=443): Max retries exceeded with url: //0?embed=1&mode=tme (Caused by ProxyError('Unable to connect to proxy', ConnectTimeoutError(<urllib3.connection.HTTPSConnection object at 0xd9d1beb0>, 'Connection to 77.232.21.4 timed out. (connect timeout=15)')))
HTTPSConnectionPool(host='t.me', port=443): Max retries exceeded with url: //0?embed=1&mode=tme (Caused by ProxyError('Unable to connect to proxy', ConnectTimeoutError(<urllib3.connection.HTTPSConnection object at 0xde13e808>, 'Connection to 186.24.9.114 timed out. (connect timeout=15)')))
HTTPSConnectionPool(host='t.me', port=443): Max retries exceeded with url: //0?embed=1&mode=tme (Caused by ProxyError('Unable to connect to proxy', OSError('Tunnel connection failed: 500 Internal Server Error')))
HTTPSConnectionPool(host='t.me', port=443): Max retries exceeded with url: //0?embed=1&mode=tme (Caused by ProxyError('Unable to connect to proxy', ConnectTimeoutError(<urllib3.connection.HTTPSConnection object at 0xd9d1bc58>, 'Connection to 103.157.83.77 timed out. (connect timeout=15)')))
HTTPSConnectionPool(host='t.me', port=443): Max retries exceeded with url: //0?embed=1&mode=tme (Caused by ProxyError('Unable to connect to proxy', ConnectTimeoutError(<urllib3.connection.HTTPSConnection object at 0xd9d25d00>, 'Connection to 5.42.81.57 timed out. (connect timeout=15)')))
HTTPSConnectionPool(host='t.me', port=443): Max retries exceeded with url: //0?embed=1&mode=tme (Caused by ProxyError('Unable to connect to proxy', ConnectTimeoutError(<urllib3.connection.HTTPSConnection object at 0xd9d25958>, 'Connection to 190.242.181.59 timed out. (connect timeout=15)')))
HTTPSConnectionPool(host='t.me', port=443): Max retries exceeded with url: //0?embed=1&mode=tme (Caused by ProxyError('Unable to connect to proxy', ConnectTimeoutError(<urllib3.connection.HTTPSConnection object at 0xd9d25f28>, 'Connection to 91.240.211.180 timed out. (connect timeout=15)')))
HTTPSConnectionPool(host='t.me', port=443): Max retries exceeded with url: //0?embed=1&mode=tme (Caused by ProxyError('Unable to connect to proxy', ConnectTimeoutError(<urllib3.connection.HTTPSConnection object at 0xd9d25970>, 'Connection to 188.132.222.3 timed out. (connect timeout=15)')))
HTTPSConnectionPool(host='t.me', port=443): Max retries exceeded with url: //0?embed=1&mode=tme (Caused by ProxyError('Unable to connect to proxy', ConnectTimeoutError(<urllib3.connection.HTTPSConnection object at 0xdcaa0c40>, 'Connection to 190.52.165.120 timed out. (connect timeout=15)')))
HTTPSConnectionPool(host='t.me', port=443): Max retries exceeded with url: //0?embed=1&mode=tme (Caused by ProxyError('Unable to connect to proxy', ConnectTimeoutError(<urllib3.connection.HTTPSConnection object at 0xd90abbf8>, 'Connection to 186.250.29.225 timed out. (connect timeout=15)')))
HTTPSConnectionPool(host='t.me', port=443): Max retries exceeded with url: //0?embed=1&mode=tme (Caused by ProxyError('Unable to connect to proxy', ConnectTimeoutError(<urllib3.connection.HTTPSConnection object at 0xe6a4c4a8>, 'Connection to 181.188.206.32 timed out. (connect timeout=15)')))
HTTPSConnectionPool(host='t.me', port=443): Read timed out. (read timeout=15)
HTTPSConnectionPool(host='t.me', port=443): Read timed out. (read timeout=15)
HTTPSConnectionPool(host='t.me', port=443): Max retries exceeded with url: //0?embed=1&mode=tme (Caused by ProxyError('Unable to connect to proxy', ConnectTimeoutError(<urllib3.connection.HTTPSConnection object at 0xdeb90e80>, 'Connection to 103.165.125.182 timed out. (connect timeout=15)')))
HTTPSConnectionPool(host='t.me', port=443): Read timed out. (read timeout=15)
HTTPSConnectionPool(host='t.me', port=443): Read timed out. (read timeout=15)
('Connection aborted.', RemoteDisconnected('Remote end closed connection without response'))
HTTPSConnectionPool(host='t.me', port=443): Max retries exceeded with url: //0?embed=1&mode=tme (Caused by ProxyError('Unable to connect to proxy', ConnectTimeoutError(<urllib3.connection.HTTPSConnection object at 0xd90d8268>, 'Connection to 88.255.102.45 timed out. (connect timeout=15)')))
HTTPSConnectionPool(host='t.me', port=443): Max retries exceeded with url: //0?embed=1&mode=tme (Caused by ProxyError('Unable to connect to proxy', ConnectTimeoutError(<urllib3.connection.HTTPSConnection object at 0xd90d8658>, 'Connection to 137.59.48.20 timed out. (connect timeout=15)')))
HTTPSConnectionPool(host='t.me', port=443): Read timed out. (read timeout=15)
HTTPSConnectionPool(host='t.me', port=443): Max retries exceeded with url: //0?embed=1&mode=tme (Caused by ProxyError('Unable to connect to proxy', ConnectTimeoutError(<urllib3.connection.HTTPSConnection object at 0xebeb5a18>, 'Connection to 81.16.245.179 timed out. (connect timeout=15)')))
HTTPSConnectionPool(host='t.me', port=443): Max retries exceeded with url: //0?embed=1&mode=tme (Caused by ProxyError('Unable to connect to proxy', ConnectTimeoutError(<urllib3.connection.HTTPSConnection object at 0xebd55448>, 'Connection to 125.26.5.140 timed out. (connect timeout=15)')))
HTTPSConnectionPool(host='t.me', port=443): Read timed out. (read timeout=15)
HTTPSConnectionPool(host='t.me', port=443): Max retries exceeded with url: //0?embed=1&mode=tme (Caused by ProxyError('Unable to connect to proxy', ConnectTimeoutError(<urllib3.connection.HTTPSConnection object at 0xd876c868>, 'Connection to 201.20.118.146 timed out. (connect timeout=15)')))
HTTPSConnectionPool(host='t.me', port=443): Max retries exceeded with url: //0?embed=1&mode=tme (Caused by ProxyError('Unable to connect to proxy', ConnectTimeoutError(<urllib3.connection.HTTPSConnection object at 0xd876c9b8>, 'Connection to 103.232.20.99 timed out. (connect timeout=15)')))
HTTPSConnectionPool(host='t.me', port=443): Read timed out. (read timeout=15)
HTTPSConnectionPool(host='t.me', port=443): Max retries exceeded with url: //0?embed=1&mode=tme (Caused by ProxyError('Unable to connect to proxy', ConnectTimeoutError(<urllib3.connection.HTTPSConnection object at 0xd876cf10>, 'Connection to 103.103.89.85 timed out. (connect timeout=15)')))
HTTPSConnectionPool(host='t.me', port=443): Read timed out. (read timeout=15)
HTTPSConnectionPool(host='t.me', port=443): Max retries exceeded with url: //0?embed=1&mode=tme (Caused by ProxyError('Unable to connect to proxy', ConnectTimeoutError(<urllib3.connection.HTTPSConnection object at 0xd875c598>, 'Connection to 103.247.122.166 timed out. (connect timeout=15)')))
HTTPSConnectionPool(host='t.me', port=443): Max retries exceeded with url: //0?embed=1&mode=tme (Caused by ProxyError('Unable to connect to proxy', ConnectTimeoutError(<urllib3.connection.HTTPSConnection object at 0xd7a461c0>, 'Connection to 177.99.203.179 timed out. (connect timeout=15)')))
HTTPSConnectionPool(host='t.me', port=443): Read timed out. (read timeout=15)
HTTPSConnectionPool(host='t.me', port=443): Read timed out. (read timeout=15)
HTTPSConnectionPool(host='t.me', port=443): Max retries exceeded with url: //0?embed=1&mode=tme (Caused by ProxyError('Unable to connect to proxy', ConnectTimeoutError(<urllib3.connection.HTTPSConnection object at 0xd7a733a0>, 'Connection to 113.118.159.168 timed out. (connect timeout=15)')))
HTTPSConnectionPool(host='t.me', port=443): Read timed out. (read timeout=15)
HTTPSConnectionPool(host='t.me', port=443): Max retries exceeded with url: //0?embed=1&mode=tme (Caused by ProxyError('Unable to connect to proxy', ConnectTimeoutError(<urllib3.connection.HTTPSConnection object at 0xd700c0b8>, 'Connection to 185.67.95.91 timed out. (connect timeout=15)')))
HTTPSConnectionPool(host='t.me', port=443): Read timed out. (read timeout=15)
HTTPSConnectionPool(host='t.me', port=443): Read timed out. (read timeout=15)
HTTPSConnectionPool(host='t.me', port=443): Max retries exceeded with url: //0?embed=1&mode=tme (Caused by ProxyError('Unable to connect to proxy', ConnectTimeoutError(<urllib3.connection.HTTPSConnection object at 0xdd6000a0>, 'Connection to 79.137.204.235 timed out. (connect timeout=15)')))
HTTPSConnectionPool(host='t.me', port=443): Max retries exceeded with url: //0?embed=1&mode=tme (Caused by ProxyError('Unable to connect to proxy', ConnectTimeoutError(<urllib3.connection.HTTPSConnection object at 0xdd600688>, 'Connection to 47.102.198.154 timed out. (connect timeout=15)')))
HTTPSConnectionPool(host='t.me', port=443): Max retries exceeded with url: //0?embed=1&mode=tme (Caused by ProxyError('Unable to connect to proxy', ConnectTimeoutError(<urllib3.connection.HTTPSConnection object at 0xd7022b50>, 'Connection to 221.216.137.62 timed out. (connect timeout=15)')))
HTTPSConnectionPool(host='rootjazz.com', port=443): Max retries exceeded with url: /proxies/proxies.txt (Caused by SSLError(SSLCertVerificationError(1, "[SSL: CERTIFICATE_VERIFY_FAILED] certificate verify failed: Hostname mismatch, certificate is not valid for 'rootjazz.com'. (_ssl.c:1129)")))
HTTPSConnectionPool(host='t.me', port=443): Read timed out. (read timeout=15)
HTTPSConnectionPool(host='t.me', port=443): Read timed out. (read timeout=15)
HTTPSConnectionPool(host='t.me', port=443): Read timed out. (read timeout=15)
HTTPSConnectionPool(host='t.me', port=443): Max retries exceeded with url: //0?embed=1&mode=tme (Caused by ProxyError('Unable to connect to proxy', ConnectTimeoutError(<urllib3.connection.HTTPSConnection object at 0xebd90c58>, 'Connection to 95.57.216.118 timed out. (connect timeout=15)')))
HTTPSConnectionPool(host='t.me', port=443): Read timed out. (read timeout=15)
HTTPSConnectionPool(host='t.me', port=443): Read timed out. (read timeout=15)
HTTPSConnectionPool(host='t.me', port=443): Max retries exceeded with url: //0?embed=1&mode=tme (Caused by ProxyError('Unable to connect to proxy', ConnectTimeoutError(<urllib3.connection.HTTPSConnection object at 0xebd90a78>, 'Connection to 156.200.116.74 timed out. (connect timeout=15)')))
HTTPSConnectionPool(host='t.me', port=443): Max retries exceeded with url: //0?embed=1&mode=tme (Caused by ProxyError('Unable to connect to proxy', ConnectTimeoutError(<urllib3.connection.HTTPSConnection object at 0xdcac79a0>, 'Connection to 103.122.33.34 timed out. (connect timeout=15)')))
HTTPSConnectionPool(host='t.me', port=443): Max retries exceeded with url: //0?embed=1&mode=tme (Caused by ProxyError('Unable to connect to proxy', ConnectTimeoutError(<urllib3.connection.HTTPSConnection object at 0xd60e2ec8>, 'Connection to 103.114.97.98 timed out. (connect timeout=15)')))
HTTPSConnectionPool(host='t.me', port=443): Max retries exceeded with url: //0?embed=1&mode=tme (Caused by ProxyError('Unable to connect to proxy', ConnectTimeoutError(<urllib3.connection.HTTPSConnection object at 0xd7a739a0>, 'Connection to 190.97.238.83 timed out. (connect timeout=15)')))
HTTPSConnectionPool(host='t.me', port=443): Max retries exceeded with url: //0?embed=1&mode=tme (Caused by ProxyError('Unable to connect to proxy', ConnectTimeoutError(<urllib3.connection.HTTPSConnection object at 0xd60c6538>, 'Connection to 103.151.177.106 timed out. (connect timeout=15)')))
HTTPSConnectionPool(host='t.me', port=443): Read timed out. (read timeout=15)
HTTPSConnectionPool(host='t.me', port=443): Read timed out. (read timeout=15)
HTTPSConnectionPool(host='t.me', port=443): Read timed out. (read timeout=15)
HTTPSConnectionPool(host='t.me', port=443): Read timed out. (read timeout=15)
HTTPSConnectionPool(host='t.me', port=443): Read timed out. (read timeout=15)
HTTPSConnectionPool(host='t.me', port=443): Read timed out. (read timeout=15)
HTTPSConnectionPool(host='t.me', port=443): Read timed out. (read timeout=15)
HTTPSConnectionPool(host='www.proxyscan.io', port=443): Max retries exceeded with url: /download?type=http (Caused by NewConnectionError('<urllib3.connection.HTTPSConnection object at 0xde13e3a0>: Failed to establish a new connection: [Errno 111] Connection refused'))
HTTPSConnectionPool(host='t.me', port=443): Max retries exceeded with url: //0?embed=1&mode=tme (Caused by ProxyError('Unable to connect to proxy', NewConnectionError('<urllib3.connection.HTTPSConnection object at 0xd8776670>: Failed to establish a new connection: [Errno 111] Connection refused')))
('Connection aborted.', RemoteDisconnected('Remote end closed connection without response'))
('Connection aborted.', RemoteDisconnected('Remote end closed connection without response'))
HTTPSConnectionPool(host='t.me', port=443): Max retries exceeded with url: //0?embed=1&mode=tme (Caused by ProxyError('Unable to connect to proxy', NewConnectionError('<urllib3.connection.HTTPSConnection object at 0xebecc1c0>: Failed to establish a new connection: [Errno 111] Connection refused')))
('Connection aborted.', RemoteDisconnected('Remote end closed connection without response'))
HTTPSConnectionPool(host='t.me', port=443): Max retries exceeded with url: //0?embed=1&mode=tme (Caused by ProxyError('Unable to connect to proxy', NewConnectionError('<urllib3.connection.HTTPSConnection object at 0xe3ea2e68>: Failed to establish a new connection: [Errno 111] Connection refused')))
('Connection aborted.', ConnectionResetError(104, 'Connection reset by peer'))
('Connection aborted.', ConnectionResetError(104, 'Connection reset by peer'))
HTTPSConnectionPool(host='t.me', port=443): Max retries exceeded with url: //0?embed=1&mode=tme (Caused by ProxyError('Unable to connect to proxy', OSError('Tunnel connection failed: 500 Internal Server Error')))
HTTPSConnectionPool(host='t.me', port=443): Max retries exceeded with url: //0?embed=1&mode=tme (Caused by ProxyError('Unable to connect to proxy', NewConnectionError('<urllib3.connection.HTTPSConnection object at 0xd90d89e8>: Failed to establish a new connection: [Errno 111] Connection refused')))
HTTPSConnectionPool(host='t.me', port=443): Max retries exceeded with url: //0?embed=1&mode=tme (Caused by ProxyError('Unable to connect to proxy', NewConnectionError('<urllib3.connection.HTTPSConnection object at 0xd90d8dd8>: Failed to establish a new connection: [Errno 111] Connection refused')))
HTTPSConnectionPool(host='t.me', port=443): Read timed out. (read timeout=15)
HTTPSConnectionPool(host='t.me', port=443): Max retries exceeded with url: //0?embed=1&mode=tme (Caused by SSLError(SSLCertVerificationError(1, '[SSL: CERTIFICATE_VERIFY_FAILED] certificate verify failed: self signed certificate in certificate chain (_ssl.c:1129)')))
HTTPSConnectionPool(host='t.me', port=443): Max retries exceeded with url: //0?embed=1&mode=tme (Caused by ProxyError('Unable to connect to proxy', OSError('Tunnel connection failed: 403 Access Denied')))
HTTPSConnectionPool(host='t.me', port=443): Max retries exceeded with url: //0?embed=1&mode=tme (Caused by ProxyError('Unable to connect to proxy', OSError('Tunnel connection failed: 400 Bad Request')))
HTTPSConnectionPool(host='t.me', port=443): Max retries exceeded with url: //0?embed=1&mode=tme (Caused by ProxyError('Unable to connect to proxy', OSError('Tunnel connection failed: 400 Bad Request')))
HTTPSConnectionPool(host='t.me', port=443): Max retries exceeded with url: //0?embed=1&mode=tme (Caused by ProxyError('Unable to connect to proxy', OSError('Tunnel connection failed: 500 Internal Server Error')))
HTTPSConnectionPool(host='t.me', port=443): Read timed out. (read timeout=15)
HTTPSConnectionPool(host='t.me', port=443): Max retries exceeded with url: //0?embed=1&mode=tme (Caused by ProxyError('Unable to connect to proxy', OSError('Tunnel connection failed: 400 Bad Request')))
HTTPSConnectionPool(host='t.me', port=443): Max retries exceeded with url: //0?embed=1&mode=tme (Caused by ProxyError('Unable to connect to proxy', OSError('Tunnel connection failed: 400 Bad Request')))
HTTPSConnectionPool(host='t.me', port=443): Max retries exceeded with url: //0?embed=1&mode=tme (Caused by ProxyError('Unable to connect to proxy', OSError('Tunnel connection failed: 400 Bad Request')))
HTTPSConnectionPool(host='t.me', port=443): Read timed out. (read timeout=15)
HTTPSConnectionPool(host='t.me', port=443): Max retries exceeded with url: //0?embed=1&mode=tme (Caused by ProxyError('Unable to connect to proxy', OSError('Tunnel connection failed: 400 Bad Request')))
HTTPSConnectionPool(host='t.me', port=443): Max retries exceeded with url: //0?embed=1&mode=tme (Caused by ProxyError('Unable to connect to proxy', OSError('Tunnel connection failed: 400 Bad Request')))
HTTPSConnectionPool(host='t.me', port=443): Max retries exceeded with url: //0?embed=1&mode=tme (Caused by ProxyError('Unable to connect to proxy', OSError('Tunnel connection failed: 400 Bad Request')))
HTTPSConnectionPool(host='t.me', port=443): Max retries exceeded with url: //0?embed=1&mode=tme (Caused by ProxyError('Unable to connect to proxy', OSError('Tunnel connection failed: 400 Bad Request')))
('Connection aborted.', RemoteDisconnected('Remote end closed connection without response'))
HTTPSConnectionPool(host='t.me', port=443): Max retries exceeded with url: //0?embed=1&mode=tme (Caused by ProxyError('Unable to connect to proxy', OSError('Tunnel connection failed: 400 Bad Request')))
HTTPSConnectionPool(host='t.me', port=443): Read timed out. (read timeout=15)
HTTPSConnectionPool(host='t.me', port=443): Max retries exceeded with url: //0?embed=1&mode=tme (Caused by ProxyError('Unable to connect to proxy', NewConnectionError('<urllib3.connection.HTTPSConnection object at 0xe5a347d8>: Failed to establish a new connection: [Errno 111] Connection refused')))
('Connection aborted.', RemoteDisconnected('Remote end closed connection without response'))
HTTPSConnectionPool(host='t.me', port=443): Max retries exceeded with url: //0?embed=1&mode=tme (Caused by ProxyError('Unable to connect to proxy', OSError('Tunnel connection failed: 404 Not Found')))
('Connection aborted.', RemoteDisconnected('Remote end closed connection without response'))
('Connection aborted.', BadStatusLine('<html>\r\n'))
HTTPSConnectionPool(host='t.me', port=443): Max retries exceeded with url: //0?embed=1&mode=tme (Caused by ProxyError('Unable to connect to proxy', OSError('Tunnel connection failed: 400 Bad Request')))
('Connection aborted.', RemoteDisconnected('Remote end closed connection without response'))
HTTPSConnectionPool(host='t.me', port=443): Max retries exceeded with url: //0?embed=1&mode=tme (Caused by ProxyError('Unable to connect to proxy', OSError('Tunnel connection failed: 400 Bad Request')))
('Connection aborted.', RemoteDisconnected('Remote end closed connection without response'))
HTTPSConnectionPool(host='t.me', port=443): Max retries exceeded with url: //0?embed=1&mode=tme (Caused by ProxyError('Unable to connect to proxy', OSError('Tunnel connection failed: 405 Method Not Allowed')))
HTTPSConnectionPool(host='t.me', port=443): Max retries exceeded with url: //0?embed=1&mode=tme (Caused by ProxyError('Unable to connect to proxy', OSError('Tunnel connection failed: 403 Access Denied')))
HTTPSConnectionPool(host='t.me', port=443): Max retries exceeded with url: //0?embed=1&mode=tme (Caused by ProxyError('Unable to connect to proxy', NewConnectionError('<urllib3.connection.HTTPSConnection object at 0xd60c6fd0>: Failed to establish a new connection: [Errno 111] Connection refused')))
HTTPSConnectionPool(host='t.me', port=443): Max retries exceeded with url: //0?embed=1&mode=tme (Caused by ProxyError('Unable to connect to proxy', OSError('Tunnel connection failed: 400 Bad Request')))
('Connection aborted.', RemoteDisconnected('Remote end closed connection without response'))
('Connection aborted.', RemoteDisconnected('Remote end closed connection without response'))
HTTPSConnectionPool(host='t.me', port=443): Max retries exceeded with url: //0?embed=1&mode=tme (Caused by ProxyError('Unable to connect to proxy', OSError('Tunnel connection failed: 502 Proxy Error')))
HTTPSConnectionPool(host='t.me', port=443): Max retries exceeded with url: //0?embed=1&mode=tme (Caused by ProxyError('Unable to connect to proxy', OSError('Tunnel connection failed: 502 Bad Gateway')))
HTTPSConnectionPool(host='t.me', port=443): Max retries exceeded with url: //0?embed=1&mode=tme (Caused by ProxyError('Unable to connect to proxy', NewConnectionError('<urllib3.connection.HTTPSConnection object at 0xebe97088>: Failed to establish a new connection: [Errno 111] Connection refused')))
HTTPSConnectionPool(host='t.me', port=443): Max retries exceeded with url: //0?embed=1&mode=tme (Caused by ProxyError('Unable to connect to proxy', NewConnectionError('<urllib3.connection.HTTPSConnection object at 0xe1a139b8>: Failed to establish a new connection: [Errno 111] Connection refused')))
HTTPSConnectionPool(host='t.me', port=443): Max retries exceeded with url: //0?embed=1&mode=tme (Caused by ProxyError('Unable to connect to proxy', NewConnectionError('<urllib3.connection.HTTPSConnection object at 0xe0ebc790>: Failed to establish a new connection: [Errno 111] Connection refused')))
HTTPSConnectionPool(host='t.me', port=443): Max retries exceeded with url: //0?embed=1&mode=tme (Caused by ProxyError('Unable to connect to proxy', OSError('Tunnel connection failed: 403 Forbidden')))
HTTPSConnectionPool(host='t.me', port=443): Max retries exceeded with url: //0?embed=1&mode=tme (Caused by ProxyError('Unable to connect to proxy', OSError('Tunnel connection failed: 400 Bad Request')))
HTTPSConnectionPool(host='t.me', port=443): Max retries exceeded with url: //0?embed=1&mode=tme (Caused by ProxyError('Unable to connect to proxy', OSError('Tunnel connection failed: 500 Internal Server Error')))
HTTPSConnectionPool(host='t.me', port=443): Max retries exceeded with url: //0?embed=1&mode=tme (Caused by ProxyError('Unable to connect to proxy', OSError('Tunnel connection failed: 503 Service Unavailable')))
HTTPSConnectionPool(host='t.me', port=443): Max retries exceeded with url: //0?embed=1&mode=tme (Caused by ProxyError('Unable to connect to proxy', OSError('Tunnel connection failed: 404 Not Found')))
HTTPSConnectionPool(host='t.me', port=443): Max retries exceeded with url: //0?embed=1&mode=tme (Caused by ProxyError('Unable to connect to proxy', OSError('Tunnel connection failed: 400 Bad Request')))
HTTPSConnectionPool(host='t.me', port=443): Max retries exceeded with url: //0?embed=1&mode=tme (Caused by ProxyError('Unable to connect to proxy', OSError('Tunnel connection failed: 500 Internal Server Error')))
HTTPSConnectionPool(host='t.me', port=443): Max retries exceeded with url: //0?embed=1&mode=tme (Caused by ProxyError('Unable to connect to proxy', OSError('Tunnel connection failed: 502 Bad Gateway')))
('Connection aborted.', RemoteDisconnected('Remote end closed connection without response'))
HTTPSConnectionPool(host='t.me', port=443): Max retries exceeded with url: //0?embed=1&mode=tme (Caused by ProxyError('Unable to connect to proxy', NewConnectionError('<urllib3.connection.HTTPSConnection object at 0xebf9a760>: Failed to establish a new connection: [Errno 111] Connection refused')))
HTTPSConnectionPool(host='t.me', port=443): Max retries exceeded with url: //0?embed=1&mode=tme (Caused by ProxyError('Unable to connect to proxy', OSError('Tunnel connection failed: 403 Forbidden')))
HTTPSConnectionPool(host='t.me', port=443): Max retries exceeded with url: //0?embed=1&mode=tme (Caused by ProxyError('Unable to connect to proxy', OSError('Tunnel connection failed: 400 Bad Request')))
HTTPSConnectionPool(host='t.me', port=443): Max retries exceeded with url: //0?embed=1&mode=tme (Caused by ProxyError('Unable to connect to proxy', OSError('Tunnel connection failed: 400 Bad Request')))
('Connection aborted.', RemoteDisconnected('Remote end closed connection without response'))
HTTPSConnectionPool(host='t.me', port=443): Max retries exceeded with url: //0?embed=1&mode=tme (Caused by ProxyError('Unable to connect to proxy', NewConnectionError('<urllib3.connection.HTTPSConnection object at 0xebe842b0>: Failed to establish a new connection: [Errno 111] Connection refused')))
HTTPSConnectionPool(host='t.me', port=443): Max retries exceeded with url: //0?embed=1&mode=tme (Caused by ProxyError('Unable to connect to proxy', OSError('Tunnel connection failed: 400 Bad Request')))
('Connection aborted.', RemoteDisconnected('Remote end closed connection without response'))
HTTPSConnectionPool(host='t.me', port=443): Max retries exceeded with url: //0?embed=1&mode=tme (Caused by ProxyError('Unable to connect to proxy', OSError('Tunnel connection failed: 400 Bad Request')))
HTTPSConnectionPool(host='t.me', port=443): Max retries exceeded with url: //0?embed=1&mode=tme (Caused by ProxyError('Unable to connect to proxy', OSError('Tunnel connection failed: 407 Proxy Authentication Required')))
HTTPSConnectionPool(host='t.me', port=443): Max retries exceeded with url: //0?embed=1&mode=tme (Caused by ProxyError('Unable to connect to proxy', OSError('Tunnel connection failed: 403 Access Denied')))
HTTPSConnectionPool(host='t.me', port=443): Max retries exceeded with url: //0?embed=1&mode=tme (Caused by ProxyError('Unable to connect to proxy', OSError('Tunnel connection failed: 400 Bad Request')))
HTTPSConnectionPool(host='t.me', port=443): Max retries exceeded with url: //0?embed=1&mode=tme (Caused by ProxyError('Unable to connect to proxy', NewConnectionError('<urllib3.connection.HTTPSConnection object at 0xebeb5b98>: Failed to establish a new connection: [Errno 111] Connection refused')))
HTTPSConnectionPool(host='t.me', port=443): Max retries exceeded with url: //0?embed=1&mode=tme (Caused by ProxyError('Unable to connect to proxy', OSError('Tunnel connection failed: 400 Bad Request')))
('Connection aborted.', ConnectionResetError(104, 'Connection reset by peer'))
HTTPSConnectionPool(host='t.me', port=443): Max retries exceeded with url: //0?embed=1&mode=tme (Caused by ProxyError('Unable to connect to proxy', NewConnectionError('<urllib3.connection.HTTPSConnection object at 0xc37092b0>: Failed to establish a new connection: [Errno 111] Connection refused')))
HTTPSConnectionPool(host='t.me', port=443): Max retries exceeded with url: //0?embed=1&mode=tme (Caused by ProxyError('Unable to connect to proxy', OSError('Tunnel connection failed: 403 Forbidden')))
HTTPSConnectionPool(host='t.me', port=443): Max retries exceeded with url: //0?embed=1&mode=tme (Caused by ProxyError('Unable to connect to proxy', OSError('Tunnel connection failed: 400 Bad Request')))
HTTPSConnectionPool(host='t.me', port=443): Max retries exceeded with url: //0?embed=1&mode=tme (Caused by ProxyError('Unable to connect to proxy', NewConnectionError('<urllib3.connection.HTTPSConnection object at 0xc2774f40>: Failed to establish a new connection: [Errno 111] Connection refused')))
HTTPSConnectionPool(host='t.me', port=443): Max retries exceeded with url: //0?embed=1&mode=tme (Caused by ProxyError('Unable to connect to proxy', NewConnectionError('<urllib3.connection.HTTPSConnection object at 0xc37294a8>: Failed to establish a new connection: [Errno 111] Connection refused')))
HTTPSConnectionPool(host='t.me', port=443): Max retries exceeded with url: //0?embed=1&mode=tme (Caused by ProxyError('Unable to connect to proxy', OSError('Tunnel connection failed: 502 Bad Gateway')))
HTTPSConnectionPool(host='t.me', port=443): Max retries exceeded with url: //0?embed=1&mode=tme (Caused by SSLError(SSLCertVerificationError(1, '[SSL: CERTIFICATE_VERIFY_FAILED] certificate verify failed: self signed certificate in certificate chain (_ssl.c:1129)')))
HTTPSConnectionPool(host='t.me', port=443): Max retries exceeded with url: //0?embed=1&mode=tme (Caused by ProxyError('Unable to connect to proxy', OSError('Tunnel connection failed: 400 Bad Request')))
('Connection aborted.', RemoteDisconnected('Remote end closed connection without response'))
('Connection aborted.', ConnectionResetError(104, 'Connection reset by peer'))
('Connection aborted.', RemoteDisconnected('Remote end closed connection without response'))
HTTPSConnectionPool(host='t.me', port=443): Max retries exceeded with url: //0?embed=1&mode=tme (Caused by ProxyError('Unable to connect to proxy', OSError('Tunnel connection failed: 400 Bad Request')))
HTTPSConnectionPool(host='t.me', port=443): Max retries exceeded with url: //0?embed=1&mode=tme (Caused by ProxyError('Unable to connect to proxy', NewConnectionError('<urllib3.connection.HTTPSConnection object at 0xc1ad6ec8>: Failed to establish a new connection: [Errno 111] Connection refused')))
HTTPSConnectionPool(host='t.me', port=443): Max retries exceeded with url: //0?embed=1&mode=tme (Caused by ProxyError('Unable to connect to proxy', OSError('Tunnel connection failed: 404 Not Found')))
HTTPSConnectionPool(host='t.me', port=443): Max retries exceeded with url: //0?embed=1&mode=tme (Caused by ProxyError('Unable to connect to proxy', OSError('Tunnel connection failed: 502 Bad Gateway')))
HTTPSConnectionPool(host='t.me', port=443): Max retries exceeded with url: //0?embed=1&mode=tme (Caused by ProxyError('Unable to connect to proxy', OSError('Tunnel connection failed: 400 Bad Request')))
HTTPSConnectionPool(host='t.me', port=443): Max retries exceeded with url: //0?embed=1&mode=tme (Caused by ProxyError('Unable to connect to proxy', OSError('Tunnel connection failed: 400 Bad Request')))
HTTPSConnectionPool(host='t.me', port=443): Max retries exceeded with url: //0?embed=1&mode=tme (Caused by ProxyError('Unable to connect to proxy', OSError('Tunnel connection failed: 400 Bad Request')))
('Connection aborted.', ConnectionResetError(104, 'Connection reset by peer'))
HTTPSConnectionPool(host='t.me', port=443): Max retries exceeded with url: //0?embed=1&mode=tme (Caused by ProxyError('Unable to connect to proxy', OSError('Tunnel connection failed: 400 Bad Request')))
HTTPSConnectionPool(host='t.me', port=443): Max retries exceeded with url: //0?embed=1&mode=tme (Caused by ProxyError('Unable to connect to proxy', OSError('Tunnel connection failed: 500 Internal Server Error')))
HTTPSConnectionPool(host='t.me', port=443): Max retries exceeded with url: //0?embed=1&mode=tme (Caused by ProxyError('Unable to connect to proxy', OSError('Tunnel connection failed: 400 Bad Request')))
HTTPSConnectionPool(host='t.me', port=443): Max retries exceeded with url: //0?embed=1&mode=tme (Caused by ProxyError('Unable to connect to proxy', OSError('Tunnel connection failed: 500 Internal Server Error')))
('Connection aborted.', RemoteDisconnected('Remote end closed connection without response'))
('Connection aborted.', BadStatusLine('<html>\r\n'))
HTTPSConnectionPool(host='t.me', port=443): Max retries exceeded with url: //0?embed=1&mode=tme (Caused by ProxyError('Unable to connect to proxy', NewConnectionError('<urllib3.connection.HTTPSConnection object at 0xc0408ac0>: Failed to establish a new connection: [Errno 111] Connection refused')))
HTTPSConnectionPool(host='t.me', port=443): Max retries exceeded with url: //0?embed=1&mode=tme (Caused by ProxyError('Unable to connect to proxy', OSError('Tunnel connection failed: 400 Bad Request')))
HTTPSConnectionPool(host='t.me', port=443): Max retries exceeded with url: //0?embed=1&mode=tme (Caused by ProxyError('Unable to connect to proxy', OSError('Tunnel connection failed: 400 Bad Request')))
HTTPSConnectionPool(host='t.me', port=443): Max retries exceeded with url: //0?embed=1&mode=tme (Caused by ProxyError('Unable to connect to proxy', OSError('Tunnel connection failed: 500 Internal Server Error')))
HTTPSConnectionPool(host='t.me', port=443): Max retries exceeded with url: //0?embed=1&mode=tme (Caused by ProxyError('Unable to connect to proxy', OSError('Tunnel connection failed: 400 Bad Request')))
('Connection aborted.', RemoteDisconnected('Remote end closed connection without response'))
HTTPSConnectionPool(host='t.me', port=443): Read timed out. (read timeout=15)
HTTPSConnectionPool(host='t.me', port=443): Max retries exceeded with url: //0?embed=1&mode=tme (Caused by ProxyError('Unable to connect to proxy', OSError('Tunnel connection failed: 502 Bad Gateway')))
HTTPSConnectionPool(host='t.me', port=443): Max retries exceeded with url: //0?embed=1&mode=tme (Caused by ProxyError('Unable to connect to proxy', OSError('Tunnel connection failed: 403 Forbidden')))
HTTPSConnectionPool(host='t.me', port=443): Max retries exceeded with url: //0?embed=1&mode=tme (Caused by ProxyError('Unable to connect to proxy', OSError('Tunnel connection failed: 400 Bad Request')))
HTTPSConnectionPool(host='t.me', port=443): Max retries exceeded with url: //0?embed=1&mode=tme (Caused by ProxyError('Unable to connect to proxy', OSError('Tunnel connection failed: 502 Bad Gateway')))
HTTPSConnectionPool(host='t.me', port=443): Read timed out. (read timeout=15)
HTTPSConnectionPool(host='t.me', port=443): Max retries exceeded with url: //0?embed=1&mode=tme (Caused by ProxyError('Unable to connect to proxy', OSError('Tunnel connection failed: 500 Internal Server Error')))
('Connection aborted.', RemoteDisconnected('Remote end closed connection without response'))
HTTPSConnectionPool(host='t.me', port=443): Max retries exceeded with url: //0?embed=1&mode=tme (Caused by ProxyError('Unable to connect to proxy', OSError('Tunnel connection failed: 400 Bad Request')))
HTTPSConnectionPool(host='t.me', port=443): Max retries exceeded with url: //0?embed=1&mode=tme (Caused by ProxyError('Unable to connect to proxy', OSError('Tunnel connection failed: 502 ERROR')))
('Connection aborted.', ConnectionResetError(104, 'Connection reset by peer'))
HTTPSConnectionPool(host='t.me', port=443): Read timed out. (read timeout=15)
HTTPSConnectionPool(host='t.me', port=443): Max retries exceeded with url: //0?embed=1&mode=tme (Caused by ProxyError('Unable to connect to proxy', OSError('Tunnel connection failed: 500 Internal Server Error')))
HTTPSConnectionPool(host='t.me', port=443): Max retries exceeded with url: //0?embed=1&mode=tme (Caused by ProxyError('Unable to connect to proxy', OSError('Tunnel connection failed: 502 Bad Gateway')))
HTTPSConnectionPool(host='t.me', port=443): Max retries exceeded with url: //0?embed=1&mode=tme (Caused by ProxyError('Unable to connect to proxy', OSError('Tunnel connection failed: 404 Not Found')))
('Connection aborted.', ConnectionResetError(104, 'Connection reset by peer'))
HTTPSConnectionPool(host='t.me', port=443): Max retries exceeded with url: //0?embed=1&mode=tme (Caused by ProxyError('Unable to connect to proxy', OSError('Tunnel connection failed: 500 Internal Server Error')))
('Connection aborted.', RemoteDisconnected('Remote end closed connection without response'))
HTTPSConnectionPool(host='t.me', port=443): Max retries exceeded with url: //0?embed=1&mode=tme (Caused by ProxyError('Unable to connect to proxy', OSError('Tunnel connection failed: 400 Bad Request')))
HTTPSConnectionPool(host='t.me', port=443): Max retries exceeded with url: //0?embed=1&mode=tme (Caused by ProxyError('Unable to connect to proxy', OSError('Tunnel connection failed: 400 Bad Request')))
HTTPSConnectionPool(host='t.me', port=443): Max retries exceeded with url: //0?embed=1&mode=tme (Caused by ProxyError('Unable to connect to proxy', OSError('Tunnel connection failed: 500 Internal Server Error')))
('Connection aborted.', ConnectionResetError(104, 'Connection reset by peer'))
HTTPSConnectionPool(host='t.me', port=443): Max retries exceeded with url: //0?embed=1&mode=tme (Caused by ProxyError('Unable to connect to proxy', OSError('Tunnel connection failed: 400 Bad Request')))
HTTPSConnectionPool(host='t.me', port=443): Max retries exceeded with url: //0?embed=1&mode=tme (Caused by ProxyError('Unable to connect to proxy', OSError('Tunnel connection failed: 400 Bad Request')))
HTTPSConnectionPool(host='t.me', port=443): Max retries exceeded with url: //0?embed=1&mode=tme (Caused by ProxyError('Unable to connect to proxy', OSError('Tunnel connection failed: 404 Not Found')))
HTTPSConnectionPool(host='t.me', port=443): Max retries exceeded with url: //0?embed=1&mode=tme (Caused by ProxyError('Unable to connect to proxy', OSError('Tunnel connection failed: 400 Bad Request')))
('Connection aborted.', RemoteDisconnected('Remote end closed connection without response'))
HTTPSConnectionPool(host='t.me', port=443): Max retries exceeded with url: //0?embed=1&mode=tme (Caused by ProxyError('Unable to connect to proxy', OSError('Tunnel connection failed: 400 Bad Request')))
('Connection aborted.', ConnectionResetError(104, 'Connection reset by peer'))
('Connection aborted.', RemoteDisconnected('Remote end closed connection without response'))
HTTPSConnectionPool(host='t.me', port=443): Max retries exceeded with url: //0?embed=1&mode=tme (Caused by ProxyError('Unable to connect to proxy', OSError('Tunnel connection failed: 502 ERROR')))
HTTPSConnectionPool(host='t.me', port=443): Max retries exceeded with url: //0?embed=1&mode=tme (Caused by ProxyError('Unable to connect to proxy', OSError('Tunnel connection failed: 500 Internal Server Error')))
HTTPSConnectionPool(host='t.me', port=443): Max retries exceeded with url: //0?embed=1&mode=tme (Caused by ProxyError('Unable to connect to proxy', OSError('Tunnel connection failed: 400 Bad Request')))
HTTPSConnectionPool(host='t.me', port=443): Max retries exceeded with url: //0?embed=1&mode=tme (Caused by ProxyError('Unable to connect to proxy', NewConnectionError('<urllib3.connection.HTTPSConnection object at 0xc371f568>: Failed to establish a new connection: [Errno 111] Connection refused')))
('Connection aborted.', ConnectionResetError(104, 'Connection reset by peer'))
HTTPSConnectionPool(host='t.me', port=443): Max retries exceeded with url: //0?embed=1&mode=tme (Caused by ProxyError('Unable to connect to proxy', NewConnectionError('<urllib3.connection.HTTPSConnection object at 0xe81ede08>: Failed to establish a new connection: [Errno 111] Connection refused')))
('Connection aborted.', RemoteDisconnected('Remote end closed connection without response'))
HTTPSConnectionPool(host='t.me', port=443): Max retries exceeded with url: //0?embed=1&mode=tme (Caused by ProxyError('Unable to connect to proxy', ConnectTimeoutError(<urllib3.connection.HTTPSConnection object at 0xdb5b68b0>, 'Connection to 60.188.102.225 timed out. (connect timeout=15)')))
HTTPSConnectionPool(host='t.me', port=443): Max retries exceeded with url: //0?embed=1&mode=tme (Caused by ProxyError('Unable to connect to proxy', ConnectTimeoutError(<urllib3.connection.HTTPSConnection object at 0xd9cf0c70>, 'Connection to 167.114.107.37 timed out. (connect timeout=15)')))
HTTPSConnectionPool(host='t.me', port=443): Max retries exceeded with url: //0?embed=1&mode=tme (Caused by ProxyError('Unable to connect to proxy', OSError('Tunnel connection failed: 400 Bad Request')))
('Connection aborted.', ConnectionResetError(104, 'Connection reset by peer'))
HTTPSConnectionPool(host='t.me', port=443): Max retries exceeded with url: //0?embed=1&mode=tme (Caused by ProxyError('Unable to connect to proxy', NewConnectionError('<urllib3.connection.HTTPSConnection object at 0xe81a9c88>: Failed to establish a new connection: [Errno 111] Connection refused')))
HTTPSConnectionPool(host='t.me', port=443): Max retries exceeded with url: //0?embed=1&mode=tme (Caused by ProxyError('Unable to connect to proxy', OSError('Tunnel connection failed: 403 Forbidden')))
HTTPSConnectionPool(host='t.me', port=443): Max retries exceeded with url: //0?embed=1&mode=tme (Caused by ProxyError('Unable to connect to proxy', ConnectTimeoutError(<urllib3.connection.HTTPSConnection object at 0xe33d1310>, 'Connection to 212.115.232.79 timed out. (connect timeout=15)')))
HTTPSConnectionPool(host='t.me', port=443): Max retries exceeded with url: //0?embed=1&mode=tme (Caused by ProxyError('Unable to connect to proxy', ConnectTimeoutError(<urllib3.connection.HTTPSConnection object at 0xe33d1b38>, 'Connection to 43.252.105.140 timed out. (connect timeout=15)')))
HTTPSConnectionPool(host='t.me', port=443): Read timed out. (read timeout=15)
HTTPSConnectionPool(host='t.me', port=443): Max retries exceeded with url: //0?embed=1&mode=tme (Caused by ProxyError('Unable to connect to proxy', ConnectTimeoutError(<urllib3.connection.HTTPSConnection object at 0xe33d1c58>, 'Connection to 38.50.165.51 timed out. (connect timeout=15)')))
HTTPSConnectionPool(host='t.me', port=443): Max retries exceeded with url: //0?embed=1&mode=tme (Caused by ProxyError('Unable to connect to proxy', ConnectTimeoutError(<urllib3.connection.HTTPSConnection object at 0xe33d19e8>, 'Connection to 177.85.245.87 timed out. (connect timeout=15)')))
('Connection aborted.', RemoteDisconnected('Remote end closed connection without response'))
HTTPSConnectionPool(host='t.me', port=443): Read timed out. (read timeout=15)
('Connection aborted.', BadStatusLine('<html>\r\n'))
HTTPSConnectionPool(host='t.me', port=443): Max retries exceeded with url: //0?embed=1&mode=tme (Caused by ProxyError('Unable to connect to proxy', ConnectTimeoutError(<urllib3.connection.HTTPSConnection object at 0xdeba08f8>, 'Connection to 165.16.59.225 timed out. (connect timeout=15)')))
HTTPSConnectionPool(host='t.me', port=443): Max retries exceeded with url: //0?embed=1&mode=tme (Caused by ProxyError('Unable to connect to proxy', ConnectTimeoutError(<urllib3.connection.HTTPSConnection object at 0xd7a52490>, 'Connection to 69.160.223.65 timed out. (connect timeout=15)')))
HTTPSConnectionPool(host='t.me', port=443): Max retries exceeded with url: //0?embed=1&mode=tme (Caused by ProxyError('Unable to connect to proxy', ConnectTimeoutError(<urllib3.connection.HTTPSConnection object at 0xe0ebc580>, 'Connection to 103.168.44.114 timed out. (connect timeout=15)')))
HTTPSConnectionPool(host='t.me', port=443): Read timed out. (read timeout=15)
HTTPSConnectionPool(host='t.me', port=443): Max retries exceeded with url: //0?embed=1&mode=tme (Caused by ProxyError('Unable to connect to proxy', ConnectTimeoutError(<urllib3.connection.HTTPSConnection object at 0xd90d8598>, 'Connection to 203.190.44.203 timed out. (connect timeout=15)')))
HTTPSConnectionPool(host='t.me', port=443): Max retries exceeded with url: //0?embed=1&mode=tme (Caused by ProxyError('Unable to connect to proxy', ConnectTimeoutError(<urllib3.connection.HTTPSConnection object at 0xd90d8dc0>, 'Connection to 103.109.57.250 timed out. (connect timeout=15)')))
HTTPSConnectionPool(host='t.me', port=443): Max retries exceeded with url: //0?embed=1&mode=tme (Caused by ProxyError('Unable to connect to proxy', OSError('Tunnel connection failed: 403 Forbidden')))
HTTPSConnectionPool(host='t.me', port=443): Max retries exceeded with url: //0?embed=1&mode=tme (Caused by ProxyError('Unable to connect to proxy', NewConnectionError('<urllib3.connection.HTTPSConnection object at 0xe8145940>: Failed to establish a new connection: [Errno 111] Connection refused')))
('Connection aborted.', RemoteDisconnected('Remote end closed connection without response'))
HTTPSConnectionPool(host='t.me', port=443): Max retries exceeded with url: //0?embed=1&mode=tme (Caused by ProxyError('Unable to connect to proxy', OSError('Tunnel connection failed: 500 Internal Server Error')))
('Connection aborted.', RemoteDisconnected('Remote end closed connection without response'))
HTTPSConnectionPool(host='t.me', port=443): Read timed out. (read timeout=15)
('Connection aborted.', RemoteDisconnected('Remote end closed connection without response'))
HTTPSConnectionPool(host='t.me', port=443): Max retries exceeded with url: //0?embed=1&mode=tme (Caused by ProxyError('Unable to connect to proxy', ConnectTimeoutError(<urllib3.connection.HTTPSConnection object at 0xd9d1b388>, 'Connection to 93.157.248.108 timed out. (connect timeout=15)')))
HTTPSConnectionPool(host='t.me', port=443): Max retries exceeded with url: //0?embed=1&mode=tme (Caused by ProxyError('Unable to connect to proxy', OSError('Tunnel connection failed: 504 Gateway Timeout')))
HTTPSConnectionPool(host='t.me', port=443): Max retries exceeded with url: //0?embed=1&mode=tme (Caused by ProxyError('Unable to connect to proxy', ConnectTimeoutError(<urllib3.connection.HTTPSConnection object at 0xda9371f0>, 'Connection to 185.208.101.216 timed out. (connect timeout=15)')))
('Connection aborted.', RemoteDisconnected('Remote end closed connection without response'))
HTTPSConnectionPool(host='t.me', port=443): Read timed out. (read timeout=15)
HTTPSConnectionPool(host='t.me', port=443): Max retries exceeded with url: //0?embed=1&mode=tme (Caused by ProxyError('Unable to connect to proxy', ConnectTimeoutError(<urllib3.connection.HTTPSConnection object at 0xe7fd2160>, 'Connection to 41.203.83.66 timed out. (connect timeout=15)')))
HTTPSConnectionPool(host='t.me', port=443): Read timed out. (read timeout=15)
HTTPSConnectionPool(host='t.me', port=443): Read timed out. (read timeout=15)
HTTPSConnectionPool(host='t.me', port=443): Max retries exceeded with url: //0?embed=1&mode=tme (Caused by ProxyError('Unable to connect to proxy', ConnectTimeoutError(<urllib3.connection.HTTPSConnection object at 0xdb5b6ee0>, 'Connection to 212.252.73.23 timed out. (connect timeout=15)')))
('Connection aborted.', RemoteDisconnected('Remote end closed connection without response'))
HTTPSConnectionPool(host='t.me', port=443): Max retries exceeded with url: //0?embed=1&mode=tme (Caused by ProxyError('Unable to connect to proxy', ConnectTimeoutError(<urllib3.connection.HTTPSConnection object at 0xdb5b6e08>, 'Connection to 152.231.25.58 timed out. (connect timeout=15)')))
HTTPSConnectionPool(host='t.me', port=443): Max retries exceeded with url: //0?embed=1&mode=tme (Caused by ProxyError('Unable to connect to proxy', ConnectTimeoutError(<urllib3.connection.HTTPSConnection object at 0xde13ec28>, 'Connection to 8.242.85.6 timed out. (connect timeout=15)')))
HTTPSConnectionPool(host='t.me', port=443): Read timed out. (read timeout=15)
HTTPSConnectionPool(host='t.me', port=443): Max retries exceeded with url: //0?embed=1&mode=tme (Caused by ProxyError('Unable to connect to proxy', ConnectTimeoutError(<urllib3.connection.HTTPSConnection object at 0xdf7f2f88>, 'Connection to 66.70.225.202 timed out. (connect timeout=15)')))
HTTPSConnectionPool(host='t.me', port=443): Max retries exceeded with url: //0?embed=1&mode=tme (Caused by ProxyError('Unable to connect to proxy', OSError('Tunnel connection failed: 400 Bad Request')))
HTTPSConnectionPool(host='t.me', port=443): Read timed out. (read timeout=15)
HTTPSConnectionPool(host='t.me', port=443): Max retries exceeded with url: //0?embed=1&mode=tme (Caused by ProxyError('Unable to connect to proxy', ConnectTimeoutError(<urllib3.connection.HTTPSConnection object at 0xdf7da1c0>, 'Connection to 95.56.254.139 timed out. (connect timeout=15)')))
HTTPSConnectionPool(host='t.me', port=443): Read timed out. (read timeout=15)
HTTPSConnectionPool(host='t.me', port=443): Read timed out. (read timeout=15)
HTTPSConnectionPool(host='t.me', port=443): Max retries exceeded with url: //0?embed=1&mode=tme (Caused by ProxyError('Unable to connect to proxy', ConnectTimeoutError(<urllib3.connection.HTTPSConnection object at 0xe03840e8>, 'Connection to 51.178.43.147 timed out. (connect timeout=15)')))
HTTPSConnectionPool(host='t.me', port=443): Max retries exceeded with url: //0?embed=1&mode=tme (Caused by ProxyError('Unable to connect to proxy', ConnectTimeoutError(<urllib3.connection.HTTPSConnection object at 0xda937b20>, 'Connection to 97.64.69.49 timed out. (connect timeout=15)')))
HTTPSConnectionPool(host='t.me', port=443): Max retries exceeded with url: //0?embed=1&mode=tme (Caused by ProxyError('Unable to connect to proxy', ConnectTimeoutError(<urllib3.connection.HTTPSConnection object at 0xdf7da8b0>, 'Connection to 103.115.243.156 timed out. (connect timeout=15)')))
HTTPSConnectionPool(host='t.me', port=443): Max retries exceeded with url: //0?embed=1&mode=tme (Caused by ProxyError('Unable to connect to proxy', ConnectTimeoutError(<urllib3.connection.HTTPSConnection object at 0xdd619ce8>, 'Connection to 183.179.187.16 timed out. (connect timeout=15)')))
HTTPSConnectionPool(host='t.me', port=443): Max retries exceeded with url: //0?embed=1&mode=tme (Caused by ProxyError('Unable to connect to proxy', ConnectTimeoutError(<urllib3.connection.HTTPSConnection object at 0xda937568>, 'Connection to 103.133.26.59 timed out. (connect timeout=15)')))
HTTPSConnectionPool(host='t.me', port=443): Max retries exceeded with url: //0?embed=1&mode=tme (Caused by ProxyError('Unable to connect to proxy', ConnectTimeoutError(<urllib3.connection.HTTPSConnection object at 0xdebafb20>, 'Connection to 79.137.204.235 timed out. (connect timeout=15)')))
HTTPSConnectionPool(host='t.me', port=443): Max retries exceeded with url: //0?embed=1&mode=tme (Caused by ProxyError('Unable to connect to proxy', OSError('Tunnel connection failed: 504 Gateway Timeout')))
HTTPSConnectionPool(host='t.me', port=443): Max retries exceeded with url: //0?embed=1&mode=tme (Caused by ProxyError('Unable to connect to proxy', ConnectTimeoutError(<urllib3.connection.HTTPSConnection object at 0xdd5f1c10>, 'Connection to 176.235.182.105 timed out. (connect timeout=15)')))
HTTPSConnectionPool(host='t.me', port=443): Max retries exceeded with url: //0?embed=1&mode=tme (Caused by ProxyError('Unable to connect to proxy', ConnectTimeoutError(<urllib3.connection.HTTPSConnection object at 0xe0ebc868>, 'Connection to 103.110.34.136 timed out. (connect timeout=15)')))
HTTPSConnectionPool(host='t.me', port=443): Max retries exceeded with url: //0?embed=1&mode=tme (Caused by ProxyError('Unable to connect to proxy', ConnectTimeoutError(<urllib3.connection.HTTPSConnection object at 0xe1a05658>, 'Connection to 109.195.98.207 timed out. (connect timeout=15)')))
HTTPSConnectionPool(host='t.me', port=443): Max retries exceeded with url: //0?embed=1&mode=tme (Caused by ProxyError('Unable to connect to proxy', ConnectTimeoutError(<urllib3.connection.HTTPSConnection object at 0xe0eccb98>, 'Connection to 103.115.29.65 timed out. (connect timeout=15)')))
HTTPSConnectionPool(host='t.me', port=443): Max retries exceeded with url: //0?embed=1&mode=tme (Caused by ProxyError('Unable to connect to proxy', ConnectTimeoutError(<urllib3.connection.HTTPSConnection object at 0xe1a30238>, 'Connection to 181.81.245.194 timed out. (connect timeout=15)')))
HTTPSConnectionPool(host='t.me', port=443): Read timed out. (read timeout=15)
HTTPSConnectionPool(host='t.me', port=443): Max retries exceeded with url: //0?embed=1&mode=tme (Caused by ProxyError('Unable to connect to proxy', ConnectTimeoutError(<urllib3.connection.HTTPSConnection object at 0xda937628>, 'Connection to 122.185.198.242 timed out. (connect timeout=15)')))
HTTPSConnectionPool(host='t.me', port=443): Max retries exceeded with url: //0?embed=1&mode=tme (Caused by ProxyError('Unable to connect to proxy', ConnectTimeoutError(<urllib3.connection.HTTPSConnection object at 0xe3e77f58>, 'Connection to 38.51.48.82 timed out. (connect timeout=15)')))
HTTPSConnectionPool(host='t.me', port=443): Read timed out. (read timeout=15)
HTTPSConnectionPool(host='t.me', port=443): Max retries exceeded with url: //0?embed=1&mode=tme (Caused by ProxyError('Unable to connect to proxy', OSError('Tunnel connection failed: 400 Bad Request')))
HTTPSConnectionPool(host='t.me', port=443): Max retries exceeded with url: //0?embed=1&mode=tme (Caused by ProxyError('Unable to connect to proxy', ConnectTimeoutError(<urllib3.connection.HTTPSConnection object at 0xdc077910>, 'Connection to 175.106.10.226 timed out. (connect timeout=15)')))
HTTPSConnectionPool(host='t.me', port=443): Max retries exceeded with url: //0?embed=1&mode=tme (Caused by ProxyError('Unable to connect to proxy', ConnectTimeoutError(<urllib3.connection.HTTPSConnection object at 0xdd5f1130>, 'Connection to 103.189.249.195 timed out. (connect timeout=15)')))
HTTPSConnectionPool(host='t.me', port=443): Max retries exceeded with url: //0?embed=1&mode=tme (Caused by ProxyError('Unable to connect to proxy', ConnectTimeoutError(<urllib3.connection.HTTPSConnection object at 0xe1a30298>, 'Connection to 45.11.95.165 timed out. (connect timeout=15)')))
HTTPSConnectionPool(host='t.me', port=443): Read timed out. (read timeout=15)
HTTPSConnectionPool(host='t.me', port=443): Max retries exceeded with url: //0?embed=1&mode=tme (Caused by ProxyError('Unable to connect to proxy', OSError('Tunnel connection failed: 503 Service Unavailable')))
HTTPSConnectionPool(host='t.me', port=443): Max retries exceeded with url: //0?embed=1&mode=tme (Caused by ProxyError('Unable to connect to proxy', ConnectTimeoutError(<urllib3.connection.HTTPSConnection object at 0xe1a30388>, 'Connection to 42.61.48.219 timed out. (connect timeout=15)')))
HTTPSConnectionPool(host='t.me', port=443): Read timed out. (read timeout=15)
HTTPSConnectionPool(host='t.me', port=443): Max retries exceeded with url: //0?embed=1&mode=tme (Caused by ProxyError('Unable to connect to proxy', ConnectTimeoutError(<urllib3.connection.HTTPSConnection object at 0xdd600a48>, 'Connection to 77.65.50.118 timed out. (connect timeout=15)')))
HTTPSConnectionPool(host='t.me', port=443): Read timed out. (read timeout=15)
HTTPSConnectionPool(host='t.me', port=443): Max retries exceeded with url: //0?embed=1&mode=tme (Caused by ProxyError('Unable to connect to proxy', ConnectTimeoutError(<urllib3.connection.HTTPSConnection object at 0xebe6a910>, 'Connection to 111.68.117.200 timed out. (connect timeout=15)')))
('Connection aborted.', RemoteDisconnected('Remote end closed connection without response'))
HTTPSConnectionPool(host='t.me', port=443): Max retries exceeded with url: //0?embed=1&mode=tme (Caused by ProxyError('Unable to connect to proxy', NewConnectionError('<urllib3.connection.HTTPSConnection object at 0xe6a4cf58>: Failed to establish a new connection: [Errno 111] Connection refused')))
HTTPSConnectionPool(host='t.me', port=443): Max retries exceeded with url: //0?embed=1&mode=tme (Caused by ProxyError('Unable to connect to proxy', ConnectTimeoutError(<urllib3.connection.HTTPSConnection object at 0xe738e328>, 'Connection to 125.87.87.108 timed out. (connect timeout=15)')))
HTTPSConnectionPool(host='t.me', port=443): Max retries exceeded with url: //0?embed=1&mode=tme (Caused by ProxyError('Unable to connect to proxy', ConnectTimeoutError(<urllib3.connection.HTTPSConnection object at 0xe739a9e8>, 'Connection to 103.231.249.242 timed out. (connect timeout=15)')))
                                                                                                                                                                                                                                                                                                    HTTPSConnectionPool(host='t.me', port=443): Max retries exceeded with url: //0?embed=1&mode=tme (Caused by ProxyError('Unable to connect to proxy', ConnectTimeoutError(<urllib3.connection.HTTPSConnection object at 0xe739a3a0>, 'Connection to 202.61.246.176 timed out. (connect timeout=15)')))
HTTPSConnectionPool(host='t.me', port=443): Max retries exceeded with url: //0?embed=1&mode=tme (Caused by ProxyError('Unable to connect to proxy', ConnectTimeoutError(<urllib3.connection.HTTPSConnection object at 0xebd44310>, 'Connection to 213.79.104.228 timed out. (connect timeout=15)')))
HTTPSConnectionPool(host='t.me', port=443): Read timed out. (read timeout=15)
HTTPSConnectionPool(host='t.me', port=443): Max retries exceeded with url: //0?embed=1&mode=tme (Caused by ProxyError('Unable to connect to proxy', ConnectTimeoutError(<urllib3.connection.HTTPSConnection object at 0xd7a52e38>, 'Connection to 187.188.171.73 timed out. (connect timeout=15)')))
HTTPSConnectionPool(host='t.me', port=443): Max retries exceeded with url: //0?embed=1&mode=tme (Caused by ProxyError('Unable to connect to proxy', ConnectTimeoutError(<urllib3.connection.HTTPSConnection object at 0xd9cfb508>, 'Connection to 139.255.10.236 timed out. (connect timeout=15)')))
HTTPSConnectionPool(host='t.me', port=443): Max retries exceeded with url: //0?embed=1&mode=tme (Caused by ProxyError('Unable to connect to proxy', OSError('Tunnel connection failed: 400 Bad Request')))
HTTPSConnectionPool(host='t.me', port=443): Max retries exceeded with url: //0?embed=1&mode=tme (Caused by ProxyError('Unable to connect to proxy', OSError('Tunnel connection failed: 404 Not Found')))
HTTPSConnectionPool(host='t.me', port=443): Max retries exceeded with url: //0?embed=1&mode=tme (Caused by ProxyError('Unable to connect to proxy', ConnectTimeoutError(<urllib3.connection.HTTPSConnection object at 0xd90d8a90>, 'Connection to 118.103.233.235 timed out. (connect timeout=15)')))
HTTPSConnectionPool(host='t.me', port=443): Max retries exceeded with url: //0?embed=1&mode=tme (Caused by ProxyError('Unable to connect to proxy', ConnectTimeoutError(<urllib3.connection.HTTPSConnection object at 0xebd9c808>, 'Connection to 202.173.220.50 timed out. (connect timeout=15)')))
HTTPSConnectionPool(host='t.me', port=443): Max retries exceeded with url: //0?embed=1&mode=tme (Caused by ProxyError('Unable to connect to proxy', ConnectTimeoutError(<urllib3.connection.HTTPSConnection object at 0xebd9cb50>, 'Connection to 5.42.74.179 timed out. (connect timeout=15)')))
HTTPSConnectionPool(host='t.me', port=443): Read timed out. (read timeout=15)
HTTPSConnectionPool(host='t.me', port=443): Max retries exceeded with url: //0?embed=1&mode=tme (Caused by ProxyError('Unable to connect to proxy', ConnectTimeoutError(<urllib3.connection.HTTPSConnection object at 0xebe6a718>, 'Connection to 119.18.146.114 timed out. (connect timeout=15)')))
HTTPSConnectionPool(host='t.me', port=443): Read timed out. (read timeout=15)
HTTPSConnectionPool(host='t.me', port=443): Max retries exceeded with url: //0?embed=1&mode=tme (Caused by ProxyError('Unable to connect to proxy', ConnectTimeoutError(<urllib3.connection.HTTPSConnection object at 0xebd9c3d0>, 'Connection to 190.211.250.130 timed out. (connect timeout=15)')))
HTTPSConnectionPool(host='t.me', port=443): Max retries exceeded with url: //0?embed=1&mode=tme (Caused by ProxyError('Unable to connect to proxy', OSError('Tunnel connection failed: 400 Bad Request')))
HTTPSConnectionPool(host='t.me', port=443): Max retries exceeded with url: //0?embed=1&mode=tme (Caused by ProxyError('Unable to connect to proxy', ConnectTimeoutError(<urllib3.connection.HTTPSConnection object at 0xeb186298>, 'Connection to 185.82.98.42 timed out. (connect timeout=15)')))
HTTPSConnectionPool(host='t.me', port=443): Max retries exceeded with url: //0?embed=1&mode=tme (Caused by ProxyError('Unable to connect to proxy', OSError('Tunnel connection failed: 403 Access Denied')))
HTTPSConnectionPool(host='t.me', port=443): Max retries exceeded with url: //0?embed=1&mode=tme (Caused by ProxyError('Unable to connect to proxy', OSError('Tunnel connection failed: 502 Bad Gateway')))
HTTPSConnectionPool(host='t.me', port=443): Max retries exceeded with url: //0?embed=1&mode=tme (Caused by ProxyError('Unable to connect to proxy', ConnectTimeoutError(<urllib3.connection.HTTPSConnection object at 0xd7a52718>, 'Connection to 45.176.95.38 timed out. (connect timeout=15)')))
HTTPSConnectionPool(host='t.me', port=443): Read timed out. (read timeout=15)
HTTPSConnectionPool(host='t.me', port=443): Read timed out. (read timeout=15)
HTTPSConnectionPool(host='t.me', port=443): Read timed out. (read timeout=15)
HTTPSConnectionPool(host='t.me', port=443): Max retries exceeded with url: //0?embed=1&mode=tme (Caused by ProxyError('Unable to connect to proxy', ConnectTimeoutError(<urllib3.connection.HTTPSConnection object at 0xe036b820>, 'Connection to 103.48.69.113 timed out. (connect timeout=15)')))
('Connection aborted.', ConnectionResetError(104, 'Connection reset by peer'))
HTTPSConnectionPool(host='t.me', port=443): Read timed out. (read timeout=15)
HTTPSConnectionPool(host='t.me', port=443): Max retries exceeded with url: //0?embed=1&mode=tme (Caused by ProxyError('Unable to connect to proxy', ConnectTimeoutError(<urllib3.connection.HTTPSConnection object at 0xdc05bb20>, 'Connection to 80.78.64.70 timed out. (connect timeout=15)')))
HTTPSConnectionPool(host='t.me', port=443): Max retries exceeded with url: //0?embed=1&mode=tme (Caused by ProxyError('Unable to connect to proxy', ConnectTimeoutError(<urllib3.connection.HTTPSConnection object at 0xe4ae6f88>, 'Connection to 103.163.231.18 timed out. (connect timeout=15)')))
HTTPSConnectionPool(host='t.me', port=443): Read timed out. (read timeout=15)
HTTPSConnectionPool(host='t.me', port=443): Read timed out. (read timeout=15)
('Connection aborted.', RemoteDisconnected('Remote end closed connection without response'))
HTTPSConnectionPool(host='t.me', port=443): Max retries exceeded with url: //0?embed=1&mode=tme (Caused by ProxyError('Unable to connect to proxy', ConnectTimeoutError(<urllib3.connection.HTTPSConnection object at 0xdcab97c0>, 'Connection to 185.203.238.204 timed out. (connect timeout=15)')))
HTTPSConnectionPool(host='t.me', port=443): Max retries exceeded with url: //0?embed=1&mode=tme (Caused by ProxyError('Unable to connect to proxy', ConnectTimeoutError(<urllib3.connection.HTTPSConnection object at 0xe036bb08>, 'Connection to 62.176.12.111 timed out. (connect timeout=15)')))
HTTPSConnectionPool(host='t.me', port=443): Max retries exceeded with url: //0?embed=1&mode=tme (Caused by ProxyError('Unable to connect to proxy', NewConnectionError('<urllib3.connection.HTTPSConnection object at 0xe8b667d8>: Failed to establish a new connection: [Errno 111] Connection refused')))
HTTPSConnectionPool(host='t.me', port=443): Max retries exceeded with url: //0?embed=1&mode=tme (Caused by ProxyError('Unable to connect to proxy', ConnectTimeoutError(<urllib3.connection.HTTPSConnection object at 0xebeb52b0>, 'Connection to 103.156.221.219 timed out. (connect timeout=15)')))
HTTPSConnectionPool(host='t.me', port=443): Max retries exceeded with url: //0?embed=1&mode=tme (Caused by ProxyError('Unable to connect to proxy', ConnectTimeoutError(<urllib3.connection.HTTPSConnection object at 0xebf89df0>, 'Connection to 103.152.232.69 timed out. (connect timeout=15)')))
HTTPSConnectionPool(host='t.me', port=443): Max retries exceeded with url: //0?embed=1&mode=tme (Caused by ProxyError('Unable to connect to proxy', OSError('Tunnel connection failed: 404 Not Found')))
HTTPSConnectionPool(host='t.me', port=443): Read timed out. (read timeout=15)
HTTPSConnectionPool(host='t.me', port=443): Max retries exceeded with url: //0?embed=1&mode=tme (Caused by ProxyError('Unable to connect to proxy', ConnectTimeoutError(<urllib3.connection.HTTPSConnection object at 0xdf7cae50>, 'Connection to 79.106.228.212 timed out. (connect timeout=15)')))
HTTPSConnectionPool(host='t.me', port=443): Max retries exceeded with url: //0?embed=1&mode=tme (Caused by ProxyError('Unable to connect to proxy', ConnectTimeoutError(<urllib3.connection.HTTPSConnection object at 0xeb186058>, 'Connection to 213.108.127.130 timed out. (connect timeout=15)')))
HTTPSConnectionPool(host='t.me', port=443): Max retries exceeded with url: //0?embed=1&mode=tme (Caused by ProxyError('Unable to connect to proxy', ConnectTimeoutError(<urllib3.connection.HTTPSConnection object at 0xebeb5718>, 'Connection to 190.194.72.57 timed out. (connect timeout=15)')))
HTTPSConnectionPool(host='t.me', port=443): Read timed out. (read timeout=15)
HTTPSConnectionPool(host='t.me', port=443): Read timed out. (read timeout=15)
HTTPSConnectionPool(host='t.me', port=443): Max retries exceeded with url: //0?embed=1&mode=tme (Caused by ProxyError('Unable to connect to proxy', ConnectTimeoutError(<urllib3.connection.HTTPSConnection object at 0xeb186580>, 'Connection to 114.97.88.212 timed out. (connect timeout=15)')))
HTTPSConnectionPool(host='t.me', port=443): Max retries exceeded with url: //0?embed=1&mode=tme (Caused by ProxyError('Unable to connect to proxy', OSError('Tunnel connection failed: 400 Bad Request')))
HTTPSConnectionPool(host='t.me', port=443): Max retries exceeded with url: //0?embed=1&mode=tme (Caused by ProxyError('Unable to connect to proxy', ConnectTimeoutError(<urllib3.connection.HTTPSConnection object at 0xe7fed400>, 'Connection to 103.89.233.226 timed out. (connect timeout=15)')))
HTTPSConnectionPool(host='t.me', port=443): Max retries exceeded with url: //0?embed=1&mode=tme (Caused by ProxyError('Unable to connect to proxy', ConnectTimeoutError(<urllib3.connection.HTTPSConnection object at 0xe7fed748>, 'Connection to 103.14.97.203 timed out. (connect timeout=15)')))
HTTPSConnectionPool(host='t.me', port=443): Max retries exceeded with url: //0?embed=1&mode=tme (Caused by ProxyError('Unable to connect to proxy', ConnectTimeoutError(<urllib3.connection.HTTPSConnection object at 0xd90c7bf8>, 'Connection to 212.110.188.193 timed out. (connect timeout=15)')))
HTTPSConnectionPool(host='t.me', port=443): Max retries exceeded with url: //0?embed=1&mode=tme (Caused by ProxyError('Unable to connect to proxy', OSError('Tunnel connection failed: 500 Internal Server Error')))
HTTPSConnectionPool(host='t.me', port=443): Read timed out. (read timeout=15)
HTTPSConnectionPool(host='t.me', port=443): Max retries exceeded with url: //0?embed=1&mode=tme (Caused by ProxyError('Unable to connect to proxy', ConnectTimeoutError(<urllib3.connection.HTTPSConnection object at 0xd60c6a60>, 'Connection to 213.133.123.122 timed out. (connect timeout=15)')))
HTTPSConnectionPool(host='t.me', port=443): Max retries exceeded with url: //0?embed=1&mode=tme (Caused by ProxyError('Unable to connect to proxy', OSError('Tunnel connection failed: 404 Not Found')))
HTTPSConnectionPool(host='t.me', port=443): Max retries exceeded with url: //0?embed=1&mode=tme (Caused by ProxyError('Unable to connect to proxy', ConnectTimeoutError(<urllib3.connection.HTTPSConnection object at 0xebd6d028>, 'Connection to 186.215.87.194 timed out. (connect timeout=15)')))
HTTPSConnectionPool(host='t.me', port=443): Max retries exceeded with url: //0?embed=1&mode=tme (Caused by ProxyError('Unable to connect to proxy', OSError('Tunnel connection failed: 400 Bad Request')))
HTTPSConnectionPool(host='t.me', port=443): Max retries exceeded with url: //0?embed=1&mode=tme (Caused by ProxyError('Unable to connect to proxy', OSError('Tunnel connection failed: 400 Bad Request')))
HTTPSConnectionPool(host='t.me', port=443): Read timed out. (read timeout=15)
HTTPSConnectionPool(host='t.me', port=443): Max retries exceeded with url: //0?embed=1&mode=tme (Caused by ProxyError('Unable to connect to proxy', ConnectTimeoutError(<urllib3.connection.HTTPSConnection object at 0xe037a400>, 'Connection to 177.69.118.177 timed out. (connect timeout=15)')))
HTTPSConnectionPool(host='t.me', port=443): Max retries exceeded with url: //0?embed=1&mode=tme (Caused by ProxyError('Unable to connect to proxy', OSError('Tunnel connection failed: 400 Bad Request')))
HTTPSConnectionPool(host='t.me', port=443): Max retries exceeded with url: //0?embed=1&mode=tme (Caused by ProxyError('Unable to connect to proxy', ConnectTimeoutError(<urllib3.connection.HTTPSConnection object at 0xe037a6d0>, 'Connection to 89.135.59.71 timed out. (connect timeout=15)')))
HTTPSConnectionPool(host='t.me', port=443): Max retries exceeded with url: //0?embed=1&mode=tme (Caused by ProxyError('Unable to connect to proxy', ConnectTimeoutError(<urllib3.connection.HTTPSConnection object at 0xe4ac8868>, 'Connection to 81.12.40.250 timed out. (connect timeout=15)')))
HTTPSConnectionPool(host='t.me', port=443): Max retries exceeded with url: //0?embed=1&mode=tme (Caused by ProxyError('Unable to connect to proxy', ConnectTimeoutError(<urllib3.connection.HTTPSConnection object at 0xe037a3b8>, 'Connection to 190.97.232.137 timed out. (connect timeout=15)')))
HTTPSConnectionPool(host='t.me', port=443): Max retries exceeded with url: //0?embed=1&mode=tme (Caused by ProxyError('Unable to connect to proxy', ConnectTimeoutError(<urllib3.connection.HTTPSConnection object at 0xe6a3fb20>, 'Connection to 190.90.7.195 timed out. (connect timeout=15)')))
HTTPSConnectionPool(host='t.me', port=443): Max retries exceeded with url: //0?embed=1&mode=tme (Caused by ProxyError('Unable to connect to proxy', ConnectTimeoutError(<urllib3.connection.HTTPSConnection object at 0xebdbbf10>, 'Connection to 103.48.68.101 timed out. (connect timeout=15)')))
HTTPSConnectionPool(host='t.me', port=443): Max retries exceeded with url: //0?embed=1&mode=tme (Caused by ProxyError('Unable to connect to proxy', ConnectTimeoutError(<urllib3.connection.HTTPSConnection object at 0xe037acb8>, 'Connection to 120.28.252.152 timed out. (connect timeout=15)')))
HTTPSConnectionPool(host='t.me', port=443): Read timed out. (read timeout=15)
HTTPSConnectionPool(host='t.me', port=443): Max retries exceeded with url: //0?embed=1&mode=tme (Caused by ProxyError('Unable to connect to proxy', ConnectTimeoutError(<urllib3.connection.HTTPSConnection object at 0xebe76dd8>, 'Connection to 103.184.54.42 timed out. (connect timeout=15)')))
HTTPSConnectionPool(host='t.me', port=443): Max retries exceeded with url: //0?embed=1&mode=tme (Caused by ProxyError('Unable to connect to proxy', ConnectTimeoutError(<urllib3.connection.HTTPSConnection object at 0xe6a3faa8>, 'Connection to 175.178.80.101 timed out. (connect timeout=15)')))
HTTPSConnectionPool(host='t.me', port=443): Max retries exceeded with url: //0?embed=1&mode=tme (Caused by ProxyError('Unable to connect to proxy', ConnectTimeoutError(<urllib3.connection.HTTPSConnection object at 0xdd5e5148>, 'Connection to 45.71.185.244 timed out. (connect timeout=15)')))
HTTPSConnectionPool(host='t.me', port=443): Max retries exceeded with url: //0?embed=1&mode=tme (Caused by ProxyError('Unable to connect to proxy', ConnectTimeoutError(<urllib3.connection.HTTPSConnection object at 0xd7a3a538>, 'Connection to 103.10.61.186 timed out. (connect timeout=15)')))
HTTPSConnectionPool(host='t.me', port=443): Max retries exceeded with url: //0?embed=1&mode=tme (Caused by ProxyError('Unable to connect to proxy', ConnectTimeoutError(<urllib3.connection.HTTPSConnection object at 0xe251b1c0>, 'Connection to 191.243.44.14 timed out. (connect timeout=15)')))
HTTPSConnectionPool(host='t.me', port=443): Read timed out. (read timeout=15)
HTTPSConnectionPool(host='t.me', port=443): Max retries exceeded with url: //0?embed=1&mode=tme (Caused by ProxyError('Unable to connect to proxy', ConnectTimeoutError(<urllib3.connection.HTTPSConnection object at 0xdc04b0a0>, 'Connection to 181.129.183.19 timed out. (connect timeout=15)')))
HTTPSConnectionPool(host='t.me', port=443): Read timed out. (read timeout=15)
HTTPSConnectionPool(host='t.me', port=443): Max retries exceeded with url: //0?embed=1&mode=tme (Caused by ProxyError('Unable to connect to proxy', OSError('Tunnel connection failed: 400 Bad Request')))
HTTPSConnectionPool(host='t.me', port=443): Max retries exceeded with url: //0?embed=1&mode=tme (Caused by ProxyError('Unable to connect to proxy', ConnectTimeoutError(<urllib3.connection.HTTPSConnection object at 0xe33de4c0>, 'Connection to 23.152.40.14 timed out. (connect timeout=15)')))
HTTPSConnectionPool(host='t.me', port=443): Max retries exceeded with url: //0?embed=1&mode=tme (Caused by ProxyError('Unable to connect to proxy', ConnectTimeoutError(<urllib3.connection.HTTPSConnection object at 0xdc04b490>, 'Connection to 118.143.228.6 timed out. (connect timeout=15)')))
HTTPSConnectionPool(host='t.me', port=443): Max retries exceeded with url: //0?embed=1&mode=tme (Caused by ProxyError('Unable to connect to proxy', ConnectTimeoutError(<urllib3.connection.HTTPSConnection object at 0xd7022490>, 'Connection to 186.215.87.194 timed out. (connect timeout=15)')))
HTTPSConnectionPool(host='t.me', port=443): Max retries exceeded with url: //0?embed=1&mode=tme (Caused by ProxyError('Unable to connect to proxy', ConnectTimeoutError(<urllib3.connection.HTTPSConnection object at 0xdd5e57a8>, 'Connection to 5.42.81.57 timed out. (connect timeout=15)')))
HTTPSConnectionPool(host='t.me', port=443): Max retries exceeded with url: //0?embed=1&mode=tme (Caused by SSLError(SSLCertVerificationError(1, '[SSL: CERTIFICATE_VERIFY_FAILED] certificate verify failed: self signed certificate in certificate chain (_ssl.c:1129)')))
HTTPSConnectionPool(host='t.me', port=443): Max retries exceeded with url: //0?embed=1&mode=tme (Caused by ProxyError('Unable to connect to proxy', ConnectTimeoutError(<urllib3.connection.HTTPSConnection object at 0xd7031880>, 'Connection to 185.189.199.77 timed out. (connect timeout=15)')))
HTTPSConnectionPool(host='t.me', port=443): Max retries exceeded with url: //0?embed=1&mode=tme (Caused by ProxyError('Unable to connect to proxy', ConnectTimeoutError(<urllib3.connection.HTTPSConnection object at 0xdcaae298>, 'Connection to 103.167.170.6 timed out. (connect timeout=15)')))
HTTPSConnectionPool(host='t.me', port=443): Read timed out. (read timeout=15)
HTTPSConnectionPool(host='t.me', port=443): Max retries exceeded with url: //0?embed=1&mode=tme (Caused by ProxyError('Unable to connect to proxy', ConnectTimeoutError(<urllib3.connection.HTTPSConnection object at 0xe5a173b8>, 'Connection to 183.165.225.138 timed out. (connect timeout=15)')))
HTTPSConnectionPool(host='t.me', port=443): Max retries exceeded with url: //0?embed=1&mode=tme (Caused by ProxyError('Unable to connect to proxy', ConnectTimeoutError(<urllib3.connection.HTTPSConnection object at 0xdb5897c0>, 'Connection to 45.11.95.166 timed out. (connect timeout=15)')))
HTTPSConnectionPool(host='t.me', port=443): Max retries exceeded with url: //0?embed=1&mode=tme (Caused by ProxyError('Unable to connect to proxy', ConnectTimeoutError(<urllib3.connection.HTTPSConnection object at 0xdcaae790>, 'Connection to 190.94.212.150 timed out. (connect timeout=15)')))
HTTPSConnectionPool(host='t.me', port=443): Max retries exceeded with url: //0?embed=1&mode=tme (Caused by ProxyError('Unable to connect to proxy', ConnectTimeoutError(<urllib3.connection.HTTPSConnection object at 0xe5a17f70>, 'Connection to 119.18.149.110 timed out. (connect timeout=15)')))
HTTPSConnectionPool(host='t.me', port=443): Max retries exceeded with url: //0?embed=1&mode=tme (Caused by ProxyError('Unable to connect to proxy', ConnectTimeoutError(<urllib3.connection.HTTPSConnection object at 0xd60c6088>, 'Connection to 103.155.198.48 timed out. (connect timeout=15)')))
HTTPSConnectionPool(host='t.me', port=443): Max retries exceeded with url: //0?embed=1&mode=tme (Caused by ProxyError('Unable to connect to proxy', ConnectTimeoutError(<urllib3.connection.HTTPSConnection object at 0xe7fed730>, 'Connection to 103.155.199.23 timed out. (connect timeout=15)')))
HTTPSConnectionPool(host='t.me', port=443): Max retries exceeded with url: //0?embed=1&mode=tme (Caused by ProxyError('Unable to connect to proxy', ConnectTimeoutError(<urllib3.connection.HTTPSConnection object at 0xda94d448>, 'Connection to 36.95.142.35 timed out. (connect timeout=15)')))
HTTPSConnectionPool(host='t.me', port=443): Max retries exceeded with url: //0?embed=1&mode=tme (Caused by ProxyError('Unable to connect to proxy', OSError('Tunnel connection failed: 400 Bad Request')))
HTTPSConnectionPool(host='t.me', port=443): Read timed out. (read timeout=15)
HTTPSConnectionPool(host='t.me', port=443): Max retries exceeded with url: //0?embed=1&mode=tme (Caused by ProxyError('Unable to connect to proxy', OSError('Tunnel connection failed: 400 Bad Request')))
HTTPSConnectionPool(host='t.me', port=443): Max retries exceeded with url: //0?embed=1&mode=tme (Caused by ProxyError('Unable to connect to proxy', ConnectTimeoutError(<urllib3.connection.HTTPSConnection object at 0xda94d6d0>, 'Connection to 103.137.218.166 timed out. (connect timeout=15)')))
HTTPSConnectionPool(host='t.me', port=443): Max retries exceeded with url: //0?embed=1&mode=tme (Caused by ProxyError('Unable to connect to proxy', ConnectTimeoutError(<urllib3.connection.HTTPSConnection object at 0xd7015508>, 'Connection to 103.59.45.53 timed out. (connect timeout=15)')))
HTTPSConnectionPool(host='t.me', port=443): Read timed out. (read timeout=15)
HTTPSConnectionPool(host='t.me', port=443): Max retries exceeded with url: //0?embed=1&mode=tme (Caused by ProxyError('Unable to connect to proxy', ConnectTimeoutError(<urllib3.connection.HTTPSConnection object at 0xebd63d00>, 'Connection to 49.156.47.162 timed out. (connect timeout=15)')))
HTTPSConnectionPool(host='t.me', port=443): Max retries exceeded with url: //0?embed=1&mode=tme (Caused by ProxyError('Unable to connect to proxy', ConnectTimeoutError(<urllib3.connection.HTTPSConnection object at 0xe33de9e8>, 'Connection to 103.146.196.97 timed out. (connect timeout=15)')))
HTTPSConnectionPool(host='t.me', port=443): Max retries exceeded with url: //0?embed=1&mode=tme (Caused by ProxyError('Unable to connect to proxy', ConnectTimeoutError(<urllib3.connection.HTTPSConnection object at 0xebd63e98>, 'Connection to 204.11.158.50 timed out. (connect timeout=15)')))
HTTPSConnectionPool(host='t.me', port=443): Max retries exceeded with url: //0?embed=1&mode=tme (Caused by ProxyError('Unable to connect to proxy', ConnectTimeoutError(<urllib3.connection.HTTPSConnection object at 0xd9d25580>, 'Connection to 103.80.230.21 timed out. (connect timeout=15)')))
HTTPSConnectionPool(host='t.me', port=443): Max retries exceeded with url: //0?embed=1&mode=tme (Caused by ProxyError('Unable to connect to proxy', OSError('Tunnel connection failed: 403 Forbidden')))
HTTPSConnectionPool(host='t.me', port=443): Max retries exceeded with url: //0?embed=1&mode=tme (Caused by ProxyError('Unable to connect to proxy', OSError('Tunnel connection failed: 400 Bad Request')))
HTTPSConnectionPool(host='t.me', port=443): Max retries exceeded with url: //0?embed=1&mode=tme (Caused by ProxyError('Unable to connect to proxy', ConnectTimeoutError(<urllib3.connection.HTTPSConnection object at 0xdeb903d0>, 'Connection to 157.119.222.108 timed out. (connect timeout=15)')))
HTTPSConnectionPool(host='t.me', port=443): Max retries exceeded with url: //0?embed=1&mode=tme (Caused by ProxyError('Unable to connect to proxy', ConnectTimeoutError(<urllib3.connection.HTTPSConnection object at 0xe251b9b8>, 'Connection to 43.154.110.161 timed out. (connect timeout=15)')))
HTTPSConnectionPool(host='t.me', port=443): Max retries exceeded with url: //0?embed=1&mode=tme (Caused by ProxyError('Unable to connect to proxy', ConnectTimeoutError(<urllib3.connection.HTTPSConnection object at 0xd9d255f8>, 'Connection to 186.96.97.85 timed out. (connect timeout=15)')))
HTTPSConnectionPool(host='t.me', port=443): Max retries exceeded with url: //0?embed=1&mode=tme (Caused by ProxyError('Unable to connect to proxy', ConnectTimeoutError(<urllib3.connection.HTTPSConnection object at 0xd9d25310>, 'Connection to 45.67.210.47 timed out. (connect timeout=15)')))
('Connection aborted.', RemoteDisconnected('Remote end closed connection without response'))
HTTPSConnectionPool(host='t.me', port=443): Max retries exceeded with url: //0?embed=1&mode=tme (Caused by ProxyError('Unable to connect to proxy', ConnectTimeoutError(<urllib3.connection.HTTPSConnection object at 0xdeb90a48>, 'Connection to 45.11.95.165 timed out. (connect timeout=15)')))
HTTPSConnectionPool(host='t.me', port=443): Read timed out. (read timeout=15)
('Connection aborted.', ConnectionResetError(104, 'Connection reset by peer'))
HTTPSConnectionPool(host='t.me', port=443): Read timed out. (read timeout=15)
HTTPSConnectionPool(host='t.me', port=443): Max retries exceeded with url: //0?embed=1&mode=tme (Caused by ProxyError('Unable to connect to proxy', ConnectTimeoutError(<urllib3.connection.HTTPSConnection object at 0xdb5a5fe8>, 'Connection to 181.232.159.143 timed out. (connect timeout=15)')))
HTTPSConnectionPool(host='t.me', port=443): Max retries exceeded with url: //0?embed=1&mode=tme (Caused by ProxyError('Unable to connect to proxy', ConnectTimeoutError(<urllib3.connection.HTTPSConnection object at 0xd90b7070>, 'Connection to 103.49.28.23 timed out. (connect timeout=15)')))
HTTPSConnectionPool(host='t.me', port=443): Max retries exceeded with url: //0?embed=1&mode=tme (Caused by ProxyError('Unable to connect to proxy', ConnectTimeoutError(<urllib3.connection.HTTPSConnection object at 0xebd6eb20>, 'Connection to 117.57.93.6 timed out. (connect timeout=15)')))
HTTPSConnectionPool(host='t.me', port=443): Max retries exceeded with url: //0?embed=1&mode=tme (Caused by ProxyError('Unable to connect to proxy', NewConnectionError('<urllib3.connection.HTTPSConnection object at 0xe73b3598>: Failed to establish a new connection: [Errno 111] Connection refused')))
HTTPSConnectionPool(host='t.me', port=443): Max retries exceeded with url: //0?embed=1&mode=tme (Caused by ProxyError('Unable to connect to proxy', OSError('Tunnel connection failed: 500 Internal Server Error')))
HTTPSConnectionPool(host='t.me', port=443): Max retries exceeded with url: //0?embed=1&mode=tme (Caused by ProxyError('Unable to connect to proxy', OSError('Tunnel connection failed: 400 Bad Request')))
HTTPSConnectionPool(host='t.me', port=443): Max retries exceeded with url: //0?embed=1&mode=tme (Caused by ProxyError('Unable to connect to proxy', ConnectTimeoutError(<urllib3.connection.HTTPSConnection object at 0xdb59b700>, 'Connection to 103.159.96.131 timed out. (connect timeout=15)')))
('Connection aborted.', RemoteDisconnected('Remote end closed connection without response'))
HTTPSConnectionPool(host='t.me', port=443): Max retries exceeded with url: //0?embed=1&mode=tme (Caused by ProxyError('Unable to connect to proxy', ConnectTimeoutError(<urllib3.connection.HTTPSConnection object at 0xd703daa8>, 'Connection to 185.32.5.130 timed out. (connect timeout=15)')))
HTTPSConnectionPool(host='t.me', port=443): Read timed out. (read timeout=15)
HTTPSConnectionPool(host='t.me', port=443): Max retries exceeded with url: //0?embed=1&mode=tme (Caused by ProxyError('Unable to connect to proxy', ConnectTimeoutError(<urllib3.connection.HTTPSConnection object at 0xd70159a0>, 'Connection to 5.42.74.179 timed out. (connect timeout=15)')))
HTTPSConnectionPool(host='t.me', port=443): Max retries exceeded with url: //0?embed=1&mode=tme (Caused by ProxyError('Unable to connect to proxy', ConnectTimeoutError(<urllib3.connection.HTTPSConnection object at 0xebe841f0>, 'Connection to 103.155.166.149 timed out. (connect timeout=15)')))
HTTPSConnectionPool(host='t.me', port=443): Max retries exceeded with url: //0?embed=1&mode=tme (Caused by ProxyError('Unable to connect to proxy', ConnectTimeoutError(<urllib3.connection.HTTPSConnection object at 0xd60f2ec8>, 'Connection to 43.249.224.170 timed out. (connect timeout=15)')))
HTTPSConnectionPool(host='t.me', port=443): Max retries exceeded with url: //0?embed=1&mode=tme (Caused by ProxyError('Unable to connect to proxy', ConnectTimeoutError(<urllib3.connection.HTTPSConnection object at 0xeb35e400>, 'Connection to 49.48.89.119 timed out. (connect timeout=15)')))
HTTPSConnectionPool(host='t.me', port=443): Max retries exceeded with url: //0?embed=1&mode=tme (Caused by ProxyError('Unable to connect to proxy', ConnectTimeoutError(<urllib3.connection.HTTPSConnection object at 0xebe84b68>, 'Connection to 191.102.254.27 timed out. (connect timeout=15)')))
HTTPSConnectionPool(host='t.me', port=443): Read timed out. (read timeout=15)
HTTPSConnectionPool(host='t.me', port=443): Max retries exceeded with url: //0?embed=1&mode=tme (Caused by ProxyError('Unable to connect to proxy', ConnectTimeoutError(<urllib3.connection.HTTPSConnection object at 0xde14ff70>, 'Connection to 103.36.10.85 timed out. (connect timeout=15)')))
HTTPSConnectionPool(host='t.me', port=443): Max retries exceeded with url: //0?embed=1&mode=tme (Caused by ProxyError('Unable to connect to proxy', NewConnectionError('<urllib3.connection.HTTPSConnection object at 0xe1bc8838>: Failed to establish a new connection: [Errno 111] Connection refused')))
HTTPSConnectionPool(host='t.me', port=443): Max retries exceeded with url: //0?embed=1&mode=tme (Caused by ProxyError('Unable to connect to proxy', ConnectTimeoutError(<urllib3.connection.HTTPSConnection object at 0xebd6e0d0>, 'Connection to 176.194.189.40 timed out. (connect timeout=15)')))
HTTPSConnectionPool(host='t.me', port=443): Max retries exceeded with url: //0?embed=1&mode=tme (Caused by ProxyError('Unable to connect to proxy', ConnectTimeoutError(<urllib3.connection.HTTPSConnection object at 0xe33dee98>, 'Connection to 170.246.85.38 timed out. (connect timeout=15)')))
HTTPSConnectionPool(host='t.me', port=443): Max retries exceeded with url: //0?embed=1&mode=tme (Caused by ProxyError('Unable to connect to proxy', ConnectTimeoutError(<urllib3.connection.HTTPSConnection object at 0xebd6e7c0>, 'Connection to 103.191.155.70 timed out. (connect timeout=15)')))
HTTPSConnectionPool(host='t.me', port=443): Max retries exceeded with url: //0?embed=1&mode=tme (Caused by ProxyError('Unable to connect to proxy', ConnectTimeoutError(<urllib3.connection.HTTPSConnection object at 0xde13e598>, 'Connection to 177.234.240.124 timed out. (connect timeout=15)')))
HTTPSConnectionPool(host='t.me', port=443): Max retries exceeded with url: //0?embed=1&mode=tme (Caused by ProxyError('Unable to connect to proxy', NewConnectionError('<urllib3.connection.HTTPSConnection object at 0xe8151fa0>: Failed to establish a new connection: [Errno 111] Connection refused')))
HTTPSConnectionPool(host='t.me', port=443): Max retries exceeded with url: //0?embed=1&mode=tme (Caused by ProxyError('Unable to connect to proxy', ConnectTimeoutError(<urllib3.connection.HTTPSConnection object at 0xe33c1ce8>, 'Connection to 185.208.101.217 timed out. (connect timeout=15)')))
HTTPSConnectionPool(host='t.me', port=443): Max retries exceeded with url: //0?embed=1&mode=tme (Caused by ProxyError('Unable to connect to proxy', OSError('Tunnel connection failed: 400 Bad Request')))
HTTPSConnectionPool(host='t.me', port=443): Max retries exceeded with url: //0?embed=1&mode=tme (Caused by ProxyError('Unable to connect to proxy', OSError('Tunnel connection failed: 503 Too many open connections')))
HTTPSConnectionPool(host='t.me', port=443): Max retries exceeded with url: //0?embed=1&mode=tme (Caused by ProxyError('Unable to connect to proxy', ConnectTimeoutError(<urllib3.connection.HTTPSConnection object at 0xeb4f8070>, 'Connection to 210.5.10.87 timed out. (connect timeout=15)')))
                                                                                                                                                                                                                                                                                                                                                                                                                                                                                                                                                                                                                                                                                  HTTPSConnectionPool(host='t.me', port=443): Max retries exceeded with url: //0?embed=1&mode=tme (Caused by ProxyError('Unable to connect to proxy', NewConnectionError('<urllib3.connection.HTTPSConnection object at 0xebd63d90>: Failed to establish a new connection: [Errno 111] Connection refused')))
HTTPSConnectionPool(host='t.me', port=443): Max retries exceeded with url: //0?embed=1&mode=tme (Caused by ProxyError('Unable to connect to proxy', ConnectTimeoutError(<urllib3.connection.HTTPSConnection object at 0xeb4f0868>, 'Connection to 5.42.74.179 timed out. (connect timeout=15)')))
HTTPSConnectionPool(host='t.me', port=443): Max retries exceeded with url: //0?embed=1&mode=tme (Caused by ProxyError('Unable to connect to proxy', ConnectTimeoutError(<urllib3.connection.HTTPSConnection object at 0xc489f3a0>, 'Connection to 181.188.206.32 timed out. (connect timeout=15)')))
HTTPSConnectionPool(host='t.me', port=443): Max retries exceeded with url: //0?embed=1&mode=tme (Caused by ProxyError('Unable to connect to proxy', OSError('Tunnel connection failed: 400 Bad Request')))
HTTPSConnectionPool(host='t.me', port=443): Max retries exceeded with url: //0?embed=1&mode=tme (Caused by ProxyError('Unable to connect to proxy', ConnectTimeoutError(<urllib3.connection.HTTPSConnection object at 0xeb4f84d8>, 'Connection to 5.161.179.239 timed out. (connect timeout=15)')))
HTTPSConnectionPool(host='t.me', port=443): Max retries exceeded with url: //0?embed=1&mode=tme (Caused by ProxyError('Unable to connect to proxy', ConnectTimeoutError(<urllib3.connection.HTTPSConnection object at 0xc4896c40>, 'Connection to 190.52.165.120 timed out. (connect timeout=15)')))
HTTPSConnectionPool(host='t.me', port=443): Max retries exceeded with url: //0?embed=1&mode=tme (Caused by ProxyError('Unable to connect to proxy', ConnectTimeoutError(<urllib3.connection.HTTPSConnection object at 0xc4896b98>, 'Connection to 186.24.9.114 timed out. (connect timeout=15)')))
HTTPSConnectionPool(host='t.me', port=443): Max retries exceeded with url: //0?embed=1&mode=tme (Caused by ProxyError('Unable to connect to proxy', ConnectTimeoutError(<urllib3.connection.HTTPSConnection object at 0xeb4f8430>, 'Connection to 103.160.15.38 timed out. (connect timeout=15)')))
HTTPSConnectionPool(host='t.me', port=443): Max retries exceeded with url: //0?embed=1&mode=tme (Caused by ProxyError('Unable to connect to proxy', OSError('Tunnel connection failed: 400 Bad Request')))
HTTPSConnectionPool(host='t.me', port=443): Max retries exceeded with url: //0?embed=1&mode=tme (Caused by ProxyError('Unable to connect to proxy', ConnectTimeoutError(<urllib3.connection.HTTPSConnection object at 0xc48b2730>, 'Connection to 45.71.184.239 timed out. (connect timeout=15)')))
HTTPSConnectionPool(host='t.me', port=443): Max retries exceeded with url: //0?embed=1&mode=tme (Caused by ProxyError('Unable to connect to proxy', ConnectTimeoutError(<urllib3.connection.HTTPSConnection object at 0xc48a5d78>, 'Connection to 188.132.222.3 timed out. (connect timeout=15)')))
HTTPSConnectionPool(host='t.me', port=443): Max retries exceeded with url: //0?embed=1&mode=tme (Caused by ProxyError('Unable to connect to proxy', ConnectTimeoutError(<urllib3.connection.HTTPSConnection object at 0xc48a5a18>, 'Connection to 77.232.21.4 timed out. (connect timeout=15)')))
HTTPSConnectionPool(host='t.me', port=443): Max retries exceeded with url: //0?embed=1&mode=tme (Caused by ProxyError('Unable to connect to proxy', ConnectTimeoutError(<urllib3.connection.HTTPSConnection object at 0xd90d5c70>, 'Connection to 190.242.181.59 timed out. (connect timeout=15)')))
HTTPSConnectionPool(host='t.me', port=443): Max retries exceeded with url: //0?embed=1&mode=tme (Caused by ProxyError('Unable to connect to proxy', ConnectTimeoutError(<urllib3.connection.HTTPSConnection object at 0xc4896b08>, 'Connection to 103.157.83.77 timed out. (connect timeout=15)')))
HTTPSConnectionPool(host='t.me', port=443): Max retries exceeded with url: //0?embed=1&mode=tme (Caused by ProxyError('Unable to connect to proxy', ConnectTimeoutError(<urllib3.connection.HTTPSConnection object at 0xc48c32b0>, 'Connection to 183.164.243.250 timed out. (connect timeout=15)')))
HTTPSConnectionPool(host='t.me', port=443): Max retries exceeded with url: //0?embed=1&mode=tme (Caused by ProxyError('Unable to connect to proxy', ConnectTimeoutError(<urllib3.connection.HTTPSConnection object at 0xc48b2ec8>, 'Connection to 5.42.81.57 timed out. (connect timeout=15)')))
HTTPSConnectionPool(host='t.me', port=443): Max retries exceeded with url: //0?embed=1&mode=tme (Caused by ProxyError('Unable to connect to proxy', ConnectTimeoutError(<urllib3.connection.HTTPSConnection object at 0xc48b2fb8>, 'Connection to 91.240.211.180 timed out. (connect timeout=15)')))
HTTPSConnectionPool(host='t.me', port=443): Max retries exceeded with url: //0?embed=1&mode=tme (Caused by ProxyError('Unable to connect to proxy', ConnectTimeoutError(<urllib3.connection.HTTPSConnection object at 0xc48cb2b0>, 'Connection to 202.154.19.197 timed out. (connect timeout=15)')))
HTTPSConnectionPool(host='t.me', port=443): Max retries exceeded with url: //0?embed=1&mode=tme (Caused by ProxyError('Unable to connect to proxy', ConnectTimeoutError(<urllib3.connection.HTTPSConnection object at 0xc48cb808>, 'Connection to 103.165.125.182 timed out. (connect timeout=15)')))
HTTPSConnectionPool(host='t.me', port=443): Max retries exceeded with url: //0?embed=1&mode=tme (Caused by ProxyError('Unable to connect to proxy', ConnectTimeoutError(<urllib3.connection.HTTPSConnection object at 0xc48c3ac0>, 'Connection to 186.250.29.225 timed out. (connect timeout=15)')))
HTTPSConnectionPool(host='t.me', port=443): Max retries exceeded with url: //0?embed=1&mode=tme (Caused by ProxyError('Unable to connect to proxy', OSError('Tunnel connection failed: 404 Not Found')))
HTTPSConnectionPool(host='t.me', port=443): Max retries exceeded with url: //0?embed=1&mode=tme (Caused by ProxyError('Unable to connect to proxy', ConnectTimeoutError(<urllib3.connection.HTTPSConnection object at 0xc36ef2e0>, 'Connection to 137.59.48.20 timed out. (connect timeout=15)')))
HTTPSConnectionPool(host='t.me', port=443): Read timed out. (read timeout=15)
HTTPSConnectionPool(host='t.me', port=443): Read timed out. (read timeout=15)
HTTPSConnectionPool(host='t.me', port=443): Max retries exceeded with url: //0?embed=1&mode=tme (Caused by ProxyError('Unable to connect to proxy', OSError('Tunnel connection failed: 504 Gateway Timeout')))
HTTPSConnectionPool(host='t.me', port=443): Max retries exceeded with url: //0?embed=1&mode=tme (Caused by ProxyError('Unable to connect to proxy', NewConnectionError('<urllib3.connection.HTTPSConnection object at 0xc3701100>: Failed to establish a new connection: [Errno 111] Connection refused')))
HTTPSConnectionPool(host='t.me', port=443): Max retries exceeded with url: //0?embed=1&mode=tme (Caused by ProxyError('Unable to connect to proxy', ConnectTimeoutError(<urllib3.connection.HTTPSConnection object at 0xc36ef3d0>, 'Connection to 210.165.117.173 timed out. (connect timeout=15)')))
                                                                                                                                                                                                                                                                                                                                                                                                                                                                                                                                                                                                                                                                                                                                                                                                                                                                                                                        HTTPSConnectionPool(host='t.me', port=443): Max retries exceeded with url: //0?embed=1&mode=tme (Caused by ProxyError('Unable to connect to proxy', NewConnectionError('<urllib3.connection.HTTPSConnection object at 0xe81db0e8>: Failed to establish a new connection: [Errno 111] Connection refused')))
HTTPSConnectionPool(host='t.me', port=443): Max retries exceeded with url: //0?embed=1&mode=tme (Caused by ProxyError('Unable to connect to proxy', ConnectTimeoutError(<urllib3.connection.HTTPSConnection object at 0xdb5a5028>, 'Connection to 113.125.82.11 timed out. (connect timeout=15)')))
HTTPSConnectionPool(host='t.me', port=443): Max retries exceeded with url: //0?embed=1&mode=tme (Caused by ProxyError('Unable to connect to proxy', NewConnectionError('<urllib3.connection.HTTPSConnection object at 0xe7fd2c70>: Failed to establish a new connection: [Errno 111] Connection refused')))
HTTPSConnectionPool(host='t.me', port=443): Max retries exceeded with url: //0?embed=1&mode=tme (Caused by ProxyError('Unable to connect to proxy', ConnectTimeoutError(<urllib3.connection.HTTPSConnection object at 0xc3701220>, 'Connection to 43.255.113.232 timed out. (connect timeout=15)')))
HTTPSConnectionPool(host='t.me', port=443): Max retries exceeded with url: //0?embed=1&mode=tme (Caused by ProxyError('Unable to connect to proxy', ConnectTimeoutError(<urllib3.connection.HTTPSConnection object at 0xc36fa748>, 'Connection to 88.255.102.45 timed out. (connect timeout=15)')))
HTTPSConnectionPool(host='t.me', port=443): Max retries exceeded with url: //0?embed=1&mode=tme (Caused by ProxyError('Unable to connect to proxy', NewConnectionError('<urllib3.connection.HTTPSConnection object at 0xda94d310>: Failed to establish a new connection: [Errno 111] Connection refused')))
HTTPSConnectionPool(host='t.me', port=443): Max retries exceeded with url: //0?embed=1&mode=tme (Caused by ProxyError('Unable to connect to proxy', ConnectTimeoutError(<urllib3.connection.HTTPSConnection object at 0xc3701f58>, 'Connection to 125.26.5.140 timed out. (connect timeout=15)')))
HTTPSConnectionPool(host='t.me', port=443): Max retries exceeded with url: //0?embed=1&mode=tme (Caused by ProxyError('Unable to connect to proxy', ConnectTimeoutError(<urllib3.connection.HTTPSConnection object at 0xc36fafe8>, 'Connection to 81.16.245.179 timed out. (connect timeout=15)')))
HTTPSConnectionPool(host='t.me', port=443): Max retries exceeded with url: //0?embed=1&mode=tme (Caused by ProxyError('Unable to connect to proxy', NewConnectionError('<urllib3.connection.HTTPSConnection object at 0xebd90d60>: Failed to establish a new connection: [Errno 111] Connection refused')))
HTTPSConnectionPool(host='t.me', port=443): Read timed out. (read timeout=15)
HTTPSConnectionPool(host='t.me', port=443): Read timed out. (read timeout=15)
HTTPSConnectionPool(host='t.me', port=443): Max retries exceeded with url: //0?embed=1&mode=tme (Caused by ProxyError('Unable to connect to proxy', ConnectTimeoutError(<urllib3.connection.HTTPSConnection object at 0xc3701028>, 'Connection to 23.225.72.123 timed out. (connect timeout=15)')))
HTTPSConnectionPool(host='t.me', port=443): Max retries exceeded with url: //0?embed=1&mode=tme (Caused by ProxyError('Unable to connect to proxy', ConnectTimeoutError(<urllib3.connection.HTTPSConnection object at 0xd60c61d8>, 'Connection to 103.232.20.99 timed out. (connect timeout=15)')))
HTTPSConnectionPool(host='t.me', port=443): Max retries exceeded with url: //0?embed=1&mode=tme (Caused by ProxyError('Unable to connect to proxy', ConnectTimeoutError(<urllib3.connection.HTTPSConnection object at 0xeb285850>, 'Connection to 201.20.118.146 timed out. (connect timeout=15)')))
('Connection aborted.', RemoteDisconnected('Remote end closed connection without response'))
HTTPSConnectionPool(host='t.me', port=443): Max retries exceeded with url: //0?embed=1&mode=tme (Caused by ProxyError('Unable to connect to proxy', ConnectTimeoutError(<urllib3.connection.HTTPSConnection object at 0xc3709568>, 'Connection to 103.247.122.166 timed out. (connect timeout=15)')))
HTTPSConnectionPool(host='t.me', port=443): Max retries exceeded with url: //0?embed=1&mode=tme (Caused by ProxyError('Unable to connect to proxy', ConnectTimeoutError(<urllib3.connection.HTTPSConnection object at 0xc37179a0>, 'Connection to 103.103.89.85 timed out. (connect timeout=15)')))
HTTPSConnectionPool(host='t.me', port=443): Read timed out. (read timeout=15)
HTTPSConnectionPool(host='t.me', port=443): Max retries exceeded with url: //0?embed=1&mode=tme (Caused by ProxyError('Unable to connect to proxy', ConnectTimeoutError(<urllib3.connection.HTTPSConnection object at 0xc3717f40>, 'Connection to 65.109.231.142 timed out. (connect timeout=15)')))
HTTPSConnectionPool(host='t.me', port=443): Read timed out. (read timeout=15)
HTTPSConnectionPool(host='t.me', port=443): Max retries exceeded with url: //0?embed=1&mode=tme (Caused by ProxyError('Unable to connect to proxy', NewConnectionError('<urllib3.connection.HTTPSConnection object at 0xe66d3220>: Failed to establish a new connection: [Errno 111] Connection refused')))
HTTPSConnectionPool(host='t.me', port=443): Read timed out. (read timeout=15)
HTTPSConnectionPool(host='t.me', port=443): Max retries exceeded with url: //0?embed=1&mode=tme (Caused by ProxyError('Unable to connect to proxy', OSError('Tunnel connection failed: 400 Bad Request')))
HTTPSConnectionPool(host='t.me', port=443): Read timed out. (read timeout=15)
HTTPSConnectionPool(host='t.me', port=443): Max retries exceeded with url: //0?embed=1&mode=tme (Caused by ProxyError('Unable to connect to proxy', ConnectTimeoutError(<urllib3.connection.HTTPSConnection object at 0xc278ebe0>, 'Connection to 47.102.198.154 timed out. (connect timeout=15)')))
HTTPSConnectionPool(host='t.me', port=443): Max retries exceeded with url: //0?embed=1&mode=tme (Caused by ProxyError('Unable to connect to proxy', ConnectTimeoutError(<urllib3.connection.HTTPSConnection object at 0xc1ad6280>, 'Connection to 185.67.95.91 timed out. (connect timeout=15)')))
HTTPSConnectionPool(host='t.me', port=443): Read timed out. (read timeout=15)
HTTPSConnectionPool(host='t.me', port=443): Max retries exceeded with url: //0?embed=1&mode=tme (Caused by ProxyError('Unable to connect to proxy', OSError('Tunnel connection failed: 400 Bad Request')))
HTTPSConnectionPool(host='t.me', port=443): Max retries exceeded with url: //0?embed=1&mode=tme (Caused by ProxyError('Unable to connect to proxy', ConnectTimeoutError(<urllib3.connection.HTTPSConnection object at 0xebd81e68>, 'Connection to 113.118.159.168 timed out. (connect timeout=15)')))
HTTPSConnectionPool(host='t.me', port=443): Max retries exceeded with url: //0?embed=1&mode=tme (Caused by ProxyError('Unable to connect to proxy', ConnectTimeoutError(<urllib3.connection.HTTPSConnection object at 0xe3ea2970>, 'Connection to 79.137.204.235 timed out. (connect timeout=15)')))
HTTPSConnectionPool(host='t.me', port=443): Max retries exceeded with url: //0?embed=1&mode=tme (Caused by ProxyError('Unable to connect to proxy', NewConnectionError('<urllib3.connection.HTTPSConnection object at 0xc48b2d60>: Failed to establish a new connection: [Errno 111] Connection refused')))
HTTPSConnectionPool(host='t.me', port=443): Max retries exceeded with url: //0?embed=1&mode=tme (Caused by ProxyError('Unable to connect to proxy', ConnectTimeoutError(<urllib3.connection.HTTPSConnection object at 0xc1aef5e0>, 'Connection to 47.116.15.2 timed out. (connect timeout=15)')))
HTTPSConnectionPool(host='t.me', port=443): Max retries exceeded with url: //0?embed=1&mode=tme (Caused by ProxyError('Unable to connect to proxy', ConnectTimeoutError(<urllib3.connection.HTTPSConnection object at 0xd700cbe0>, 'Connection to 221.216.137.62 timed out. (connect timeout=15)')))
HTTPSConnectionPool(host='t.me', port=443): Max retries exceeded with url: //0?embed=1&mode=tme (Caused by ProxyError('Unable to connect to proxy', ConnectTimeoutError(<urllib3.connection.HTTPSConnection object at 0xc1b000d0>, 'Connection to 189.240.60.169 timed out. (connect timeout=15)')))
('Connection aborted.', RemoteDisconnected('Remote end closed connection without response'))
HTTPSConnectionPool(host='t.me', port=443): Max retries exceeded with url: //0?embed=1&mode=tme (Caused by ProxyError('Unable to connect to proxy', OSError('Tunnel connection failed: 400 Bad Request')))
HTTPSConnectionPool(host='t.me', port=443): Read timed out. (read timeout=15)
HTTPSConnectionPool(host='t.me', port=443): Max retries exceeded with url: //0?embed=1&mode=tme (Caused by ProxyError('Unable to connect to proxy', OSError('Tunnel connection failed: 403 Access Denied')))
HTTPSConnectionPool(host='t.me', port=443): Max retries exceeded with url: //0?embed=1&mode=tme (Caused by ProxyError('Unable to connect to proxy', OSError('Tunnel connection failed: 500 Internal Server Error')))
HTTPSConnectionPool(host='t.me', port=443): Read timed out. (read timeout=15)
HTTPSConnectionPool(host='t.me', port=443): Max retries exceeded with url: //0?embed=1&mode=tme (Caused by ProxyError('Unable to connect to proxy', ConnectTimeoutError(<urllib3.connection.HTTPSConnection object at 0xc37099d0>, 'Connection to 103.122.33.34 timed out. (connect timeout=15)')))
HTTPSConnectionPool(host='t.me', port=443): Max retries exceeded with url: //0?embed=1&mode=tme (Caused by ProxyError('Unable to connect to proxy', ConnectTimeoutError(<urllib3.connection.HTTPSConnection object at 0xc1b00340>, 'Connection to 95.57.216.118 timed out. (connect timeout=15)')))
HTTPSConnectionPool(host='t.me', port=443): Max retries exceeded with url: //0?embed=1&mode=tme (Caused by ProxyError('Unable to connect to proxy', ConnectTimeoutError(<urllib3.connection.HTTPSConnection object at 0xe3ea2940>, 'Connection to 156.200.116.74 timed out. (connect timeout=15)')))
HTTPSConnectionPool(host='t.me', port=443): Max retries exceeded with url: //0?embed=1&mode=tme (Caused by ProxyError('Unable to connect to proxy', ConnectTimeoutError(<urllib3.connection.HTTPSConnection object at 0xc1ad60d0>, 'Connection to 118.31.1.154 timed out. (connect timeout=15)')))
HTTPSConnectionPool(host='t.me', port=443): Max retries exceeded with url: //0?embed=1&mode=tme (Caused by ProxyError('Unable to connect to proxy', ConnectTimeoutError(<urllib3.connection.HTTPSConnection object at 0xc27656b8>, 'Connection to 93.190.24.119 timed out. (connect timeout=15)')))
HTTPSConnectionPool(host='t.me', port=443): Max retries exceeded with url: //0?embed=1&mode=tme (Caused by ProxyError('Unable to connect to proxy', ConnectTimeoutError(<urllib3.connection.HTTPSConnection object at 0xe4ad5958>, 'Connection to 43.224.119.34 timed out. (connect timeout=15)')))
HTTPSConnectionPool(host='t.me', port=443): Max retries exceeded with url: //0?embed=1&mode=tme (Caused by ProxyError('Unable to connect to proxy', ConnectTimeoutError(<urllib3.connection.HTTPSConnection object at 0xebd44a18>, 'Connection to 103.114.97.98 timed out. (connect timeout=15)')))
HTTPSConnectionPool(host='t.me', port=443): Max retries exceeded with url: //0?embed=1&mode=tme (Caused by ProxyError('Unable to connect to proxy', ConnectTimeoutError(<urllib3.connection.HTTPSConnection object at 0xe252cf88>, 'Connection to 39.109.113.97 timed out. (connect timeout=15)')))
HTTPSConnectionPool(host='t.me', port=443): Max retries exceeded with url: //0?embed=1&mode=tme (Caused by ProxyError('Unable to connect to proxy', ConnectTimeoutError(<urllib3.connection.HTTPSConnection object at 0xc126d460>, 'Connection to 103.151.177.106 timed out. (connect timeout=15)')))
HTTPSConnectionPool(host='t.me', port=443): Max retries exceeded with url: //0?embed=1&mode=tme (Caused by ProxyError('Unable to connect to proxy', ConnectTimeoutError(<urllib3.connection.HTTPSConnection object at 0xc3717238>, 'Connection to 190.97.238.83 timed out. (connect timeout=15)')))
('Connection aborted.', RemoteDisconnected('Remote end closed connection without response'))
HTTPSConnectionPool(host='t.me', port=443): Max retries exceeded with url: //0?embed=1&mode=tme (Caused by ProxyError('Unable to connect to proxy', ConnectTimeoutError(<urllib3.connection.HTTPSConnection object at 0xc126d358>, 'Connection to 167.99.236.14 timed out. (connect timeout=15)')))
HTTPSConnectionPool(host='t.me', port=443): Read timed out. (read timeout=15)
HTTPSConnectionPool(host='t.me', port=443): Max retries exceeded with url: //0?embed=1&mode=tme (Caused by ProxyError('Unable to connect to proxy', ConnectTimeoutError(<urllib3.connection.HTTPSConnection object at 0xc127a958>, 'Connection to 5.42.74.179 timed out. (connect timeout=15)')))
HTTPSConnectionPool(host='t.me', port=443): Read timed out. (read timeout=15)
HTTPSConnectionPool(host='t.me', port=443): Read timed out. (read timeout=15)
HTTPSConnectionPool(host='t.me', port=443): Max retries exceeded with url: //0?embed=1&mode=tme (Caused by ProxyError('Unable to connect to proxy', ConnectTimeoutError(<urllib3.connection.HTTPSConnection object at 0xc125e550>, 'Connection to 176.100.12.235 timed out. (connect timeout=15)')))
HTTPSConnectionPool(host='t.me', port=443): Max retries exceeded with url: //0?embed=1&mode=tme (Caused by ProxyError('Unable to connect to proxy', OSError('Tunnel connection failed: 400 Bad Request')))
HTTPSConnectionPool(host='t.me', port=443): Max retries exceeded with url: //0?embed=1&mode=tme (Caused by ProxyError('Unable to connect to proxy', ConnectTimeoutError(<urllib3.connection.HTTPSConnection object at 0xc127afa0>, 'Connection to 134.122.26.11 timed out. (connect timeout=15)')))
HTTPSConnectionPool(host='t.me', port=443): Max retries exceeded with url: //0?embed=1&mode=tme (Caused by ProxyError('Unable to connect to proxy', ConnectTimeoutError(<urllib3.connection.HTTPSConnection object at 0xc1289bc8>, 'Connection to 103.10.231.189 timed out. (connect timeout=15)')))
HTTPSConnectionPool(host='t.me', port=443): Read timed out. (read timeout=15)
HTTPSConnectionPool(host='t.me', port=443): Max retries exceeded with url: //0?embed=1&mode=tme (Caused by ProxyError('Unable to connect to proxy', ConnectTimeoutError(<urllib3.connection.HTTPSConnection object at 0xc1ad6c88>, 'Connection to 38.87.239.141 timed out. (connect timeout=15)')))
HTTPSConnectionPool(host='t.me', port=443): Read timed out. (read timeout=15)
HTTPSConnectionPool(host='t.me', port=443): Max retries exceeded with url: //0?embed=1&mode=tme (Caused by ProxyError('Unable to connect to proxy', ConnectTimeoutError(<urllib3.connection.HTTPSConnection object at 0xc1294820>, 'Connection to 181.78.19.248 timed out. (connect timeout=15)')))
HTTPSConnectionPool(host='t.me', port=443): Max retries exceeded with url: //0?embed=1&mode=tme (Caused by ProxyError('Unable to connect to proxy', OSError('Tunnel connection failed: 400 Bad Request')))
HTTPSConnectionPool(host='t.me', port=443): Max retries exceeded with url: //0?embed=1&mode=tme (Caused by ProxyError('Unable to connect to proxy', ConnectTimeoutError(<urllib3.connection.HTTPSConnection object at 0xc03cce08>, 'Connection to 45.4.201.94 timed out. (connect timeout=15)')))
HTTPSConnectionPool(host='t.me', port=443): Max retries exceeded with url: //0?embed=1&mode=tme (Caused by ProxyError('Unable to connect to proxy', ConnectTimeoutError(<urllib3.connection.HTTPSConnection object at 0xc1b005e0>, 'Connection to 202.40.179.30 timed out. (connect timeout=15)')))
HTTPSConnectionPool(host='t.me', port=443): Max retries exceeded with url: //0?embed=1&mode=tme (Caused by ProxyError('Unable to connect to proxy', OSError('Tunnel connection failed: 400 Bad Request')))
HTTPSConnectionPool(host='t.me', port=443): Max retries exceeded with url: //0?embed=1&mode=tme (Caused by ProxyError('Unable to connect to proxy', OSError('Tunnel connection failed: 400 Bad Request')))
('Connection aborted.', RemoteDisconnected('Remote end closed connection without response'))
HTTPSConnectionPool(host='t.me', port=443): Read timed out. (read timeout=15)
HTTPSConnectionPool(host='t.me', port=443): Max retries exceeded with url: //0?embed=1&mode=tme (Caused by ProxyError('Unable to connect to proxy', ConnectTimeoutError(<urllib3.connection.HTTPSConnection object at 0xc03f7268>, 'Connection to 75.89.101.63 timed out. (connect timeout=15)')))
HTTPSConnectionPool(host='t.me', port=443): Max retries exceeded with url: //0?embed=1&mode=tme (Caused by ProxyError('Unable to connect to proxy', ConnectTimeoutError(<urllib3.connection.HTTPSConnection object at 0xc3709748>, 'Connection to 205.196.184.69 timed out. (connect timeout=15)')))
HTTPSConnectionPool(host='t.me', port=443): Max retries exceeded with url: //0?embed=1&mode=tme (Caused by ProxyError('Unable to connect to proxy', OSError('Tunnel connection failed: 407 Proxy Authentication Required')))
HTTPSConnectionPool(host='t.me', port=443): Max retries exceeded with url: //0?embed=1&mode=tme (Caused by ProxyError('Unable to connect to proxy', ConnectTimeoutError(<urllib3.connection.HTTPSConnection object at 0xc03eacd0>, 'Connection to 114.97.89.75 timed out. (connect timeout=15)')))
HTTPSConnectionPool(host='t.me', port=443): Max retries exceeded with url: //0?embed=1&mode=tme (Caused by ProxyError('Unable to connect to proxy', ConnectTimeoutError(<urllib3.connection.HTTPSConnection object at 0xc03f7310>, 'Connection to 183.234.215.11 timed out. (connect timeout=15)')))
HTTPSConnectionPool(host='t.me', port=443): Read timed out. (read timeout=15)
HTTPSConnectionPool(host='t.me', port=443): Max retries exceeded with url: //0?embed=1&mode=tme (Caused by ProxyError('Unable to connect to proxy', ConnectTimeoutError(<urllib3.connection.HTTPSConnection object at 0xc03f75e0>, 'Connection to 191.97.6.150 timed out. (connect timeout=15)')))
HTTPSConnectionPool(host='t.me', port=443): Max retries exceeded with url: //0?embed=1&mode=tme (Caused by ProxyError('Unable to connect to proxy', ConnectTimeoutError(<urllib3.connection.HTTPSConnection object at 0xc0408298>, 'Connection to 45.70.201.51 timed out. (connect timeout=15)')))
HTTPSConnectionPool(host='t.me', port=443): Max retries exceeded with url: //0?embed=1&mode=tme (Caused by ProxyError('Unable to connect to proxy', ConnectTimeoutError(<urllib3.connection.HTTPSConnection object at 0xc0408bc8>, 'Connection to 119.18.149.24 timed out. (connect timeout=15)')))
HTTPSConnectionPool(host='t.me', port=443): Read timed out. (read timeout=15)
HTTPSConnectionPool(host='t.me', port=443): Read timed out. (read timeout=15)
HTTPSConnectionPool(host='t.me', port=443): Max retries exceeded with url: //0?embed=1&mode=tme (Caused by ProxyError('Unable to connect to proxy', ConnectTimeoutError(<urllib3.connection.HTTPSConnection object at 0xc0408c28>, 'Connection to 103.158.253.187 timed out. (connect timeout=15)')))
HTTPSConnectionPool(host='t.me', port=443): Max retries exceeded with url: //0?embed=1&mode=tme (Caused by ProxyError('Unable to connect to proxy', ConnectTimeoutError(<urllib3.connection.HTTPSConnection object at 0xbf956490>, 'Connection to 139.129.162.65 timed out. (connect timeout=15)')))
HTTPSConnectionPool(host='t.me', port=443): Max retries exceeded with url: //0?embed=1&mode=tme (Caused by ProxyError('Unable to connect to proxy', ConnectTimeoutError(<urllib3.connection.HTTPSConnection object at 0xbf956df0>, 'Connection to 193.138.178.6 timed out. (connect timeout=15)')))
HTTPSConnectionPool(host='t.me', port=443): Max retries exceeded with url: //0?embed=1&mode=tme (Caused by ProxyError('Unable to connect to proxy', ConnectTimeoutError(<urllib3.connection.HTTPSConnection object at 0xbf9567a8>, 'Connection to 46.100.106.242 timed out. (connect timeout=15)')))
HTTPSConnectionPool(host='t.me', port=443): Max retries exceeded with url: //0?embed=1&mode=tme (Caused by ProxyError('Unable to connect to proxy', ConnectTimeoutError(<urllib3.connection.HTTPSConnection object at 0xbf956988>, 'Connection to 119.95.226.211 timed out. (connect timeout=15)')))
HTTPSConnectionPool(host='t.me', port=443): Max retries exceeded with url: //0?embed=1&mode=tme (Caused by ProxyError('Unable to connect to proxy', ConnectTimeoutError(<urllib3.connection.HTTPSConnection object at 0xbf96b670>, 'Connection to 23.225.72.122 timed out. (connect timeout=15)')))
HTTPSConnectionPool(host='t.me', port=443): Max retries exceeded with url: //0?embed=1&mode=tme (Caused by ProxyError('Unable to connect to proxy', ConnectTimeoutError(<urllib3.connection.HTTPSConnection object at 0xbf96bf88>, 'Connection to 76.169.129.241 timed out. (connect timeout=15)')))
HTTPSConnectionPool(host='t.me', port=443): Max retries exceeded with url: //0?embed=1&mode=tme (Caused by ProxyError('Unable to connect to proxy', ConnectTimeoutError(<urllib3.connection.HTTPSConnection object at 0xe1a1c970>, 'Connection to 203.112.79.90 timed out. (connect timeout=15)')))
HTTPSConnectionPool(host='t.me', port=443): Max retries exceeded with url: //0?embed=1&mode=tme (Caused by ProxyError('Unable to connect to proxy', ConnectTimeoutError(<urllib3.connection.HTTPSConnection object at 0xbf974c70>, 'Connection to 157.119.211.133 timed out. (connect timeout=15)')))
HTTPSConnectionPool(host='t.me', port=443): Max retries exceeded with url: //0?embed=1&mode=tme (Caused by ProxyError('Unable to connect to proxy', NewConnectionError('<urllib3.connection.HTTPSConnection object at 0xe0eb1058>: Failed to establish a new connection: [Errno 111] Connection refused')))
HTTPSConnectionPool(host='t.me', port=443): Max retries exceeded with url: //0?embed=1&mode=tme (Caused by ProxyError('Unable to connect to proxy', ConnectTimeoutError(<urllib3.connection.HTTPSConnection object at 0xbf974e38>, 'Connection to 27.147.132.124 timed out. (connect timeout=15)')))
HTTPSConnectionPool(host='t.me', port=443): Max retries exceeded with url: //0?embed=1&mode=tme (Caused by ProxyError('Unable to connect to proxy', NewConnectionError('<urllib3.connection.HTTPSConnection object at 0xc36efd60>: Failed to establish a new connection: [Errno 111] Connection refused')))
HTTPSConnectionPool(host='t.me', port=443): Max retries exceeded with url: //0?embed=1&mode=tme (Caused by ProxyError('Unable to connect to proxy', NewConnectionError('<urllib3.connection.HTTPSConnection object at 0xc1ae2238>: Failed to establish a new connection: [Errno 113] No route to host')))
HTTPSConnectionPool(host='t.me', port=443): Read timed out. (read timeout=15)
('Connection aborted.', ConnectionResetError(104, 'Connection reset by peer'))
HTTPSConnectionPool(host='t.me', port=443): Max retries exceeded with url: //0?embed=1&mode=tme (Caused by ProxyError('Unable to connect to proxy', NewConnectionError('<urllib3.connection.HTTPSConnection object at 0xc1ae20e8>: Failed to establish a new connection: [Errno 111] Connection refused')))
HTTPSConnectionPool(host='t.me', port=443): Read timed out. (read timeout=15)
HTTPSConnectionPool(host='t.me', port=443): Max retries exceeded with url: //0?embed=1&mode=tme (Caused by ProxyError('Unable to connect to proxy', ConnectTimeoutError(<urllib3.connection.HTTPSConnection object at 0xbecd00d0>, 'Connection to 115.127.13.154 timed out. (connect timeout=15)')))
HTTPSConnectionPool(host='t.me', port=443): Read timed out. (read timeout=15)
HTTPSConnectionPool(host='t.me', port=443): Max retries exceeded with url: //0?embed=1&mode=tme (Caused by ProxyError('Unable to connect to proxy', ConnectTimeoutError(<urllib3.connection.HTTPSConnection object at 0xc125e598>, 'Connection to 112.78.155.77 timed out. (connect timeout=15)')))
HTTPSConnectionPool(host='t.me', port=443): Max retries exceeded with url: //0?embed=1&mode=tme (Caused by ProxyError('Unable to connect to proxy', ConnectTimeoutError(<urllib3.connection.HTTPSConnection object at 0xbecd0658>, 'Connection to 149.34.210.62 timed out. (connect timeout=15)')))
HTTPSConnectionPool(host='t.me', port=443): Read timed out. (read timeout=15)
HTTPSConnectionPool(host='t.me', port=443): Read timed out. (read timeout=15)
HTTPSConnectionPool(host='t.me', port=443): Max retries exceeded with url: //0?embed=1&mode=tme (Caused by ProxyError('Unable to connect to proxy', OSError('Tunnel connection failed: 403 Access Denied')))
HTTPSConnectionPool(host='t.me', port=443): Max retries exceeded with url: //0?embed=1&mode=tme (Caused by ProxyError('Unable to connect to proxy', ConnectTimeoutError(<urllib3.connection.HTTPSConnection object at 0xc3701718>, 'Connection to 103.148.39.38 timed out. (connect timeout=15)')))
HTTPSConnectionPool(host='t.me', port=443): Read timed out. (read timeout=15)
HTTPSConnectionPool(host='t.me', port=443): Max retries exceeded with url: //0?embed=1&mode=tme (Caused by ProxyError('Unable to connect to proxy', ConnectTimeoutError(<urllib3.connection.HTTPSConnection object at 0xc03dc718>, 'Connection to 181.28.111.161 timed out. (connect timeout=15)')))
HTTPSConnectionPool(host='t.me', port=443): Max retries exceeded with url: //0?embed=1&mode=tme (Caused by ProxyError('Unable to connect to proxy', ConnectTimeoutError(<urllib3.connection.HTTPSConnection object at 0xbecd06d0>, 'Connection to 43.255.113.232 timed out. (connect timeout=15)')))
HTTPSConnectionPool(host='t.me', port=443): Max retries exceeded with url: //0?embed=1&mode=tme (Caused by ProxyError('Unable to connect to proxy', ConnectTimeoutError(<urllib3.connection.HTTPSConnection object at 0xbecf2508>, 'Connection to 187.245.214.7 timed out. (connect timeout=15)')))
HTTPSConnectionPool(host='t.me', port=443): Max retries exceeded with url: //0?embed=1&mode=tme (Caused by ProxyError('Unable to connect to proxy', NewConnectionError('<urllib3.connection.HTTPSConnection object at 0xdcac7df0>: Failed to establish a new connection: [Errno 111] Connection refused')))
HTTPSConnectionPool(host='t.me', port=443): Max retries exceeded with url: //0?embed=1&mode=tme (Caused by ProxyError('Unable to connect to proxy', ConnectTimeoutError(<urllib3.connection.HTTPSConnection object at 0xbe145ac0>, 'Connection to 45.71.202.146 timed out. (connect timeout=15)')))
HTTPSConnectionPool(host='t.me', port=443): Read timed out. (read timeout=15)
HTTPSConnectionPool(host='t.me', port=443): Max retries exceeded with url: //0?embed=1&mode=tme (Caused by ProxyError('Unable to connect to proxy', ConnectTimeoutError(<urllib3.connection.HTTPSConnection object at 0xbe145aa8>, 'Connection to 45.190.187.122 timed out. (connect timeout=15)')))
HTTPSConnectionPool(host='t.me', port=443): Max retries exceeded with url: //0?embed=1&mode=tme (Caused by ProxyError('Unable to connect to proxy', ConnectTimeoutError(<urllib3.connection.HTTPSConnection object at 0xbecf24a8>, 'Connection to 103.162.141.146 timed out. (connect timeout=15)')))
HTTPSConnectionPool(host='t.me', port=443): Max retries exceeded with url: //0?embed=1&mode=tme (Caused by ProxyError('Unable to connect to proxy', ConnectTimeoutError(<urllib3.connection.HTTPSConnection object at 0xbf96b8c8>, 'Connection to 103.177.176.62 timed out. (connect timeout=15)')))
HTTPSConnectionPool(host='t.me', port=443): Max retries exceeded with url: //0?embed=1&mode=tme (Caused by ProxyError('Unable to connect to proxy', ConnectTimeoutError(<urllib3.connection.HTTPSConnection object at 0xbe1541f0>, 'Connection to 159.224.45.64 timed out. (connect timeout=15)')))
HTTPSConnectionPool(host='t.me', port=443): Max retries exceeded with url: //0?embed=1&mode=tme (Caused by ProxyError('Unable to connect to proxy', NewConnectionError('<urllib3.connection.HTTPSConnection object at 0xc1ad6ac0>: Failed to establish a new connection: [Errno 111] Connection refused')))
HTTPSConnectionPool(host='t.me', port=443): Max retries exceeded with url: //0?embed=1&mode=tme (Caused by ProxyError('Unable to connect to proxy', ConnectTimeoutError(<urllib3.connection.HTTPSConnection object at 0xbe1625b0>, 'Connection to 202.29.222.254 timed out. (connect timeout=15)')))
HTTPSConnectionPool(host='t.me', port=443): Max retries exceeded with url: //0?embed=1&mode=tme (Caused by ProxyError('Unable to connect to proxy', ConnectTimeoutError(<urllib3.connection.HTTPSConnection object at 0xbe145220>, 'Connection to 45.11.95.165 timed out. (connect timeout=15)')))
HTTPSConnectionPool(host='t.me', port=443): Max retries exceeded with url: //0?embed=1&mode=tme (Caused by ProxyError('Unable to connect to proxy', ConnectTimeoutError(<urllib3.connection.HTTPSConnection object at 0xbe16db68>, 'Connection to 103.58.95.5 timed out. (connect timeout=15)')))
HTTPSConnectionPool(host='t.me', port=443): Max retries exceeded with url: //0?embed=1&mode=tme (Caused by ProxyError('Unable to connect to proxy', NewConnectionError('<urllib3.connection.HTTPSConnection object at 0xe3ea2ef8>: Failed to establish a new connection: [Errno 111] Connection refused')))
HTTPSConnectionPool(host='t.me', port=443): Max retries exceeded with url: //0?embed=1&mode=tme (Caused by ProxyError('Unable to connect to proxy', ConnectTimeoutError(<urllib3.connection.HTTPSConnection object at 0xbe1624d8>, 'Connection to 47.89.25.204 timed out. (connect timeout=15)')))
HTTPSConnectionPool(host='t.me', port=443): Max retries exceeded with url: //0?embed=1&mode=tme (Caused by ProxyError('Unable to connect to proxy', ConnectTimeoutError(<urllib3.connection.HTTPSConnection object at 0xbe16d310>, 'Connection to 41.76.219.23 timed out. (connect timeout=15)')))
HTTPSConnectionPool(host='t.me', port=443): Max retries exceeded with url: //0?embed=1&mode=tme (Caused by ProxyError('Unable to connect to proxy', ConnectTimeoutError(<urllib3.connection.HTTPSConnection object at 0xbe180790>, 'Connection to 202.145.11.210 timed out. (connect timeout=15)')))
HTTPSConnectionPool(host='t.me', port=443): Max retries exceeded with url: //0?embed=1&mode=tme (Caused by ProxyError('Unable to connect to proxy', ConnectTimeoutError(<urllib3.connection.HTTPSConnection object at 0xbe1801d8>, 'Connection to 102.214.164.245 timed out. (connect timeout=15)')))
HTTPSConnectionPool(host='t.me', port=443): Max retries exceeded with url: //0?embed=1&mode=tme (Caused by ProxyError('Unable to connect to proxy', ConnectTimeoutError(<urllib3.connection.HTTPSConnection object at 0xbe180da8>, 'Connection to 189.240.60.166 timed out. (connect timeout=15)')))
HTTPSConnectionPool(host='t.me', port=443): Max retries exceeded with url: //0?embed=1&mode=tme (Caused by ProxyError('Unable to connect to proxy', NewConnectionError('<urllib3.connection.HTTPSConnection object at 0xc127a3d0>: Failed to establish a new connection: [Errno 111] Connection refused')))
HTTPSConnectionPool(host='t.me', port=443): Max retries exceeded with url: //0?embed=1&mode=tme (Caused by ProxyError('Unable to connect to proxy', ConnectTimeoutError(<urllib3.connection.HTTPSConnection object at 0xbecc3580>, 'Connection to 191.102.254.26 timed out. (connect timeout=15)')))
HTTPSConnectionPool(host='t.me', port=443): Max retries exceeded with url: //0?embed=1&mode=tme (Caused by ProxyError('Unable to connect to proxy', ConnectTimeoutError(<urllib3.connection.HTTPSConnection object at 0xdd600898>, 'Connection to 178.236.246.151 timed out. (connect timeout=15)')))
HTTPSConnectionPool(host='t.me', port=443): Max retries exceeded with url: //0?embed=1&mode=tme (Caused by ProxyError('Unable to connect to proxy', ConnectTimeoutError(<urllib3.connection.HTTPSConnection object at 0xbd5e7268>, 'Connection to 132.255.50.126 timed out. (connect timeout=15)')))
HTTPSConnectionPool(host='t.me', port=443): Max retries exceeded with url: //0?embed=1&mode=tme (Caused by ProxyError('Unable to connect to proxy', ConnectTimeoutError(<urllib3.connection.HTTPSConnection object at 0xdd600a60>, 'Connection to 201.71.2.103 timed out. (connect timeout=15)')))
HTTPSConnectionPool(host='t.me', port=443): Max retries exceeded with url: //0?embed=1&mode=tme (Caused by ProxyError('Unable to connect to proxy', NewConnectionError('<urllib3.connection.HTTPSConnection object at 0xe5a17400>: Failed to establish a new connection: [Errno 111] Connection refused')))
HTTPSConnectionPool(host='t.me', port=443): Max retries exceeded with url: //0?embed=1&mode=tme (Caused by ProxyError('Unable to connect to proxy', OSError('Tunnel connection failed: 400 Bad Request')))
HTTPSConnectionPool(host='t.me', port=443): Read timed out. (read timeout=15)
                                                                                                                                                                                                                                                                                                    HTTPSConnectionPool(host='t.me', port=443): Max retries exceeded with url: //0?embed=1&mode=tme (Caused by ProxyError('Unable to connect to proxy', ConnectTimeoutError(<urllib3.connection.HTTPSConnection object at 0xd700c430>, 'Connection to 89.109.252.139 timed out. (connect timeout=15)')))
HTTPSConnectionPool(host='t.me', port=443): Read timed out. (read timeout=15)
('Connection aborted.', RemoteDisconnected('Remote end closed connection without response'))
HTTPSConnectionPool(host='t.me', port=443): Max retries exceeded with url: //0?embed=1&mode=tme (Caused by ProxyError('Unable to connect to proxy', NewConnectionError('<urllib3.connection.HTTPSConnection object at 0xbe145f28>: Failed to establish a new connection: [Errno 111] Connection refused')))
HTTPSConnectionPool(host='t.me', port=443): Max retries exceeded with url: //0?embed=1&mode=tme (Caused by ProxyError('Unable to connect to proxy', NewConnectionError('<urllib3.connection.HTTPSConnection object at 0xc127a400>: Failed to establish a new connection: [Errno 111] Connection refused')))
HTTPSConnectionPool(host='t.me', port=443): Max retries exceeded with url: //0?embed=1&mode=tme (Caused by ProxyError('Unable to connect to proxy', ConnectTimeoutError(<urllib3.connection.HTTPSConnection object at 0xbd5f7aa8>, 'Connection to 185.74.6.248 timed out. (connect timeout=15)')))
HTTPSConnectionPool(host='t.me', port=443): Max retries exceeded with url: //0?embed=1&mode=tme (Caused by ProxyError('Unable to connect to proxy', OSError('Tunnel connection failed: 404 Not Found')))
HTTPSConnectionPool(host='t.me', port=443): Max retries exceeded with url: //0?embed=1&mode=tme (Caused by ProxyError('Unable to connect to proxy', ConnectTimeoutError(<urllib3.connection.HTTPSConnection object at 0xbe180bb0>, 'Connection to 190.97.238.86 timed out. (connect timeout=15)')))
HTTPSConnectionPool(host='t.me', port=443): Max retries exceeded with url: //0?embed=1&mode=tme (Caused by ProxyError('Unable to connect to proxy', OSError('Tunnel connection failed: 400 Bad Request')))
HTTPSConnectionPool(host='t.me', port=443): Max retries exceeded with url: //0?embed=1&mode=tme (Caused by ProxyError('Unable to connect to proxy', NewConnectionError('<urllib3.connection.HTTPSConnection object at 0xe33d15e0>: Failed to establish a new connection: [Errno 111] Connection refused')))
('Connection aborted.', ConnectionResetError(104, 'Connection reset by peer'))
HTTPSConnectionPool(host='t.me', port=443): Max retries exceeded with url: //0?embed=1&mode=tme (Caused by ProxyError('Unable to connect to proxy', ConnectTimeoutError(<urllib3.connection.HTTPSConnection object at 0xbc832fd0>, 'Connection to 5.42.78.239 timed out. (connect timeout=15)')))
HTTPSConnectionPool(host='t.me', port=443): Max retries exceeded with url: //0?embed=1&mode=tme (Caused by ProxyError('Unable to connect to proxy', OSError('Tunnel connection failed: 407 Proxy Authentication Required')))
HTTPSConnectionPool(host='t.me', port=443): Max retries exceeded with url: //0?embed=1&mode=tme (Caused by ProxyError('Unable to connect to proxy', ConnectTimeoutError(<urllib3.connection.HTTPSConnection object at 0xbc832220>, 'Connection to 103.146.38.53 timed out. (connect timeout=15)')))
HTTPSConnectionPool(host='t.me', port=443): Max retries exceeded with url: //0?embed=1&mode=tme (Caused by ProxyError('Unable to connect to proxy', ConnectTimeoutError(<urllib3.connection.HTTPSConnection object at 0xbd5f7700>, 'Connection to 5.42.74.179 timed out. (connect timeout=15)')))
HTTPSConnectionPool(host='t.me', port=443): Max retries exceeded with url: //0?embed=1&mode=tme (Caused by ProxyError('Unable to connect to proxy', ConnectTimeoutError(<urllib3.connection.HTTPSConnection object at 0xbc840988>, 'Connection to 165.16.55.19 timed out. (connect timeout=15)')))
HTTPSConnectionPool(host='t.me', port=443): Max retries exceeded with url: //0?embed=1&mode=tme (Caused by ProxyError('Unable to connect to proxy', ConnectTimeoutError(<urllib3.connection.HTTPSConnection object at 0xbc840dc0>, 'Connection to 192.158.15.201 timed out. (connect timeout=15)')))
HTTPSConnectionPool(host='t.me', port=443): Max retries exceeded with url: //0?embed=1&mode=tme (Caused by ProxyError('Unable to connect to proxy', ConnectTimeoutError(<urllib3.connection.HTTPSConnection object at 0xdd600d48>, 'Connection to 181.78.21.147 timed out. (connect timeout=15)')))
HTTPSConnectionPool(host='t.me', port=443): Read timed out. (read timeout=15)
HTTPSConnectionPool(host='t.me', port=443): Max retries exceeded with url: //0?embed=1&mode=tme (Caused by ProxyError('Unable to connect to proxy', ConnectTimeoutError(<urllib3.connection.HTTPSConnection object at 0xbc850490>, 'Connection to 177.93.60.70 timed out. (connect timeout=15)')))
HTTPSConnectionPool(host='t.me', port=443): Max retries exceeded with url: //0?embed=1&mode=tme (Caused by ProxyError('Unable to connect to proxy', ConnectTimeoutError(<urllib3.connection.HTTPSConnection object at 0xbc850d00>, 'Connection to 62.33.136.222 timed out. (connect timeout=15)')))
HTTPSConnectionPool(host='t.me', port=443): Read timed out. (read timeout=15)
HTTPSConnectionPool(host='t.me', port=443): Max retries exceeded with url: //0?embed=1&mode=tme (Caused by ProxyError('Unable to connect to proxy', ConnectTimeoutError(<urllib3.connection.HTTPSConnection object at 0xbc840b38>, 'Connection to 103.188.173.238 timed out. (connect timeout=15)')))
('Connection aborted.', RemoteDisconnected('Remote end closed connection without response'))
('Connection aborted.', RemoteDisconnected('Remote end closed connection without response'))
HTTPSConnectionPool(host='t.me', port=443): Max retries exceeded with url: //0?embed=1&mode=tme (Caused by ProxyError('Unable to connect to proxy', ConnectTimeoutError(<urllib3.connection.HTTPSConnection object at 0xbc86a928>, 'Connection to 103.172.23.82 timed out. (connect timeout=15)')))
HTTPSConnectionPool(host='t.me', port=443): Max retries exceeded with url: //0?embed=1&mode=tme (Caused by ProxyError('Unable to connect to proxy', ConnectTimeoutError(<urllib3.connection.HTTPSConnection object at 0xbbdbb1d8>, 'Connection to 5.42.74.179 timed out. (connect timeout=15)')))
HTTPSConnectionPool(host='t.me', port=443): Max retries exceeded with url: //0?embed=1&mode=tme (Caused by ProxyError('Unable to connect to proxy', OSError('Tunnel connection failed: 404 Not Found')))
HTTPSConnectionPool(host='t.me', port=443): Max retries exceeded with url: //0?embed=1&mode=tme (Caused by ProxyError('Unable to connect to proxy', ConnectTimeoutError(<urllib3.connection.HTTPSConnection object at 0xbbdbb118>, 'Connection to 12.88.29.66 timed out. (connect timeout=15)')))
HTTPSConnectionPool(host='t.me', port=443): Read timed out. (read timeout=15)
HTTPSConnectionPool(host='t.me', port=443): Read timed out. (read timeout=15)
('Connection aborted.', ConnectionResetError(104, 'Connection reset by peer'))
HTTPSConnectionPool(host='t.me', port=443): Read timed out. (read timeout=15)
HTTPSConnectionPool(host='t.me', port=443): Max retries exceeded with url: //0?embed=1&mode=tme (Caused by ProxyError('Unable to connect to proxy', ConnectTimeoutError(<urllib3.connection.HTTPSConnection object at 0xbbdbbbe0>, 'Connection to 188.132.222.72 timed out. (connect timeout=15)')))
HTTPSConnectionPool(host='t.me', port=443): Read timed out. (read timeout=15)
HTTPSConnectionPool(host='t.me', port=443): Max retries exceeded with url: //0?embed=1&mode=tme (Caused by ProxyError('Unable to connect to proxy', ConnectTimeoutError(<urllib3.connection.HTTPSConnection object at 0xbbdd9208>, 'Connection to 176.236.232.70 timed out. (connect timeout=15)')))
HTTPSConnectionPool(host='t.me', port=443): Max retries exceeded with url: //0?embed=1&mode=tme (Caused by ProxyError('Unable to connect to proxy', ConnectTimeoutError(<urllib3.connection.HTTPSConnection object at 0xbc86a760>, 'Connection to 36.89.245.65 timed out. (connect timeout=15)')))
HTTPSConnectionPool(host='t.me', port=443): Read timed out. (read timeout=15)
('Connection aborted.', RemoteDisconnected('Remote end closed connection without response'))
HTTPSConnectionPool(host='t.me', port=443): Max retries exceeded with url: //0?embed=1&mode=tme (Caused by ProxyError('Unable to connect to proxy', OSError('Tunnel connection failed: 502 Bad Gateway')))
HTTPSConnectionPool(host='t.me', port=443): Max retries exceeded with url: //0?embed=1&mode=tme (Caused by ProxyError('Unable to connect to proxy', ConnectTimeoutError(<urllib3.connection.HTTPSConnection object at 0xbbde8238>, 'Connection to 186.65.104.20 timed out. (connect timeout=15)')))
HTTPSConnectionPool(host='t.me', port=443): Max retries exceeded with url: //0?embed=1&mode=tme (Caused by ProxyError('Unable to connect to proxy', NewConnectionError('<urllib3.connection.HTTPSConnection object at 0xe3ea2400>: Failed to establish a new connection: [Errno 111] Connection refused')))
HTTPSConnectionPool(host='t.me', port=443): Max retries exceeded with url: //0?embed=1&mode=tme (Caused by ProxyError('Unable to connect to proxy', NewConnectionError('<urllib3.connection.HTTPSConnection object at 0xbecd2da8>: Failed to establish a new connection: [Errno 111] Connection refused')))
HTTPSConnectionPool(host='t.me', port=443): Read timed out. (read timeout=15)
HTTPSConnectionPool(host='t.me', port=443): Max retries exceeded with url: //0?embed=1&mode=tme (Caused by ProxyError('Unable to connect to proxy', NewConnectionError('<urllib3.connection.HTTPSConnection object at 0xbe145028>: Failed to establish a new connection: [Errno 111] Connection refused')))
HTTPSConnectionPool(host='t.me', port=443): Max retries exceeded with url: //0?embed=1&mode=tme (Caused by ProxyError('Unable to connect to proxy', NewConnectionError('<urllib3.connection.HTTPSConnection object at 0xbd5cb160>: Failed to establish a new connection: [Errno 111] Connection refused')))
HTTPSConnectionPool(host='t.me', port=443): Max retries exceeded with url: //0?embed=1&mode=tme (Caused by ProxyError('Unable to connect to proxy', NewConnectionError('<urllib3.connection.HTTPSConnection object at 0xbecc3658>: Failed to establish a new connection: [Errno 111] Connection refused')))
HTTPSConnectionPool(host='t.me', port=443): Max retries exceeded with url: //0?embed=1&mode=tme (Caused by ProxyError('Unable to connect to proxy', ConnectTimeoutError(<urllib3.connection.HTTPSConnection object at 0xbb33ae68>, 'Connection to 114.134.92.46 timed out. (connect timeout=15)')))
HTTPSConnectionPool(host='t.me', port=443): Max retries exceeded with url: //0?embed=1&mode=tme (Caused by ProxyError('Unable to connect to proxy', NewConnectionError('<urllib3.connection.HTTPSConnection object at 0xe3e91c40>: Failed to establish a new connection: [Errno 111] Connection refused')))
('Connection aborted.', ConnectionResetError(104, 'Connection reset by peer'))
HTTPSConnectionPool(host='t.me', port=443): Max retries exceeded with url: //0?embed=1&mode=tme (Caused by ProxyError('Unable to connect to proxy', NewConnectionError('<urllib3.connection.HTTPSConnection object at 0xebdbba30>: Failed to establish a new connection: [Errno 111] Connection refused')))
HTTPSConnectionPool(host='t.me', port=443): Max retries exceeded with url: //0?embed=1&mode=tme (Caused by ProxyError('Unable to connect to proxy', ConnectTimeoutError(<urllib3.connection.HTTPSConnection object at 0xbb3591c0>, 'Connection to 165.227.221.83 timed out. (connect timeout=15)')))
HTTPSConnectionPool(host='t.me', port=443): Max retries exceeded with url: //0?embed=1&mode=tme (Caused by ProxyError('Unable to connect to proxy', NewConnectionError('<urllib3.connection.HTTPSConnection object at 0xebd90c40>: Failed to establish a new connection: [Errno 111] Connection refused')))
HTTPSConnectionPool(host='t.me', port=443): Max retries exceeded with url: //0?embed=1&mode=tme (Caused by ProxyError('Unable to connect to proxy', NewConnectionError('<urllib3.connection.HTTPSConnection object at 0xe33de790>: Failed to establish a new connection: [Errno 111] Connection refused')))
HTTPSConnectionPool(host='t.me', port=443): Read timed out. (read timeout=15)
HTTPSConnectionPool(host='t.me', port=443): Max retries exceeded with url: //0?embed=1&mode=tme (Caused by ProxyError('Unable to connect to proxy', NewConnectionError('<urllib3.connection.HTTPSConnection object at 0xeac10b68>: Failed to establish a new connection: [Errno 111] Connection refused')))
HTTPSConnectionPool(host='t.me', port=443): Max retries exceeded with url: //0?embed=1&mode=tme (Caused by ProxyError('Unable to connect to proxy', ConnectTimeoutError(<urllib3.connection.HTTPSConnection object at 0xbb3598c8>, 'Connection to 189.240.60.164 timed out. (connect timeout=15)')))
HTTPSConnectionPool(host='t.me', port=443): Read timed out. (read timeout=15)
HTTPSConnectionPool(host='t.me', port=443): Max retries exceeded with url: //0?embed=1&mode=tme (Caused by ProxyError('Unable to connect to proxy', NewConnectionError('<urllib3.connection.HTTPSConnection object at 0xebecc100>: Failed to establish a new connection: [Errno 111] Connection refused')))
HTTPSConnectionPool(host='t.me', port=443): Max retries exceeded with url: //0?embed=1&mode=tme (Caused by ProxyError('Unable to connect to proxy', NewConnectionError('<urllib3.connection.HTTPSConnection object at 0xc2774100>: Failed to establish a new connection: [Errno 111] Connection refused')))
HTTPSConnectionPool(host='t.me', port=443): Max retries exceeded with url: //0?embed=1&mode=tme (Caused by ProxyError('Unable to connect to proxy', ConnectTimeoutError(<urllib3.connection.HTTPSConnection object at 0xbb3740e8>, 'Connection to 157.119.222.104 timed out. (connect timeout=15)')))
HTTPSConnectionPool(host='t.me', port=443): Max retries exceeded with url: //0?embed=1&mode=tme (Caused by ProxyError('Unable to connect to proxy', NewConnectionError('<urllib3.connection.HTTPSConnection object at 0xbb34cf10>: Failed to establish a new connection: [Errno 111] Connection refused')))
HTTPSConnectionPool(host='t.me', port=443): Max retries exceeded with url: //0?embed=1&mode=tme (Caused by ProxyError('Unable to connect to proxy', ConnectTimeoutError(<urllib3.connection.HTTPSConnection object at 0xbb374b50>, 'Connection to 138.204.20.160 timed out. (connect timeout=15)')))
HTTPSConnectionPool(host='t.me', port=443): Max retries exceeded with url: //0?embed=1&mode=tme (Caused by ProxyError('Unable to connect to proxy', ConnectTimeoutError(<urllib3.connection.HTTPSConnection object at 0xbb374670>, 'Connection to 14.241.111.97 timed out. (connect timeout=15)')))
HTTPSConnectionPool(host='t.me', port=443): Max retries exceeded with url: //0?embed=1&mode=tme (Caused by ProxyError('Unable to connect to proxy', NewConnectionError('<urllib3.connection.HTTPSConnection object at 0xdcaae550>: Failed to establish a new connection: [Errno 111] Connection refused')))
HTTPSConnectionPool(host='t.me', port=443): Max retries exceeded with url: //0?embed=1&mode=tme (Caused by ProxyError('Unable to connect to proxy', ConnectTimeoutError(<urllib3.connection.HTTPSConnection object at 0xbb374850>, 'Connection to 168.194.248.18 timed out. (connect timeout=15)')))
('Connection aborted.', ConnectionResetError(104, 'Connection reset by peer'))
HTTPSConnectionPool(host='t.me', port=443): Max retries exceeded with url: //0?embed=1&mode=tme (Caused by ProxyError('Unable to connect to proxy', OSError('Tunnel connection failed: 403 Forbidden')))
HTTPSConnectionPool(host='t.me', port=443): Max retries exceeded with url: //0?embed=1&mode=tme (Caused by ProxyError('Unable to connect to proxy', NewConnectionError('<urllib3.connection.HTTPSConnection object at 0xe6787970>: Failed to establish a new connection: [Errno 111] Connection refused')))
HTTPSConnectionPool(host='t.me', port=443): Max retries exceeded with url: //0?embed=1&mode=tme (Caused by ProxyError('Unable to connect to proxy', ConnectTimeoutError(<urllib3.connection.HTTPSConnection object at 0xc2780bc8>, 'Connection to 37.182.79.112 timed out. (connect timeout=15)')))
HTTPSConnectionPool(host='t.me', port=443): Read timed out. (read timeout=15)
                                                                              HTTPSConnectionPool(host='t.me', port=443): Max retries exceeded with url: //0?embed=1&mode=tme (Caused by ProxyError('Unable to connect to proxy', NewConnectionError('<urllib3.connection.HTTPSConnection object at 0xe67878c8>: Failed to establish a new connection: [Errno 111] Connection refused')))
HTTPSConnectionPool(host='t.me', port=443): Max retries exceeded with url: //0?embed=1&mode=tme (Caused by ProxyError('Unable to connect to proxy', ConnectTimeoutError(<urllib3.connection.HTTPSConnection object at 0xeac03820>, 'Connection to 131.100.51.97 timed out. (connect timeout=15)')))
HTTPSConnectionPool(host='t.me', port=443): Max retries exceeded with url: //0?embed=1&mode=tme (Caused by ProxyError('Unable to connect to proxy', NewConnectionError('<urllib3.connection.HTTPSConnection object at 0xe820f760>: Failed to establish a new connection: [Errno 111] Connection refused')))
HTTPSConnectionPool(host='t.me', port=443): Max retries exceeded with url: //0?embed=1&mode=tme (Caused by ProxyError('Unable to connect to proxy', ConnectTimeoutError(<urllib3.connection.HTTPSConnection object at 0xc2780328>, 'Connection to 200.76.42.201 timed out. (connect timeout=15)')))
HTTPSConnectionPool(host='t.me', port=443): Max retries exceeded with url: //0?embed=1&mode=tme (Caused by ProxyError('Unable to connect to proxy', ConnectTimeoutError(<urllib3.connection.HTTPSConnection object at 0xeac10538>, 'Connection to 114.97.89.246 timed out. (connect timeout=15)')))
HTTPSConnectionPool(host='t.me', port=443): Max retries exceeded with url: //0?embed=1&mode=tme (Caused by ProxyError('Unable to connect to proxy', NewConnectionError('<urllib3.connection.HTTPSConnection object at 0xdeb75c40>: Failed to establish a new connection: [Errno 111] Connection refused')))
HTTPSConnectionPool(host='t.me', port=443): Max retries exceeded with url: //0?embed=1&mode=tme (Caused by ProxyError('Unable to connect to proxy', NewConnectionError('<urllib3.connection.HTTPSConnection object at 0xe3ea2700>: Failed to establish a new connection: [Errno 111] Connection refused')))
HTTPSConnectionPool(host='t.me', port=443): Max retries exceeded with url: //0?embed=1&mode=tme (Caused by ProxyError('Unable to connect to proxy', NewConnectionError('<urllib3.connection.HTTPSConnection object at 0xc03dc100>: Failed to establish a new connection: [Errno 111] Connection refused')))
HTTPSConnectionPool(host='t.me', port=443): Max retries exceeded with url: //0?embed=1&mode=tme (Caused by ProxyError('Unable to connect to proxy', ConnectTimeoutError(<urllib3.connection.HTTPSConnection object at 0xeac039e8>, 'Connection to 176.77.9.22 timed out. (connect timeout=15)')))
HTTPSConnectionPool(host='t.me', port=443): Read timed out. (read timeout=15)
HTTPSConnectionPool(host='t.me', port=443): Max retries exceeded with url: //0?embed=1&mode=tme (Caused by ProxyError('Unable to connect to proxy', NewConnectionError('<urllib3.connection.HTTPSConnection object at 0xbb3740e8>: Failed to establish a new connection: [Errno 111] Connection refused')))
HTTPSConnectionPool(host='t.me', port=443): Read timed out. (read timeout=15)
HTTPSConnectionPool(host='t.me', port=443): Max retries exceeded with url: //0?embed=1&mode=tme (Caused by ProxyError('Unable to connect to proxy', NewConnectionError('<urllib3.connection.HTTPSConnection object at 0xbf9887d8>: Failed to establish a new connection: [Errno 111] Connection refused')))
HTTPSConnectionPool(host='t.me', port=443): Max retries exceeded with url: //0?embed=1&mode=tme (Caused by ProxyError('Unable to connect to proxy', NewConnectionError('<urllib3.connection.HTTPSConnection object at 0xbb359628>: Failed to establish a new connection: [Errno 111] Connection refused')))
HTTPSConnectionPool(host='t.me', port=443): Max retries exceeded with url: //0?embed=1&mode=tme (Caused by ProxyError('Unable to connect to proxy', NewConnectionError('<urllib3.connection.HTTPSConnection object at 0xbb364ef8>: Failed to establish a new connection: [Errno 111] Connection refused')))
HTTPSConnectionPool(host='t.me', port=443): Max retries exceeded with url: //0?embed=1&mode=tme (Caused by ProxyError('Unable to connect to proxy', NewConnectionError('<urllib3.connection.HTTPSConnection object at 0xbb359748>: Failed to establish a new connection: [Errno 111] Connection refused')))
HTTPSConnectionPool(host='t.me', port=443): Max retries exceeded with url: //0?embed=1&mode=tme (Caused by ProxyError('Unable to connect to proxy', NewConnectionError('<urllib3.connection.HTTPSConnection object at 0xbb3642e0>: Failed to establish a new connection: [Errno 111] Connection refused')))
HTTPSConnectionPool(host='t.me', port=443): Max retries exceeded with url: //0?embed=1&mode=tme (Caused by ProxyError('Unable to connect to proxy', ConnectTimeoutError(<urllib3.connection.HTTPSConnection object at 0xeac031d8>, 'Connection to 222.174.178.122 timed out. (connect timeout=15)')))
HTTPSConnectionPool(host='t.me', port=443): Max retries exceeded with url: //0?embed=1&mode=tme (Caused by ProxyError('Unable to connect to proxy', ConnectTimeoutError(<urllib3.connection.HTTPSConnection object at 0xeac1f970>, 'Connection to 119.92.236.184 timed out. (connect timeout=15)')))
HTTPSConnectionPool(host='t.me', port=443): Max retries exceeded with url: //0?embed=1&mode=tme (Caused by ProxyError('Unable to connect to proxy', NewConnectionError('<urllib3.connection.HTTPSConnection object at 0xe4ac81c0>: Failed to establish a new connection: [Errno 111] Connection refused')))
HTTPSConnectionPool(host='t.me', port=443): Max retries exceeded with url: //0?embed=1&mode=tme (Caused by ProxyError('Unable to connect to proxy', NewConnectionError('<urllib3.connection.HTTPSConnection object at 0xe8bf8d18>: Failed to establish a new connection: [Errno 111] Connection refused')))
HTTPSConnectionPool(host='t.me', port=443): Max retries exceeded with url: //0?embed=1&mode=tme (Caused by ProxyError('Unable to connect to proxy', NewConnectionError('<urllib3.connection.HTTPSConnection object at 0xbbde8268>: Failed to establish a new connection: [Errno 111] Connection refused')))
HTTPSConnectionPool(host='t.me', port=443): Max retries exceeded with url: //0?embed=1&mode=tme (Caused by ProxyError('Unable to connect to proxy', ConnectTimeoutError(<urllib3.connection.HTTPSConnection object at 0xd7031628>, 'Connection to 36.6.144.247 timed out. (connect timeout=15)')))
HTTPSConnectionPool(host='t.me', port=443): Max retries exceeded with url: //0?embed=1&mode=tme (Caused by ProxyError('Unable to connect to proxy', ConnectTimeoutError(<urllib3.connection.HTTPSConnection object at 0xeac1fd90>, 'Connection to 201.174.38.160 timed out. (connect timeout=15)')))
HTTPSConnectionPool(host='t.me', port=443): Max retries exceeded with url: //0?embed=1&mode=tme (Caused by ProxyError('Unable to connect to proxy', ConnectTimeoutError(<urllib3.connection.HTTPSConnection object at 0xeac2a6e8>, 'Connection to 103.230.49.132 timed out. (connect timeout=15)')))
HTTPSConnectionPool(host='t.me', port=443): Max retries exceeded with url: //0?embed=1&mode=tme (Caused by ProxyError('Unable to connect to proxy', NewConnectionError('<urllib3.connection.HTTPSConnection object at 0xbbdbb118>: Failed to establish a new connection: [Errno 111] Connection refused')))
('Connection aborted.', RemoteDisconnected('Remote end closed connection without response'))
HTTPSConnectionPool(host='t.me', port=443): Max retries exceeded with url: //0?embed=1&mode=tme (Caused by ProxyError('Unable to connect to proxy', ConnectTimeoutError(<urllib3.connection.HTTPSConnection object at 0xeac106d0>, 'Connection to 5.42.81.57 timed out. (connect timeout=15)')))
HTTPSConnectionPool(host='t.me', port=443): Max retries exceeded with url: //0?embed=1&mode=tme (Caused by ProxyError('Unable to connect to proxy', NewConnectionError('<urllib3.connection.HTTPSConnection object at 0xebd901d8>: Failed to establish a new connection: [Errno 111] Connection refused')))
HTTPSConnectionPool(host='t.me', port=443): Read timed out. (read timeout=15)
HTTPSConnectionPool(host='t.me', port=443): Read timed out. (read timeout=15)
HTTPSConnectionPool(host='t.me', port=443): Max retries exceeded with url: //0?embed=1&mode=tme (Caused by ProxyError('Unable to connect to proxy', NewConnectionError('<urllib3.connection.HTTPSConnection object at 0xe33eaa60>: Failed to establish a new connection: [Errno 111] Connection refused')))
HTTPSConnectionPool(host='t.me', port=443): Max retries exceeded with url: //0?embed=1&mode=tme (Caused by ProxyError('Unable to connect to proxy', NewConnectionError('<urllib3.connection.HTTPSConnection object at 0xe6787868>: Failed to establish a new connection: [Errno 111] Connection refused')))
HTTPSConnectionPool(host='t.me', port=443): Max retries exceeded with url: //0?embed=1&mode=tme (Caused by ProxyError('Unable to connect to proxy', ConnectTimeoutError(<urllib3.connection.HTTPSConnection object at 0xeaa49718>, 'Connection to 103.134.220.43 timed out. (connect timeout=15)')))
HTTPSConnectionPool(host='t.me', port=443): Max retries exceeded with url: //0?embed=1&mode=tme (Caused by ProxyError('Unable to connect to proxy', ConnectTimeoutError(<urllib3.connection.HTTPSConnection object at 0xbecc3460>, 'Connection to 188.166.222.236 timed out. (connect timeout=15)')))
HTTPSConnectionPool(host='t.me', port=443): Max retries exceeded with url: //0?embed=1&mode=tme (Caused by ProxyError('Unable to connect to proxy', NewConnectionError('<urllib3.connection.HTTPSConnection object at 0xbb3591c0>: Failed to establish a new connection: [Errno 113] No route to host')))
HTTPSConnectionPool(host='t.me', port=443): Max retries exceeded with url: //0?embed=1&mode=tme (Caused by ProxyError('Unable to connect to proxy', ConnectTimeoutError(<urllib3.connection.HTTPSConnection object at 0xeaa549e8>, 'Connection to 203.202.253.108 timed out. (connect timeout=15)')))
HTTPSConnectionPool(host='t.me', port=443): Max retries exceeded with url: //0?embed=1&mode=tme (Caused by ProxyError('Unable to connect to proxy', ConnectTimeoutError(<urllib3.connection.HTTPSConnection object at 0xeaa54718>, 'Connection to 36.95.177.177 timed out. (connect timeout=15)')))
HTTPSConnectionPool(host='t.me', port=443): Max retries exceeded with url: //0?embed=1&mode=tme (Caused by SSLError(SSLEOFError(8, 'EOF occurred in violation of protocol (_ssl.c:1129)')))
HTTPSConnectionPool(host='t.me', port=443): Max retries exceeded with url: //0?embed=1&mode=tme (Caused by ProxyError('Unable to connect to proxy', ConnectTimeoutError(<urllib3.connection.HTTPSConnection object at 0xeaa6e1f0>, 'Connection to 103.172.70.153 timed out. (connect timeout=15)')))
HTTPSConnectionPool(host='t.me', port=443): Max retries exceeded with url: //0?embed=1&mode=tme (Caused by ProxyError('Unable to connect to proxy', NewConnectionError('<urllib3.connection.HTTPSConnection object at 0xebdbb0d0>: Failed to establish a new connection: [Errno 111] Connection refused')))
HTTPSConnectionPool(host='t.me', port=443): Max retries exceeded with url: //0?embed=1&mode=tme (Caused by ProxyError('Unable to connect to proxy', ConnectTimeoutError(<urllib3.connection.HTTPSConnection object at 0xeaa6e220>, 'Connection to 181.209.117.52 timed out. (connect timeout=15)')))
HTTPSConnectionPool(host='t.me', port=443): Max retries exceeded with url: //0?embed=1&mode=tme (Caused by ProxyError('Unable to connect to proxy', OSError('Tunnel connection failed: 503 Service Unavailable')))
HTTPSConnectionPool(host='t.me', port=443): Max retries exceeded with url: //0?embed=1&mode=tme (Caused by ProxyError('Unable to connect to proxy', NewConnectionError('<urllib3.connection.HTTPSConnection object at 0xbb359298>: Failed to establish a new connection: [Errno 113] No route to host')))
HTTPSConnectionPool(host='t.me', port=443): Read timed out. (read timeout=15)
HTTPSConnectionPool(host='t.me', port=443): Max retries exceeded with url: //0?embed=1&mode=tme (Caused by ProxyError('Unable to connect to proxy', ConnectTimeoutError(<urllib3.connection.HTTPSConnection object at 0xeaa6e700>, 'Connection to 103.78.171.10 timed out. (connect timeout=15)')))
HTTPSConnectionPool(host='t.me', port=443): Max retries exceeded with url: //0?embed=1&mode=tme (Caused by ProxyError('Unable to connect to proxy', ConnectTimeoutError(<urllib3.connection.HTTPSConnection object at 0xeaa6e280>, 'Connection to 80.83.229.234 timed out. (connect timeout=15)')))
HTTPSConnectionPool(host='t.me', port=443): Max retries exceeded with url: //0?embed=1&mode=tme (Caused by ProxyError('Unable to connect to proxy', OSError('Tunnel connection failed: 400 Bad Request')))
HTTPSConnectionPool(host='t.me', port=443): Max retries exceeded with url: //0?embed=1&mode=tme (Caused by ProxyError('Unable to connect to proxy', NewConnectionError('<urllib3.connection.HTTPSConnection object at 0xeac1f6e8>: Failed to establish a new connection: [Errno 111] Connection refused')))
HTTPSConnectionPool(host='t.me', port=443): Max retries exceeded with url: //0?embed=1&mode=tme (Caused by ProxyError('Unable to connect to proxy', OSError('Tunnel connection failed: 407 Proxy Authentication Required')))
HTTPSConnectionPool(host='t.me', port=443): Max retries exceeded with url: //0?embed=1&mode=tme (Caused by ProxyError('Unable to connect to proxy', ConnectTimeoutError(<urllib3.connection.HTTPSConnection object at 0xbf9883e8>, 'Connection to 200.111.182.6 timed out. (connect timeout=15)')))
HTTPSConnectionPool(host='t.me', port=443): Max retries exceeded with url: //0?embed=1&mode=tme (Caused by ProxyError('Unable to connect to proxy', ConnectTimeoutError(<urllib3.connection.HTTPSConnection object at 0xeaa7e208>, 'Connection to 103.83.80.67 timed out. (connect timeout=15)')))
HTTPSConnectionPool(host='t.me', port=443): Max retries exceeded with url: //0?embed=1&mode=tme (Caused by ProxyError('Unable to connect to proxy', ConnectTimeoutError(<urllib3.connection.HTTPSConnection object at 0xeaa6e3a0>, 'Connection to 112.78.134.134 timed out. (connect timeout=15)')))
HTTPSConnectionPool(host='t.me', port=443): Max retries exceeded with url: //0?embed=1&mode=tme (Caused by ProxyError('Unable to connect to proxy', NewConnectionError('<urllib3.connection.HTTPSConnection object at 0xbe145898>: Failed to establish a new connection: [Errno 111] Connection refused')))
HTTPSConnectionPool(host='t.me', port=443): Max retries exceeded with url: //0?embed=1&mode=tme (Caused by ProxyError('Unable to connect to proxy', ConnectTimeoutError(<urllib3.connection.HTTPSConnection object at 0xeaa59f40>, 'Connection to 103.78.96.18 timed out. (connect timeout=15)')))
HTTPSConnectionPool(host='t.me', port=443): Max retries exceeded with url: //0?embed=1&mode=tme (Caused by ProxyError('Unable to connect to proxy', ConnectTimeoutError(<urllib3.connection.HTTPSConnection object at 0xde15c508>, 'Connection to 138.204.95.166 timed out. (connect timeout=15)')))
('Connection aborted.', RemoteDisconnected('Remote end closed connection without response'))
HTTPSConnectionPool(host='t.me', port=443): Max retries exceeded with url: //0?embed=1&mode=tme (Caused by ProxyError('Unable to connect to proxy', OSError('Tunnel connection failed: 400 Bad Request')))
HTTPSConnectionPool(host='t.me', port=443): Max retries exceeded with url: //0?embed=1&mode=tme (Caused by ProxyError('Unable to connect to proxy', NewConnectionError('<urllib3.connection.HTTPSConnection object at 0xc127a6d0>: Failed to establish a new connection: [Errno 111] Connection refused')))
HTTPSConnectionPool(host='t.me', port=443): Max retries exceeded with url: //0?embed=1&mode=tme (Caused by ProxyError('Unable to connect to proxy', NewConnectionError('<urllib3.connection.HTTPSConnection object at 0xc3701b50>: Failed to establish a new connection: [Errno 111] Connection refused')))
                                                                                                 to 103.154.144.203 timed out. (connect timeout=15)')))
HTTPSConnectionPool(host='t.me', port=443): Max retries exceeded with url: //0?embed=1&mode=tme (Caused by ProxyError('Unable to connect to proxy', ConnectTimeoutError(<urllib3.connection.HTTPSConnection object at 0xHTTPSConnectionPool(host='t.me', port=443): Max retries exceeded with url: //0?embed=1&mode=tme (Caused by ProxyError('Unable to connect to proxy', ConnectTimeoutError(<urllib3.connection.HTTPSConnection object at 0xdeb90070>, 'Connection to 41.217.220.69 timed out. (connect timeout=15)')))
HTTPSConnectionPool(host='t.me', port=443): Max retries exceeded with url: //0?embed=1&mode=tme (Caused by ProxyError('Unable to connect to proxy', ConnectTimeoutError(<urllib3.connection.HTTPSConnection object at 0xbbdbbc28>, 'Connection to 94.228.204.225 timed out. (connect timeout=15)')))
HTTPSConnectionPool(host='t.me', port=443): Max retries exceeded with url: //0?embed=1&mode=tme (Caused by ProxyError('Unable to connect to proxy', NewConnectionError('<urllib3.connection.HTTPSConnection object at 0xbc840538>: Failed to establish a new connection: [Errno 111] Connection refused')))
HTTPSConnectionPool(host='t.me', port=443): Max retries exceeded with url: //0?embed=1&mode=tme (Caused by ProxyError('Unable to connect to proxy', OSError('Tunnel connection failed: 502 Bad Gateway')))
HTTPSConnectionPool(host='t.me', port=443): Max retries exceeded with url: //0?embed=1&mode=tme (Caused by ProxyError('Unable to connect to proxy', OSError('Tunnel connection failed: 405 Method Not Allowed')))
HTTPSConnectionPool(host='t.me', port=443): Read timed out. (read timeout=15)
HTTPSConnectionPool(host='t.me', port=443): Max retries exceeded with url: //0?embed=1&mode=tme (Caused by ProxyError('Unable to connect to proxy', OSError('Tunnel connection failed: 500 Internal Server Error')))
HTTPSConnectionPool(host='t.me', port=443): Max retries exceeded with url: //0?embed=1&mode=tme (Caused by ProxyError('Unable to connect to proxy', NewConnectionError('<urllib3.connection.HTTPSConnection object at 0xeaa494f0>: Failed to establish a new connection: [Errno 111] Connection refused')))
HTTPSConnectionPool(host='t.me', port=443): Max retries exceeded with url: //0?embed=1&mode=tme (Caused by ProxyError('Unable to connect to proxy', ConnectTimeoutError(<urllib3.connection.HTTPSConnection object at 0xdd60b928>, 'Connection to 5.42.78.239 timed out. (connect timeout=15)')))
HTTPSConnectionPool(host='t.me', port=443): Max retries exceeded with url: //0?embed=1&mode=tme (Caused by ProxyError('Unable to connect to proxy', NewConnectionError('<urllib3.connection.HTTPSConnection object at 0xeac03aa8>: Failed to establish a new connection: [Errno 111] Connection refused')))
HTTPSConnectionPool(host='t.me', port=443): Read timed out. (read timeout=15)
HTTPSConnectionPool(host='t.me', port=443): Read timed out. (read timeout=15)
HTTPSConnectionPool(host='t.me', port=443): Max retries exceeded with url: //0?embed=1&mode=tme (Caused by ProxyError('Unable to connect to proxy', ConnectTimeoutError(<urllib3.connection.HTTPSConnection object at 0xe81f52f8>, 'Connection to 82.137.244.244 timed out. (connect timeout=15)')))
HTTPSConnectionPool(host='t.me', port=443): Max retries exceeded with url: //0?embed=1&mode=tme (Caused by ProxyError('Unable to connect to proxy', ConnectTimeoutError(<urllib3.connection.HTTPSConnection object at 0xe8202940>, 'Connection to 45.11.95.165 timed out. (connect timeout=15)')))
HTTPSConnectionPool(host='t.me', port=443): Max retries exceeded with url: //0?embed=1&mode=tme (Caused by ProxyError('Unable to connect to proxy', ConnectTimeoutError(<urllib3.connection.HTTPSConnection object at 0xe82027f0>, 'Connection to 213.97.161.224 timed out. (connect timeout=15)')))
HTTPSConnectionPool(host='t.me', port=443): Max retries exceeded with url: //0?embed=1&mode=tme (Caused by ProxyError('Unable to connect to proxy', ConnectTimeoutError(<urllib3.connection.HTTPSConnection object at 0xe8202c40>, 'Connection to 90.74.184.32 timed out. (connect timeout=15)')))
HTTPSConnectionPool(host='t.me', port=443): Read timed out. (read timeout=15)
HTTPSConnectionPool(host='t.me', port=443): Max retries exceeded with url: //0?embed=1&mode=tme (Caused by ProxyError('Unable to connect to proxy', NewConnectionError('<urllib3.connection.HTTPSConnection object at 0xc1ad69b8>: Failed to establish a new connection: [Errno 111] Connection refused')))
HTTPSConnectionPool(host='t.me', port=443): Max retries exceeded with url: //0?embed=1&mode=tme (Caused by ProxyError('Unable to connect to proxy', ConnectTimeoutError(<urllib3.connection.HTTPSConnection object at 0xe82024f0>, 'Connection to 172.232.111.247 timed out. (connect timeout=15)')))
HTTPSConnectionPool(host='t.me', port=443): Max retries exceeded with url: //0?embed=1&mode=tme (Caused by ProxyError('Unable to connect to proxy', ConnectTimeoutError(<urllib3.connection.HTTPSConnection object at 0xe81ed670>, 'Connection to 5.42.78.239 timed out. (connect timeout=15)')))
HTTPSConnectionPool(host='t.me', port=443): Max retries exceeded with url: //0?embed=1&mode=tme (Caused by ProxyError('Unable to connect to proxy', ConnectTimeoutError(<urllib3.connection.HTTPSConnection object at 0xe1a1ce38>, 'Connection to 202.62.11.200 timed out. (connect timeout=15)')))
HTTPSConnectionPool(host='t.me', port=443): Max retries exceeded with url: //0?embed=1&mode=tme (Caused by ProxyError('Unable to connect to proxy', ConnectTimeoutError(<urllib3.connection.HTTPSConnection object at 0xe82027c0>, 'Connection to 38.156.72.19 timed out. (connect timeout=15)')))
HTTPSConnectionPool(host='t.me', port=443): Max retries exceeded with url: //0?embed=1&mode=tme (Caused by ProxyError('Unable to connect to proxy', ConnectTimeoutError(<urllib3.connection.HTTPSConnection object at 0xe820f808>, 'Connection to 200.116.198.180 timed out. (connect timeout=15)')))
HTTPSConnectionPool(host='t.me', port=443): Max retries exceeded with url: //0?embed=1&mode=tme (Caused by ProxyError('Unable to connect to proxy', NewConnectionError('<urllib3.connection.HTTPSConnection object at 0xeaa59568>: Failed to establish a new connection: [Errno 111] Connection refused')))
HTTPSConnectionPool(host='t.me', port=443): Max retries exceeded with url: //0?embed=1&mode=tme (Caused by ProxyError('Unable to connect to proxy', ConnectTimeoutError(<urllib3.connection.HTTPSConnection object at 0xe81a9b08>, 'Connection to 83.219.145.108 timed out. (connect timeout=15)')))
HTTPSConnectionPool(host='t.me', port=443): Max retries exceeded with url: //0?embed=1&mode=tme (Caused by ProxyError('Unable to connect to proxy', ConnectTimeoutError(<urllib3.connection.HTTPSConnection object at 0xe81a0df0>, 'Connection to 103.148.48.97 timed out. (connect timeout=15)')))
HTTPSConnectionPool(host='t.me', port=443): Max retries exceeded with url: //0?embed=1&mode=tme (Caused by ProxyError('Unable to connect to proxy', NewConnectionError('<urllib3.connection.HTTPSConnection object at 0xdb5897c0>: Failed to establish a new connection: [Errno 111] Connection refused')))
HTTPSConnectionPool(host='t.me', port=443): Max retries exceeded with url: //0?embed=1&mode=tme (Caused by ProxyError('Unable to connect to proxy', ConnectTimeoutError(<urllib3.connection.HTTPSConnection object at 0xe81a9250>, 'Connection to 183.236.232.160 timed out. (connect timeout=15)')))
HTTPSConnectionPool(host='t.me', port=443): Max retries exceeded with url: //0?embed=1&mode=tme (Caused by ProxyError('Unable to connect to proxy', NewConnectionError('<urllib3.connection.HTTPSConnection object at 0xbe162e38>: Failed to establish a new connection: [Errno 111] Connection refused')))
                                                                                                                                                                                                                                                                                                                                                                                                                                                                                                                      HTTPSConnectionPool(host='t.me', port=443): Max retries exceeded with url: //0?embed=1&mode=tme (Caused by ProxyError('Unable to connect to proxy', ConnectTimeoutError(<urllib3.connection.HTTPSConnection object at 0xe81b36b8>, 'Connection to 102.213.248.31 timed out. (connect timeout=15)')))
HTTPSConnectionPool(host='t.me', port=443): Max retries exceeded with url: //0?embed=1&mode=tme (Caused by ProxyError('Unable to connect to proxy', NewConnectionError('<urllib3.connection.HTTPSConnection object at 0xd9d25af0>: Failed to establish a new connection: [Errno 113] No route to host')))
HTTPSConnectionPool(host='t.me', port=443): Read timed out. (read timeout=15)
HTTPSConnectionPool(host='t.me', port=443): Max retries exceeded with url: //0?embed=1&mode=tme (Caused by ProxyError('Unable to connect to proxy', OSError('Tunnel connection failed: 400 Bad Request')))
HTTPSConnectionPool(host='t.me', port=443): Max retries exceeded with url: //0?embed=1&mode=tme (Caused by ProxyError('Unable to connect to proxy', NewConnectionError('<urllib3.connection.HTTPSConnection object at 0xbd5f7640>: Failed to establish a new connection: [Errno 111] Connection refused')))
HTTPSConnectionPool(host='t.me', port=443): Max retries exceeded with url: //0?embed=1&mode=tme (Caused by ProxyError('Unable to connect to proxy', NewConnectionError('<urllib3.connection.HTTPSConnection object at 0xe81f5f58>: Failed to establish a new connection: [Errno 111] Connection refused')))
HTTPSConnectionPool(host='t.me', port=443): Read timed out. (read timeout=15)
HTTPSConnectionPool(host='t.me', port=443): Read timed out. (read timeout=15)
HTTPSConnectionPool(host='t.me', port=443): Max retries exceeded with url: //0?embed=1&mode=tme (Caused by ProxyError('Unable to connect to proxy', ConnectTimeoutError(<urllib3.connection.HTTPSConnection object at 0xe81cb688>, 'Connection to 79.137.204.161 timed out. (connect timeout=15)')))
HTTPSConnectionPool(host='t.me', port=443): Max retries exceeded with url: //0?embed=1&mode=tme (Caused by ProxyError('Unable to connect to proxy', NewConnectionError('<urllib3.connection.HTTPSConnection object at 0xd7a46bb0>: Failed to establish a new connection: [Errno 111] Connection refused')))
HTTPSConnectionPool(host='t.me', port=443): Max retries exceeded with url: //0?embed=1&mode=tme (Caused by ProxyError('Unable to connect to proxy', NewConnectionError('<urllib3.connection.HTTPSConnection object at 0xe81ed5c8>: Failed to establish a new connection: [Errno 111] Connection refused')))
HTTPSConnectionPool(host='t.me', port=443): Max retries exceeded with url: //0?embed=1&mode=tme (Caused by ProxyError('Unable to connect to proxy', NewConnectionError('<urllib3.connection.HTTPSConnection object at 0xbb3595c8>: Failed to establish a new connection: [Errno 111] Connection refused')))
HTTPSConnectionPool(host='t.me', port=443): Max retries exceeded with url: //0?embed=1&mode=tme (Caused by ProxyError('Unable to connect to proxy', NewConnectionError('<urllib3.connection.HTTPSConnection object at 0xdebaf7d8>: Failed to establish a new connection: [Errno 111] Connection refused')))
HTTPSConnectionPool(host='t.me', port=443): Max retries exceeded with url: //0?embed=1&mode=tme (Caused by ProxyError('Unable to connect to proxy', NewConnectionError('<urllib3.connection.HTTPSConnection object at 0xc03dca30>: Failed to establish a new connection: [Errno 111] Connection refused')))
HTTPSConnectionPool(host='t.me', port=443): Max retries exceeded with url: //0?embed=1&mode=tme (Caused by ProxyError('Unable to connect to proxy', NewConnectionError('<urllib3.connection.HTTPSConnection object at 0xc03dc178>: Failed to establish a new connection: [Errno 111] Connection refused')))
HTTPSConnectionPool(host='t.me', port=443): Max retries exceeded with url: //0?embed=1&mode=tme (Caused by ProxyError('Unable to connect to proxy', ConnectTimeoutError(<urllib3.connection.HTTPSConnection object at 0xe5a348e0>, 'Connection to 41.65.236.57 timed out. (connect timeout=15)')))
HTTPSConnectionPool(host='t.me', port=443): Max retries exceeded with url: //0?embed=1&mode=tme (Caused by ProxyError('Unable to connect to proxy', ConnectTimeoutError(<urllib3.connection.HTTPSConnection object at 0xe3e77190>, 'Connection to 5.42.81.57 timed out. (connect timeout=15)')))
HTTPSConnectionPool(host='t.me', port=443): Max retries exceeded with url: //0?embed=1&mode=tme (Caused by ProxyError('Unable to connect to proxy', NewConnectionError('<urllib3.connection.HTTPSConnection object at 0xe820fd78>: Failed to establish a new connection: [Errno 111] Connection refused')))
HTTPSConnectionPool(host='t.me', port=443): Max retries exceeded with url: //0?embed=1&mode=tme (Caused by ProxyError('Unable to connect to proxy', ConnectTimeoutError(<urllib3.connection.HTTPSConnection object at 0xc1aef088>, 'Connection to 201.77.108.21 timed out. (connect timeout=15)')))
HTTPSConnectionPool(host='t.me', port=443): Max retries exceeded with url: //0?embed=1&mode=tme (Caused by ProxyError('Unable to connect to proxy', NewConnectionError('<urllib3.connection.HTTPSConnection object at 0xeb4cf358>: Failed to establish a new connection: [Errno 111] Connection refused')))
('Connection aborted.', RemoteDisconnected('Remote end closed connection without response'))
HTTPSConnectionPool(host='t.me', port=443): Max retries exceeded with url: //0?embed=1&mode=tme (Caused by ProxyError('Unable to connect to proxy', ConnectTimeoutError(<urllib3.connection.HTTPSConnection object at 0xe8171cd0>, 'Connection to 115.241.154.51 timed out. (connect timeout=15)')))
HTTPSConnectionPool(host='t.me', port=443): Max retries exceeded with url: //0?embed=1&mode=tme (Caused by ProxyError('Unable to connect to proxy', ConnectTimeoutError(<urllib3.connection.HTTPSConnection object at 0xe8bde3e8>, 'Connection to 168.181.81.225 timed out. (connect timeout=15)')))
HTTPSConnectionPool(host='t.me', port=443): Max retries exceeded with url: //0?embed=1&mode=tme (Caused by ProxyError('Unable to connect to proxy', ConnectTimeoutError(<urllib3.connection.HTTPSConnection object at 0xe8bdec70>, 'Connection to 120.253.104.21 timed out. (connect timeout=15)')))
HTTPSConnectionPool(host='t.me', port=443): Max retries exceeded with url: //0?embed=1&mode=tme (Caused by ProxyError('Unable to connect to proxy', ConnectTimeoutError(<urllib3.connection.HTTPSConnection object at 0xebd44a60>, 'Connection to 137.184.121.54 timed out. (connect timeout=15)')))
HTTPSConnectionPool(host='t.me', port=443): Max retries exceeded with url: //0?embed=1&mode=tme (Caused by ProxyError('Unable to connect to proxy', ConnectTimeoutError(<urllib3.connection.HTTPSConnection object at 0xe8bdebb0>, 'Connection to 123.182.59.165 timed out. (connect timeout=15)')))
HTTPSConnectionPool(host='t.me', port=443): Max retries exceeded with url: //0?embed=1&mode=tme (Caused by ProxyError('Unable to connect to proxy', NewConnectionError('<urllib3.connection.HTTPSConnection object at 0xe73aa8b0>: Failed to establish a new connection: [Errno 111] Connection refused')))
HTTPSConnectionPool(host='t.me', port=443): Max retries exceeded with url: //0?embed=1&mode=tme (Caused by ProxyError('Unable to connect to proxy', ConnectTimeoutError(<urllib3.connection.HTTPSConnection object at 0xe81b37f0>, 'Connection to 123.182.59.66 timed out. (connect timeout=15)')))
HTTPSConnectionPool(host='t.me', port=443): Max retries exceeded with url: //0?embed=1&mode=tme (Caused by ProxyError('Unable to connect to proxy', ConnectTimeoutError(<urllib3.connection.HTTPSConnection object at 0xe8be96b8>, 'Connection to 82.210.56.251 timed out. (connect timeout=15)')))
                                                                                                                                                                                                                                                                                                   HTTPSConnectionPool(host='t.me', port=443): Max retries exceeded with url: //0?embed=1&mode=tme (Caused by ProxyError('Unable to connect to proxy', NewConnectionError('<urllib3.connection.HTTPSConnection object at 0xdf7da4d8>: Failed to establish a new connection: [Errno 111] Connection refused')))
HTTPSConnectionPool(host='t.me', port=443): Max retries exceeded with url: //0?embed=1&mode=tme (Caused by ProxyError('Unable to connect to proxy', ConnectTimeoutError(<urllib3.connection.HTTPSConnection object at 0xd60e2a00>, 'Connection to 131.72.68.164 timed out. (connect timeout=15)')))
HTTPSConnectionPool(host='t.me', port=443): Max retries exceeded with url: //0?embed=1&mode=tme (Caused by ProxyError('Unable to connect to proxy', NewConnectionError('<urllib3.connection.HTTPSConnection object at 0xd9d25c70>: Failed to establish a new connection: [Errno 111] Connection refused')))
HTTPSConnectionPool(host='t.me', port=443): Max retries exceeded with url: //0?embed=1&mode=tme (Caused by ProxyError('Unable to connect to proxy', ConnectTimeoutError(<urllib3.connection.HTTPSConnection object at 0xbb3744d8>, 'Connection to 45.5.118.43 timed out. (connect timeout=15)')))
HTTPSConnectionPool(host='t.me', port=443): Max retries exceeded with url: //0?embed=1&mode=tme (Caused by ProxyError('Unable to connect to proxy', ConnectTimeoutError(<urllib3.connection.HTTPSConnection object at 0xdd6192f8>, 'Connection to 103.6.177.174 timed out. (connect timeout=15)')))
HTTPSConnectionPool(host='t.me', port=443): Max retries exceeded with url: //0?embed=1&mode=tme (Caused by ProxyError('Unable to connect to proxy', ConnectTimeoutError(<urllib3.connection.HTTPSConnection object at 0xd60e2778>, 'Connection to 202.162.43.241 timed out. (connect timeout=15)')))
HTTPSConnectionPool(host='t.me', port=443): Max retries exceeded with url: //0?embed=1&mode=tme (Caused by ProxyError('Unable to connect to proxy', NewConnectionError('<urllib3.connection.HTTPSConnection object at 0xbc8327d8>: Failed to establish a new connection: [Errno 113] No route to host')))
HTTPSConnectionPool(host='t.me', port=443): Max retries exceeded with url: //0?embed=1&mode=tme (Caused by ProxyError('Unable to connect to proxy', NewConnectionError('<urllib3.connection.HTTPSConnection object at 0xe8151880>: Failed to establish a new connection: [Errno 111] Connection refused')))
HTTPSConnectionPool(host='t.me', port=443): Max retries exceeded with url: //0?embed=1&mode=tme (Caused by ProxyError('Unable to connect to proxy', NewConnectionError('<urllib3.connection.HTTPSConnection object at 0xeaa7e220>: Failed to establish a new connection: [Errno 111] Connection refused')))
HTTPSConnectionPool(host='t.me', port=443): Max retries exceeded with url: //0?embed=1&mode=tme (Caused by ProxyError('Unable to connect to proxy', NewConnectionError('<urllib3.connection.HTTPSConnection object at 0xeaa7e208>: Failed to establish a new connection: [Errno 111] Connection refused')))
HTTPSConnectionPool(host='t.me', port=443): Max retries exceeded with url: //0?embed=1&mode=tme (Caused by ProxyError('Unable to connect to proxy', NewConnectionError('<urllib3.connection.HTTPSConnection object at 0xe8145d60>: Failed to establish a new connection: [Errno 111] Connection refused')))
HTTPSConnectionPool(host='t.me', port=443): Read timed out. (read timeout=15)
HTTPSConnectionPool(host='t.me', port=443): Max retries exceeded with url: //0?embed=1&mode=tme (Caused by ProxyError('Unable to connect to proxy', NewConnectionError('<urllib3.connection.HTTPSConnection object at 0xd90d5040>: Failed to establish a new connection: [Errno 113] No route to host')))
HTTPSConnectionPool(host='t.me', port=443): Read timed out. (read timeout=15)
HTTPSConnectionPool(host='t.me', port=443): Max retries exceeded with url: //0?embed=1&mode=tme (Caused by ProxyError('Unable to connect to proxy', ConnectTimeoutError(<urllib3.connection.HTTPSConnection object at 0xe81457f0>, 'Connection to 45.184.155.226 timed out. (connect timeout=15)')))
HTTPSConnectionPool(host='t.me', port=443): Max retries exceeded with url: //0?embed=1&mode=tme (Caused by ProxyError('Unable to connect to proxy', NewConnectionError('<urllib3.connection.HTTPSConnection object at 0xe81b3a60>: Failed to establish a new connection: [Errno 111] Connection refused')))
HTTPSConnectionPool(host='t.me', port=443): Max retries exceeded with url: //0?embed=1&mode=tme (Caused by ProxyError('Unable to connect to proxy', ConnectTimeoutError(<urllib3.connection.HTTPSConnection object at 0xd90d81d8>, 'Connection to 103.234.254.6 timed out. (connect timeout=15)')))
HTTPSConnectionPool(host='t.me', port=443): Max retries exceeded with url: //0?embed=1&mode=tme (Caused by ProxyError('Unable to connect to proxy', NewConnectionError('<urllib3.connection.HTTPSConnection object at 0xc1294070>: Failed to establish a new connection: [Errno 113] No route to host')))
HTTPSConnectionPool(host='t.me', port=443): Read timed out. (read timeout=15)
HTTPSConnectionPool(host='t.me', port=443): Max retries exceeded with url: //0?embed=1&mode=tme (Caused by ProxyError('Unable to connect to proxy', ConnectTimeoutError(<urllib3.connection.HTTPSConnection object at 0xe8c190b8>, 'Connection to 103.46.8.16 timed out. (connect timeout=15)')))
HTTPSConnectionPool(host='t.me', port=443): Max retries exceeded with url: //0?embed=1&mode=tme (Caused by ProxyError('Unable to connect to proxy', ConnectTimeoutError(<urllib3.connection.HTTPSConnection object at 0xdf7da1f0>, 'Connection to 62.240.40.194 timed out. (connect timeout=15)')))
HTTPSConnectionPool(host='t.me', port=443): Max retries exceeded with url: //0?embed=1&mode=tme (Caused by ProxyError('Unable to connect to proxy', ConnectTimeoutError(<urllib3.connection.HTTPSConnection object at 0xdb5b6610>, 'Connection to 192.145.228.209 timed out. (connect timeout=15)')))
HTTPSConnectionPool(host='t.me', port=443): Max retries exceeded with url: //0?embed=1&mode=tme (Caused by ProxyError('Unable to connect to proxy', ConnectTimeoutError(<urllib3.connection.HTTPSConnection object at 0xde132658>, 'Connection to 109.230.92.114 timed out. (connect timeout=15)')))
HTTPSConnectionPool(host='t.me', port=443): Max retries exceeded with url: //0?embed=1&mode=tme (Caused by ProxyError('Unable to connect to proxy', ConnectTimeoutError(<urllib3.connection.HTTPSConnection object at 0xde132508>, 'Connection to 202.5.46.116 timed out. (connect timeout=15)')))
HTTPSConnectionPool(host='t.me', port=443): Max retries exceeded with url: //0?embed=1&mode=tme (Caused by ProxyError('Unable to connect to proxy', ConnectTimeoutError(<urllib3.connection.HTTPSConnection object at 0xe8b4f118>, 'Connection to 103.229.82.166 timed out. (connect timeout=15)')))
HTTPSConnectionPool(host='t.me', port=443): Read timed out. (read timeout=15)
HTTPSConnectionPool(host='t.me', port=443): Max retries exceeded with url: //0?embed=1&mode=tme (Caused by ProxyError('Unable to connect to proxy', ConnectTimeoutError(<urllib3.connection.HTTPSConnection object at 0xe8b57ec8>, 'Connection to 45.87.154.214 timed out. (connect timeout=15)')))
HTTPSConnectionPool(host='t.me', port=443): Read timed out. (read timeout=15)
HTTPSConnectionPool(host='t.me', port=443): Max retries exceeded with url: //0?embed=1&mode=tme (Caused by ProxyError('Unable to connect to proxy', NewConnectionError('<urllib3.connection.HTTPSConnection object at 0xd60d6808>: Failed to establish a new connection: [Errno 111] Connection refused')))
HTTPSConnectionPool(host='t.me', port=443): Max retries exceeded with url: //0?embed=1&mode=tme (Caused by ProxyError('Unable to connect to proxy', ConnectTimeoutError(<urllib3.connection.HTTPSConnection object at 0xe33f6f70>, 'Connection to 202.12.80.11 timed out. (connect timeout=15)')))
HTTPSConnectionPool(host='t.me', port=443): Max retries exceeded with url: //0?embed=1&mode=tme (Caused by ProxyError('Unable to connect to proxy', OSError('Tunnel connection failed: 502 Proxy Error')))
HTTPSConnectionPool(host='t.me', port=443): Read timed out. (read timeout=15)
HTTPSConnectionPool(host='t.me', port=443): Max retries exceeded with url: //0?embed=1&mode=tme (Caused by ProxyError('Unable to connect to proxy', NewConnectionError('<urllib3.connection.HTTPSConnection object at 0xe0390250>: Failed to establish a new connection: [Errno 111] Connection refused')))
HTTPSConnectionPool(host='t.me', port=443): Read timed out. (read timeout=15)
HTTPSConnectionPool(host='t.me', port=443): Max retries exceeded with url: //0?embed=1&mode=tme (Caused by ProxyError('Unable to connect to proxy', ConnectTimeoutError(<urllib3.connection.HTTPSConnection object at 0xdebaf448>, 'Connection to 49.48.68.63 timed out. (connect timeout=15)')))
HTTPSConnectionPool(host='t.me', port=443): Max retries exceeded with url: //0?embed=1&mode=tme (Caused by ProxyError('Unable to connect to proxy', ConnectTimeoutError(<urllib3.connection.HTTPSConnection object at 0xd9cfb1f0>, 'Connection to 94.154.152.12 timed out. (connect timeout=15)')))
HTTPSConnectionPool(host='t.me', port=443): Max retries exceeded with url: //0?embed=1&mode=tme (Caused by ProxyError('Unable to connect to proxy', NewConnectionError('<urllib3.connection.HTTPSConnection object at 0xd703d0e8>: Failed to establish a new connection: [Errno 113] No route to host')))
HTTPSConnectionPool(host='t.me', port=443): Max retries exceeded with url: //0?embed=1&mode=tme (Caused by ProxyError('Unable to connect to proxy', NewConnectionError('<urllib3.connection.HTTPSConnection object at 0xe8202c40>: Failed to establish a new connection: [Errno 111] Connection refused')))
HTTPSConnectionPool(host='t.me', port=443): Max retries exceeded with url: //0?embed=1&mode=tme (Caused by ProxyError('Unable to connect to proxy', NewConnectionError('<urllib3.connection.HTTPSConnection object at 0xdb5a5868>: Failed to establish a new connection: [Errno 111] Connection refused')))
HTTPSConnectionPool(host='t.me', port=443): Max retries exceeded with url: //0?embed=1&mode=tme (Caused by ProxyError('Unable to connect to proxy', ConnectTimeoutError(<urllib3.connection.HTTPSConnection object at 0xde132f70>, 'Connection to 181.209.78.78 timed out. (connect timeout=15)')))
HTTPSConnectionPool(host='t.me', port=443): Read timed out. (read timeout=15)
HTTPSConnectionPool(host='t.me', port=443): Max retries exceeded with url: //0?embed=1&mode=tme (Caused by ProxyError('Unable to connect to proxy', ConnectTimeoutError(<urllib3.connection.HTTPSConnection object at 0xdeba0580>, 'Connection to 103.146.185.138 timed out. (connect timeout=15)')))
HTTPSConnectionPool(host='t.me', port=443): Max retries exceeded with url: //0?embed=1&mode=tme (Caused by ProxyError('Unable to connect to proxy', ConnectTimeoutError(<urllib3.connection.HTTPSConnection object at 0xe33d1fa0>, 'Connection to 5.42.81.57 timed out. (connect timeout=15)')))
HTTPSConnectionPool(host='t.me', port=443): Max retries exceeded with url: //0?embed=1&mode=tme (Caused by ProxyError('Unable to connect to proxy', NewConnectionError('<urllib3.connection.HTTPSConnection object at 0xdf7bdc58>: Failed to establish a new connection: [Errno 111] Connection refused')))
HTTPSConnectionPool(host='t.me', port=443): Max retries exceeded with url: //0?embed=1&mode=tme (Caused by ProxyError('Unable to connect to proxy', ConnectTimeoutError(<urllib3.connection.HTTPSConnection object at 0xe0ebc640>, 'Connection to 223.215.177.217 timed out. (connect timeout=15)')))
HTTPSConnectionPool(host='t.me', port=443): Max retries exceeded with url: //0?embed=1&mode=tme (Caused by ProxyError('Unable to connect to proxy', NewConnectionError('<urllib3.connection.HTTPSConnection object at 0xe33f63a0>: Failed to establish a new connection: [Errno 113] No route to host')))
HTTPSConnectionPool(host='t.me', port=443): Max retries exceeded with url: //0?embed=1&mode=tme (Caused by ProxyError('Unable to connect to proxy', ConnectTimeoutError(<urllib3.connection.HTTPSConnection object at 0xe3ea2ca0>, 'Connection to 111.38.73.92 timed out. (connect timeout=15)')))
HTTPSConnectionPool(host='t.me', port=443): Max retries exceeded with url: //0?embed=1&mode=tme (Caused by ProxyError('Unable to connect to proxy', ConnectTimeoutError(<urllib3.connection.HTTPSConnection object at 0xe7fd2760>, 'Connection to 103.178.42.3 timed out. (connect timeout=15)')))
HTTPSConnectionPool(host='t.me', port=443): Max retries exceeded with url: //0?embed=1&mode=tme (Caused by ProxyError('Unable to connect to proxy', ConnectTimeoutError(<urllib3.connection.HTTPSConnection object at 0xe3ea2448>, 'Connection to 211.234.125.5 timed out. (connect timeout=15)')))
('Connection aborted.', RemoteDisconnected('Remote end closed connection without response'))
HTTPSConnectionPool(host='t.me', port=443): Max retries exceeded with url: //0?embed=1&mode=tme (Caused by ProxyError('Unable to connect to proxy', NewConnectionError('<urllib3.connection.HTTPSConnection object at 0xde14fe08>: Failed to establish a new connection: [Errno 111] Connection refused')))
HTTPSConnectionPool(host='t.me', port=443): Read timed out. (read timeout=15)
HTTPSConnectionPool(host='t.me', port=443): Max retries exceeded with url: //0?embed=1&mode=tme (Caused by ProxyError('Unable to connect to proxy', ConnectTimeoutError(<urllib3.connection.HTTPSConnection object at 0xe0ebc568>, 'Connection to 103.36.35.135 timed out. (connect timeout=15)')))
HTTPSConnectionPool(host='t.me', port=443): Read timed out. (read timeout=15)
HTTPSConnectionPool(host='t.me', port=443): Max retries exceeded with url: //0?embed=1&mode=tme (Caused by ProxyError('Unable to connect to proxy', NewConnectionError('<urllib3.connection.HTTPSConnection object at 0xe8c194d8>: Failed to establish a new connection: [Errno 111] Connection refused')))
HTTPSConnectionPool(host='t.me', port=443): Max retries exceeded with url: //0?embed=1&mode=tme (Caused by ProxyError('Unable to connect to proxy', ConnectTimeoutError(<urllib3.connection.HTTPSConnection object at 0xe1a05430>, 'Connection to 196.0.111.186 timed out. (connect timeout=15)')))
HTTPSConnectionPool(host='t.me', port=443): Max retries exceeded with url: //0?embed=1&mode=tme (Caused by ProxyError('Unable to connect to proxy', ConnectTimeoutError(<urllib3.connection.HTTPSConnection object at 0xe33f6f28>, 'Connection to 79.137.204.235 timed out. (connect timeout=15)')))
HTTPSConnectionPool(host='t.me', port=443): Max retries exceeded with url: //0?embed=1&mode=tme (Caused by ProxyError('Unable to connect to proxy', ConnectTimeoutError(<urllib3.connection.HTTPSConnection object at 0xe81ed928>, 'Connection to 103.180.198.162 timed out. (connect timeout=15)')))
HTTPSConnectionPool(host='t.me', port=443): Max retries exceeded with url: //0?embed=1&mode=tme (Caused by ProxyError('Unable to connect to proxy', ConnectTimeoutError(<urllib3.connection.HTTPSConnection object at 0xe03906d0>, 'Connection to 123.182.59.115 timed out. (connect timeout=15)')))
HTTPSConnectionPool(host='t.me', port=443): Max retries exceeded with url: //0?embed=1&mode=tme (Caused by ProxyError('Unable to connect to proxy', ConnectTimeoutError(<urllib3.connection.HTTPSConnection object at 0xd90c7760>, 'Connection to 5.42.81.57 timed out. (connect timeout=15)')))
HTTPSConnectionPool(host='t.me', port=443): Max retries exceeded with url: //0?embed=1&mode=tme (Caused by ProxyError('Unable to connect to proxy', NewConnectionError('<urllib3.connection.HTTPSConnection object at 0xe0390bb0>: Failed to establish a new connection: [Errno 113] No route to host')))
HTTPSConnectionPool(host='t.me', port=443): Max retries exceeded with url: //0?embed=1&mode=tme (Caused by ProxyError('Unable to connect to proxy', ConnectTimeoutError(<urllib3.connection.HTTPSConnection object at 0xe820f3a0>, 'Connection to 103.109.59.172 timed out. (connect timeout=15)')))
HTTPSConnectionPool(host='t.me', port=443): Max retries exceeded with url: //0?embed=1&mode=tme (Caused by ProxyError('Unable to connect to proxy', NewConnectionError('<urllib3.connection.HTTPSConnection object at 0xe5a231f0>: Failed to establish a new connection: [Errno 111] Connection refused')))
HTTPSConnectionPool(host='t.me', port=443): Max retries exceeded with url: //0?embed=1&mode=tme (Caused by ProxyError('Unable to connect to proxy', NewConnectionError('<urllib3.connection.HTTPSConnection object at 0xe8c199e8>: Failed to establish a new connection: [Errno 111] Connection refused')))
HTTPSConnectionPool(host='t.me', port=443): Max retries exceeded with url: //0?embed=1&mode=tme (Caused by ProxyError('Unable to connect to proxy', NewConnectionError('<urllib3.connection.HTTPSConnection object at 0xde14f550>: Failed to establish a new connection: [Errno 111] Connection refused')))
HTTPSConnectionPool(host='t.me', port=443): Max retries exceeded with url: //0?embed=1&mode=tme (Caused by ProxyError('Unable to connect to proxy', ConnectTimeoutError(<urllib3.connection.HTTPSConnection object at 0xe0ee84d8>, 'Connection to 36.89.212.252 timed out. (connect timeout=15)')))
HTTPSConnectionPool(host='t.me', port=443): Max retries exceeded with url: //0?embed=1&mode=tme (Caused by ProxyError('Unable to connect to proxy', OSError('Tunnel connection failed: 503 Service Unavailable')))
('Connection aborted.', ConnectionResetError(104, 'Connection reset by peer'))
HTTPSConnectionPool(host='t.me', port=443): Max retries exceeded with url: //0?embed=1&mode=tme (Caused by ProxyError('Unable to connect to proxy', NewConnectionError('<urllib3.connection.HTTPSConnection object at 0xde14f940>: Failed to establish a new connection: [Errno 111] Connection refused')))
HTTPSConnectionPool(host='t.me', port=443): Max retries exceeded with url: //0?embed=1&mode=tme (Caused by ProxyError('Unable to connect to proxy', ConnectTimeoutError(<urllib3.connection.HTTPSConnection object at 0xbecd0178>, 'Connection to 45.174.79.232 timed out. (connect timeout=15)')))
HTTPSConnectionPool(host='t.me', port=443): Max retries exceeded with url: //0?embed=1&mode=tme (Caused by ProxyError('Unable to connect to proxy', NewConnectionError('<urllib3.connection.HTTPSConnection object at 0xebd44328>: Failed to establish a new connection: [Errno 113] No route to host')))
HTTPSConnectionPool(host='t.me', port=443): Max retries exceeded with url: //0?embed=1&mode=tme (Caused by ProxyError('Unable to connect to proxy', NewConnectionError('<urllib3.connection.HTTPSConnection object at 0xe8202bb0>: Failed to establish a new connection: [Errno 111] Connection refused')))
HTTPSConnectionPool(host='t.me', port=443): Max retries exceeded with url: //0?embed=1&mode=tme (Caused by ProxyError('Unable to connect to proxy', ConnectTimeoutError(<urllib3.connection.HTTPSConnection object at 0xe6787e68>, 'Connection to 103.165.37.42 timed out. (connect timeout=15)')))
HTTPSConnectionPool(host='t.me', port=443): Max retries exceeded with url: //0?embed=1&mode=tme (Caused by ProxyError('Unable to connect to proxy', NewConnectionError('<urllib3.connection.HTTPSConnection object at 0xdebafeb0>: Failed to establish a new connection: [Errno 111] Connection refused')))
HTTPSConnectionPool(host='t.me', port=443): Max retries exceeded with url: //0?embed=1&mode=tme (Caused by ProxyError('Unable to connect to proxy', ConnectTimeoutError(<urllib3.connection.HTTPSConnection object at 0xdf7da418>, 'Connection to 180.191.59.254 timed out. (connect timeout=15)')))
HTTPSConnectionPool(host='t.me', port=443): Max retries exceeded with url: //0?embed=1&mode=tme (Caused by ProxyError('Unable to connect to proxy', NewConnectionError('<urllib3.connection.HTTPSConnection object at 0xe8b57310>: Failed to establish a new connection: [Errno 111] Connection refused')))
HTTPSConnectionPool(host='t.me', port=443): Max retries exceeded with url: //0?embed=1&mode=tme (Caused by ProxyError('Unable to connect to proxy', ConnectTimeoutError(<urllib3.connection.HTTPSConnection object at 0xc1ad63d0>, 'Connection to 36.6.145.21 timed out. (connect timeout=15)')))
HTTPSConnectionPool(host='t.me', port=443): Max retries exceeded with url: //0?embed=1&mode=tme (Caused by ProxyError('Unable to connect to proxy', OSError('Tunnel connection failed: 502 Bad Gateway')))
HTTPSConnectionPool(host='t.me', port=443): Read timed out. (read timeout=15)
HTTPSConnectionPool(host='t.me', port=443): Max retries exceeded with url: //0?embed=1&mode=tme (Caused by ProxyError('Unable to connect to proxy', ConnectTimeoutError(<urllib3.connection.HTTPSConnection object at 0xe67a0d18>, 'Connection to 203.253.142.176 timed out. (connect timeout=15)')))
HTTPSConnectionPool(host='t.me', port=443): Max retries exceeded with url: //0?embed=1&mode=tme (Caused by ProxyError('Unable to connect to proxy', NewConnectionError('<urllib3.connection.HTTPSConnection object at 0xc127a880>: Failed to establish a new connection: [Errno 111] Connection refused')))
HTTPSConnectionPool(host='t.me', port=443): Max retries exceeded with url: //0?embed=1&mode=tme (Caused by ProxyError('Unable to connect to proxy', ConnectTimeoutError(<urllib3.connection.HTTPSConnection object at 0xe67a0358>, 'Connection to 103.25.79.178 timed out. (connect timeout=15)')))
HTTPSConnectionPool(host='t.me', port=443): Max retries exceeded with url: //0?embed=1&mode=tme (Caused by ProxyError('Unable to connect to proxy', NewConnectionError('<urllib3.connection.HTTPSConnection object at 0xdd5f1100>: Failed to establish a new connection: [Errno 113] No route to host')))
HTTPSConnectionPool(host='t.me', port=443): Max retries exceeded with url: //0?embed=1&mode=tme (Caused by ProxyError('Unable to connect to proxy', NewConnectionError('<urllib3.connection.HTTPSConnection object at 0xe0ebc418>: Failed to establish a new connection: [Errno 111] Connection refused')))
HTTPSConnectionPool(host='t.me', port=443): Max retries exceeded with url: //0?embed=1&mode=tme (Caused by ProxyError('Unable to connect to proxy', NewConnectionError('<urllib3.connection.HTTPSConnection object at 0xe0ebc4d8>: Failed to establish a new connection: [Errno 111] Connection refused')))
HTTPSConnectionPool(host='t.me', port=443): Max retries exceeded with url: //0?embed=1&mode=tme (Caused by SSLError(SSLEOFError(8, 'EOF occurred in violation of protocol (_ssl.c:1129)')))
HTTPSConnectionPool(host='t.me', port=443): Read timed out. (read timeout=15)
HTTPSConnectionPool(host='t.me', port=443): Max retries exceeded with url: //0?embed=1&mode=tme (Caused by ProxyError('Unable to connect to proxy', NewConnectionError('<urllib3.connection.HTTPSConnection object at 0xebd9c2c8>: Failed to establish a new connection: [Errno 111] Connection refused')))
HTTPSConnectionPool(host='t.me', port=443): Max retries exceeded with url: //0?embed=1&mode=tme (Caused by ProxyError('Unable to connect to proxy', ConnectTimeoutError(<urllib3.connection.HTTPSConnection object at 0xe67b2bc8>, 'Connection to 103.139.242.210 timed out. (connect timeout=15)')))
HTTPSConnectionPool(host='t.me', port=443): Max retries exceeded with url: //0?embed=1&mode=tme (Caused by ProxyError('Unable to connect to proxy', ConnectTimeoutError(<urllib3.connection.HTTPSConnection object at 0xe67b2838>, 'Connection to 103.243.177.129 timed out. (connect timeout=15)')))
HTTPSConnectionPool(host='t.me', port=443): Max retries exceeded with url: //0?embed=1&mode=tme (Caused by ProxyError('Unable to connect to proxy', NewConnectionError('<urllib3.connection.HTTPSConnection object at 0xd7a73280>: Failed to establish a new connection: [Errno 111] Connection refused')))
HTTPSConnectionPool(host='t.me', port=443): Max retries exceeded with url: //0?embed=1&mode=tme (Caused by ProxyError('Unable to connect to proxy', NewConnectionError('<urllib3.connection.HTTPSConnection object at 0xdb5b6be0>: Failed to establish a new connection: [Errno 111] Connection refused')))
HTTPSConnectionPool(host='t.me', port=443): Max retries exceeded with url: //0?embed=1&mode=tme (Caused by ProxyError('Unable to connect to proxy', NewConnectionError('<urllib3.connection.HTTPSConnection object at 0xd7a739e8>: Failed to establish a new connection: [Errno 111] Connection refused')))
HTTPSConnectionPool(host='t.me', port=443): Max retries exceeded with url: //0?embed=1&mode=tme (Caused by ProxyError('Unable to connect to proxy', NewConnectionError('<urllib3.connection.HTTPSConnection object at 0xe73b39d0>: Failed to establish a new connection: [Errno 111] Connection refused')))
HTTPSConnectionPool(host='t.me', port=443): Max retries exceeded with url: //0?embed=1&mode=tme (Caused by ProxyError('Unable to connect to proxy', ConnectTimeoutError(<urllib3.connection.HTTPSConnection object at 0xe66d3a78>, 'Connection to 175.100.103.170 timed out. (connect timeout=15)')))
HTTPSConnectionPool(host='t.me', port=443): Max retries exceeded with url: //0?embed=1&mode=tme (Caused by ProxyError('Unable to connect to proxy', NewConnectionError('<urllib3.connection.HTTPSConnection object at 0xe0390400>: Failed to establish a new connection: [Errno 111] Connection refused')))
HTTPSConnectionPool(host='t.me', port=443): Max retries exceeded with url: //0?embed=1&mode=tme (Caused by ProxyError('Unable to connect to proxy', ConnectTimeoutError(<urllib3.connection.HTTPSConnection object at 0xe66f7c28>, 'Connection to 125.209.88.46 timed out. (connect timeout=15)')))
HTTPSConnectionPool(host='t.me', port=443): Max retries exceeded with url: //0?embed=1&mode=tme (Caused by ProxyError('Unable to connect to proxy', ConnectTimeoutError(<urllib3.connection.HTTPSConnection object at 0xe66f7448>, 'Connection to 38.156.233.75 timed out. (connect timeout=15)')))
HTTPSConnectionPool(host='t.me', port=443): Max retries exceeded with url: //0?embed=1&mode=tme (Caused by ProxyError('Unable to connect to proxy', ConnectTimeoutError(<urllib3.connection.HTTPSConnection object at 0xe66d3a00>, 'Connection to 201.174.17.126 timed out. (connect timeout=15)')))
HTTPSConnectionPool(host='t.me', port=443): Max retries exceeded with url: //0?embed=1&mode=tme (Caused by ProxyError('Unable to connect to proxy', ConnectTimeoutError(<urllib3.connection.HTTPSConnection object at 0xe66f7d78>, 'Connection to 79.137.204.161 timed out. (connect timeout=15)')))
HTTPSConnectionPool(host='t.me', port=443): Max retries exceeded with url: //0?embed=1&mode=tme (Caused by ProxyError('Unable to connect to proxy', ConnectTimeoutError(<urllib3.connection.HTTPSConnection object at 0xe81a0700>, 'Connection to 217.197.237.74 timed out. (connect timeout=15)')))
HTTPSConnectionPool(host='t.me', port=443): Max retries exceeded with url: //0?embed=1&mode=tme (Caused by ProxyError('Unable to connect to proxy', NewConnectionError('<urllib3.connection.HTTPSConnection object at 0xc1289928>: Failed to establish a new connection: [Errno 113] No route to host')))
HTTPSConnectionPool(host='t.me', port=443): Read timed out. (read timeout=15)
HTTPSConnectionPool(host='t.me', port=443): Max retries exceeded with url: //0?embed=1&mode=tme (Caused by ProxyError('Unable to connect to proxy', ConnectTimeoutError(<urllib3.connection.HTTPSConnection object at 0xda960b50>, 'Connection to 188.125.169.8 timed out. (connect timeout=15)')))
HTTPSConnectionPool(host='t.me', port=443): Read timed out. (read timeout=15)
HTTPSConnectionPool(host='t.me', port=443): Max retries exceeded with url: //0?embed=1&mode=tme (Caused by ProxyError('Unable to connect to proxy', NewConnectionError('<urllib3.connection.HTTPSConnection object at 0xe8c19df0>: Failed to establish a new connection: [Errno 111] Connection refused')))
HTTPSConnectionPool(host='t.me', port=443): Read timed out. (read timeout=15)
HTTPSConnectionPool(host='t.me', port=443): Max retries exceeded with url: //0?embed=1&mode=tme (Caused by ProxyError('Unable to connect to proxy', ConnectTimeoutError(<urllib3.connection.HTTPSConnection object at 0xebd9c388>, 'Connection to 217.199.151.94 timed out. (connect timeout=15)')))
HTTPSConnectionPool(host='t.me', port=443): Max retries exceeded with url: //0?embed=1&mode=tme (Caused by ProxyError('Unable to connect to proxy', ConnectTimeoutError(<urllib3.connection.HTTPSConnection object at 0xe3e897a8>, 'Connection to 101.255.116.163 timed out. (connect timeout=15)')))
HTTPSConnectionPool(host='t.me', port=443): Max retries exceeded with url: //0?embed=1&mode=tme (Caused by ProxyError('Unable to connect to proxy', ConnectTimeoutError(<urllib3.connection.HTTPSConnection object at 0xe5a23520>, 'Connection to 170.246.85.106 timed out. (connect timeout=15)')))
HTTPSConnectionPool(host='t.me', port=443): Max retries exceeded with url: //0?embed=1&mode=tme (Caused by ProxyError('Unable to connect to proxy', ConnectTimeoutError(<urllib3.connection.HTTPSConnection object at 0xebe6aca0>, 'Connection to 223.85.12.114 timed out. (connect timeout=15)')))
HTTPSConnectionPool(host='t.me', port=443): Read timed out. (read timeout=15)
HTTPSConnectionPool(host='t.me', port=443): Read timed out. (read timeout=15)
HTTPSConnectionPool(host='t.me', port=443): Read timed out. (read timeout=15)
HTTPSConnectionPool(host='t.me', port=443): Read timed out. (read timeout=15)
HTTPSConnectionPool(host='t.me', port=443): Max retries exceeded with url: //0?embed=1&mode=tme (Caused by ProxyError('Unable to connect to proxy', ConnectTimeoutError(<urllib3.connection.HTTPSConnection object at 0xd60c6a00>, 'Connection to 159.65.129.62 timed out. (connect timeout=15)')))
HTTPSConnectionPool(host='t.me', port=443): Max retries exceeded with url: //0?embed=1&mode=tme (Caused by ProxyError('Unable to connect to proxy', ConnectTimeoutError(<urllib3.connection.HTTPSConnection object at 0xc36fa538>, 'Connection to 36.91.68.150 timed out. (connect timeout=15)')))
HTTPSConnectionPool(host='t.me', port=443): Max retries exceeded with url: //0?embed=1&mode=tme (Caused by ProxyError('Unable to connect to proxy', NewConnectionError('<urllib3.connection.HTTPSConnection object at 0xeac10b68>: Failed to establish a new connection: [Errno 111] Connection refused')))
HTTPSConnectionPool(host='t.me', port=443): Max retries exceeded with url: //0?embed=1&mode=tme (Caused by ProxyError('Unable to connect to proxy', ConnectTimeoutError(<urllib3.connection.HTTPSConnection object at 0xc36faef8>, 'Connection to 190.61.106.97 timed out. (connect timeout=15)')))
HTTPSConnectionPool(host='t.me', port=443): Read timed out. (read timeout=15)
me', port=443): Max retries exceeded with url: //0?embed=1&mode=tme (Caused by ProxyError('Unable to connect to proxy', NewConnectionError('<urllib3.connection.HTTPSConnection object at 0xc1ae20e8>: Failed to establish a new connection: [Errno 111] Connection refused')))
HTTPSConnectionPool(host='t.me', port=443): Read timed out. (read timeout=15)
HTTPSConnectionPool(host='t.me', port=443): Max retries exceeded with url: //0?embed=1&mode=tme (Caused by ProxyError('Unable to connect to proxy', ConnectTimeoutError(<urllib3.connection.HTTPSConnection object at 0xbecd00d0>, 'Connection to 115.127.13.154 timed out. (connect timeout=15)')))
HTTPSConnectionPool(host='t.me', port=443): Read timed out. (read timeout=15)
HTTPSConnectionPool(host='t.me', port=443): Max retries exceeded with url: //0?embed=1&mode=tme (Caused by ProxyError('Unable to connect to proxy', ConnectTimeoutError(<urllib3.connection.HTTPSConnection object at 0xc125e598>, 'Connection to 112.78.155.77 timed out. (connect timeout=15)')))
HTTPSConnectionPool(host='t.me', port=443): Max retries exceeded with url: //0?embed=1&mode=tme (Caused by ProxyError('Unable to connect to proxy', ConnectTimeoutError(<urllib3.connection.HTTPSConnection object at 0xbecd0658>, 'Connection to 149.34.210.62 timed out. (connect timeout=15)')))
HTTPSConnectionPool(host='t.me', port=443): Read timed out. (read timeout=15)
HTTPSConnectionPool(host='t.me', port=443): Read timed out. (read timeout=15)
HTTPSConnectionPool(host='t.me', port=443): Max retries exceeded with url: //0?embed=1&mode=tme (Caused by ProxyError('Unable to connect to proxy', OSError('Tunnel connection failed: 403 Access Denied')))
HTTPSConnectionPool(host='t.me', port=443): Max retries exceeded with url: //0?embed=1&mode=tme (Caused by ProxyError('Unable to connect to proxy', ConnectTimeoutError(<urllib3.connection.HTTPSConnection object at 0xc3701718>, 'Connection to 103.148.39.38 timed out. (connect timeout=15)')))
 t=15)')))
 ))HTTPSConnectionPool(host='t.me', port=443): Max retries exceeded with url: //0?embed=1&mode=tme (Caused by ProxyError('Unable to connect to proxy', NewConnectionError('<urllib3.connection.HTTPSConnection object at 0xe8171508>: Failed to establish a new connection: [Errno 111] Connection refused')))
HTTPSConnectionPool(host='t.me', port=443): Read timed out. (read timeout=15)
HTTPSConnectionPool(host='t.me', port=443): Max retries exceeded with url: //0?embed=1&mode=tme (Caused by ProxyError('Unable to connect to proxy', NewConnectionError('<urllib3.connection.HTTPSConnection object at 0xebe6ae20>: Failed to establish a new connection: [Errno 111] Connection refused')))
HTTPSConnectionPool(host='t.me', port=443): Max retries exceeded with url: //0?embed=1&mode=tme (Caused by ProxyError('Unable to connect to proxy', NewConnectionError('<urllib3.connection.HTTPSConnection object at 0xe1c04568>: Failed to establish a new connection: [Errno 111] Connection refused')))
HTTPSConnectionPool(host='t.me', port=443): Max retries exceeded with url: //0?embed=1&mode=tme (Caused by ProxyError('Unable to connect to proxy', NewConnectionError('<urllib3.connection.HTTPSConnection object at 0xdb57f658>: Failed to establish a new connection: [Errno 111] Connection refused')))
('Connection aborted.', RemoteDisconnected('Remote end closed connection without response'))
HTTPSConnectionPool(host='t.me', port=443): Read timed out. (read timeout=15)
HTTPSConnectionPool(host='t.me', port=443): Max retries exceeded with url: //0?embed=1&mode=tme (Caused by ProxyError('Unable to connect to proxy', OSError('Tunnel connection failed: 503 Too many open connections')))
HTTPSConnectionPool(host='t.me', port=443): Read timed out. (read timeout=15)
HTTPSConnectionPool(host='t.me', port=443): Max retries exceeded with url: //0?embed=1&mode=tme (Caused by ProxyError('Unable to connect to proxy', NewConnectionError('<urllib3.connection.HTTPSConnection object at 0xe5a23ee0>: Failed to establish a new connection: [Errno 113] No route to host')))
HTTPSConnectionPool(host='t.me', port=443): Max retries exceeded with url: //0?embed=1&mode=tme (Caused by ProxyError('Unable to connect to proxy', OSError('Tunnel connection failed: 400 Bad Request')))
HTTPSConnectionPool(host='t.me', port=443): Max retries exceeded with url: //0?embed=1&mode=tme (Caused by ProxyError('Unable to connect to proxy', OSError('Tunnel connection failed: 400 Bad Request')))
HTTPSConnectionPool(host='t.me', port=443): Max retries exceeded with url: //0?embed=1&mode=tme (Caused by ProxyError('Unable to connect to proxy', OSError('Tunnel connection failed: 400 Bad Request')))
HTTPSConnectionPool(host='t.me', port=443): Read timed out. (read timeout=15)
HTTPSConnectionPool(host='t.me', port=443): Max retries exceeded with url: //0?embed=1&mode=tme (Caused by ProxyError('Unable to connect to proxy', OSError('Tunnel connection failed: 400 Bad Request')))
HTTPSConnectionPool(host='t.me', port=443): Max retries exceeded with url: //0?embed=1&mode=tme (Caused by ProxyError('Unable to connect to proxy', ConnectTimeoutError(<urllib3.connection.HTTPSConnection object at 0xebd9c6a0>, 'Connection to 139.0.6.11 timed out. (connect timeout=15)')))
HTTPSConnectionPool(host='t.me', port=443): Max retries exceeded with url: //0?embed=1&mode=tme (Caused by ProxyError('Unable to connect to proxy', NewConnectionError('<urllib3.connection.HTTPSConnection object at 0xe66d3f10>: Failed to establish a new connection: [Errno 111] Connection refused')))
HTTPSConnectionPool(host='t.me', port=443): Max retries exceeded with url: //0?embed=1&mode=tme (Caused by ProxyError('Unable to connect to proxy', NewConnectionError('<urllib3.connection.HTTPSConnection object at 0xe66f7388>: Failed to establish a new connection: [Errno 111] Connection refused')))
HTTPSConnectionPool(host='t.me', port=443): Read timed out. (read timeout=15)
HTTPSConnectionPool(host='t.me', port=443): Max retries exceeded with url: //0?embed=1&mode=tme (Caused by ProxyError('Unable to connect to proxy', NewConnectionError('<urllib3.connection.HTTPSConnection object at 0xe81c1a78>: Failed to establish a new connection: [Errno 111] Connection refused')))
HTTPSConnectionPool(host='t.me', port=443): Max retries exceeded with url: //0?embed=1&mode=tme (Caused by ProxyError('Unable to connect to proxy', ConnectTimeoutError(<urllib3.connection.HTTPSConnection object at 0xe81c15c8>, 'Connection to 186.215.87.194 timed out. (connect timeout=15)')))
HTTPSConnectionPool(host='t.me', port=443): Max retries exceeded with url: //0?embed=1&mode=tme (Caused by ProxyError('Unable to connect to proxy', NewConnectionError('<urllib3.connection.HTTPSConnection object at 0xe67bfec8>: Failed to establish a new connection: [Errno 111] Connection refused')))
HTTPSConnectionPool(host='t.me', port=443): Read timed out. (read timeout=15)
HTTPSConnectionPool(host='t.me', port=443): Max retries exceeded with url: //0?embed=1&mode=tme (Caused by ProxyError('Unable to connect to proxy', NewConnectionError('<urllib3.connection.HTTPSConnection object at 0xdb57f5e0>: Failed to establish a new connection: [Errno 111] Connection refused')))
HTTPSConnectionPool(host='t.me', port=443): Max retries exceeded with url: //0?embed=1&mode=tme (Caused by ProxyError('Unable to connect to proxy', ConnectTimeoutError(<urllib3.connection.HTTPSConnection object at 0xeaa54c58>, 'Connection to 5.42.78.239 timed out. (connect timeout=15)')))
HTTPSConnectionPool(host='t.me', port=443): Max retries exceeded with url: //0?embed=1&mode=tme (Caused by ProxyError('Unable to connect to proxy', NewConnectionError('<urllib3.connection.HTTPSConnection object at 0xe8b66b38>: Failed to establish a new connection: [Errno 111] Connection refused')))
HTTPSConnectionPool(host='t.me', port=443): Max retries exceeded with url: //0?embed=1&mode=tme (Caused by ProxyError('Unable to connect to proxy', ConnectTimeoutError(<urllib3.connection.HTTPSConnection object at 0xc2765d78>, 'Connection to 1.224.3.122 timed out. (connect timeout=15)')))
HTTPSConnectionPool(host='t.me', port=443): Max retries exceeded with url: //0?embed=1&mode=tme (Caused by ProxyError('Unable to connect to proxy', ConnectTimeoutError(<urllib3.connection.HTTPSConnection object at 0xe66da8e0>, 'Connection to 182.140.244.163 timed out. (connect timeout=15)')))
HTTPSConnectionPool(host='t.me', port=443): Read timed out. (read timeout=15)
HTTPSConnectionPool(host='t.me', port=443): Read timed out. (read timeout=15)
HTTPSConnectionPool(host='t.me', port=443): Max retries exceeded with url: //0?embed=1&mode=tme (Caused by ProxyError('Unable to connect to proxy', NewConnectionError('<urllib3.connection.HTTPSConnection object at 0xe0eb1c58>: Failed to establish a new connection: [Errno 111] Connection refused')))
49.231:6789
120.79.16.132:5000
120.79.32.83:18081
120.79.32.83:18081
120.79.86.123:80
120.79.86.123:80
120.82.174.128:9091
120.82.174.128:9091
121.1.41.162:111
121.126.50.73:11592
121.128.194.154:80
121.139.218.165:31409
121.22.53.166:9091
121.22.53.166:9091
121.230.209.175:7788
121.230.209.77:7788
121.33.221.46:6890
121.36.62.78:8118
121.40.243.224:80
121.41.90.111:8080
121.43.225.167:8118
121.43.57.246:80
121.46.64.170:8080
122.136.212.132:53281
122.50.6.186:8080
122.9.183.228:8000
122.9.183.228:8000
123.126.158.184:80
123.126.158.184:80
123.126.158.50:80
123.126.158.50:80
123.138.214.150:9002
123.138.214.150:9002
123.154.24.61:8085
123.154.24.61:8085
123.163.52.24:9091
123.163.52.24:9091
123.182.58.110:8089
123.182.58.124:8089
123.182.58.124:8089
123.182.58.36:8089
123.182.58.36:8089
123.182.58.57:8089
123.182.58.5:8089
123.182.58.5:8089
123.182.58.66:8089
123.182.58.66:8089
123.182.58.6:8089
123.182.58.6:8089
123.182.58.7:8089
123.182.58.7:8089
123.182.59.103:8089
123.182.59.103:8089
123.182.59.113:8089
123.182.59.113:8089
123.182.59.158:8089
123.182.59.158:8089
123.182.59.162:8089
123.182.59.1:8089
123.182.59.1:8089
123.182.59.193:8089
123.182.59.193:8089
123.182.59.208:8089
123.182.59.208:8089
123.182.59.234:8089
123.183.160.83:9091
123.183.160.83:9091
123.185.0.192:9000
123.202.159.108:80
123.202.159.108:80
123.231.221.180:HTTPSConnectionPool(host='t.me', port=443): Max retries exceeded with url: //0?embed=1&mode=tme (Caused by ProxyError('Unable to connect to proxy', NewConnectionError('<urllib3.connection.HTTPSConnection object at 0xe8c19028>: Failed to establish a new connection: [Errno 111] Connection refused')))
HTTPSConnectionPool(host='t.me', port=443): Max retries exceeded with url: //0?embed=1&mode=tme (Caused by ProxyError('Unable to connect to proxy', OSError('Tunnel connection failed: 400 Bad Request')))
HTTPSConnectionPool(host='t.me', port=443): Max retries exceeded with url: //0?embed=1&mode=tme (Caused by ProxyError('Unable to connect to proxy', NewConnectionError('<urllib3.connection.HTTPSConnection object at 0xe1c049a0>: Failed to establish a new connection: [Errno 111] Connection refused')))
HTTPSConnectionPool(host='t.me', port=443): Max retries exceeded with url: //0?embed=1&mode=tme (Caused by ProxyError('Unable to connect to proxy', ConnectTimeoutError(<urllib3.connection.HTTPSConnection object at 0xe81c1718>, 'Connection to 149.34.210.58 timed out. (connect timeout=15)')))
HTTPSConnectionPool(host='t.me', port=443): Max retries exceeded with url: //0?embed=1&mode=tme (Caused by ProxyError('Unable to connect to proxy', ConnectTimeoutError(<urllib3.connection.HTTPSConnection object at 0xe1bc27d8>, 'Connection to 103.105.55.141 timed out. (connect timeout=15)')))
HTTPSConnectionPool(host='t.me', port=443): Max retries exceeded with url: //0?embed=1&mode=tme (Caused by ProxyError('Unable to connect to proxy', ConnectTimeoutError(<urllib3.connection.HTTPSConnection object at 0xe1bc2778>, 'Connection to 114.251.193.153 timed out. (connect timeout=15)')))
HTTPSConnectionPool(host='t.me', port=443): Max retries exceeded with url: //0?embed=1&mode=tme (Caused by ProxyError('Unable to connect to proxy', ConnectTimeoutError(<urllib3.connection.HTTPSConnection object at 0xe7fdd850>, 'Connection to 103.152.232.68 timed out. (connect timeout=15)')))
HTTPSConnectionPool(host='t.me', port=443): Max retries exceeded with url: //0?embed=1&mode=tme (Caused by ProxyError('Unable to connect to proxy', ConnectTimeoutError(<urllib3.connection.HTTPSConnection object at 0xe1bc2cb8>, 'Connection to 188.132.222.171 timed out. (connect timeout=15)')))
HTTPSConnectionPool(host='t.me', port=443): Max retries exceeded with url: //0?embed=1&mode=tme (Caused by ProxyError('Unable to connect to proxy', ConnectTimeoutError(<urllib3.connection.HTTPSConnection object at 0xe1bc2478>, 'Connection to 80.66.112.2 timed out. (connect timeout=15)')))
('Connection aborted.', ConnectionResetError(104, 'Connection reset by peer'))
HTTPSConnectionPool(host='t.me', port=443): Read timed out. (read timeout=15)
HTTPSConnectionPool(host='t.me', port=443): Max retries exceeded with url: //0?embed=1&mode=tme (Caused by ProxyError('Unable to connect to proxy', ConnectTimeoutError(<urllib3.connection.HTTPSConnection object at 0xe1bc8238>, 'Connection to 31.148.7.130 timed out. (connect timeout=15)')))
HTTPSConnectionPool(host='t.me', port=443): Max retries exceeded with url: //0?embed=1&mode=tme (Caused by ProxyError('Unable to connect to proxy', ConnectTimeoutError(<urllib3.connection.HTTPSConnection object at 0xe1bc8a18>, 'Connection to 36.6.144.16 timed out. (connect timeout=15)')))
HTTPSConnectionPool(host='t.me', port=443): Read timed out. (read timeout=15)
HTTPSConnectionPool(host='t.me', port=443): Max retries exceeded with url: //0?embed=1&mode=tme (Caused by ProxyError('Unable to connect to proxy', ConnectTimeoutError(<urllib3.connection.HTTPSConnection object at 0xe1bc8ad8>, 'Connection to 112.73.93.234 timed out. (connect timeout=15)')))
HTTPSConnectionPool(host='t.me', port=443): Max retries exceeded with url: //0?embed=1&mode=tme (Caused by ProxyError('Unable to connect to proxy', OSError('Tunnel connection failed: 500 Internal Server Error')))
HTTPSConnectionPool(host='t.me', port=443): Max retries exceeded with url: //0?embed=1&mode=tme (Caused by ProxyError('Unable to connect to proxy', ConnectTimeoutError(<urllib3.connection.HTTPSConnection object at 0xe1bc25b0>, 'Connection to 118.99.96.170 timed out. (connect timeout=15)')))
HTTPSConnectionPool(host='t.me', port=443): Max retries exceeded with url: //0?embed=1&mode=tme (Caused by ProxyError('Unable to connect to proxy', NewConnectionError('<urllib3.connection.HTTPSConnection object at 0xbb374490>: Failed to establish a new connection: [Errno 111] Connection refused')))
('Connection aborted.', RemoteDisconnected('Remote end closed connection without response'))
HTTPSConnectionPool(host='t.me', port=443): Read timed out. (read timeout=15)
HTTPSConnectionPool(host='t.me', port=443): Read timed out. (read timeout=15)
HTTPSConnectionPool(host='t.me', port=443): Max retries exceeded with url: //0?embed=1&mode=tme (Caused by ProxyError('Unable to connect to proxy', ConnectTimeoutError(<urllib3.connection.HTTPSConnection object at 0xd7a739d0>, 'Connection to 217.219.30.227 timed out. (connect timeout=15)')))
HTTPSConnectionPool(host='t.me', port=443): Max retries exceeded with url: //0?embed=1&mode=tme (Caused by ProxyError('Unable to connect to proxy', ConnectTimeoutError(<urllib3.connection.HTTPSConnection object at 0xc489fa30>, 'Connection to 91.116.142.38 timed out. (connect timeout=15)')))
HTTPSConnectionPool(host='t.me', port=443): Read timed out. (read timeout=15)
HTTPSConnectionPool(host='t.me', port=443): Max retries exceeded with url: //0?embed=1&mode=tme (Caused by ProxyError('Unable to connect to proxy', ConnectTimeoutError(<urllib3.connection.HTTPSConnection object at 0xe4ad5d00>, 'Connection to 103.13.204.89 timed out. (connect timeout=15)')))
HTTPSConnectionPool(host='t.me', port=443): Max retries exceeded with url: //0?embed=1&mode=tme (Caused by ProxyError('Unable to connect to proxy', NewConnectionError('<urllib3.connection.HTTPSConnection object at 0xe8c19640>: Failed to establish a new connection: [Errno 111] Connection refused')))
HTTPSConnectionPool(host='t.me', port=443): Max retries exceeded with url: //0?embed=1&mode=tme (Caused by ProxyError('Unable to connect to proxy', ConnectTimeoutError(<urllib3.connection.HTTPSConnection object at 0xe1bc22c8>, 'Connection to 182.176.164.41 timed out. (connect timeout=15)')))
HTTPSConnectionPool(host='t.me', port=443): Max retries exceeded with url: //0?embed=1&mode=tme (Caused by ProxyError('Unable to connect to proxy', OSError('Tunnel connection failed: 400 Bad Request')))
HTTPSConnectionPool(host='t.me', port=443): Max retries exceeded with url: //0?embed=1&mode=tme (Caused by ProxyError('Unable to connect to proxy', NewConnectionError('<urllib3.connection.HTTPSConnection object at 0xe1bc21f0>: Failed to establish a new connection: [Errno 113] No route to host')))
HTTPSConnectionPool(host='t.me', port=443): Read timed out. (read timeout=15)
HTTPSConnectionPool(host='t.me', port=443): Max retries exceeded with url: //0?embed=1&mode=tme (Caused by ProxyError('Unable to connect to proxy', OSError('Tunnel connection failed: 400 Bad Request')))
HTTPSConnectionPool(host='t.me', port=443): Max retries exceeded with url: //0?embed=1&mode=tme (Caused by ProxyError('Unable to connect to proxy', NewConnectionError('<urllib3.connection.HTTPSConnection object at 0xe1bc83a0>: Failed to establish a new connection: [Errno 111] Connection refused')))
HTTPSConnectionPool(host='t.me', port=443): Read timed out. (read timeout=15)
                                                                                                                                                                                                                                                                                                                                                                                                                                                                                                                                                                                                              HTTPSConnectionPool(host='t.me', port=443): Max retries exceeded with url: //0?embed=1&mode=tme (Caused by ProxyError('Unable to connect to proxy', OSError('Tunnel connection failed: 400 Bad Request')))
HTTPSConnectionPool(host='t.me', port=443): Max retries exceeded with url: //0?embed=1&mode=tme (Caused by ProxyError('Unable to connect to proxy', ConnectTimeoutError(<urllib3.connection.HTTPSConnection object at 0xebecc850>, 'Connection to 191.97.15.94 timed out. (connect timeout=15)')))
HTTPSConnectionPool(host='t.me', port=443): Read timed out. (read timeout=15)
HTTPSConnectionPool(host='t.me', port=443): Max retries exceeded with url: //0?embed=1&mode=tme (Caused by ProxyError('Unable to connect to proxy', ConnectTimeoutError(<urllib3.connection.HTTPSConnection object at 0xebd90fa0>, 'Connection to 5.42.74.179 timed out. (connect timeout=15)')))
HTTPSConnectionPool(host='t.me', port=443): Max retries exceeded with url: //0?embed=1&mode=tme (Caused by ProxyError('Unable to connect to proxy', OSError('Tunnel connection failed: 500 Internal Server Error')))
HTTPSConnectionPool(host='t.me', port=443): Max retries exceeded with url: //0?embed=1&mode=tme (Caused by ProxyError('Unable to connect to proxy', ConnectTimeoutError(<urllib3.connection.HTTPSConnection object at 0xd7022688>, 'Connection to 103.156.75.152 timed out. (connect timeout=15)')))
HTTPSConnectionPool(host='t.me', port=443): Max retries exceeded with url: //0?embed=1&mode=tme (Caused by ProxyError('Unable to connect to proxy', OSError('Tunnel connection failed: 500 Internal Server Error')))
HTTPSConnectionPool(host='t.me', port=443): Max retries exceeded with url: //0?embed=1&mode=tme (Caused by ProxyError('Unable to connect to proxy', NewConnectionError('<urllib3.connection.HTTPSConnection object at 0xeb4f8838>: Failed to establish a new connection: [Errno 111] Connection refused')))
HTTPSConnectionPool(host='t.me', port=443): Read timed out. (read timeout=15)
HTTPSConnectionPool(host='t.me', port=443): Max retries exceeded with url: //0?embed=1&mode=tme (Caused by ProxyError('Unable to connect to proxy', ConnectTimeoutError(<urllib3.connection.HTTPSConnection object at 0xe3e91220>, 'Connection to 36.93.204.241 timed out. (connect timeout=15)')))
HTTPSConnectionPool(host='t.me', port=443): Max retries exceeded with url: //0?embed=1&mode=tme (Caused by ProxyError('Unable to connect to proxy', OSError('Tunnel connection failed: 500 Internal Server Error')))
HTTPSConnectionPool(host='t.me', port=443): Max retries exceeded with url: //0?embed=1&mode=tme (Caused by ProxyError('Unable to connect to proxy', ConnectTimeoutError(<urllib3.connection.HTTPSConnection object at 0xe3e91928>, 'Connection to 83.229.61.198 timed out. (connect timeout=15)')))
HTTPSConnectionPool(host='t.me', port=443): Max retries exceeded with url: //0?embed=1&mode=tme (Caused by ProxyError('Unable to connect to proxy', NewConnectionError('<urllib3.connection.HTTPSConnection object at 0xebe6a610>: Failed to establish a new connection: [Errno 111] Connection refused')))
('Connection aborted.', RemoteDisconnected('Remote end closed connection without response'))
HTTPSConnectionPool(host='t.me', port=443): Max retries exceeded with url: //0?embed=1&mode=tme (Caused by ProxyError('Unable to connect to proxy', NewConnectionError('<urllib3.connection.HTTPSConnection object at 0xe33de9d0>: Failed to establish a new connection: [Errno 111] Connection refused')))
HTTPSConnectionPool(host='t.me', port=443): Max retries exceeded with url: //0?embed=1&mode=tme (Caused by ProxyError('Unable to connect to proxy', OSError('Tunnel connection failed: 400 Bad Request')))
HTTPSConnectionPool(host='t.me', port=443): Max retries exceeded with url: //0?embed=1&mode=tme (Caused by ProxyError('Unable to connect to proxy', ConnectTimeoutError(<urllib3.connection.HTTPSConnection object at 0xdb5890d0>, 'Connection to 190.210.84.113 timed out. (connect timeout=15)')))
HTTPSConnectionPool(host='t.me', port=443): Read timed out. (read timeout=15)
HTTPSConnectionPool(host='t.me', port=443): Max retries exceeded with url: //0?embed=1&mode=tme (Caused by ProxyError('Unable to connect to proxy', NewConnectionError('<urllib3.connection.HTTPSConnection object at 0xe1bc8178>: Failed to establish a new connection: [Errno 111] Connection refused')))
HTTPSConnectionPool(host='t.me', port=443): Read timed out. (read timeout=15)
HTTPSConnectionPool(host='t.me', port=443): Max retries exceeded with url: //0?embed=1&mode=tme (Caused by ProxyError('Unable to connect to proxy', ConnectTimeoutError(<urllib3.connection.HTTPSConnection object at 0xdb5896a0>, 'Connection to 103.29.7.133 timed out. (connect timeout=15)')))
HTTPSConnectionPool(host='t.me', port=443): Max retries exceeded with url: //0?embed=1&mode=tme (Caused by ProxyError('Unable to connect to proxy', ConnectTimeoutError(<urllib3.connection.HTTPSConnection object at 0xe67b2478>, 'Connection to 27.157.60.229 timed out. (connect timeout=15)')))
HTTPSConnectionPool(host='t.me', port=443): Max retries exceeded with url: //0?embed=1&mode=tme (Caused by ProxyError('Unable to connect to proxy', NewConnectionError('<urllib3.connection.HTTPSConnection object at 0xe4ad5b38>: Failed to establish a new connection: [Errno 111] Connection refused')))
HTTPSConnectionPool(host='t.me', port=443): Max retries exceeded with url: //0?embed=1&mode=tme (Caused by ProxyError('Unable to connect to proxy', ConnectTimeoutError(<urllib3.connection.HTTPSConnection object at 0xdcac7628>, 'Connection to 191.102.254.12 timed out. (connect timeout=15)')))
HTTPSConnectionPool(host='t.me', port=443): Max retries exceeded with url: //0?embed=1&mode=tme (Caused by ProxyError('Unable to connect to proxy', ConnectTimeoutError(<urllib3.connection.HTTPSConnection object at 0xebd90e38>, 'Connection to 103.181.168.209 timed out. (connect timeout=15)')))
HTTPSConnectionPool(host='t.me', port=443): Max retries exceeded with url: //0?embed=1&mode=tme (Caused by ProxyError('Unable to connect to proxy', NewConnectionError('<urllib3.connection.HTTPSConnection object at 0xeac35760>: Failed to establish a new connection: [Errno 111] Connection refused')))
HTTPSConnectionPool(host='t.me', port=443): Max retries exceeded with url: //0?embed=1&mode=tme (Caused by ProxyError('Unable to connect to proxy', OSError('Tunnel connection failed: 405 Method Not Allowed')))
('Connection aborted.', RemoteDisconnected('Remote end closed connection without response'))
HTTPSConnectionPool(host='t.me', port=443): Max retries exceeded with url: //0?embed=1&mode=tme (Caused by ProxyError('Unable to connect to proxy', ConnectTimeoutError(<urllib3.connection.HTTPSConnection object at 0xebd55478>, 'Connection to 5.42.74.179 timed out. (connect timeout=15)')))
HTTPSConnectionPool(host='t.me', port=443): Max retries exceeded with url: //0?embed=1&mode=tme (Caused by ProxyError('Unable to connect to proxy', ConnectTimeoutError(<urllib3.connection.HTTPSConnection object at 0xe8151610>, 'Connection to 121.40.62.167 timed out. (connect timeout=15)')))
HTTPSConnectionPool(host='t.me', port=443): Max retries exceeded with url: //0?embed=1&mode=tme (Caused by ProxyError('Unable to connect to proxy', ConnectTimeoutError(<urllib3.connection.HTTPSConnection object at 0xe66e3118>, 'Connection to 5.42.81.57 timed out. (connect timeout=15)')))
('Connection aborted.', RemoteDisconnected('Remote end closed connection without response'))
                                                                                                                                                                                                                                                                                                                                                                                                                                                                                                                                                                                                                                                                                                                         HTTPSConnectionPool(host='t.me', port=443): Max retries exceeded with url: //0?embed=1&mode=tme (Caused by ProxyError('Unable to connect to proxy', ConnectTimeoutError(<urllib3.connection.HTTPSConnection object at 0xe1a30160>, 'Connection to 5.42.74.179 timed out. (connect timeout=15)')))
HTTPSConnectionPool(host='t.me', port=443): Max retries exceeded with url: //0?embed=1&mode=tme (Caused by ProxyError('Unable to connect to proxy', NewConnectionError('<urllib3.connection.HTTPSConnection object at 0xbf988bc8>: Failed to establish a new connection: [Errno 111] Connection refused')))
HTTPSConnectionPool(host='t.me', port=443): Read timed out. (read timeout=15)
HTTPSConnectionPool(host='t.me', port=443): Read timed out. (read timeout=15)
HTTPSConnectionPool(host='t.me', port=443): Read timed out. (read timeout=15)
HTTPSConnectionPool(host='t.me', port=443): Max retries exceeded with url: //0?embed=1&mode=tme (Caused by ProxyError('Unable to connect to proxy', NewConnectionError('<urllib3.connection.HTTPSConnection object at 0xdd60bfa0>: Failed to establish a new connection: [Errno 111] Connection refused')))
HTTPSConnectionPool(host='t.me', port=443): Max retries exceeded with url: //0?embed=1&mode=tme (Caused by ProxyError('Unable to connect to proxy', NewConnectionError('<urllib3.connection.HTTPSConnection object at 0xbe154ee0>: Failed to establish a new connection: [Errno 111] Connection refused')))
HTTPSConnectionPool(host='t.me', port=443): Max retries exceeded with url: //0?embed=1&mode=tme (Caused by ProxyError('Unable to connect to proxy', ConnectTimeoutError(<urllib3.connection.HTTPSConnection object at 0xe5a06f88>, 'Connection to 14.241.46.131 timed out. (connect timeout=15)')))
HTTPSConnectionPool(host='t.me', port=443): Max retries exceeded with url: //0?embed=1&mode=tme (Caused by ProxyError('Unable to connect to proxy', OSError('Tunnel connection failed: 400 Bad Request')))
HTTPSConnectionPool(host='t.me', port=443): Read timed out. (read timeout=15)
('Connection aborted.', ConnectionResetError(104, 'Connection reset by peer'))
('Connection aborted.', RemoteDisconnected('Remote end closed connection without response'))
HTTPSConnectionPool(host='t.me', port=443): Read timed out. (read timeout=15)
HTTPSConnectionPool(host='t.me', port=443): Read timed out. (read timeout=15)
HTTPSConnectionPool(host='t.me', port=443): Max retries exceeded with url: //0?embed=1&mode=tme (Caused by ProxyError('Unable to connect to proxy', NewConnectionError('<urllib3.connection.HTTPSConnection object at 0xebe6ad90>: Failed to establish a new connection: [Errno 111] Connection refused')))
HTTPSConnectionPool(host='t.me', port=443): Max retries exceeded with url: //0?embed=1&mode=tme (Caused by ProxyError('Unable to connect to proxy', NewConnectionError('<urllib3.connection.HTTPSConnection object at 0xe1a05b80>: Failed to establish a new connection: [Errno 111] Connection refused')))
HTTPSConnectionPool(host='t.me', port=443): Max retries exceeded with url: //0?embed=1&mode=tme (Caused by ProxyError('Unable to connect to proxy', ConnectTimeoutError(<urllib3.connection.HTTPSConnection object at 0xc48b2940>, 'Connection to 5.42.81.57 timed out. (connect timeout=15)')))
HTTPSConnectionPool(host='t.me', port=443): Max retries exceeded with url: //0?embed=1&mode=tme (Caused by ProxyError('Unable to connect to proxy', NewConnectionError('<urllib3.connection.HTTPSConnection object at 0xbb359a30>: Failed to establish a new connection: [Errno 113] No route to host')))
HTTPSConnectionPool(host='t.me', port=443): Max retries exceeded with url: //0?embed=1&mode=tme (Caused by ProxyError('Unable to connect to proxy', NewConnectionError('<urllib3.connection.HTTPSConnection object at 0xe251b1c0>: Failed to establish a new connection: [Errno 113] No route to host')))
HTTPSConnectionPool(host='t.me', port=443): Max retries exceeded with url: //0?embed=1&mode=tme (Caused by ProxyError('Unable to connect to proxy', ConnectTimeoutError(<urllib3.connection.HTTPSConnection object at 0xdcaa0c10>, 'Connection to 157.119.222.22 timed out. (connect timeout=15)')))
HTTPSConnectionPool(host='t.me', port=443): Max retries exceeded with url: //0?embed=1&mode=tme (Caused by ProxyError('Unable to connect to proxy', ConnectTimeoutError(<urllib3.connection.HTTPSConnection object at 0xc489f418>, 'Connection to 183.88.30.219 timed out. (connect timeout=15)')))
HTTPSConnectionPool(host='t.me', port=443): Max retries exceeded with url: //0?embed=1&mode=tme (Caused by ProxyError('Unable to connect to proxy', ConnectTimeoutError(<urllib3.connection.HTTPSConnection object at 0xdd60bd00>, 'Connection to 47.243.177.210 timed out. (connect timeout=15)')))
HTTPSConnectionPool(host='t.me', port=443): Max retries exceeded with url: //0?embed=1&mode=tme (Caused by ProxyError('Unable to connect to proxy', ConnectTimeoutError(<urllib3.connection.HTTPSConnection object at 0xc48b20a0>, 'Connection to 103.160.184.222 timed out. (connect timeout=15)')))
HTTPSConnectionPool(host='t.me', port=443): Max retries exceeded with url: //0?embed=1&mode=tme (Caused by ProxyError('Unable to connect to proxy', ConnectTimeoutError(<urllib3.connection.HTTPSConnection object at 0xeb4f0af0>, 'Connection to 58.114.118.200 timed out. (connect timeout=15)')))
HTTPSConnectionPool(host='t.me', port=443): Max retries exceeded with url: //0?embed=1&mode=tme (Caused by ProxyError('Unable to connect to proxy', ConnectTimeoutError(<urllib3.connection.HTTPSConnection object at 0xc4896ad8>, 'Connection to 103.31.232.244 timed out. (connect timeout=15)')))
HTTPSConnectionPool(host='t.me', port=443): Max retries exceeded with url: //0?embed=1&mode=tme (Caused by ProxyError('Unable to connect to proxy', ConnectTimeoutError(<urllib3.connection.HTTPSConnection object at 0xeb4f05b0>, 'Connection to 157.100.7.218 timed out. (connect timeout=15)')))
HTTPSConnectionPool(host='t.me', port=443): Max retries exceeded with url: //0?embed=1&mode=tme (Caused by ProxyError('Unable to connect to proxy', ConnectTimeoutError(<urllib3.connection.HTTPSConnection object at 0xbecc3c88>, 'Connection to 41.60.26.210 timed out. (connect timeout=15)')))
HTTPSConnectionPool(host='t.me', port=443): Max retries exceeded with url: //0?embed=1&mode=tme (Caused by ProxyError('Unable to connect to proxy', ConnectTimeoutError(<urllib3.connection.HTTPSConnection object at 0xeb4f88f8>, 'Connection to 41.193.81.7 timed out. (connect timeout=15)')))
HTTPSConnectionPool(host='t.me', port=443): Max retries exceeded with url: //0?embed=1&mode=tme (Caused by ProxyError('Unable to connect to proxy', NewConnectionError('<urllib3.connection.HTTPSConnection object at 0xe66dac10>: Failed to establish a new connection: [Errno 111] Connection refused')))
HTTPSConnectionPool(host='t.me', port=443): Max retries exceeded with url: //0?embed=1&mode=tme (Caused by ProxyError('Unable to connect to proxy', ConnectTimeoutError(<urllib3.connection.HTTPSConnection object at 0xeb4f80a0>, 'Connection to 220.178.135.69 timed out. (connect timeout=15)')))
HTTPSConnectionPool(host='t.me', port=443): Max retries exceeded with url: //0?embed=1&mode=tme (Caused by ProxyError('Unable to connect to proxy', OSError('Tunnel connection failed: 400 Bad Request')))
HTTPSConnectionPool(host='t.me', port=443): Max retries exceeded with url: //0?embed=1&mode=tme (Caused by ProxyError('Unable to connect to proxy', NewConnectionError('<urllib3.connection.HTTPSConnection object at 0xe3ea2a60>: Failed to establish a new connection: [Errno 111] Connection refused')))
HTTPSConnectionPool(host='t.me', port=443): Max retries exceeded with url: //0?embed=1&mode=tme (Caused by ProxyError('Unable to connect to proxy', ConnectTimeoutError(<urllib3.connection.HTTPSConnection object at 0xc489fb98>, 'Connection to 38.41.0.62 timed out. (connect timeout=15)')))
HTTPSConnectionPool(host='t.me', port=443): Read timed out. (read timeout=15)
HTTPSConnectionPool(host='t.me', port=443): Max retries exceeded with url: //0?embed=1&mode=tme (Caused by ProxyError('Unable to connect to proxy', NewConnectionError('<urllib3.connection.HTTPSConnection object at 0xe81db040>: Failed to establish a new connection: [Errno 111] Connection refused')))
HTTPSConnectionPool(host='t.me', port=443): Max retries exceeded with url: //0?embed=1&mode=tme (Caused by ProxyError('Unable to connect to proxy', NewConnectionError('<urllib3.connection.HTTPSConnection object at 0xbd5f7490>: Failed to establish a new connection: [Errno 111] Connection refused')))
HTTPSConnectionPool(host='t.me', port=443): Max retries exceeded with url: //0?embed=1&mode=tme (Caused by ProxyError('Unable to connect to proxy', ConnectTimeoutError(<urllib3.connection.HTTPSConnection object at 0xbbdcd100>, 'Connection to 43.243.172.2 timed out. (connect timeout=15)')))
HTTPSConnectionPool(host='t.me', port=443): Read timed out. (read timeout=15)
HTTPSConnectionPool(host='t.me', port=443): Max retries exceeded with url: //0?embed=1&mode=tme (Caused by ProxyError('Unable to connect to proxy', NewConnectionError('<urllib3.connection.HTTPSConnection object at 0xe0eb11c0>: Failed to establish a new connection: [Errno 111] Connection refused')))
HTTPSConnectionPool(host='t.me', port=443): Max retries exceeded with url: //0?embed=1&mode=tme (Caused by ProxyError('Unable to connect to proxy', ConnectTimeoutError(<urllib3.connection.HTTPSConnection object at 0xc37019d0>, 'Connection to 36.92.147.99 timed out. (connect timeout=15)')))
('Connection aborted.', RemoteDisconnected('Remote end closed connection without response'))
HTTPSConnectionPool(host='t.me', port=443): Max retries exceeded with url: //0?embed=1&mode=tme (Caused by ProxyError('Unable to connect to proxy', ConnectTimeoutError(<urllib3.connection.HTTPSConnection object at 0xc3701a78>, 'Connection to 180.191.23.115 timed out. (connect timeout=15)')))
HTTPSConnectionPool(host='t.me', port=443): Max retries exceeded with url: //0?embed=1&mode=tme (Caused by ProxyError('Unable to connect to proxy', ConnectTimeoutError(<urllib3.connection.HTTPSConnection object at 0xc48a5100>, 'Connection to 37.156.146.163 timed out. (connect timeout=15)')))
HTTPSConnectionPool(host='t.me', port=443): Max retries exceeded with url: //0?embed=1&mode=tme (Caused by ProxyError('Unable to connect to proxy', NewConnectionError('<urllib3.connection.HTTPSConnection object at 0xe739a220>: Failed to establish a new connection: [Errno 111] Connection refused')))
HTTPSConnectionPool(host='t.me', port=443): Max retries exceeded with url: //0?embed=1&mode=tme (Caused by ProxyError('Unable to connect to proxy', NewConnectionError('<urllib3.connection.HTTPSConnection object at 0xc48c31d8>: Failed to establish a new connection: [Errno 111] Connection refused')))
HTTPSConnectionPool(host='t.me', port=443): Max retries exceeded with url: //0?embed=1&mode=tme (Caused by ProxyError('Unable to connect to proxy', ConnectTimeoutError(<urllib3.connection.HTTPSConnection object at 0xe66e36a0>, 'Connection to 79.137.204.235 timed out. (connect timeout=15)')))
HTTPSConnectionPool(host='t.me', port=443): Read timed out. (read timeout=15)
HTTPSConnectionPool(host='t.me', port=443): Max retries exceeded with url: //0?embed=1&mode=tme (Caused by ProxyError('Unable to connect to proxy', OSError('Tunnel connection failed: 400 Bad Request')))
HTTPSConnectionPool(host='t.me', port=443): Max retries exceeded with url: //0?embed=1&mode=tme (Caused by ProxyError('Unable to connect to proxy', NewConnectionError('<urllib3.connection.HTTPSConnection object at 0xdf7e74a8>: Failed to establish a new connection: [Errno 113] No route to host')))
HTTPSConnectionPool(host='t.me', port=443): Max retries exceeded with url: //0?embed=1&mode=tme (Caused by ProxyError('Unable to connect to proxy', NewConnectionError('<urllib3.connection.HTTPSConnection object at 0xeac350d0>: Failed to establish a new connection: [Errno 111] Connection refused')))
HTTPSConnectionPool(host='t.me', port=443): Max retries exceeded with url: //0?embed=1&mode=tme (Caused by ProxyError('Unable to connect to proxy', ConnectTimeoutError(<urllib3.connection.HTTPSConnection object at 0xdcac7f70>, 'Connection to 41.139.197.185 timed out. (connect timeout=15)')))
HTTPSConnectionPool(host='t.me', port=443): Read timed out. (read timeout=15)
HTTPSConnectionPool(host='t.me', port=443): Max retries exceeded with url: //0?embed=1&mode=tme (Caused by ProxyError('Unable to connect to proxy', ConnectTimeoutError(<urllib3.connection.HTTPSConnection object at 0xc27744a8>, 'Connection to 79.137.204.235 timed out. (connect timeout=15)')))
HTTPSConnectionPool(host='t.me', port=443): Max retries exceeded with url: //0?embed=1&mode=tme (Caused by ProxyError('Unable to connect to proxy', OSError('Tunnel connection failed: 400 Bad Request')))
('Connection aborted.', RemoteDisconnected('Remote end closed connection without response'))
HTTPSConnectionPool(host='t.me', port=443): Max retries exceeded with url: //0?embed=1&mode=tme (Caused by ProxyError('Unable to connect to proxy', NewConnectionError('<urllib3.connection.HTTPSConnection object at 0xeb4f09a0>: Failed to establish a new connection: [Errno 111] Connection refused')))
HTTPSConnectionPool(host='t.me', port=443): Read timed out. (read timeout=15)
HTTPSConnectionPool(host='t.me', port=443): Max retries exceeded with url: //0?embed=1&mode=tme (Caused by ProxyError('Unable to connect to proxy', ConnectTimeoutError(<urllib3.connection.HTTPSConnection object at 0xdcac7fd0>, 'Connection to 103.148.192.74 timed out. (connect timeout=15)')))
HTTPSConnectionPool(host='t.me', port=443): Max retries exceeded with url: //0?embed=1&mode=tme (Caused by ProxyError('Unable to connect to proxy', ConnectTimeoutError(<urllib3.connection.HTTPSConnection object at 0xc3729418>, 'Connection to 98.6.197.202 timed out. (connect timeout=15)')))
HTTPSConnectionPool(host='t.me', port=443): Max retries exceeded with url: //0?embed=1&mode=tme (Caused by ProxyError('Unable to connect to proxy', OSError('Tunnel connection failed: 403 Forbidden')))
HTTPSConnectionPool(host='t.me', port=443): Max retries exceeded with url: //0?embed=1&mode=tme (Caused by ProxyError('Unable to connect to proxy', NewConnectionError('<urllib3.connection.HTTPSConnection object at 0xe1bc8400>: Failed to establish a new connection: [Errno 111] Connection refused')))
HTTPSConnectionPool(host='t.me', port=443): Max retries exceeded with url: //0?embed=1&mode=tme (Caused by ProxyError('Unable to connect to proxy', NewConnectionError('<urllib3.connection.HTTPSConnection object at 0xe1bc29e8>: Failed to establish a new connection: [Errno 111] Connection refused')))
HTTPSConnectionPool(host='t.me', port=443): Read timed out. (read timeout=15)
HTTPSConnectionPool(host='t.me', port=443): Max retries exceeded with url: //0?embed=1&mode=tme (Caused by ProxyError('Unable to connect to proxy', ConnectTimeoutError(<urllib3.connection.HTTPSConnection object at 0xc48cbd30>, 'Connection to 223.247.46.23 timed out. (connect timeout=15)')))
HTTPSConnectionPool(host='t.me', port=443): Max retries exceeded with url: //0?embed=1&mode=tme (Caused by ProxyError('Unable to connect to proxy', ConnectTimeoutError(<urllib3.connection.HTTPSConnection object at 0xeb4e9d48>, 'Connection to 115.147.13.179 timed out. (connect timeout=15)')))
HTTPSConnectionPool(host='t.me', port=443): Max retries exceeded with url: //0?embed=1&mode=tme (Caused by ProxyError('Unable to connect to proxy', ConnectTimeoutError(<urllib3.connection.HTTPSConnection object at 0xdcac78b0>, 'Connection to 117.54.114.98 timed out. (connect timeout=15)')))
HTTPSConnectionPool(host='t.me', port=443): Max retries exceeded with url: //0?embed=1&mode=tme (Caused by ProxyError('Unable to connect to proxy', ConnectTimeoutError(<urllib3.connection.HTTPSConnection object at 0xdcac7118>, 'Connection to 114.106.172.102 timed out. (connect timeout=15)')))
('Connection aborted.', RemoteDisconnected('Remote end closed connection without response'))
HTTPSConnectionPool(host='t.me', port=443): Max retries exceeded with url: //0?embed=1&mode=tme (Caused by ProxyError('Unable to connect to proxy', ConnectTimeoutError(<urllib3.connection.HTTPSConnection object at 0xc1b001a8>, 'Connection to 154.73.28.161 timed out. (connect timeout=15)')))
HTTPSConnectionPool(host='t.me', port=443): Max retries exceeded with url: //0?embed=1&mode=tme (Caused by ProxyError('Unable to connect to proxy', NewConnectionError('<urllib3.connection.HTTPSConnection object at 0xe5a17f28>: Failed to establish a new connection: [Errno 111] Connection refused')))
HTTPSConnectionPool(host='t.me', port=443): Read timed out. (read timeout=15)
('Connection aborted.', ConnectionResetError(104, 'Connection reset by peer'))
HTTPSConnectionPool(host='t.me', port=443): Read timed out. (read timeout=15)
HTTPSConnectionPool(host='t.me', port=443): Max retries exceeded with url: //0?embed=1&mode=tme (Caused by ProxyError('Unable to connect to proxy', OSError('Tunnel connection failed: 400 Bad Request')))
HTTPSConnectionPool(host='t.me', port=443): Max retries exceeded with url: //0?embed=1&mode=tme (Caused by ProxyError('Unable to connect to proxy', OSError('Tunnel connection failed: 400 Bad Request')))
HTTPSConnectionPool(host='t.me', port=443): Max retries exceeded with url: //0?embed=1&mode=tme (Caused by ProxyError('Unable to connect to proxy', OSError('Tunnel connection failed: 400 Bad Request')))
('Connection aborted.', RemoteDisconnected('Remote end closed connection without response'))
HTTPSConnectionPool(host='t.me', port=443): Max retries exceeded with url: //0?embed=1&mode=tme (Caused by ProxyError('Unable to connect to proxy', NewConnectionError('<urllib3.connection.HTTPSConnection object at 0xc125e400>: Failed to establish a new connection: [Errno 111] Connection refused')))
('Connection aborted.', ConnectionResetError(104, 'Connection reset by peer'))
HTTPSConnectionPool(host='t.me', port=443): Max retries exceeded with url: //0?embed=1&mode=tme (Caused by ProxyError('Unable to connect to proxy', NewConnectionError('<urllib3.connection.HTTPSConnection object at 0xeb4e9c10>: Failed to establish a new connection: [Errno 111] Connection refused')))
HTTPSConnectionPool(host='t.me', port=443): Max retries exceeded with url: //0?embed=1&mode=tme (Caused by SSLError(SSLError(1, '[SSL: WRONG_VERSION_NUMBER] wrong version number (_ssl.c:1129)')))
HTTPSConnectionPool(host='t.me', port=443): Max retries exceeded with url: //0?embed=1&mode=tme (Caused by ProxyError('Unable to connect to proxy', NewConnectionError('<urllib3.connection.HTTPSConnection object at 0xc3717ad8>: Failed to establish a new connection: [Errno 111] Connection refused')))
HTTPSConnectionPool(host='t.me', port=443): Max retries exceeded with url: //0?embed=1&mode=tme (Caused by ProxyError('Unable to connect to proxy', ConnectTimeoutError(<urllib3.connection.HTTPSConnection object at 0xc1ae21f0>, 'Connection to 60.174.0.100 timed out. (connect timeout=15)')))
HTTPSConnectionPool(host='t.me', port=443): Max retries exceeded with url: //0?embed=1&mode=tme (Caused by ProxyError('Unable to connect to proxy', ConnectTimeoutError(<urllib3.connection.HTTPSConnection object at 0xc1aef4c0>, 'Connection to 125.87.91.164 timed out. (connect timeout=15)')))
HTTPSConnectionPool(host='t.me', port=443): Max retries exceeded with url: //0?embed=1&mode=tme (Caused by ProxyError('Unable to connect to proxy', NewConnectionError('<urllib3.connection.HTTPSConnection object at 0xc489f868>: Failed to establish a new connection: [Errno 111] Connection refused')))
HTTPSConnectionPool(host='t.me', port=443): Max retries exceeded with url: //0?embed=1&mode=tme (Caused by ProxyError('Unable to connect to proxy', ConnectTimeoutError(<urllib3.connection.HTTPSConnection object at 0xdeb75a18>, 'Connection to 45.188.164.48 timed out. (connect timeout=15)')))
HTTPSConnectionPool(host='t.me', port=443): Max retries exceeded with url: //0?embed=1&mode=tme (Caused by ProxyError('Unable to connect to proxy', ConnectTimeoutError(<urllib3.connection.HTTPSConnection object at 0xdc04b100>, 'Connection to 154.73.29.1 timed out. (connect timeout=15)')))
HTTPSConnectionPool(host='t.me', port=443): Max retries exceeded with url: //0?embed=1&mode=tme (Caused by ProxyError('Unable to connect to proxy', ConnectTimeoutError(<urllib3.connection.HTTPSConnection object at 0xdeb75e38>, 'Connection to 45.221.220.235 timed out. (connect timeout=15)')))
HTTPSConnectionPool(host='t.me', port=443): Max retries exceeded with url: //0?embed=1&mode=tme (Caused by ProxyError('Unable to connect to proxy', NewConnectionError('<urllib3.connection.HTTPSConnection object at 0xe66f0b80>: Failed to establish a new connection: [Errno 111] Connection refused')))
HTTPSConnectionPool(host='t.me', port=443): Max retries exceeded with url: //0?embed=1&mode=tme (Caused by ProxyError('Unable to connect to proxy', NewConnectionError('<urllib3.connection.HTTPSConnection object at 0xebf9abe0>: Failed to establish a new connection: [Errno 111] Connection refused')))
HTTPSConnectionPool(host='t.me', port=443): Max retries exceeded with url: //0?embed=1&mode=tme (Caused by ProxyError('Unable to connect to proxy', ConnectTimeoutError(<urllib3.connection.HTTPSConnection object at 0xda96eca0>, 'Connection to 103.26.129.18 timed out. (connect timeout=15)')))
HTTPSConnectionPool(host='t.me', port=443): Max retries exceeded with url: //0?embed=1&mode=tme (Caused by ProxyError('Unable to connect to proxy', NewConnectionError('<urllib3.connection.HTTPSConnection object at 0xe67bfb08>: Failed to establish a new connection: [Errno 111] Connection refused')))
HTTPSConnectionPool(host='t.me', port=443): Max retries exceeded with url: //0?embed=1&mode=tme (Caused by ProxyError('Unable to connect to proxy', NewConnectionError('<urllib3.connection.HTTPSConnection object at 0xe4ac8dc0>: Failed to establish a new connection: [Errno 111] Connection refused')))
HTTPSConnectionPool(host='t.me', port=443): Max retries exceeded with url: //0?embed=1&mode=tme (Caused by ProxyError('Unable to connect to proxy', ConnectTimeoutError(<urllib3.connection.HTTPSConnection object at 0xc36fafe8>, 'Connection to 185.49.30.5 timed out. (connect timeout=15)')))
HTTPSConnectionPool(host='t.me', port=443): Max retries exceeded with url: //0?embed=1&mode=tme (Caused by ProxyError('Unable to connect to proxy', OSError('Tunnel connection failed: 400 Bad Request')))
HTTPSConnectionPool(host='t.me', port=443): Max retries exceeded with url: //0?embed=1&mode=tme (Caused by ProxyError('Unable to connect to proxy', NewConnectionError('<urllib3.connection.HTTPSConnection object at 0xe8b4fcd0>: Failed to establish a new connection: [Errno 113] No route to host')))
HTTPSConnectionPool(host='t.me', port=443): Max retries exceeded with url: //0?embed=1&mode=tme (Caused by ProxyError('Unable to connect to proxy', NewConnectionError('<urllib3.connection.HTTPSConnection object at 0xc1aefe68>: Failed to establish a new connection: [Errno 111] Connection refused')))
('Connection aborted.', ConnectionResetError(104, 'Connection reset by peer'))
HTTPSConnectionPool(host='t.me', port=443): Max retries exceeded with url: //0?embed=1&mode=tme (Caused by ProxyError('Unable to connect to proxy', NewConnectionError('<urllib3.connection.HTTPSConnection object at 0xc1ae2790>: Failed to establish a new connection: [Errno 111] Connection refused')))
('Connection aborted.', BadStatusLine('<html>\r\n'))
HTTPSConnectionPool(host='t.me', port=443): Max retries exceeded with url: //0?embed=1&mode=tme (Caused by ProxyError('Unable to connect to proxy', NewConnectionError('<urllib3.connection.HTTPSConnection object at 0xeaf72358>: Failed to establish a new connection: [Errno 111] Connection refused')))
                                                                                                                                                                                                                                                                                                    HTTPSConnectionPool(host='t.me', port=443): Max retries exceeded with url: //0?embed=1&mode=tme (Caused by ProxyError('Unable to connect to proxy', ConnectTimeoutError(<urllib3.connection.HTTPSConnection object at 0xc1294f58>, 'Connection to 82.97.215.240 timed out. (connect timeout=15)')))
HTTPSConnectionPool(host='t.me', port=443): Max retries exceeded with url: //0?embed=1&mode=tme (Caused by ProxyError('Unable to connect to proxy', NewConnectionError('<urllib3.connection.HTTPSConnection object at 0xdf7e7400>: Failed to establish a new connection: [Errno 111] Connection refused')))
HTTPSConnectionPool(host='t.me', port=443): Max retries exceeded with url: //0?embed=1&mode=tme (Caused by ProxyError('Unable to connect to proxy', ConnectTimeoutError(<urllib3.connection.HTTPSConnection object at 0xdd6007a8>, 'Connection to 114.106.134.155 timed out. (connect timeout=15)')))
HTTPSConnectionPool(host='t.me', port=443): Max retries exceeded with url: //0?embed=1&mode=tme (Caused by ProxyError('Unable to connect to proxy', ConnectTimeoutError(<urllib3.connection.HTTPSConnection object at 0xdc04b9d0>, 'Connection to 154.73.28.89 timed out. (connect timeout=15)')))
('Connection aborted.', RemoteDisconnected('Remote end closed connection without response'))
HTTPSConnectionPool(host='t.me', port=443): Max retries exceeded with url: //0?embed=1&mode=tme (Caused by ProxyError('Unable to connect to proxy', NewConnectionError('<urllib3.connection.HTTPSConnection object at 0xea95e580>: Failed to establish a new connection: [Errno 111] Connection refused')))
HTTPSConnectionPool(host='t.me', port=443): Max retries exceeded with url: //0?embed=1&mode=tme (Caused by ProxyError('Unable to connect to proxy', NewConnectionError('<urllib3.connection.HTTPSConnection object at 0xea999040>: Failed to establish a new connection: [Errno 111] Connection refused')))
HTTPSConnectionPool(host='t.me', port=443): Max retries exceeded with url: //0?embed=1&mode=tme (Caused by ProxyError('Unable to connect to proxy', ConnectTimeoutError(<urllib3.connection.HTTPSConnection object at 0xd9d25658>, 'Connection to 103.125.174.209 timed out. (connect timeout=15)')))
HTTPSConnectionPool(host='t.me', port=443): Max retries exceeded with url: //0?embed=1&mode=tme (Caused by ProxyError('Unable to connect to proxy', NewConnectionError('<urllib3.connection.HTTPSConnection object at 0xea999358>: Failed to establish a new connection: [Errno 113] No route to host')))
HTTPSConnectionPool(host='t.me', port=443): Max retries exceeded with url: //0?embed=1&mode=tme (Caused by ProxyError('Unable to connect to proxy', NewConnectionError('<urllib3.connection.HTTPSConnection object at 0xea8d5490>: Failed to establish a new connection: [Errno 111] Connection refused')))
HTTPSConnectionPool(host='t.me', port=443): Max retries exceeded with url: //0?embed=1&mode=tme (Caused by ProxyError('Unable to connect to proxy', NewConnectionError('<urllib3.connection.HTTPSConnection object at 0xea970328>: Failed to establish a new connection: [Errno 111] Connection refused')))
HTTPSConnectionPool(host='t.me', port=443): Max retries exceeded with url: //0?embed=1&mode=tme (Caused by ProxyError('Unable to connect to proxy', ConnectTimeoutError(<urllib3.connection.HTTPSConnection object at 0xc126d238>, 'Connection to 117.70.48.53 timed out. (connect timeout=15)')))
HTTPSConnectionPool(host='t.me', port=443): Max retries exceeded with url: //0?embed=1&mode=tme (Caused by ProxyError('Unable to connect to proxy', ConnectTimeoutError(<urllib3.connection.HTTPSConnection object at 0xc48b2e08>, 'Connection to 103.156.232.89 timed out. (connect timeout=15)')))
HTTPSConnectionPool(host='t.me', port=443): Max retries exceeded with url: //0?embed=1&mode=tme (Caused by ProxyError('Unable to connect to proxy', ConnectTimeoutError(<urllib3.connection.HTTPSConnection object at 0xda96e778>, 'Connection to 103.65.214.144 timed out. (connect timeout=15)')))
HTTPSConnectionPool(host='t.me', port=443): Max retries exceeded with url: //0?embed=1&mode=tme (Caused by ProxyError('Unable to connect to proxy', ConnectTimeoutError(<urllib3.connection.HTTPSConnection object at 0xdc04b280>, 'Connection to 189.240.60.168 timed out. (connect timeout=15)')))
HTTPSConnectionPool(host='t.me', port=443): Max retries exceeded with url: //0?embed=1&mode=tme (Caused by ProxyError('Unable to connect to proxy', ConnectTimeoutError(<urllib3.connection.HTTPSConnection object at 0xe250f7a8>, 'Connection to 107.148.100.119 timed out. (connect timeout=15)')))
HTTPSConnectionPool(host='t.me', port=443): Max retries exceeded with url: //0?embed=1&mode=tme (Caused by ProxyError('Unable to connect to proxy', OSError('Tunnel connection failed: 400 Bad Request')))
HTTPSConnectionPool(host='t.me', port=443): Max retries exceeded with url: //0?embed=1&mode=tme (Caused by ProxyError('Unable to connect to proxy', ConnectTimeoutError(<urllib3.connection.HTTPSConnection object at 0xc1ae2c40>, 'Connection to 186.215.87.194 timed out. (connect timeout=15)')))
HTTPSConnectionPool(host='t.me', port=443): Max retries exceeded with url: //0?embed=1&mode=tme (Caused by ProxyError('Unable to connect to proxy', ConnectTimeoutError(<urllib3.connection.HTTPSConnection object at 0xebdad0b8>, 'Connection to 103.137.218.161 timed out. (connect timeout=15)')))
HTTPSConnectionPool(host='t.me', port=443): Max retries exceeded with url: //0?embed=1&mode=tme (Caused by ProxyError('Unable to connect to proxy', ConnectTimeoutError(<urllib3.connection.HTTPSConnection object at 0xebdad220>, 'Connection to 180.242.248.70 timed out. (connect timeout=15)')))
HTTPSConnectionPool(host='t.me', port=443): Max retries exceeded with url: //0?embed=1&mode=tme (Caused by ProxyError('Unable to connect to proxy', ConnectTimeoutError(<urllib3.connection.HTTPSConnection object at 0xbecd20e8>, 'Connection to 114.106.135.105 timed out. (connect timeout=15)')))
HTTPSConnectionPool(host='t.me', port=443): Max retries exceeded with url: //0?embed=1&mode=tme (Caused by ProxyError('Unable to connect to proxy', NewConnectionError('<urllib3.connection.HTTPSConnection object at 0xea80d3a0>: Failed to establish a new connection: [Errno 111] Connection refused')))
HTTPSConnectionPool(host='t.me', port=443): Max retries exceeded with url: //0?embed=1&mode=tme (Caused by ProxyError('Unable to connect to proxy', ConnectTimeoutError(<urllib3.connection.HTTPSConnection object at 0xbecfcd00>, 'Connection to 117.69.190.218 timed out. (connect timeout=15)')))
HTTPSConnectionPool(host='t.me', port=443): Max retries exceeded with url: //0?embed=1&mode=tme (Caused by ProxyError('Unable to connect to proxy', ConnectTimeoutError(<urllib3.connection.HTTPSConnection object at 0xbecfc778>, 'Connection to 106.51.62.106 timed out. (connect timeout=15)')))
HTTPSConnectionPool(host='t.me', port=443): Max retries exceeded with url: //0?embed=1&mode=tme (Caused by ProxyError('Unable to connect to proxy', ConnectTimeoutError(<urllib3.connection.HTTPSConnection object at 0xc36fad30>, 'Connection to 114.106.146.146 timed out. (connect timeout=15)')))
HTTPSConnectionPool(host='t.me', port=443): Max retries exceeded with url: //0?embed=1&mode=tme (Caused by ProxyError('Unable to connect to proxy', ConnectTimeoutError(<urllib3.connection.HTTPSConnection object at 0xbecd2148>, 'Connection to 77.72.32.15 timed out. (connect timeout=15)')))
                                                                                                                                                                                                                                                                                                                                                                                                                                                                                                                                                                                                        HTTPSConnectionPool(host='t.me', port=443): Max retries exceeded with url: //0?embed=1&mode=tme (Caused by ProxyError('Unable to connect to proxy', ConnectTimeoutError(<urllib3.connection.HTTPSConnection object at 0xbe16d3e8>, 'Connection to 43.251.213.62 timed out. (connect timeout=15)')))
HTTPSConnectionPool(host='t.me', port=443): Max retries exceeded with url: //0?embed=1&mode=tme (Caused by ProxyError('Unable to connect to proxy', NewConnectionError('<urllib3.connection.HTTPSConnection object at 0xea6b5aa8>: Failed to establish a new connection: [Errno 111] Connection refused')))
HTTPSConnectionPool(host='t.me', port=443): Max retries exceeded with url: //0?embed=1&mode=tme (Caused by ProxyError('Unable to connect to proxy', ConnectTimeoutError(<urllib3.connection.HTTPSConnection object at 0xe81dba30>, 'Connection to 117.54.142.46 timed out. (connect timeout=15)')))
HTTPSConnectionPool(host='t.me', port=443): Max retries exceeded with url: //0?embed=1&mode=tme (Caused by ProxyError('Unable to connect to proxy', NewConnectionError('<urllib3.connection.HTTPSConnection object at 0xea6ce868>: Failed to establish a new connection: [Errno 111] Connection refused')))
HTTPSConnectionPool(host='t.me', port=443): Max retries exceeded with url: //0?embed=1&mode=tme (Caused by ProxyError('Unable to connect to proxy', ConnectTimeoutError(<urllib3.connection.HTTPSConnection object at 0xe81db928>, 'Connection to 177.234.211.79 timed out. (connect timeout=15)')))
HTTPSConnectionPool(host='t.me', port=443): Max retries exceeded with url: //0?embed=1&mode=tme (Caused by ProxyError('Unable to connect to proxy', ConnectTimeoutError(<urllib3.connection.HTTPSConnection object at 0xc3729460>, 'Connection to 103.151.47.221 timed out. (connect timeout=15)')))
HTTPSConnectionPool(host='t.me', port=443): Max retries exceeded with url: //0?embed=1&mode=tme (Caused by ProxyError('Unable to connect to proxy', OSError('Tunnel connection failed: 400 Bad Request')))
HTTPSConnectionPool(host='t.me', port=443): Max retries exceeded with url: //0?embed=1&mode=tme (Caused by ProxyError('Unable to connect to proxy', ConnectTimeoutError(<urllib3.connection.HTTPSConnection object at 0xc36efc28>, 'Connection to 38.50.165.54 timed out. (connect timeout=15)')))
HTTPSConnectionPool(host='t.me', port=443): Max retries exceeded with url: //0?embed=1&mode=tme (Caused by ProxyError('Unable to connect to proxy', ConnectTimeoutError(<urllib3.connection.HTTPSConnection object at 0xc36ef850>, 'Connection to 154.73.28.193 timed out. (connect timeout=15)')))
HTTPSConnectionPool(host='t.me', port=443): Max retries exceeded with url: //0?embed=1&mode=tme (Caused by ProxyError('Unable to connect to proxy', ConnectTimeoutError(<urllib3.connection.HTTPSConnection object at 0xdd60b5c8>, 'Connection to 117.54.114.99 timed out. (connect timeout=15)')))
HTTPSConnectionPool(host='t.me', port=443): Max retries exceeded with url: //0?embed=1&mode=tme (Caused by ProxyError('Unable to connect to proxy', ConnectTimeoutError(<urllib3.connection.HTTPSConnection object at 0xe6a5a910>, 'Connection to 109.74.35.219 timed out. (connect timeout=15)')))
HTTPSConnectionPool(host='t.me', port=443): Max retries exceeded with url: //0?embed=1&mode=tme (Caused by ProxyError('Unable to connect to proxy', ConnectTimeoutError(<urllib3.connection.HTTPSConnection object at 0xc127afe8>, 'Connection to 45.179.200.129 timed out. (connect timeout=15)')))
HTTPSConnectionPool(host='t.me', port=443): Max retries exceeded with url: //0?embed=1&mode=tme (Caused by ProxyError('Unable to connect to proxy', OSError('Tunnel connection failed: 400 Bad Request')))
HTTPSConnectionPool(host='t.me', port=443): Max retries exceeded with url: //0?embed=1&mode=tme (Caused by ProxyError('Unable to connect to proxy', ConnectTimeoutError(<urllib3.connection.HTTPSConnection object at 0xd9cfbd78>, 'Connection to 95.158.174.111 timed out. (connect timeout=15)')))
HTTPSConnectionPool(host='t.me', port=443): Max retries exceeded with url: //0?embed=1&mode=tme (Caused by ProxyError('Unable to connect to proxy', ConnectTimeoutError(<urllib3.connection.HTTPSConnection object at 0xe33d14f0>, 'Connection to 103.228.246.130 timed out. (connect timeout=15)')))
HTTPSConnectionPool(host='t.me', port=443): Max retries exceeded with url: //0?embed=1&mode=tme (Caused by ProxyError('Unable to connect to proxy', ConnectTimeoutError(<urllib3.connection.HTTPSConnection object at 0xe33d11a8>, 'Connection to 113.176.118.255 timed out. (connect timeout=15)')))
HTTPSConnectionPool(host='t.me', port=443): Max retries exceeded with url: //0?embed=1&mode=tme (Caused by ProxyError('Unable to connect to proxy', NewConnectionError('<urllib3.connection.HTTPSConnection object at 0xbe16da30>: Failed to establish a new connection: [Errno 111] Connection refused')))
HTTPSConnectionPool(host='t.me', port=443): Max retries exceeded with url: //0?embed=1&mode=tme (Caused by ProxyError('Unable to connect to proxy', ConnectTimeoutError(<urllib3.connection.HTTPSConnection object at 0xdd600a90>, 'Connection to 77.119.240.209 timed out. (connect timeout=15)')))
HTTPSConnectionPool(host='t.me', port=443): Max retries exceeded with url: //0?embed=1&mode=tme (Caused by ProxyError('Unable to connect to proxy', ConnectTimeoutError(<urllib3.connection.HTTPSConnection object at 0xe0ebcf40>, 'Connection to 189.240.60.171 timed out. (connect timeout=15)')))
HTTPSConnectionPool(host='t.me', port=443): Max retries exceeded with url: //0?embed=1&mode=tme (Caused by ProxyError('Unable to connect to proxy', ConnectTimeoutError(<urllib3.connection.HTTPSConnection object at 0xe0ebcef8>, 'Connection to 117.54.114.97 timed out. (connect timeout=15)')))
HTTPSConnectionPool(host='t.me', port=443): Max retries exceeded with url: //0?embed=1&mode=tme (Caused by ProxyError('Unable to connect to proxy', ConnectTimeoutError(<urllib3.connection.HTTPSConnection object at 0xe251b6e8>, 'Connection to 117.69.190.52 timed out. (connect timeout=15)')))
HTTPSConnectionPool(host='t.me', port=443): Max retries exceeded with url: //0?embed=1&mode=tme (Caused by ProxyError('Unable to connect to proxy', ConnectTimeoutError(<urllib3.connection.HTTPSConnection object at 0xd9cfb7d8>, 'Connection to 114.106.146.149 timed out. (connect timeout=15)')))
HTTPSConnectionPool(host='t.me', port=443): Max retries exceeded with url: //0?embed=1&mode=tme (Caused by ProxyError('Unable to connect to proxy', ConnectTimeoutError(<urllib3.connection.HTTPSConnection object at 0xbd5f7100>, 'Connection to 202.191.127.21 timed out. (connect timeout=15)')))
HTTPSConnectionPool(host='t.me', port=443): Max retries exceeded with url: //0?embed=1&mode=tme (Caused by ProxyError('Unable to connect to proxy', ConnectTimeoutError(<urllib3.connection.HTTPSConnection object at 0xc489f028>, 'Connection to 46.21.153.16 timed out. (connect timeout=15)')))
HTTPSConnectionPool(host='t.me', port=443): Max retries exceeded with url: //0?embed=1&mode=tme (Caused by ProxyError('Unable to connect to proxy', ConnectTimeoutError(<urllib3.connection.HTTPSConnection object at 0xeb4f85c8>, 'Connection to 176.113.73.99 timed out. (connect timeout=15)')))
HTTPSConnectionPool(host='t.me', port=443): Max retries exceeded with url: //0?embed=1&mode=tme (Caused by ProxyError('Unable to connect to proxy', ConnectTimeoutError(<urllib3.connection.HTTPSConnection object at 0xe5a17dd8>, 'Connection to 88.87.78.137 timed out. (connect timeout=15)')))
                                                                                                                                                                                                                                                                                                                                                                                                                                                                                                                                                                                                         HTTPSConnectionPool(host='t.me', port=443): Max retries exceeded with url: //0?embed=1&mode=tme (Caused by ProxyError('Unable to connect to proxy', NewConnectionError('<urllib3.connection.HTTPSConnection object at 0xea3fd5e0>: Failed to establish a new connection: [Errno 111] Connection refused')))
HTTPSConnectionPool(host='t.me', port=443): Max retries exceeded with url: //0?embed=1&mode=tme (Caused by ProxyError('Unable to connect to proxy', NewConnectionError('<urllib3.connection.HTTPSConnection object at 0xea3fd298>: Failed to establish a new connection: [Errno 111] Connection refused')))
HTTPSConnectionPool(host='t.me', port=443): Max retries exceeded with url: //0?embed=1&mode=tme (Caused by ProxyError('Unable to connect to proxy', NewConnectionError('<urllib3.connection.HTTPSConnection object at 0xbecf22f8>: Failed to establish a new connection: [Errno 113] No route to host')))
HTTPSConnectionPool(host='t.me', port=443): Max retries exceeded with url: //0?embed=1&mode=tme (Caused by ProxyError('Unable to connect to proxy', OSError('Tunnel connection failed: 400 Bad Request')))
HTTPSConnectionPool(host='t.me', port=443): Max retries exceeded with url: //0?embed=1&mode=tme (Caused by ProxyError('Unable to connect to proxy', ConnectTimeoutError(<urllib3.connection.HTTPSConnection object at 0xbd5f7298>, 'Connection to 54.161.67.134 timed out. (connect timeout=15)')))
HTTPSConnectionPool(host='t.me', port=443): Max retries exceeded with url: //0?embed=1&mode=tme (Caused by SSLError(SSLEOFError(8, 'EOF occurred in violation of protocol (_ssl.c:1129)')))
HTTPSConnectionPool(host='t.me', port=443): Max retries exceeded with url: //0?embed=1&mode=tme (Caused by ProxyError('Unable to connect to proxy', ConnectTimeoutError(<urllib3.connection.HTTPSConnection object at 0xbd5f77f0>, 'Connection to 38.51.49.84 timed out. (connect timeout=15)')))
HTTPSConnectionPool(host='t.me', port=443): Max retries exceeded with url: //0?embed=1&mode=tme (Caused by ProxyError('Unable to connect to proxy', ConnectTimeoutError(<urllib3.connection.HTTPSConnection object at 0xc48a5b80>, 'Connection to 67.205.190.164 timed out. (connect timeout=15)')))
HTTPSConnectionPool(host='t.me', port=443): Max retries exceeded with url: //0?embed=1&mode=tme (Caused by ProxyError('Unable to connect to proxy', NewConnectionError('<urllib3.connection.HTTPSConnection object at 0xc3717b98>: Failed to establish a new connection: [Errno 111] Connection refused')))
HTTPSConnectionPool(host='t.me', port=443): Max retries exceeded with url: //0?embed=1&mode=tme (Caused by ProxyError('Unable to connect to proxy', ConnectTimeoutError(<urllib3.connection.HTTPSConnection object at 0xe8bf8328>, 'Connection to 176.113.73.104 timed out. (connect timeout=15)')))
HTTPSConnectionPool(host='t.me', port=443): Max retries exceeded with url: //0?embed=1&mode=tme (Caused by ProxyError('Unable to connect to proxy', ConnectTimeoutError(<urllib3.connection.HTTPSConnection object at 0xbd5cb2b0>, 'Connection to 12.156.45.155 timed out. (connect timeout=15)')))
HTTPSConnectionPool(host='t.me', port=443): Max retries exceeded with url: //0?embed=1&mode=tme (Caused by ProxyError('Unable to connect to proxy', ConnectTimeoutError(<urllib3.connection.HTTPSConnection object at 0xe3e91b98>, 'Connection to 142.11.222.22 timed out. (connect timeout=15)')))
HTTPSConnectionPool(host='t.me', port=443): Max retries exceeded with url: //0?embed=1&mode=tme (Caused by ProxyError('Unable to connect to proxy', ConnectTimeoutError(<urllib3.connection.HTTPSConnection object at 0xbc8400a0>, 'Connection to 107.178.9.186 timed out. (connect timeout=15)')))
HTTPSConnectionPool(host='t.me', port=443): Max retries exceeded with url: //0?embed=1&mode=tme (Caused by ProxyError('Unable to connect to proxy', ConnectTimeoutError(<urllib3.connection.HTTPSConnection object at 0xbd5f7f70>, 'Connection to 174.126.217.110 timed out. (connect timeout=15)')))
HTTPSConnectionPool(host='t.me', port=443): Max retries exceeded with url: //0?embed=1&mode=tme (Caused by ProxyError('Unable to connect to proxy', ConnectTimeoutError(<urllib3.connection.HTTPSConnection object at 0xbc840868>, 'Connection to 52.41.249.10 timed out. (connect timeout=15)')))
HTTPSConnectionPool(host='t.me', port=443): Max retries exceeded with url: //0?embed=1&mode=tme (Caused by ProxyError('Unable to connect to proxy', ConnectTimeoutError(<urllib3.connection.HTTPSConnection object at 0xbecc3220>, 'Connection to 104.248.59.38 timed out. (connect timeout=15)')))
HTTPSConnectionPool(host='t.me', port=443): Max retries exceeded with url: //0?embed=1&mode=tme (Caused by ProxyError('Unable to connect to proxy', ConnectTimeoutError(<urllib3.connection.HTTPSConnection object at 0xbecc3a18>, 'Connection to 143.42.194.37 timed out. (connect timeout=15)')))
HTTPSConnectionPool(host='t.me', port=443): Max retries exceeded with url: //0?embed=1&mode=tme (Caused by ProxyError('Unable to connect to proxy', OSError('Tunnel connection failed: 400 Bad Request')))
HTTPSConnectionPool(host='t.me', port=443): Max retries exceeded with url: //0?embed=1&mode=tme (Caused by ProxyError('Unable to connect to proxy', NewConnectionError('<urllib3.connection.HTTPSConnection object at 0xe251b970>: Failed to establish a new connection: [Errno 113] No route to host')))
HTTPSConnectionPool(host='t.me', port=443): Max retries exceeded with url: //0?embed=1&mode=tme (Caused by ProxyError('Unable to connect to proxy', ConnectTimeoutError(<urllib3.connection.HTTPSConnection object at 0xbecd06b8>, 'Connection to 190.14.215.130 timed out. (connect timeout=15)')))
HTTPSConnectionPool(host='t.me', port=443): Max retries exceeded with url: //0?embed=1&mode=tme (Caused by ProxyError('Unable to connect to proxy', ConnectTimeoutError(<urllib3.connection.HTTPSConnection object at 0xe4ac8208>, 'Connection to 176.113.73.102 timed out. (connect timeout=15)')))
HTTPSConnectionPool(host='t.me', port=443): Max retries exceeded with url: //0?embed=1&mode=tme (Caused by ProxyError('Unable to connect to proxy', ConnectTimeoutError(<urllib3.connection.HTTPSConnection object at 0xbd5d7760>, 'Connection to 108.161.128.43 timed out. (connect timeout=15)')))
HTTPSConnectionPool(host='t.me', port=443): Read timed out. (read timeout=15)
('Connection aborted.', RemoteDisconnected('Remote end closed connection without response'))
HTTPSConnectionPool(host='t.me', port=443): Max retries exceeded with url: //0?embed=1&mode=tme (Caused by ProxyError('Unable to connect to proxy', NewConnectionError('<urllib3.connection.HTTPSConnection object at 0xc48b2fb8>: Failed to establish a new connection: [Errno 111] Connection refused')))
HTTPSConnectionPool(host='t.me', port=443): Read timed out. (read timeout=15)
HTTPSConnectionPool(host='t.me', port=443): Max retries exceeded with url: //0?embed=1&mode=tme (Caused by ProxyError('Unable to connect to proxy', NewConnectionError('<urllib3.connection.HTTPSConnection object at 0xea432dd8>: Failed to establish a new connection: [Errno 111] Connection refused')))
('Connection aborted.', ConnectionResetError(104, 'Connection reset by peer'))
HTTPSConnectionPool(host='t.me', port=443): Max retries exceeded with url: //0?embed=1&mode=tme (Caused by ProxyError('Unable to connect to proxy', ConnectTimeoutError(<urllib3.connection.HTTPSConnection object at 0xc36ef160>, 'Connection to 43.153.66.118 timed out. (connect timeout=15)')))
HTTPSConnectionPool(host='t.me', port=443): Max retries exceeded with url: //0?embed=1&mode=tme (Caused by ProxyError('Unable to connect to proxy', ConnectTimeoutError(<urllib3.connection.HTTPSConnection object at 0xe81b3ee0>, 'Connection to 3.128.142.113 timed out. (connect timeout=15)')))
HTTPSConnectionPool(host='t.me', port=443): Max retries exceeded with url: //0?embed=1&mode=tme (Caused by ProxyError('Unable to connect to proxy', OSError('Tunnel connection failed: 400 Bad Request')))
HTTPSConnectionPool(host='t.me', port=443): Max retries exceeded with url: //0?embed=1&mode=tme (Caused by ProxyError('Unable to connect to proxy', ConnectTimeoutError(<urllib3.connection.HTTPSConnection object at 0xe33de4f0>, 'Connection to 34.135.166.24 timed out. (connect timeout=15)')))
HTTPSConnectionPool(host='t.me', port=443): Max retries exceeded with url: //0?embed=1&mode=tme (Caused by ProxyError('Unable to connect to proxy', ConnectTimeoutError(<urllib3.connection.HTTPSConnection object at 0xdb589e08>, 'Connection to 155.50.241.99 timed out. (connect timeout=15)')))
HTTPSConnectionPool(host='t.me', port=443): Max retries exceeded with url: //0?embed=1&mode=tme (Caused by ProxyError('Unable to connect to proxy', ConnectTimeoutError(<urllib3.connection.HTTPSConnection object at 0xdcaae688>, 'Connection to 24.172.34.114 timed out. (connect timeout=15)')))
HTTPSConnectionPool(host='t.me', port=443): Max retries exceeded with url: //0?embed=1&mode=tme (Caused by ProxyError('Unable to connect to proxy', OSError('Tunnel connection failed: 400 Bad Request')))
HTTPSConnectionPool(host='t.me', port=443): Max retries exceeded with url: //0?embed=1&mode=tme (Caused by ProxyError('Unable to connect to proxy', NewConnectionError('<urllib3.connection.HTTPSConnection object at 0xeb4f8bb0>: Failed to establish a new connection: [Errno 111] Connection refused')))
('Connection aborted.', BadStatusLine('<html>\r\n'))
HTTPSConnectionPool(host='t.me', port=443): Max retries exceeded with url: //0?embed=1&mode=tme (Caused by ProxyError('Unable to connect to proxy', NewConnectionError('<urllib3.connection.HTTPSConnection object at 0xbc850850>: Failed to establish a new connection: [Errno 111] Connection refused')))
HTTPSConnectionPool(host='t.me', port=443): Max retries exceeded with url: //0?embed=1&mode=tme (Caused by ProxyError('Unable to connect to proxy', ConnectTimeoutError(<urllib3.connection.HTTPSConnection object at 0xebeccc40>, 'Connection to 155.50.213.149 timed out. (connect timeout=15)')))
HTTPSConnectionPool(host='t.me', port=443): Max retries exceeded with url: //0?embed=1&mode=tme (Caused by ProxyError('Unable to connect to proxy', ConnectTimeoutError(<urllib3.connection.HTTPSConnection object at 0xe81c1388>, 'Connection to 8.242.178.5 timed out. (connect timeout=15)')))
HTTPSConnectionPool(host='t.me', port=443): Max retries exceeded with url: //0?embed=1&mode=tme (Caused by ProxyError('Unable to connect to proxy', OSError('Tunnel connection failed: 400 Bad Request')))
HTTPSConnectionPool(host='t.me', port=443): Max retries exceeded with url: //0?embed=1&mode=tme (Caused by ProxyError('Unable to connect to proxy', ConnectTimeoutError(<urllib3.connection.HTTPSConnection object at 0xd8787400>, 'Connection to 3.143.37.255 timed out. (connect timeout=15)')))
HTTPSConnectionPool(host='t.me', port=443): Max retries exceeded with url: //0?embed=1&mode=tme (Caused by ProxyError('Unable to connect to proxy', OSError('Tunnel connection failed: 500 Internal Server Error')))
HTTPSConnectionPool(host='t.me', port=443): Max retries exceeded with url: //0?embed=1&mode=tme (Caused by ProxyError('Unable to connect to proxy', NewConnectionError('<urllib3.connection.HTTPSConnection object at 0xea404688>: Failed to establish a new connection: [Errno 111] Connection refused')))
HTTPSConnectionPool(host='t.me', port=443): Max retries exceeded with url: //0?embed=1&mode=tme (Caused by ProxyError('Unable to connect to proxy', NewConnectionError('<urllib3.connection.HTTPSConnection object at 0xbc840880>: Failed to establish a new connection: [Errno 111] Connection refused')))
HTTPSConnectionPool(host='t.me', port=443): Max retries exceeded with url: //0?embed=1&mode=tme (Caused by ProxyError('Unable to connect to proxy', NewConnectionError('<urllib3.connection.HTTPSConnection object at 0xbecd0670>: Failed to establish a new connection: [Errno 111] Connection refused')))
HTTPSConnectionPool(host='t.me', port=443): Max retries exceeded with url: //0?embed=1&mode=tme (Caused by ProxyError('Unable to connect to proxy', ConnectTimeoutError(<urllib3.connection.HTTPSConnection object at 0xebf7f3d0>, 'Connection to 191.101.1.116 timed out. (connect timeout=15)')))
HTTPSConnectionPool(host='t.me', port=443): Max retries exceeded with url: //0?embed=1&mode=tme (Caused by ProxyError('Unable to connect to proxy', ConnectTimeoutError(<urllib3.connection.HTTPSConnection object at 0xe739a7f0>, 'Connection to 68.183.143.134 timed out. (connect timeout=15)')))
HTTPSConnectionPool(host='t.me', port=443): Max retries exceeded with url: //0?embed=1&mode=tme (Caused by ProxyError('Unable to connect to proxy', ConnectTimeoutError(<urllib3.connection.HTTPSConnection object at 0xbbdbbbe0>, 'Connection to 52.24.80.166 timed out. (connect timeout=15)')))
HTTPSConnectionPool(host='t.me', port=443): Max retries exceeded with url: //0?embed=1&mode=tme (Caused by ProxyError('Unable to connect to proxy', ConnectTimeoutError(<urllib3.connection.HTTPSConnection object at 0xebd6e820>, 'Connection to 24.230.33.96 timed out. (connect timeout=15)')))
HTTPSConnectionPool(host='t.me', port=443): Max retries exceeded with url: //0?embed=1&mode=tme (Caused by ProxyError('Unable to connect to proxy', ConnectTimeoutError(<urllib3.connection.HTTPSConnection object at 0xe739a598>, 'Connection to 50.113.36.155 timed out. (connect timeout=15)')))
HTTPSConnectionPool(host='t.me', port=443): Max retries exceeded with url: //0?embed=1&mode=tme (Caused by ProxyError('Unable to connect to proxy', ConnectTimeoutError(<urllib3.connection.HTTPSConnection object at 0xbbdbbce8>, 'Connection to 155.50.215.37 timed out. (connect timeout=15)')))
HTTPSConnectionPool(host='t.me', port=443): Max retries exceeded with url: //0?embed=1&mode=tme (Caused by ProxyError('Unable to connect to proxy', ConnectTimeoutError(<urllib3.connection.HTTPSConnection object at 0xeac10da8>, 'Connection to 109.122.195.16 timed out. (connect timeout=15)')))
HTTPSConnectionPool(host='t.me', port=443): Max retries exceeded with url: //0?embed=1&mode=tme (Caused by ProxyError('Unable to connect to proxy', ConnectTimeoutError(<urllib3.connection.HTTPSConnection object at 0xe820f6a0>, 'Connection to 89.249.65.191 timed out. (connect timeout=15)')))
HTTPSConnectionPool(host='t.me', port=443): Max retries exceeded with url: //0?embed=1&mode=tme (Caused by ProxyError('Unable to connect to proxy', ConnectTimeoutError(<urllib3.connection.HTTPSConnection object at 0xc03ea0d0>, 'Connection to 142.147.114.50 timed out. (connect timeout=15)')))
HTTPSConnectionPool(host='t.me', port=443): Max retries exceeded with url: //0?embed=1&mode=tme (Caused by ProxyError('Unable to connect to proxy', NewConnectionError('<urllib3.connection.HTTPSConnection object at 0xbc840f70>: Failed to establish a new connection: [Errno 113] No route to host')))
HTTPSConnectionPool(host='t.me', port=443): Max retries exceeded with url: //0?embed=1&mode=tme (Caused by SSLError(SSLCertVerificationError(1, '[SSL: CERTIFICATE_VERIFY_FAILED] certificate verify failed: self signed certificate in certificate chain (_ssl.c:1129)')))
HTTPSConnectionPool(host='t.me', port=443): Max retries exceeded with url: //0?embed=1&mode=tme (Caused by ProxyError('Unable to connect to proxy', NewConnectionError('<urllib3.connection.HTTPSConnection object at 0xe33d1b80>: Failed to establish a new connection: [Errno 111] Connection refused')))
HTTPSConnectionPool(host='t.me', port=443): Max retries exceeded with url: //0?embed=1&mode=tme (Caused by ProxyError('Unable to connect to proxy', ConnectTimeoutError(<urllib3.connection.HTTPSConnection object at 0xbbdbbcb8>, 'Connection to 155.50.208.37 timed out. (connect timeout=15)')))
HTTPSConnectionPool(host='t.me', port=443): Max retries exceeded with url: //0?embed=1&mode=tme (Caused by ProxyError('Unable to connect to proxy', ConnectTimeoutError(<urllib3.connection.HTTPSConnection object at 0xd70225c8>, 'Connection to 157.230.226.230 timed out. (connect timeout=15)')))
('Connection aborted.', RemoteDisconnected('Remote end closed connection without response'))
HTTPSConnectionPool(host='t.me', port=443): Max retries exceeded with url: //0?embed=1&mode=tme (Caused by ProxyError('Unable to connect to proxy', NewConnectionError('<urllib3.connection.HTTPSConnection object at 0xe250fbe0>: Failed to establish a new connection: [Errno 111] Connection refused')))
HTTPSConnectionPool(host='t.me', port=443): Max retries exceeded with url: //0?embed=1&mode=tme (Caused by ProxyError('Unable to connect to proxy', NewConnectionError('<urllib3.connection.HTTPSConnection object at 0xbbdcd358>: Failed to establish a new connection: [Errno 111] Connection refused')))
HTTPSConnectionPool(host='t.me', port=443): Max retries exceeded with url: //0?embed=1&mode=tme (Caused by ProxyError('Unable to connect to proxy', ConnectTimeoutError(<urllib3.connection.HTTPSConnection object at 0xdeb75b08>, 'Connection to 38.56.70.97 timed out. (connect timeout=15)')))
('Connection aborted.', RemoteDisconnected('Remote end closed connection without response'))
HTTPSConnectionPool(host='t.me', port=443): Max retries exceeded with url: //0?embed=1&mode=tme (Caused by ProxyError('Unable to connect to proxy', NewConnectionError('<urllib3.connection.HTTPSConnection object at 0xea7b3250>: Failed to establish a new connection: [Errno 111] Connection refused')))
HTTPSConnectionPool(host='t.me', port=443): Max retries exceeded with url: //0?embed=1&mode=tme (Caused by ProxyError('Unable to connect to proxy', OSError('Tunnel connection failed: 400 Bad Request')))
HTTPSConnectionPool(host='t.me', port=443): Max retries exceeded with url: //0?embed=1&mode=tme (Caused by ProxyError('Unable to connect to proxy', ConnectTimeoutError(<urllib3.connection.HTTPSConnection object at 0xeb4e9310>, 'Connection to 82.165.105.48 timed out. (connect timeout=15)')))
('Connection aborted.', ConnectionResetError(104, 'Connection reset by peer'))
HTTPSConnectionPool(host='t.me', port=443): Max retries exceeded with url: //0?embed=1&mode=tme (Caused by ProxyError('Unable to connect to proxy', ConnectTimeoutError(<urllib3.connection.HTTPSConnection object at 0xdd60b5f8>, 'Connection to 185.189.112.133 timed out. (connect timeout=15)')))
HTTPSConnectionPool(host='t.me', port=443): Max retries exceeded with url: //0?embed=1&mode=tme (Caused by ProxyError('Unable to connect to proxy', ConnectTimeoutError(<urllib3.connection.HTTPSConnection object at 0xbb3599d0>, 'Connection to 137.184.197.190 timed out. (connect timeout=15)')))
HTTPSConnectionPool(host='t.me', port=443): Max retries exceeded with url: //0?embed=1&mode=tme (Caused by ProxyError('Unable to connect to proxy', ConnectTimeoutError(<urllib3.connection.HTTPSConnection object at 0xe8bf8d48>, 'Connection to 88.99.10.252 timed out. (connect timeout=15)')))
HTTPSConnectionPool(host='t.me', port=443): Max retries exceeded with url: //0?embed=1&mode=tme (Caused by ProxyError('Unable to connect to proxy', ConnectTimeoutError(<urllib3.connection.HTTPSConnection object at 0xbb34cd48>, 'Connection to 46.101.160.223 timed out. (connect timeout=15)')))
HTTPSConnectionPool(host='t.me', port=443): Max retries exceeded with url: //0?embed=1&mode=tme (Caused by ProxyError('Unable to connect to proxy', ConnectTimeoutError(<urllib3.connection.HTTPSConnection object at 0xbc86a688>, 'Connection to 88.99.148.60 timed out. (connect timeout=15)')))
HTTPSConnectionPool(host='t.me', port=443): Max retries exceeded with url: //0?embed=1&mode=tme (Caused by ProxyError('Unable to connect to proxy', ConnectTimeoutError(<urllib3.connection.HTTPSConnection object at 0xbb359988>, 'Connection to 188.34.164.99 timed out. (connect timeout=15)')))
HTTPSConnectionPool(host='t.me', port=443): Max retries exceeded with url: //0?embed=1&mode=tme (Caused by ProxyError('Unable to connect to proxy', NewConnectionError('<urllib3.connection.HTTPSConnection object at 0xe67a0d90>: Failed to establish a new connection: [Errno 111] Connection refused')))
HTTPSConnectionPool(host='t.me', port=443): Max retries exceeded with url: //0?embed=1&mode=tme (Caused by ProxyError('Unable to connect to proxy', OSError('Tunnel connection failed: 400 Bad Request')))
HTTPSConnectionPool(host='t.me', port=443): Read timed out. (read timeout=15)
HTTPSConnectionPool(host='t.me', port=443): Max retries exceeded with url: //0?embed=1&mode=tme (Caused by ProxyError('Unable to connect to proxy', NewConnectionError('<urllib3.connection.HTTPSConnection object at 0xebd9cd48>: Failed to establish a new connection: [Errno 113] No route to host')))
HTTPSConnectionPool(host='t.me', port=443): Max retries exceeded with url: //0?embed=1&mode=tme (Caused by ProxyError('Unable to connect to proxy', OSError('Tunnel connection failed: 400 Bad Request')))
HTTPSConnectionPool(host='t.me', port=443): Max retries exceeded with url: //0?embed=1&mode=tme (Caused by ProxyError('Unable to connect to proxy', ConnectTimeoutError(<urllib3.connection.HTTPSConnection object at 0xe33de040>, 'Connection to 103.51.21.250 timed out. (connect timeout=15)')))
('Connection aborted.', ConnectionResetError(104, 'Connection reset by peer'))
HTTPSConnectionPool(host='t.me', port=443): Max retries exceeded with url: //0?embed=1&mode=tme (Caused by ProxyError('Unable to connect to proxy', NewConnectionError('<urllib3.connection.HTTPSConnection object at 0xc48cb6e8>: Failed to establish a new connection: [Errno 111] Connection refused')))
HTTPSConnectionPool(host='t.me', port=443): Max retries exceeded with url: //0?embed=1&mode=tme (Caused by ProxyError('Unable to connect to proxy', ConnectTimeoutError(<urllib3.connection.HTTPSConnection object at 0xebecc5e0>, 'Connection to 78.47.103.89 timed out. (connect timeout=15)')))
HTTPSConnectionPool(host='t.me', port=443): Max retries exceeded with url: //0?embed=1&mode=tme (Caused by ProxyError('Unable to connect to proxy', ConnectTimeoutError(<urllib3.connection.HTTPSConnection object at 0xbb374ec8>, 'Connection to 103.174.102.127 timed out. (connect timeout=15)')))
HTTPSConnectionPool(host='t.me', port=443): Max retries exceeded with url: //0?embed=1&mode=tme (Caused by ProxyError('Unable to connect to proxy', ConnectTimeoutError(<urllib3.connection.HTTPSConnection object at 0xbb34ccd0>, 'Connection to 103.155.54.26 timed out. (connect timeout=15)')))
HTTPSConnectionPool(host='t.me', port=443): Max retries exceeded with url: //0?embed=1&mode=tme (Caused by ProxyError('Unable to connect to proxy', ConnectTimeoutError(<urllib3.connection.HTTPSConnection object at 0xbbde8808>, 'Connection to 15.207.196.77 timed out. (connect timeout=15)')))
HTTPSConnectionPool(host='t.me', port=443): Max retries exceeded with url: //0?embed=1&mode=tme (Caused by ProxyError('Unable to connect to proxy', ConnectTimeoutError(<urllib3.connection.HTTPSConnection object at 0xbe162208>, 'Connection to 103.243.114.206 timed out. (connect timeout=15)')))
HTTPSConnectionPool(host='t.me', port=443): Max retries exceeded with url: //0?embed=1&mode=tme (Caused by ProxyError('Unable to connect to proxy', ConnectTimeoutError(<urllib3.connection.HTTPSConnection object at 0xeac03f58>, 'Connection to 103.160.207.49 timed out. (connect timeout=15)')))
HTTPSConnectionPool(host='t.me', port=443): Max retries exceeded with url: //0?embed=1&mode=tme (Caused by ProxyError('Unable to connect to proxy', ConnectTimeoutError(<urllib3.connection.HTTPSConnection object at 0xbe162850>, 'Connection to 103.206.208.135 timed out. (connect timeout=15)')))
HTTPSConnectionPool(host='t.me', port=443): Max retries exceeded with url: //0?embed=1&mode=tme (Caused by ProxyError('Unable to connect to proxy', ConnectTimeoutError(<urllib3.connection.HTTPSConnection object at 0xdd600538>, 'Connection to 103.134.165.38 timed out. (connect timeout=15)')))
HTTPSConnectionPool(host='t.me', port=443): Max retries exceeded with url: //0?embed=1&mode=tme (Caused by ProxyError('Unable to connect to proxy', ConnectTimeoutError(<urllib3.connection.HTTPSConnection object at 0xebd6e538>, 'Connection to 119.81.71.27 timed out. (connect timeout=15)')))
HTTPSConnectionPool(host='t.me', port=443): Max retries exceeded with url: //0?embed=1&mode=tme (Caused by ProxyError('Unable to connect to proxy', NewConnectionError('<urllib3.connection.HTTPSConnection object at 0xe0ebca30>: Failed to establish a new connection: [Errno 111] Connection refused')))
HTTPSConnectionPool(host='t.me', port=443): Max retries exceeded with url: //0?embed=1&mode=tme (Caused by ProxyError('Unable to connect to proxy', OSError('Tunnel connection failed: 400 Bad Request')))
HTTPSConnectionPool(host='t.me', port=443): Max retries exceeded with url: //0?embed=1&mode=tme (Caused by ProxyError('Unable to connect to proxy', NewConnectionError('<urllib3.connection.HTTPSConnection object at 0xdd60b898>: Failed to establish a new connection: [Errno 111] Connection refused')))
HTTPSConnectionPool(host='t.me', port=443): Max retries exceeded with url: //0?embed=1&mode=tme (Caused by ProxyError('Unable to connect to proxy', NewConnectionError('<urllib3.connection.HTTPSConnection object at 0xc126db08>: Failed to establish a new connection: [Errno 111] Connection refused')))
HTTPSConnectionPool(host='t.me', port=443): Max retries exceeded with url: //0?embed=1&mode=tme (Caused by ProxyError('Unable to connect to proxy', ConnectTimeoutError(<urllib3.connection.HTTPSConnection object at 0xbd5e7850>, 'Connection to 18.195.164.53 timed out. (connect timeout=15)')))
HTTPSConnectionPool(host='t.me', port=443): Max retries exceeded with url: //0?embed=1&mode=tme (Caused by ProxyError('Unable to connect to proxy', ConnectTimeoutError(<urllib3.connection.HTTPSConnection object at 0xdd6195f8>, 'Connection to 139.180.140.254 timed out. (connect timeout=15)')))
HTTPSConnectionPool(host='t.me', port=443): Max retries exceeded with url: //0?embed=1&mode=tme (Caused by ProxyError('Unable to connect to proxy', NewConnectionError('<urllib3.connection.HTTPSConnection object at 0xbecf2fa0>: Failed to establish a new connection: [Errno 111] Connection refused')))
HTTPSConnectionPool(host='t.me', port=443): Read timed out. (read timeout=15)
HTTPSConnectionPool(host='t.me', port=443): Max retries exceeded with url: //0?embed=1&mode=tme (Caused by ProxyError('Unable to connect to proxy', ConnectTimeoutError(<urllib3.connection.HTTPSConnection object at 0xdeb75ca0>, 'Connection to 13.229.107.106 timed out. (connect timeout=15)')))
HTTPSConnectionPool(host='t.me', port=443): Max retries exceeded with url: //0?embed=1&mode=tme (Caused by ProxyError('Unable to connect to proxy', ConnectTimeoutError(<urllib3.connection.HTTPSConnection object at 0xbbdbb508>, 'Connection to 18.141.177.23 timed out. (connect timeout=15)')))
HTTPSConnectionPool(host='t.me', port=443): Max retries exceeded with url: //0?embed=1&mode=tme (Caused by ProxyError('Unable to connect to proxy', ConnectTimeoutError(<urllib3.connection.HTTPSConnection object at 0xe8162988>, 'Connection to 182.72.203.246 timed out. (connect timeout=15)')))
HTTPSConnectionPool(host='t.me', port=443): Max retries exceeded with url: //0?embed=1&mode=tme (Caused by ProxyError('Unable to connect to proxy', NewConnectionError('<urllib3.connection.HTTPSConnection object at 0xd7022598>: Failed to establish a new connection: [Errno 111] Connection refused')))
HTTPSConnectionPool(host='t.me', port=443): Max retries exceeded with url: //0?embed=1&mode=tme (Caused by ProxyError('Unable to connect to proxy', NewConnectionError('<urllib3.connection.HTTPSConnection object at 0xe81c1598>: Failed to establish a new connection: [Errno 111] Connection refused')))
HTTPSConnectionPool(host='t.me', port=443): Max retries exceeded with url: //0?embed=1&mode=tme (Caused by ProxyError('Unable to connect to proxy', NewConnectionError('<urllib3.connection.HTTPSConnection object at 0xe81c1178>: Failed to establish a new connection: [Errno 111] Connection refused')))
HTTPSConnectionPool(host='t.me', port=443): Max retries exceeded with url: //0?embed=1&mode=tme (Caused by ProxyError('Unable to connect to proxy', ConnectTimeoutError(<urllib3.connection.HTTPSConnection object at 0xe81b3f70>, 'Connection to 103.82.157.102 timed out. (connect timeout=15)')))
HTTPSConnectionPool(host='t.me', port=443): Max retries exceeded with url: //0?embed=1&mode=tme (Caused by ProxyError('Unable to connect to proxy', NewConnectionError('<urllib3.connection.HTTPSConnection object at 0xbc85d0a0>: Failed to establish a new connection: [Errno 111] Connection refused')))
HTTPSConnectionPool(host='t.me', port=443): Max retries exceeded with url: //0?embed=1&mode=tme (Caused by ProxyError('Unable to connect to proxy', ConnectTimeoutError(<urllib3.connection.HTTPSConnection object at 0xbc85df88>, 'Connection to 46.160.129.189 timed out. (connect timeout=15)')))
HTTPSConnectionPool(host='t.me', port=443): Max retries exceeded with url: //0?embed=1&mode=tme (Caused by ProxyError('Unable to connect to proxy', ConnectTimeoutError(<urllib3.connection.HTTPSConnection object at 0xbc85de80>, 'Connection to 85.172.0.30 timed out. (connect timeout=15)')))
HTTPSConnectionPool(host='t.me', port=443): Max retries exceeded with url: //0?embed=1&mode=tme (Caused by ProxyError('Unable to connect to proxy', ConnectTimeoutError(<urllib3.connection.HTTPSConnection object at 0xc127a8c8>, 'Connection to 193.56.255.179 timed out. (connect timeout=15)')))
HTTPSConnectionPool(host='t.me', port=443): Max retries exceeded with url: //0?embed=1&mode=tme (Caused by ProxyError('Unable to connect to proxy', OSError('Tunnel connection failed: 407 Proxy Authentication Required')))
HTTPSConnectionPool(host='t.me', port=443): Max retries exceeded with url: //0?embed=1&mode=tme (Caused by ProxyError('Unable to connect to proxy', NewConnectionError('<urllib3.connection.HTTPSConnection object at 0xe0ecc280>: Failed to establish a new connection: [Errno 111] Connection refused')))
HTTPSConnectionPool(host='t.me', port=443): Max retries exceeded with url: //0?embed=1&mode=tme (Caused by ProxyError('Unable to connect to proxy', ConnectTimeoutError(<urllib3.connection.HTTPSConnection object at 0xc127ac58>, 'Connection to 194.186.35.70 timed out. (connect timeout=15)')))
HTTPSConnectionPool(host='t.me', port=443): Max retries exceeded with url: //0?embed=1&mode=tme (Caused by ProxyError('Unable to connect to proxy', ConnectTimeoutError(<urllib3.connection.HTTPSConnection object at 0xeac1f898>, 'Connection to 79.122.230.20 timed out. (connect timeout=15)')))
HTTPSConnectionPool(host='t.me', port=443): Max retries exceeded with url: //0?embed=1&mode=tme (Caused by ProxyError('Unable to connect to proxy', ConnectTimeoutError(<urllib3.connection.HTTPSConnection object at 0xe8c08808>, 'Connection to 34.126.187.77 timed out. (connect timeout=15)')))
HTTPSConnectionPool(host='t.me', port=443): Max retries exceeded with url: //0?embed=1&mode=tme (Caused by ProxyError('Unable to connect to proxy', OSError('Tunnel connection failed: 400 Bad Request')))
HTTPSConnectionPool(host='t.me', port=443): Max retries exceeded with url: //0?embed=1&mode=tme (Caused by ProxyError('Unable to connect to proxy', OSError('Tunnel connection failed: 400 Bad Request')))
HTTPSConnectionPool(host='t.me', port=443): Max retries exceeded with url: //0?embed=1&mode=tme (Caused by ProxyError('Unable to connect to proxy', ConnectTimeoutError(<urllib3.connection.HTTPSConnection object at 0xd9d25eb0>, 'Connection to 165.154.236.214 timed out. (connect timeout=15)')))
HTTPSConnectionPool(host='t.me', port=443): Max retries exceeded with url: //0?embed=1&mode=tme (Caused by ProxyError('Unable to connect to proxy', NewConnectionError('<urllib3.connection.HTTPSConnection object at 0xebd6eaa8>: Failed to establish a new connection: [Errno 111] Connection refused')))
ject at 0xe5a17400>: Failed to establish a new connection: [Errno 111] Connection refused')))
HTTPSConnectionPool(host='t.me', port=443): Max retries exceeded with url: //0?embed=1&mode=tme (Caused by ProxyError('Unable to connect to proxy', OSError('Tunnel connection failed: 400 Bad Request')))
HTTPSConnectionPool(host='t.me', port=443): Read timed out. (read timeout=15)
                                                                                                                                                                                                                  HTTPSConnectionPool(host='t.me', port=443): Max retries exceeded with url: //0?embed=1&mode=tme (Caused by ProxyError('Unable to connect to proxy', ConnectTimeoutError(<urllib3.connection.HTTPSConnection object at 0xbb364280>, 'Connection to 18.142.81.218 timed out. (connect timeout=15)')))
HTTPSConnectionPool(host='t.me', port=443): Max retries exceeded with url: //0?embed=1&mode=tme (Caused by ProxyError('Unable to connect to proxy', ConnectTimeoutError(<urllib3.connection.HTTPSConnection object at 0xe8b57a60>, 'Connection to 34.87.103.220 timed out. (connect timeout=15)')))
HTTPSConnectionPool(host='t.me', port=443): Max retries exceeded with url: //0?embed=1&mode=tme (Caused by ProxyError('Unable to connect to proxy', ConnectTimeoutError(<urllib3.connection.HTTPSConnection object at 0xbe145f28>, 'Connection to 82.146.37.145 timed out. (connect timeout=15)')))
HTTPSConnectionPool(host='t.me', port=443): Max retries exceeded with url: //0?embed=1&mode=tme (Caused by ProxyError('Unable to connect to proxy', ConnectTimeoutError(<urllib3.connection.HTTPSConnection object at 0xbb3642f8>, 'Connection to 119.81.71.27 timed out. (connect timeout=15)')))
HTTPSConnectionPool(host='t.me', port=443): Max retries exceeded with url: //0?embed=1&mode=tme (Caused by ProxyError('Unable to connect to proxy', ConnectTimeoutError(<urllib3.connection.HTTPSConnection object at 0xbecc3c58>, 'Connection to 194.186.127.60 timed out. (connect timeout=15)')))
HTTPSConnectionPool(host='t.me', port=443): Max retries exceeded with url: //0?embed=1&mode=tme (Caused by ProxyError('Unable to connect to proxy', ConnectTimeoutError(<urllib3.connection.HTTPSConnection object at 0xc03cce20>, 'Connection to 51.79.249.186 timed out. (connect timeout=15)')))
HTTPSConnectionPool(host='t.me', port=443): Max retries exceeded with url: //0?embed=1&mode=tme (Caused by ProxyError('Unable to connect to proxy', OSError('Tunnel connection failed: 502 Bad Gateway')))
HTTPSConnectionPool(host='t.me', port=443): Max retries exceeded with url: //0?embed=1&mode=tme (Caused by ProxyError('Unable to connect to proxy', ConnectTimeoutError(<urllib3.connection.HTTPSConnection object at 0xebd63400>, 'Connection to 77.233.5.68 timed out. (connect timeout=15)')))
HTTPSConnectionPool(host='t.me', port=443): Max retries exceeded with url: //0?embed=1&mode=tme (Caused by ProxyError('Unable to connect to proxy', ConnectTimeoutError(<urllib3.connection.HTTPSConnection object at 0xebd634c0>, 'Connection to 46.0.203.186 timed out. (connect timeout=15)')))
HTTPSConnectionPool(host='t.me', port=443): Max retries exceeded with url: //0?embed=1&mode=tme (Caused by ProxyError('Unable to connect to proxy', ConnectTimeoutError(<urllib3.connection.HTTPSConnection object at 0xbc832718>, 'Connection to 92.255.205.129 timed out. (connect timeout=15)')))
HTTPSConnectionPool(host='t.me', port=443): Read timed out. (read timeout=15)
HTTPSConnectionPool(host='t.me', port=443): Max retries exceeded with url: //0?embed=1&mode=tme (Caused by ProxyError('Unable to connect to proxy', ConnectTimeoutError(<urllib3.connection.HTTPSConnection object at 0xe6a3f988>, 'Connection to 51.158.68.68 timed out. (connect timeout=15)')))
HTTPSConnectionPool(host='t.me', port=443): Max retries exceeded with url: //0?embed=1&mode=tme (Caused by ProxyError('Unable to connect to proxy', NewConnectionError('<urllib3.connection.HTTPSConnection object at 0xda96ed60>: Failed to establish a new connection: [Errno 111] Connection refused')))
HTTPSConnectionPool(host='t.me', port=443): Max retries exceeded with url: //0?embed=1&mode=tme (Caused by ProxyError('Unable to connect to proxy', NewConnectionError('<urllib3.connection.HTTPSConnection object at 0xebdad448>: Failed to establish a new connection: [Errno 111] Connection refused')))
HTTPSConnectionPool(host='t.me', port=443): Max retries exceeded with url: //0?embed=1&mode=tme (Caused by ProxyError('Unable to connect to proxy', ConnectTimeoutError(<urllib3.connection.HTTPSConnection object at 0xeb4cf238>, 'Connection to 119.81.189.194 timed out. (connect timeout=15)')))
HTTPSConnectionPool(host='t.me', port=443): Max retries exceeded with url: //0?embed=1&mode=tme (Caused by ProxyError('Unable to connect to proxy', OSError('Tunnel connection failed: 400 Bad Request')))
HTTPSConnectionPool(host='t.me', port=443): Max retries exceeded with url: //0?embed=1&mode=tme (Caused by ProxyError('Unable to connect to proxy', ConnectTimeoutError(<urllib3.connection.HTTPSConnection object at 0xe820f580>, 'Connection to 51.159.134.210 timed out. (connect timeout=15)')))
HTTPSConnectionPool(host='t.me', port=443): Max retries exceeded with url: //0?embed=1&mode=tme (Caused by ProxyError('Unable to connect to proxy', NewConnectionError('<urllib3.connection.HTTPSConnection object at 0xdeb75568>: Failed to establish a new connection: [Errno 111] Connection refused')))
HTTPSConnectionPool(host='t.me', port=443): Max retries exceeded with url: //0?embed=1&mode=tme (Caused by ProxyError('Unable to connect to proxy', OSError('Tunnel connection failed: 400 Bad Request')))
HTTPSConnectionPool(host='t.me', port=443): Max retries exceeded with url: //0?embed=1&mode=tme (Caused by ProxyError('Unable to connect to proxy', ConnectTimeoutError(<urllib3.connection.HTTPSConnection object at 0xe0384250>, 'Connection to 35.180.188.216 timed out. (connect timeout=15)')))
('Connection aborted.', RemoteDisconnected('Remote end closed connection without response'))
HTTPSConnectionPool(host='t.me', port=443): Max retries exceeded with url: //0?embed=1&mode=tme (Caused by ProxyError('Unable to connect to proxy', ConnectTimeoutError(<urllib3.connection.HTTPSConnection object at 0xbc8404c0>, 'Connection to 5.135.136.60 timed out. (connect timeout=15)')))
HTTPSConnectionPool(host='t.me', port=443): Max retries exceeded with url: //0?embed=1&mode=tme (Caused by ProxyError('Unable to connect to proxy', ConnectTimeoutError(<urllib3.connection.HTTPSConnection object at 0xeaa59c88>, 'Connection to 193.239.86.249 timed out. (connect timeout=15)')))
HTTPSConnectionPool(host='t.me', port=443): Max retries exceeded with url: //0?embed=1&mode=tme (Caused by ProxyError('Unable to connect to proxy', ConnectTimeoutError(<urllib3.connection.HTTPSConnection object at 0xbc840058>, 'Connection to 149.126.101.162 timed out. (connect timeout=15)')))
HTTPSConnectionPool(host='t.me', port=443): Read timed out. (read timeout=15)
HTTPSConnectionPool(host='t.me', port=443): Max retries exceeded with url: //0?embed=1&mode=tme (Caused by ProxyError('Unable to connect to proxy', ConnectTimeoutError(<urllib3.connection.HTTPSConnection object at 0xbbdbbbb0>, 'Connection to 146.59.243.214 timed out. (connect timeout=15)')))
HTTPSConnectionPool(host='t.me', port=443): Max retries exceeded with url: //0?embed=1&mode=tme (Caused by ProxyError('Unable to connect to proxy', ConnectTimeoutError(<urllib3.connection.HTTPSConnection object at 0xbf9883b8>, 'Connection to 54.36.81.217 timed out. (connect timeout=15)')))
HTTPSConnectionPool(host='t.me', port=443): Max retries exceeded with url: //0?embed=1&mode=tme (Caused by ProxyError('Unable to connect to proxy', ConnectTimeoutError(<urllib3.connection.HTTPSConnection object at 0xbf988178>, 'Connection to 159.8.114.37 timed out. (connect timeout=15)')))
nection object at 0xebd6eaa8>: Failed to establish a new connection: [Errno 111] Connection refused')))
ject at 0xe5a17400>: Failed to establish a new connection: [Errno 111] Connection refused')))
HTTPSConnectionPool(host='t.me', port=443): Max retries exceeded with url: //0?embed=1&mode=tme (Caused by ProxyError('Unable to connect to proxy', OSError('Tunnel connection failed: 400 Bad Request')))
HTTPSConnectionPool(host='t.me', port=443): Read timed out. (read timeout=15)
                                                                                                                  HTTPSConnectionPool(host='t.me', port=443): Max retries exceeded with url: //0?embed=1&mode=tme (Caused by ProxyError('Unable to connect to proxy', ConnectTimeoutError(<urllib3.connection.HTTPSConnection object at 0xe5a177a8>, 'Connection to 51.158.172.165 timed out. (connect timeout=15)')))
HTTPSConnectionPool(host='t.me', port=443): Max retries exceeded with url: //0?embed=1&mode=tme (Caused by ProxyError('Unable to connect to proxy', ConnectTimeoutError(<urllib3.connection.HTTPSConnection object at 0xbf988160>, 'Connection to 51.178.165.36 timed out. (connect timeout=15)')))
HTTPSConnectionPool(host='t.me', port=443): Max retries exceeded with url: //0?embed=1&mode=tme (Caused by ProxyError('Unable to connect to proxy', ConnectTimeoutError(<urllib3.connection.HTTPSConnection object at 0xebd63358>, 'Connection to 202.162.105.202 timed out. (connect timeout=15)')))
HTTPSConnectionPool(host='t.me', port=443): Max retries exceeded with url: //0?embed=1&mode=tme (Caused by ProxyError('Unable to connect to proxy', ConnectTimeoutError(<urllib3.connection.HTTPSConnection object at 0xeaa492b0>, 'Connection to 193.239.86.247 timed out. (connect timeout=15)')))
HTTPSConnectionPool(host='t.me', port=443): Max retries exceeded with url: //0?embed=1&mode=tme (Caused by ProxyError('Unable to connect to proxy', ConnectTimeoutError(<urllib3.connection.HTTPSConnection object at 0xeb4cf9d0>, 'Connection to 159.8.114.37 timed out. (connect timeout=15)')))
HTTPSConnectionPool(host='t.me', port=443): Max retries exceeded with url: //0?embed=1&mode=tme (Caused by ProxyError('Unable to connect to proxy', NewConnectionError('<urllib3.connection.HTTPSConnection object at 0xeac102f8>: Failed to establish a new connection: [Errno 111] Connection refused')))
HTTPSConnectionPool(host='t.me', port=443): Max retries exceeded with url: //0?embed=1&mode=tme (Caused by ProxyError('Unable to connect to proxy', ConnectTimeoutError(<urllib3.connection.HTTPSConnection object at 0xbc840b38>, 'Connection to 20.187.77.5 timed out. (connect timeout=15)')))
HTTPSConnectionPool(host='t.me', port=443): Max retries exceeded with url: //0?embed=1&mode=tme (Caused by ProxyError('Unable to connect to proxy', ConnectTimeoutError(<urllib3.connection.HTTPSConnection object at 0xbbdcdc70>, 'Connection to 165.154.224.14 timed out. (connect timeout=15)')))
HTTPSConnectionPool(host='t.me', port=443): Max retries exceeded with url: //0?embed=1&mode=tme (Caused by ProxyError('Unable to connect to proxy', ConnectTimeoutError(<urllib3.connection.HTTPSConnection object at 0xde15c4f0>, 'Connection to 223.18.60.191 timed out. (connect timeout=15)')))
HTTPSConnectionPool(host='t.me', port=443): Max retries exceeded with url: //0?embed=1&mode=tme (Caused by ProxyError('Unable to connect to proxy', ConnectTimeoutError(<urllib3.connection.HTTPSConnection object at 0xe820f7a8>, 'Connection to 193.239.86.248 timed out. (connect timeout=15)')))
HTTPSConnectionPool(host='t.me', port=443): Max retries exceeded with url: //0?embed=1&mode=tme (Caused by ProxyError('Unable to connect to proxy', ConnectTimeoutError(<urllib3.connection.HTTPSConnection object at 0xbbdcdc40>, 'Connection to 202.162.105.202 timed out. (connect timeout=15)')))
HTTPSConnectionPool(host='t.me', port=443): Max retries exceeded with url: //0?embed=1&mode=tme (Caused by ProxyError('Unable to connect to proxy', ConnectTimeoutError(<urllib3.connection.HTTPSConnection object at 0xebdadb50>, 'Connection to 37.187.88.32 timed out. (connect timeout=15)')))
HTTPSConnectionPool(host='t.me', port=443): Max retries exceeded with url: //0?embed=1&mode=tme (Caused by ProxyError('Unable to connect to proxy', NewConnectionError('<urllib3.connection.HTTPSConnection object at 0xea7b3280>: Failed to establish a new connection: [Errno 111] Connection refused')))
('Connection aborted.', RemoteDisconnected('Remote end closed connection without response'))
HTTPSConnectionPool(host='t.me', port=443): Max retries exceeded with url: //0?embed=1&mode=tme (Caused by ProxyError('Unable to connect to proxy', NewConnectionError('<urllib3.connection.HTTPSConnection object at 0xbc86a610>: Failed to establish a new connection: [Errno 111] Connection refused')))
HTTPSConnectionPool(host='t.me', port=443): Read timed out. (read timeout=15)
HTTPSConnectionPool(host='t.me', port=443): Max retries exceeded with url: //0?embed=1&mode=tme (Caused by ProxyError('Unable to connect to proxy', NewConnectionError('<urllib3.connection.HTTPSConnection object at 0xda935ee0>: Failed to establish a new connection: [Errno 111] Connection refused')))
HTTPSConnectionPool(host='t.me', port=443): Max retries exceeded with url: //0?embed=1&mode=tme (Caused by ProxyError('Unable to connect to proxy', ConnectTimeoutError(<urllib3.connection.HTTPSConnection object at 0xe81db778>, 'Connection to 123.202.159.108 timed out. (connect timeout=15)')))
HTTPSConnectionPool(host='t.me', port=443): Max retries exceeded with url: //0?embed=1&mode=tme (Caused by ProxyError('Unable to connect to proxy', NewConnectionError('<urllib3.connection.HTTPSConnection object at 0xbb374e38>: Failed to establish a new connection: [Errno 111] Connection refused')))
HTTPSConnectionPool(host='t.me', port=443): Max retries exceeded with url: //0?embed=1&mode=tme (Caused by ProxyError('Unable to connect to proxy', ConnectTimeoutError(<urllib3.connection.HTTPSConnection object at 0xeac10118>, 'Connection to 119.237.43.106 timed out. (connect timeout=15)')))
HTTPSConnectionPool(host='t.me', port=443): Max retries exceeded with url: //0?embed=1&mode=tme (Caused by ProxyError('Unable to connect to proxy', ConnectTimeoutError(<urllib3.connection.HTTPSConnection object at 0xbecf25c8>, 'Connection to 103.234.55.173 timed out. (connect timeout=15)')))
HTTPSConnectionPool(host='t.me', port=443): Max retries exceeded with url: //0?embed=1&mode=tme (Caused by ProxyError('Unable to connect to proxy', ConnectTimeoutError(<urllib3.connection.HTTPSConnection object at 0xda937280>, 'Connection to 125.87.82.86 timed out. (connect timeout=15)')))
HTTPSConnectionPool(host='t.me', port=443): Max retries exceeded with url: //0?embed=1&mode=tme (Caused by ProxyError('Unable to connect to proxy', OSError('Tunnel connection failed: 500 Internal Server Error')))
HTTPSConnectionPool(host='t.me', port=443): Max retries exceeded with url: //0?embed=1&mode=tme (Caused by ProxyError('Unable to connect to proxy', NewConnectionError('<urllib3.connection.HTTPSConnection object at 0xebd907d8>: Failed to establish a new connection: [Errno 111] Connection refused')))
HTTPSConnectionPool(host='t.me', port=443): Max retries exceeded with url: //0?embed=1&mode=tme (Caused by ProxyError('Unable to connect to proxy', ConnectTimeoutError(<urllib3.connection.HTTPSConnection object at 0xdb589eb0>, 'Connection to 20.205.115.87 timed out. (connect timeout=15)')))
HTTPSConnectionPool(host='t.me', port=443): Max retries exceeded with url: //0?embed=1&mode=tme (Caused by ProxyError('Unable to connect to proxy', ConnectTimeoutError(<urllib3.connection.HTTPSConnection object at 0xd90d8610>, 'Connection to 183.164.254.8 timed out. (connect timeout=15)')))
HTTPSConnectionPool(host='t.me', port=443): Max retries exceeded with url: //0?embed=1&mode=tme (Caused by ProxyError('Unable to connect to proxy', ConnectTimeoutError(<urllib3.connection.HTTPSConnection object at 0xda960e98>, 'Connection to 113.121.240.114 timed out. (connect timeout=15)')))
HTTPSConnectionPool(host='t.me', port=443): Max retries exceeded with url: //0?embed=1&mode=tme (Caused by ProxyError('Unable to connect to proxy', ConnectTimeoutError(<urllib3.connection.HTTPSConnection object at 0xd90d8898>, 'Connection to 116.242.89.230 timed out. (connect timeout=15)')))
                                                                                                                                                                                                                                                                                                     HTTPSConnectionPool(host='t.me', port=443): Max retries exceeded with url: //0?embed=1&mode=tme (Caused by ProxyError('Unable to connect to proxy', ConnectTimeoutError(<urllib3.connection.HTTPSConnection object at 0xd7a46d30>, 'Connection to 121.206.205.75 timed out. (connect timeout=15)')))
HTTPSConnectionPool(host='t.me', port=443): Max retries exceeded with url: //0?embed=1&mode=tme (Caused by ProxyError('Unable to connect to proxy', NewConnectionError('<urllib3.connection.HTTPSConnection object at 0xbe1540b8>: Failed to establish a new connection: [Errno 111] Connection refused')))
HTTPSConnectionPool(host='t.me', port=443): Max retries exceeded with url: //0?embed=1&mode=tme (Caused by ProxyError('Unable to connect to proxy', NewConnectionError('<urllib3.connection.HTTPSConnection object at 0xbbdcdbf8>: Failed to establish a new connection: [Errno 111] Connection refused')))
HTTPSConnectionPool(host='t.me', port=443): Max retries exceeded with url: //0?embed=1&mode=tme (Caused by ProxyError('Unable to connect to proxy', ConnectTimeoutError(<urllib3.connection.HTTPSConnection object at 0xeac10250>, 'Connection to 36.7.252.165 timed out. (connect timeout=15)')))
HTTPSConnectionPool(host='t.me', port=443): Max retries exceeded with url: //0?embed=1&mode=tme (Caused by ProxyError('Unable to connect to proxy', ConnectTimeoutError(<urllib3.connection.HTTPSConnection object at 0xda960d18>, 'Connection to 113.195.224.222 timed out. (connect timeout=15)')))
HTTPSConnectionPool(host='t.me', port=443): Max retries exceeded with url: //0?embed=1&mode=tme (Caused by ProxyError('Unable to connect to proxy', NewConnectionError('<urllib3.connection.HTTPSConnection object at 0xe5a23658>: Failed to establish a new connection: [Errno 111] Connection refused')))
HTTPSConnectionPool(host='t.me', port=443): Max retries exceeded with url: //0?embed=1&mode=tme (Caused by ProxyError('Unable to connect to proxy', ConnectTimeoutError(<urllib3.connection.HTTPSConnection object at 0xe81f5100>, 'Connection to 109.111.212.78 timed out. (connect timeout=15)')))
HTTPSConnectionPool(host='t.me', port=443): Max retries exceeded with url: //0?embed=1&mode=tme (Caused by ProxyError('Unable to connect to proxy', ConnectTimeoutError(<urllib3.connection.HTTPSConnection object at 0xda9601c0>, 'Connection to 106.45.221.168 timed out. (connect timeout=15)')))
HTTPSConnectionPool(host='t.me', port=443): Max retries exceeded with url: //0?embed=1&mode=tme (Caused by ProxyError('Unable to connect to proxy', NewConnectionError('<urllib3.connection.HTTPSConnection object at 0xbe162778>: Failed to establish a new connection: [Errno 111] Connection refused')))
HTTPSConnectionPool(host='t.me', port=443): Max retries exceeded with url: //0?embed=1&mode=tme (Caused by ProxyError('Unable to connect to proxy', ConnectTimeoutError(<urllib3.connection.HTTPSConnection object at 0xe81dbef8>, 'Connection to 43.251.119.79 timed out. (connect timeout=15)')))
HTTPSConnectionPool(host='t.me', port=443): Max retries exceeded with url: //0?embed=1&mode=tme (Caused by ProxyError('Unable to connect to proxy', ConnectTimeoutError(<urllib3.connection.HTTPSConnection object at 0xd90d8ef8>, 'Connection to 112.98.218.73 timed out. (connect timeout=15)')))
HTTPSConnectionPool(host='t.me', port=443): Max retries exceeded with url: //0?embed=1&mode=tme (Caused by ProxyError('Unable to connect to proxy', ConnectTimeoutError(<urllib3.connection.HTTPSConnection object at 0xe81ed0d0>, 'Connection to 46.101.19.131 timed out. (connect timeout=15)')))
HTTPSConnectionPool(host='t.me', port=443): Max retries exceeded with url: //0?embed=1&mode=tme (Caused by ProxyError('Unable to connect to proxy', ConnectTimeoutError(<urllib3.connection.HTTPSConnection object at 0xeaa6ee50>, 'Connection to 213.171.214.19 timed out. (connect timeout=15)')))
HTTPSConnectionPool(host='t.me', port=443): Read timed out. (read timeout=15)
HTTPSConnectionPool(host='t.me', port=443): Max retries exceeded with url: //0?embed=1&mode=tme (Caused by ProxyError('Unable to connect to proxy', ConnectTimeoutError(<urllib3.connection.HTTPSConnection object at 0xe81f5598>, 'Connection to 84.17.51.240 timed out. (connect timeout=15)')))
('Connection aborted.', RemoteDisconnected('Remote end closed connection without response'))
HTTPSConnectionPool(host='t.me', port=443): Max retries exceeded with url: //0?embed=1&mode=tme (Caused by ProxyError('Unable to connect to proxy', ConnectTimeoutError(<urllib3.connection.HTTPSConnection object at 0xe81f5e68>, 'Connection to 178.128.172.154 timed out. (connect timeout=15)')))
HTTPSConnectionPool(host='t.me', port=443): Max retries exceeded with url: //0?embed=1&mode=tme (Caused by ProxyError('Unable to connect to proxy', ConnectTimeoutError(<urllib3.connection.HTTPSConnection object at 0xd87875b0>, 'Connection to 84.17.51.241 timed out. (connect timeout=15)')))
HTTPSConnectionPool(host='t.me', port=443): Max retries exceeded with url: //0?embed=1&mode=tme (Caused by ProxyError('Unable to connect to proxy', OSError('Tunnel connection failed: 400 Bad Request')))
HTTPSConnectionPool(host='t.me', port=443): Max retries exceeded with url: //0?embed=1&mode=tme (Caused by ProxyError('Unable to connect to proxy', ConnectTimeoutError(<urllib3.connection.HTTPSConnection object at 0xedb325c8>, 'Connection to 81.12.119.171 timed out. (connect timeout=15)')))
HTTPSConnectionPool(host='t.me', port=443): Max retries exceeded with url: //0?embed=1&mode=tme (Caused by ProxyError('Unable to connect to proxy', ConnectTimeoutError(<urllib3.connection.HTTPSConnection object at 0xbc850dc0>, 'Connection to 80.194.38.106 timed out. (connect timeout=15)')))
HTTPSConnectionPool(host='t.me', port=443): Max retries exceeded with url: //0?embed=1&mode=tme (Caused by ProxyError('Unable to connect to proxy', ConnectTimeoutError(<urllib3.connection.HTTPSConnection object at 0xd7a46958>, 'Connection to 45.159.150.23 timed out. (connect timeout=15)')))
HTTPSConnectionPool(host='t.me', port=443): Max retries exceeded with url: //0?embed=1&mode=tme (Caused by ProxyError('Unable to connect to proxy', ConnectTimeoutError(<urllib3.connection.HTTPSConnection object at 0xeaa6ef40>, 'Connection to 141.136.42.164 timed out. (connect timeout=15)')))
HTTPSConnectionPool(host='t.me', port=443): Max retries exceeded with url: //0?embed=1&mode=tme (Caused by ProxyError('Unable to connect to proxy', ConnectTimeoutError(<urllib3.connection.HTTPSConnection object at 0xe820fca0>, 'Connection to 217.219.74.130 timed out. (connect timeout=15)')))
HTTPSConnectionPool(host='t.me', port=443): Max retries exceeded with url: //0?embed=1&mode=tme (Caused by ProxyError('Unable to connect to proxy', ConnectTimeoutError(<urllib3.connection.HTTPSConnection object at 0xeaa6e838>, 'Connection to 217.172.122.14 timed out. (connect timeout=15)')))
HTTPSConnectionPool(host='t.me', port=443): Max retries exceeded with url: //0?embed=1&mode=tme (Caused by ProxyError('Unable to connect to proxy', NewConnectionError('<urllib3.connection.HTTPSConnection object at 0xd8787bf8>: Failed to establish a new connection: [Errno 111] Connection refused')))
HTTPSConnectionPool(host='t.me', port=443): Max retries exceeded with url: //0?embed=1&mode=tme (Caused by ProxyError('Unable to connect to proxy', ConnectTimeoutError(<urllib3.connection.HTTPSConnection object at 0xebf89580>, 'Connection to 91.107.203.75 timed out. (connect timeout=15)')))
HTTPSConnectionPool(host='t.me', port=443): Max retries exceeded with url: //0?embed=1&mode=tme (Caused by ProxyError('Unable to connect to proxy', ConnectTimeoutError(<urllib3.connection.HTTPSConnection object at 0xebf890a0>, 'Connection to 193.176.242.186 timed out. (connect timeout=15)')))
                                                                                                                                                                                                                                                                                                     HTTPSConnectionPool(host='t.me', port=443): Max retries exceeded with url: //0?embed=1&mode=tme (Caused by ProxyError('Unable to connect to proxy', ConnectTimeoutError(<urllib3.connection.HTTPSConnection object at 0xbb374c10>, 'Connection to 92.207.253.226 timed out. (connect timeout=15)')))
('Connection aborted.', RemoteDisconnected('Remote end closed connection without response'))
HTTPSConnectionPool(host='t.me', port=443): Max retries exceeded with url: //0?embed=1&mode=tme (Caused by ProxyError('Unable to connect to proxy', ConnectTimeoutError(<urllib3.connection.HTTPSConnection object at 0xe81f5e98>, 'Connection to 89.43.10.141 timed out. (connect timeout=15)')))
HTTPSConnectionPool(host='t.me', port=443): Max retries exceeded with url: //0?embed=1&mode=tme (Caused by ProxyError('Unable to connect to proxy', ConnectTimeoutError(<urllib3.connection.HTTPSConnection object at 0xebd813e8>, 'Connection to 31.214.171.62 timed out. (connect timeout=15)')))
HTTPSConnectionPool(host='t.me', port=443): Max retries exceeded with url: //0?embed=1&mode=tme (Caused by ProxyError('Unable to connect to proxy', OSError('Tunnel connection failed: 400 Bad Request')))
HTTPSConnectionPool(host='t.me', port=443): Max retries exceeded with url: //0?embed=1&mode=tme (Caused by ProxyError('Unable to connect to proxy', ConnectTimeoutError(<urllib3.connection.HTTPSConnection object at 0xe81c1b68>, 'Connection to 181.57.131.122 timed out. (connect timeout=15)')))
HTTPSConnectionPool(host='t.me', port=443): Max retries exceeded with url: //0?embed=1&mode=tme (Caused by ProxyError('Unable to connect to proxy', ConnectTimeoutError(<urllib3.connection.HTTPSConnection object at 0xe81c1d60>, 'Connection to 179.1.192.17 timed out. (connect timeout=15)')))
HTTPSConnectionPool(host='t.me', port=443): Max retries exceeded with url: //0?embed=1&mode=tme (Caused by ProxyError('Unable to connect to proxy', ConnectTimeoutError(<urllib3.connection.HTTPSConnection object at 0xd8787e38>, 'Connection to 190.69.157.213 timed out. (connect timeout=15)')))
HTTPSConnectionPool(host='t.me', port=443): Max retries exceeded with url: //0?embed=1&mode=tme (Caused by ProxyError('Unable to connect to proxy', NewConnectionError('<urllib3.connection.HTTPSConnection object at 0xeaa6e1d8>: Failed to establish a new connection: [Errno 111] Connection refused')))
HTTPSConnectionPool(host='t.me', port=443): Max retries exceeded with url: //0?embed=1&mode=tme (Caused by ProxyError('Unable to connect to proxy', NewConnectionError('<urllib3.connection.HTTPSConnection object at 0xe81f5f10>: Failed to establish a new connection: [Errno 111] Connection refused')))
HTTPSConnectionPool(host='t.me', port=443): Max retries exceeded with url: //0?embed=1&mode=tme (Caused by ProxyError('Unable to connect to proxy', NewConnectionError('<urllib3.connection.HTTPSConnection object at 0xda960dc0>: Failed to establish a new connection: [Errno 111] Connection refused')))
HTTPSConnectionPool(host='t.me', port=443): Max retries exceeded with url: //0?embed=1&mode=tme (Caused by ProxyError('Unable to connect to proxy', NewConnectionError('<urllib3.connection.HTTPSConnection object at 0xe5a17418>: Failed to establish a new connection: [Errno 113] No route to host')))
HTTPSConnectionPool(host='t.me', port=443): Max retries exceeded with url: //0?embed=1&mode=tme (Caused by ProxyError('Unable to connect to proxy', NewConnectionError('<urllib3.connection.HTTPSConnection object at 0xdeb81568>: Failed to establish a new connection: [Errno 111] Connection refused')))
HTTPSConnectionPool(host='t.me', port=443): Max retries exceeded with url: //0?embed=1&mode=tme (Caused by ProxyError('Unable to connect to proxy', ConnectTimeoutError(<urllib3.connection.HTTPSConnection object at 0xd90abad8>, 'Connection to 179.1.133.33 timed out. (connect timeout=15)')))
HTTPSConnectionPool(host='t.me', port=443): Max retries exceeded with url: //0?embed=1&mode=tme (Caused by ProxyError('Unable to connect to proxy', NewConnectionError('<urllib3.connection.HTTPSConnection object at 0xda960520>: Failed to establish a new connection: [Errno 111] Connection refused')))
HTTPSConnectionPool(host='t.me', port=443): Max retries exceeded with url: //0?embed=1&mode=tme (Caused by ProxyError('Unable to connect to proxy', ConnectTimeoutError(<urllib3.connection.HTTPSConnection object at 0xeb35e358>, 'Connection to 181.129.43.3 timed out. (connect timeout=15)')))
HTTPSConnectionPool(host='t.me', port=443): Max retries exceeded with url: //0?embed=1&mode=tme (Caused by ProxyError('Unable to connect to proxy', ConnectTimeoutError(<urllib3.connection.HTTPSConnection object at 0xebeb5a60>, 'Connection to 170.239.207.241 timed out. (connect timeout=15)')))
HTTPSConnectionPool(host='t.me', port=443): Max retries exceeded with url: //0?embed=1&mode=tme (Caused by ProxyError('Unable to connect to proxy', OSError('Tunnel connection failed: 400 Bad Request')))
HTTPSConnectionPool(host='t.me', port=443): Max retries exceeded with url: //0?embed=1&mode=tme (Caused by ProxyError('Unable to connect to proxy', ConnectTimeoutError(<urllib3.connection.HTTPSConnection object at 0xdcaa0148>, 'Connection to 201.219.201.14 timed out. (connect timeout=15)')))
HTTPSConnectionPool(host='t.me', port=443): Max retries exceeded with url: //0?embed=1&mode=tme (Caused by ProxyError('Unable to connect to proxy', NewConnectionError('<urllib3.connection.HTTPSConnection object at 0xe7fed5e0>: Failed to establish a new connection: [Errno 111] Connection refused')))
HTTPSConnectionPool(host='t.me', port=443): Max retries exceeded with url: //0?embed=1&mode=tme (Caused by ProxyError('Unable to connect to proxy', NewConnectionError('<urllib3.connection.HTTPSConnection object at 0xe81dbfe8>: Failed to establish a new connection: [Errno 111] Connection refused')))
('Connection aborted.', RemoteDisconnected('Remote end closed connection without response'))
HTTPSConnectionPool(host='t.me', port=443): Max retries exceeded with url: //0?embed=1&mode=tme (Caused by ProxyError('Unable to connect to proxy', NewConnectionError('<urllib3.connection.HTTPSConnection object at 0xc2765298>: Failed to establish a new connection: [Errno 111] Connection refused')))
HTTPSConnectionPool(host='t.me', port=443): Max retries exceeded with url: //0?embed=1&mode=tme (Caused by ProxyError('Unable to connect to proxy', ConnectTimeoutError(<urllib3.connection.HTTPSConnection object at 0xdcaa0b20>, 'Connection to 181.205.41.210 timed out. (connect timeout=15)')))
HTTPSConnectionPool(host='t.me', port=443): Max retries exceeded with url: //0?embed=1&mode=tme (Caused by ProxyError('Unable to connect to proxy', ConnectTimeoutError(<urllib3.connection.HTTPSConnection object at 0xebd554a8>, 'Connection to 14.207.24.176 timed out. (connect timeout=15)')))
HTTPSConnectionPool(host='t.me', port=443): Max retries exceeded with url: //0?embed=1&mode=tme (Caused by ProxyError('Unable to connect to proxy', ConnectTimeoutError(<urllib3.connection.HTTPSConnection object at 0xeb2852e0>, 'Connection to 180.180.218.250 timed out. (connect timeout=15)')))
HTTPSConnectionPool(host='t.me', port=443): Max retries exceeded with url: //0?embed=1&mode=tme (Caused by ProxyError('Unable to connect to proxy', ConnectTimeoutError(<urllib3.connection.HTTPSConnection object at 0xeb285310>, 'Connection to 186.159.6.163 timed out. (connect timeout=15)')))
HTTPSConnectionPool(host='t.me', port=443): Max retries exceeded with url: //0?embed=1&mode=tme (Caused by ProxyError('Unable to connect to proxy', ConnectTimeoutError(<urllib3.connection.HTTPSConnection object at 0xe8145e50>, 'Connection to 177.93.44.53 timed out. (connect timeout=15)')))
HTTPSConnectionPool(host='t.me', port=443): Max retries exceeded with url: //0?embed=1&mode=tme (Caused by ProxyError('Unable to connect to proxy', ConnectTimeoutError(<urllib3.connection.HTTPSConnection object at 0xe8145dc0>, 'Connection to 125.25.40.41 timed out. (connect timeout=15)')))
HTTPSConnectionPool(host='t.me', port=443): Max retries exceeded with url: //0?embed=1&mode=tme (Caused by ProxyError('Unable to connect to proxy', OSError('Tunnel connection failed: 400 Bad Request')))
HTTPSConnectionPool(host='t.me', port=443): Max retries exceeded with url: //0?embed=1&mode=tme (Caused by ProxyError('Unable to connect to proxy', ConnectTimeoutError(<urllib3.connection.HTTPSConnection object at 0xebd55640>, 'Connection to 180.183.97.16 timed out. (connect timeout=15)')))
HTTPSConnectionPool(host='t.me', port=443): Max retries exceeded with url: //0?embed=1&mode=tme (Caused by ProxyError('Unable to connect to proxy', ConnectTimeoutError(<urllib3.connection.HTTPSConnection object at 0xebd555b0>, 'Connection to 1.2.252.65 timed out. (connect timeout=15)')))
HTTPSConnectionPool(host='t.me', port=443): Max retries exceeded with url: //0?embed=1&mode=tme (Caused by ProxyError('Unable to connect to proxy', NewConnectionError('<urllib3.connection.HTTPSConnection object at 0xea65c538>: Failed to establish a new connection: [Errno 111] Connection refused')))
HTTPSConnectionPool(host='t.me', port=443): Max retries exceeded with url: //0?embed=1&mode=tme (Caused by ProxyError('Unable to connect to proxy', ConnectTimeoutError(<urllib3.connection.HTTPSConnection object at 0xd90d5a00>, 'Connection to 181.74.81.195 timed out. (connect timeout=15)')))
HTTPSConnectionPool(host='t.me', port=443): Max retries exceeded with url: //0?embed=1&mode=tme (Caused by ProxyError('Unable to connect to proxy', ConnectTimeoutError(<urllib3.connection.HTTPSConnection object at 0xebd55610>, 'Connection to 183.88.184.48 timed out. (connect timeout=15)')))
HTTPSConnectionPool(host='t.me', port=443): Max retries exceeded with url: //0?embed=1&mode=tme (Caused by ProxyError('Unable to connect to proxy', NewConnectionError('<urllib3.connection.HTTPSConnection object at 0xe81c1cd0>: Failed to establish a new connection: [Errno 113] No route to host')))
HTTPSConnectionPool(host='t.me', port=443): Max retries exceeded with url: //0?embed=1&mode=tme (Caused by ProxyError('Unable to connect to proxy', ConnectTimeoutError(<urllib3.connection.HTTPSConnection object at 0xe73aa190>, 'Connection to 186.103.130.91 timed out. (connect timeout=15)')))
HTTPSConnectionPool(host='t.me', port=443): Max retries exceeded with url: //0?embed=1&mode=tme (Caused by ProxyError('Unable to connect to proxy', ConnectTimeoutError(<urllib3.connection.HTTPSConnection object at 0xd90d53e8>, 'Connection to 1.179.148.9 timed out. (connect timeout=15)')))
HTTPSConnectionPool(host='t.me', port=443): Max retries exceeded with url: //0?embed=1&mode=tme (Caused by ProxyError('Unable to connect to proxy', ConnectTimeoutError(<urllib3.connection.HTTPSConnection object at 0xe5a06e80>, 'Connection to 103.151.41.7 timed out. (connect timeout=15)')))
HTTPSConnectionPool(host='t.me', port=443): Max retries exceeded with url: //0?embed=1&mode=tme (Caused by ProxyError('Unable to connect to proxy', NewConnectionError('<urllib3.connection.HTTPSConnection object at 0xbbdcdb20>: Failed to establish a new connection: [Errno 111] Connection refused')))
HTTPSConnectionPool(host='t.me', port=443): Max retries exceeded with url: //0?embed=1&mode=tme (Caused by ProxyError('Unable to connect to proxy', ConnectTimeoutError(<urllib3.connection.HTTPSConnection object at 0xe81f5f58>, 'Connection to 181.212.41.171 timed out. (connect timeout=15)')))
HTTPSConnectionPool(host='t.me', port=443): Max retries exceeded with url: //0?embed=1&mode=tme (Caused by ProxyError('Unable to connect to proxy', ConnectTimeoutError(<urllib3.connection.HTTPSConnection object at 0xdf7daa90>, 'Connection to 181.212.45.226 timed out. (connect timeout=15)')))
HTTPSConnectionPool(host='t.me', port=443): Max retries exceeded with url: //0?embed=1&mode=tme (Caused by ProxyError('Unable to connect to proxy', NewConnectionError('<urllib3.connection.HTTPSConnection object at 0xe1a05a48>: Failed to establish a new connection: [Errno 111] Connection refused')))
HTTPSConnectionPool(host='t.me', port=443): Max retries exceeded with url: //0?embed=1&mode=tme (Caused by ProxyError('Unable to connect to proxy', ConnectTimeoutError(<urllib3.connection.HTTPSConnection object at 0xe1bc8ce8>, 'Connection to 183.89.41.224 timed out. (connect timeout=15)')))
HTTPSConnectionPool(host='t.me', port=443): Max retries exceeded with url: //0?embed=1&mode=tme (Caused by ProxyError('Unable to connect to proxy', ConnectTimeoutError(<urllib3.connection.HTTPSConnection object at 0xe8171988>, 'Connection to 190.110.99.189 timed out. (connect timeout=15)')))
HTTPSConnectionPool(host='t.me', port=443): Max retries exceeded with url: //0?embed=1&mode=tme (Caused by ProxyError('Unable to connect to proxy', ConnectTimeoutError(<urllib3.connection.HTTPSConnection object at 0xe8171bf8>, 'Connection to 161.202.226.194 timed out. (connect timeout=15)')))
HTTPSConnectionPool(host='t.me', port=443): Max retries exceeded with url: //0?embed=1&mode=tme (Caused by ProxyError('Unable to connect to proxy', ConnectTimeoutError(<urllib3.connection.HTTPSConnection object at 0xe820f0b8>, 'Connection to 103.42.28.27 timed out. (connect timeout=15)')))
HTTPSConnectionPool(host='t.me', port=443): Max retries exceeded with url: //0?embed=1&mode=tme (Caused by ProxyError('Unable to connect to proxy', ConnectTimeoutError(<urllib3.connection.HTTPSConnection object at 0xdf7dab80>, 'Connection to 45.225.184.177 timed out. (connect timeout=15)')))
HTTPSConnectionPool(host='t.me', port=443): Max retries exceeded with url: //0?embed=1&mode=tme (Caused by ProxyError('Unable to connect to proxy', ConnectTimeoutError(<urllib3.connection.HTTPSConnection object at 0xebf9ac40>, 'Connection to 200.54.194.13 timed out. (connect timeout=15)')))
('Connection aborted.', RemoteDisconnected('Remote end closed connection without response'))
HTTPSConnectionPool(host='t.me', port=443): Max retries exceeded with url: //0?embed=1&mode=tme (Caused by ProxyError('Unable to connect to proxy', ConnectTimeoutError(<urllib3.connection.HTTPSConnection object at 0xe8171898>, 'Connection to 150.230.59.34 timed out. (connect timeout=15)')))
HTTPSConnectionPool(host='t.me', port=443): Max retries exceeded with url: //0?embed=1&mode=tme (Caused by ProxyError('Unable to connect to proxy', ConnectTimeoutError(<urllib3.connection.HTTPSConnection object at 0xebf9a8f8>, 'Connection to 150.230.207.167 timed out. (connect timeout=15)')))
HTTPSConnectionPool(host='t.me', port=443): Max retries exceeded with url: //0?embed=1&mode=tme (Caused by ProxyError('Unable to connect to proxy', ConnectTimeoutError(<urllib3.connection.HTTPSConnection object at 0xe8be9190>, 'Connection to 143.202.97.171 timed out. (connect timeout=15)')))
HTTPSConnectionPool(host='t.me', port=443): Max retries exceeded with url: //0?embed=1&mode=tme (Caused by ProxyError('Unable to connect to proxy', NewConnectionError('<urllib3.connection.HTTPSConnection object at 0xd90d5ce8>: Failed to establish a new connection: [Errno 111] Connection refused')))
('Connection aborted.', RemoteDisconnected('Remote end closed connection without response'))
HTTPSConnectionPool(host='t.me', port=443): Max retries exceeded with url: //0?embed=1&mode=tme (Caused by ProxyError('Unable to connect to proxy', ConnectTimeoutError(<urllib3.connection.HTTPSConnection object at 0xebf9a388>, 'Connection to 140.83.32.175 timed out. (connect timeout=15)')))
HTTPSConnectionPool(host='t.me', port=443): Max retries exceeded with url: //0?embed=1&mode=tme (Caused by ProxyError('Unable to connect to proxy', NewConnectionError('<urllib3.connection.HTTPSConnection object at 0xd8787af0>: Failed to establish a new connection: [Errno 113] No route to host')))
HTTPSConnectionPool(host='t.me', port=443): Max retries exceeded with url: //0?embed=1&mode=tme (Caused by ProxyError('Unable to connect to proxy', NewConnectionError('<urllib3.connection.HTTPSConnection object at 0xea66f670>: Failed to establish a new connection: [Errno 111] Connection refused')))
HTTPSConnectionPool(host='t.me', port=443): Max retries exceeded with url: //0?embed=1&mode=tme (Caused by ProxyError('Unable to connect to proxy', ConnectTimeoutError(<urllib3.connection.HTTPSConnection object at 0xebf9a7d8>, 'Connection to 190.111.209.207 timed out. (connect timeout=15)')))
HTTPSConnectionPool(host='t.me', port=443): Max retries exceeded with url: //0?embed=1&mode=tme (Caused by ProxyError('Unable to connect to proxy', OSError('Tunnel connection failed: 400 Bad Request')))
HTTPSConnectionPool(host='t.me', port=443): Max retries exceeded with url: //0?embed=1&mode=tme (Caused by ProxyError('Unable to connect to proxy', NewConnectionError('<urllib3.connection.HTTPSConnection object at 0xe66e3880>: Failed to establish a new connection: [Errno 113] No route to host')))
('Connection aborted.', RemoteDisconnected('Remote end closed connection without response'))
HTTPSConnectionPool(host='t.me', port=443): Max retries exceeded with url: //0?embed=1&mode=tme (Caused by ProxyError('Unable to connect to proxy', NewConnectionError('<urllib3.connection.HTTPSConnection object at 0xebe84100>: Failed to establish a new connection: [Errno 111] Connection refused')))
HTTPSConnectionPool(host='t.me', port=443): Max retries exceeded with url: //0?embed=1&mode=tme (Caused by ProxyError('Unable to connect to proxy', ConnectTimeoutError(<urllib3.connection.HTTPSConnection object at 0xd90d5160>, 'Connection to 200.106.184.97 timed out. (connect timeout=15)')))
HTTPSConnectionPool(host='t.me', port=443): Max retries exceeded with url: //0?embed=1&mode=tme (Caused by ProxyError('Unable to connect to proxy', ConnectTimeoutError(<urllib3.connection.HTTPSConnection object at 0xd703dfa0>, 'Connection to 79.110.52.252 timed out. (connect timeout=15)')))
HTTPSConnectionPool(host='t.me', port=443): Max retries exceeded with url: //0?embed=1&mode=tme (Caused by ProxyError('Unable to connect to proxy', ConnectTimeoutError(<urllib3.connection.HTTPSConnection object at 0xd703d130>, 'Connection to 95.216.17.79 timed out. (connect timeout=15)')))
HTTPSConnectionPool(host='t.me', port=443): Max retries exceeded with url: //0?embed=1&mode=tme (Caused by ProxyError('Unable to connect to proxy', NewConnectionError('<urllib3.connection.HTTPSConnection object at 0xe81f5730>: Failed to establish a new connection: [Errno 111] Connection refused')))
HTTPSConnectionPool(host='t.me', port=443): Max retries exceeded with url: //0?embed=1&mode=tme (Caused by ProxyError('Unable to connect to proxy', OSError('Tunnel connection failed: 400 Bad Request')))
HTTPSConnectionPool(host='t.me', port=443): Max retries exceeded with url: //0?embed=1&mode=tme (Caused by ProxyError('Unable to connect to proxy', ConnectTimeoutError(<urllib3.connection.HTTPSConnection object at 0xd703d790>, 'Connection to 168.90.255.60 timed out. (connect timeout=15)')))
HTTPSConnectionPool(host='t.me', port=443): Read timed out. (read timeout=15)
('Connection aborted.', RemoteDisconnected('Remote end closed connection without response'))
HTTPSConnectionPool(host='t.me', port=443): Max retries exceeded with url: //0?embed=1&mode=tme (Caused by ProxyError('Unable to connect to proxy', ConnectTimeoutError(<urllib3.connection.HTTPSConnection object at 0xe8151a48>, 'Connection to 84.241.188.138 timed out. (connect timeout=15)')))
HTTPSConnectionPool(host='t.me', port=443): Max retries exceeded with url: //0?embed=1&mode=tme (Caused by ProxyError('Unable to connect to proxy', ConnectTimeoutError(<urllib3.connection.HTTPSConnection object at 0xdd5e5958>, 'Connection to 94.100.18.111 timed out. (connect timeout=15)')))
HTTPSConnectionPool(host='t.me', port=443): Max retries exceeded with url: //0?embed=1&mode=tme (Caused by ProxyError('Unable to connect to proxy', NewConnectionError('<urllib3.connection.HTTPSConnection object at 0xe820f460>: Failed to establish a new connection: [Errno 111] Connection refused')))
HTTPSConnectionPool(host='t.me', port=443): Max retries exceeded with url: //0?embed=1&mode=tme (Caused by ProxyError('Unable to connect to proxy', ConnectTimeoutError(<urllib3.connection.HTTPSConnection object at 0xc1aefaf0>, 'Connection to 95.217.137.46 timed out. (connect timeout=15)')))
HTTPSConnectionPool(host='t.me', port=443): Max retries exceeded with url: //0?embed=1&mode=tme (Caused by ProxyError('Unable to connect to proxy', ConnectTimeoutError(<urllib3.connection.HTTPSConnection object at 0xe81ed568>, 'Connection to 95.216.230.239 timed out. (connect timeout=15)')))
HTTPSConnectionPool(host='t.me', port=443): Max retries exceeded with url: //0?embed=1&mode=tme (Caused by ProxyError('Unable to connect to proxy', ConnectTimeoutError(<urllib3.connection.HTTPSConnection object at 0xbb364b08>, 'Connection to 94.231.192.97 timed out. (connect timeout=15)')))
HTTPSConnectionPool(host='t.me', port=443): Max retries exceeded with url: //0?embed=1&mode=tme (Caused by ProxyError('Unable to connect to proxy', ConnectTimeoutError(<urllib3.connection.HTTPSConnection object at 0xe81edac0>, 'Connection to 95.217.195.146 timed out. (connect timeout=15)')))
HTTPSConnectionPool(host='t.me', port=443): Max retries exceeded with url: //0?embed=1&mode=tme (Caused by ProxyError('Unable to connect to proxy', ConnectTimeoutError(<urllib3.connection.HTTPSConnection object at 0xe739add8>, 'Connection to 81.161.236.152 timed out. (connect timeout=15)')))
HTTPSConnectionPool(host='t.me', port=443): Max retries exceeded with url: //0?embed=1&mode=tme (Caused by ProxyError('Unable to connect to proxy', OSError('Tunnel connection failed: 400 Bad Request')))
HTTPSConnectionPool(host='t.me', port=443): Max retries exceeded with url: //0?embed=1&mode=tme (Caused by ProxyError('Unable to connect to proxy', ConnectTimeoutError(<urllib3.connection.HTTPSConnection object at 0xe81b30d0>, 'Connection to 65.21.131.27 timed out. (connect timeout=15)')))
HTTPSConnectionPool(host='t.me', port=443): Max retries exceeded with url: //0?embed=1&mode=tme (Caused by ProxyError('Unable to connect to proxy', OSError('Tunnel connection failed: 400 Bad Request')))
HTTPSConnectionPool(host='t.me', port=443): Max retries exceeded with url: //0?embed=1&mode=tme (Caused by ProxyError('Unable to connect to proxy', NewConnectionError('<urllib3.connection.HTTPSConnection object at 0xdc04ba48>: Failed to establish a new connection: [Errno 111] Connection refused')))
HTTPSConnectionPool(host='t.me', port=443): Max retries exceeded with url: //0?embed=1&mode=tme (Caused by ProxyError('Unable to connect to proxy', NewConnectionError('<urllib3.connection.HTTPSConnection object at 0xeaa6ec10>: Failed to establish a new connection: [Errno 111] Connection refused')))
('Connection aborted.', ConnectionResetError(104, 'Connection reset by peer'))
HTTPSConnectionPool(host='t.me', port=443): Max retries exceeded with url: //0?embed=1&mode=tme (Caused by ProxyError('Unable to connect to proxy', ConnectTimeoutError(<urllib3.connection.HTTPSConnection object at 0xbc8325b0>, 'Connection to 88.255.102.123 timed out. (connect timeout=15)')))
HTTPSConnectionPool(host='t.me', port=443): Max retries exceeded with url: //0?embed=1&mode=tme (Caused by ProxyError('Unable to connect to proxy', OSError('Tunnel connection failed: 500 Internal Server Error')))
('Connection aborted.', RemoteDisconnected('Remote end closed connection without response'))
HTTPSConnectionPool(host='t.me', port=443): Max retries exceeded with url: //0?embed=1&mode=tme (Caused by ProxyError('Unable to connect to proxy', OSError('Tunnel connection failed: 302 Found')))
HTTPSConnectionPool(host='t.me', port=443): Max retries exceeded with url: //0?embed=1&mode=tme (Caused by ProxyError('Unable to connect to proxy', ConnectTimeoutError(<urllib3.connection.HTTPSConnection object at 0xe8145880>, 'Connection to 78.188.81.57 timed out. (connect timeout=15)')))
HTTPSConnectionPool(host='t.me', port=443): Max retries exceeded with url: //0?embed=1&mode=tme (Caused by ProxyError('Unable to connect to proxy', NewConnectionError('<urllib3.connection.HTTPSConnection object at 0xebdade38>: Failed to establish a new connection: [Errno 111] Connection refused')))
HTTPSConnectionPool(host='t.me', port=443): Max retries exceeded with url: //0?embed=1&mode=tme (Caused by ProxyError('Unable to connect to proxy', NewConnectionError('<urllib3.connection.HTTPSConnection object at 0xbb364280>: Failed to establish a new connection: [Errno 111] Connection refused')))
('Connection aborted.', RemoteDisconnected('Remote end closed connection without response'))
HTTPSConnectionPool(host='t.me', port=443): Max retries exceeded with url: //0?embed=1&mode=tme (Caused by ProxyError('Unable to connect to proxy', OSError('Tunnel connection failed: 405 Not Allowed')))
('Connection aborted.', ConnectionResetError(104, 'Connection reset by peer'))
HTTPSConnectionPool(host='t.me', port=443): Read timed out. (read timeout=15)
HTTPSConnectionPool(host='t.me', port=443): Max retries exceeded with url: //0?embed=1&mode=tme (Caused by ProxyError('Unable to connect to proxy', NewConnectionError('<urllib3.connection.HTTPSConnection object at 0xbc850430>: Failed to establish a new connection: [Errno 113] No route to host')))
HTTPSConnectionPool(host='t.me', port=443): Max retries exceeded with url: //0?embed=1&mode=tme (Caused by ProxyError('Unable to connect to proxy', ConnectTimeoutError(<urllib3.connection.HTTPSConnection object at 0xe73b3e20>, 'Connection to 13.209.156.241 timed out. (connect timeout=15)')))
('Connection aborted.', RemoteDisconnected('Remote end closed connection without response'))
HTTPSConnectionPool(host='t.me', port=443): Max retries exceeded with url: //0?embed=1&mode=tme (Caused by ProxyError('Unable to connect to proxy', ConnectTimeoutError(<urllib3.connection.HTTPSConnection object at 0xe3e77028>, 'Connection to 203.243.63.16 timed out. (connect timeout=15)')))
HTTPSConnectionPool(host='t.me', port=443): Max retries exceeded with url: //0?embed=1&mode=tme (Caused by ProxyError('Unable to connect to proxy', ConnectTimeoutError(<urllib3.connection.HTTPSConnection object at 0xe7fd2d30>, 'Connection to 121.139.218.165 timed out. (connect timeout=15)')))
HTTPSConnectionPool(host='t.me', port=443): Max retries exceeded with url: //0?embed=1&mode=tme (Caused by ProxyError('Unable to connect to proxy', NewConnectionError('<urllib3.connection.HTTPSConnection object at 0xebf9adf0>: Failed to establish a new connection: [Errno 111] Connection refused')))
HTTPSConnectionPool(host='t.me', port=443): Max retries exceeded with url: //0?embed=1&mode=tme (Caused by ProxyError('Unable to connect to proxy', ConnectTimeoutError(<urllib3.connection.HTTPSConnection object at 0xe7fd21a8>, 'Connection to 52.79.107.158 timed out. (connect timeout=15)')))
('Connection aborted.', ConnectionResetError(104, 'Connection reset by peer'))
HTTPSConnectionPool(host='t.me', port=443): Max retries exceeded with url: //0?embed=1&mode=tme (Caused by ProxyError('Unable to connect to proxy', NewConnectionError('<urllib3.connection.HTTPSConnection object at 0xeb35e238>: Failed to establish a new connection: [Errno 111] Connection refused')))
HTTPSConnectionPool(host='t.me', port=443): Max retries exceeded with url: //0?embed=1&mode=tme (Caused by ProxyError('Unable to connect to proxy', ConnectTimeoutError(<urllib3.connection.HTTPSConnection object at 0xbf96bfb8>, 'Connection to 125.141.151.83 timed out. (connect timeout=15)')))
HTTPSConnectionPool(host='t.me', port=443): Max retries exceeded with url: //0?embed=1&mode=tme (Caused by ProxyError('Unable to connect to proxy', ConnectTimeoutError(<urllib3.connection.HTTPSConnection object at 0xc278e2f8>, 'Connection to 102.216.69.176 timed out. (connect timeout=15)')))
HTTPSConnectionPool(host='t.me', port=443): Max retries exceeded with url: //0?embed=1&mode=tme (Caused by ProxyError('Unable to connect to proxy', ConnectTimeoutError(<urllib3.connection.HTTPSConnection object at 0xe0eda328>, 'Connection to 197.232.36.85 timed out. (connect timeout=15)')))
HTTPSConnectionPool(host='t.me', port=443): Max retries exceeded with url: //0?embed=1&mode=tme (Caused by ProxyError('Unable to connect to proxy', ConnectTimeoutError(<urllib3.connection.HTTPSConnection object at 0xc278e2e0>, 'Connection to 102.0.0.118 timed out. (connect timeout=15)')))
HTTPSConnectionPool(host='t.me', port=443): Max retries exceeded with url: //0?embed=1&mode=tme (Caused by ProxyError('Unable to connect to proxy', ConnectTimeoutError(<urllib3.connection.HTTPSConnection object at 0xc278e3e8>, 'Connection to 154.239.9.94 timed out. (connect timeout=15)')))
('Connection aborted.', ConnectionResetError(104, 'Connection reset by peer'))
HTTPSConnectionPool(host='t.me', port=443): Max retries exceeded with url: //0?embed=1&mode=tme (Caused by ProxyError('Unable to connect to proxy', ConnectTimeoutError(<urllib3.connection.HTTPSConnection object at 0xdf7bd718>, 'Connection to 190.238.231.65 timed out. (connect timeout=15)')))
HTTPSConnectionPool(host='t.me', port=443): Max retries exceeded with url: //0?embed=1&mode=tme (Caused by ProxyError('Unable to connect to proxy', ConnectTimeoutError(<urllib3.connection.HTTPSConnection object at 0xd7a3acb8>, 'Connection to 195.246.54.31 timed out. (connect timeout=15)')))
HTTPSConnectionPool(host='t.me', port=443): Max retries exceeded with url: //0?embed=1&mode=tme (Caused by ProxyError('Unable to connect to proxy', OSError('Tunnel connection failed: 403 Forbidden')))
HTTPSConnectionPool(host='t.me', port=443): Max retries exceeded with url: //0?embed=1&mode=tme (Caused by ProxyError('Unable to connect to proxy', ConnectTimeoutError(<urllib3.connection.HTTPSConnection object at 0xd7a3a490>, 'Connection to 156.200.116.71 timed out. (connect timeout=15)')))
HTTPSConnectionPool(host='t.me', port=443): Max retries exceeded with url: //0?embed=1&mode=tme (Caused by ProxyError('Unable to connect to proxy', ConnectTimeoutError(<urllib3.connection.HTTPSConnection object at 0xdb5b6e38>, 'Connection to 41.65.55.10 timed out. (connect timeout=15)')))
HTTPSConnectionPool(host='t.me', port=443): Max retries exceeded with url: //0?embed=1&mode=tme (Caused by ProxyError('Unable to connect to proxy', ConnectTimeoutError(<urllib3.connection.HTTPSConnection object at 0xd60d61f0>, 'Connection to 201.218.144.18 timed out. (connect timeout=15)')))
HTTPSConnectionPool(host='t.me', port=443): Max retries exceeded with url: //0?embed=1&mode=tme (Caused by ProxyError('Unable to connect to proxy', ConnectTimeoutError(<urllib3.connection.HTTPSConnection object at 0xe8202310>, 'Connection to 190.116.2.52 timed out. (connect timeout=15)')))
HTTPSConnectionPool(host='t.me', port=443): Max retries exceeded with url: //0?embed=1&mode=tme (Caused by ProxyError('Unable to connect to proxy', ConnectTimeoutError(<urllib3.connection.HTTPSConnection object at 0xe8202658>, 'Connection to 190.187.201.26 timed out. (connect timeout=15)')))
HTTPSConnectionPool(host='t.me', port=443): Max retries exceeded with url: //0?embed=1&mode=tme (Caused by ProxyError('Unable to connect to proxy', ConnectTimeoutError(<urllib3.connection.HTTPSConnection object at 0xe0390a48>, 'Connection to 122.52.196.36 timed out. (connect timeout=15)')))
HTTPSConnectionPool(host='t.me', port=443): Max retries exceeded with url: //0?embed=1&mode=tme (Caused by ProxyError('Unable to connect to proxy', NewConnectionError('<urllib3.connection.HTTPSConnection object at 0xbe154b38>: Failed to establish a new connection: [Errno 111] Connection refused')))
HTTPSConnectionPool(host='t.me', port=443): Max retries exceeded with url: //0?embed=1&mode=tme (Caused by ProxyError('Unable to connect to proxy', ConnectTimeoutError(<urllib3.connection.HTTPSConnection object at 0xebecc4d8>, 'Connection to 41.33.66.228 timed out. (connect timeout=15)')))
HTTPSConnectionPool(host='t.me', port=443): Max retries exceeded with url: //0?embed=1&mode=tme (Caused by ProxyError('Unable to connect to proxy', ConnectTimeoutError(<urllib3.connection.HTTPSConnection object at 0xe03906b8>, 'Connection to 187.141.184.235 timed out. (connect timeout=15)')))
HTTPSConnectionPool(host='t.me', port=443): Max retries exceeded with url: //0?embed=1&mode=tme (Caused by ProxyError('Unable to connect to proxy', NewConnectionError('<urllib3.connection.HTTPSConnection object at 0xda9357f0>: Failed to establish a new connection: [Errno 111] Connection refused')))
HTTPSConnectionPool(host='t.me', port=443): Max retries exceeded with url: //0?embed=1&mode=tme (Caused by ProxyError('Unable to connect to proxy', ConnectTimeoutError(<urllib3.connection.HTTPSConnection object at 0xe6a78178>, 'Connection to 201.218.144.19 timed out. (connect timeout=15)')))
HTTPSConnectionPool(host='t.me', port=443): Max retries exceeded with url: //0?embed=1&mode=tme (Caused by ProxyError('Unable to connect to proxy', OSError('Tunnel connection failed: 400 Bad Request')))
HTTPSConnectionPool(host='t.me', port=443): Max retries exceeded with url: //0?embed=1&mode=tme (Caused by ProxyError('Unable to connect to proxy', NewConnectionError('<urllib3.connection.HTTPSConnection object at 0xe8bf81d8>: Failed to establish a new connection: [Errno 111] Connection refused')))
HTTPSConnectionPool(host='t.me', port=443): Max retries exceeded with url: //0?embed=1&mode=tme (Caused by ProxyError('Unable to connect to proxy', ConnectTimeoutError(<urllib3.connection.HTTPSConnection object at 0xd9d1bdc0>, 'Connection to 45.231.221.193 timed out. (connect timeout=15)')))
HTTPSConnectionPool(host='t.me', port=443): Max retries exceeded with url: //0?embed=1&mode=tme (Caused by ProxyError('Unable to connect to proxy', NewConnectionError('<urllib3.connection.HTTPSConnection object at 0xe0390628>: Failed to establish a new connection: [Errno 111] Connection refused')))
HTTPSConnectionPool(host='t.me', port=443): Max retries exceeded with url: //0?embed=1&mode=tme (Caused by ProxyError('Unable to connect to proxy', ConnectTimeoutError(<urllib3.connection.HTTPSConnection object at 0xde1324a8>, 'Connection to 172.105.107.223 timed out. (connect timeout=15)')))
HTTPSConnectionPool(host='t.me', port=443): Max retries exceeded with url: //0?embed=1&mode=tme (Caused by ProxyError('Unable to connect to proxy', NewConnectionError('<urllib3.connection.HTTPSConnection object at 0xbf96b3a0>: Failed to establish a new connection: [Errno 111] Connection refused')))
HTTPSConnectionPool(host='t.me', port=443): Max retries exceeded with url: //0?embed=1&mode=tme (Caused by ProxyError('Unable to connect to proxy', ConnectTimeoutError(<urllib3.connection.HTTPSConnection object at 0xd60e2da8>, 'Connection to 159.89.113.155 timed out. (connect timeout=15)')))
HTTPSConnectionPool(host='t.me', port=443): Read timed out. (read timeout=15)
HTTPSConnectionPool(host='t.me', port=443): Max retries exceeded with url: //0?embed=1&mode=tme (Caused by ProxyError('Unable to connect to proxy', ConnectTimeoutError(<urllib3.connection.HTTPSConnection object at 0xe8be9280>, 'Connection to 190.113.40.202 timed out. (connect timeout=15)')))
HTTPSConnectionPool(host='t.me', port=443): Max retries exceeded with url: //0?embed=1&mode=tme (Caused by ProxyError('Unable to connect to proxy', ConnectTimeoutError(<urllib3.connection.HTTPSConnection object at 0xdf7ca6e8>, 'Connection to 45.188.166.52 timed out. (connect timeout=15)')))
HTTPSConnectionPool(host='t.me', port=443): Max retries exceeded with url: //0?embed=1&mode=tme (Caused by ProxyError('Unable to connect to proxy', NewConnectionError('<urllib3.connection.HTTPSConnection object at 0xe8151958>: Failed to establish a new connection: [Errno 111] Connection refused')))
HTTPSConnectionPool(host='t.me', port=443): Max retries exceeded with url: //0?embed=1&mode=tme (Caused by ProxyError('Unable to connect to proxy', ConnectTimeoutError(<urllib3.connection.HTTPSConnection object at 0xe73b3d90>, 'Connection to 201.229.250.21 timed out. (connect timeout=15)')))
HTTPSConnectionPool(host='t.me', port=443): Max retries exceeded with url: //0?embed=1&mode=tme (Caused by ProxyError('Unable to connect to proxy', ConnectTimeoutError(<urllib3.connection.HTTPSConnection object at 0xebd6eef8>, 'Connection to 37.120.140.158 timed out. (connect timeout=15)')))
HTTPSConnectionPool(host='t.me', port=443): Read timed out. (read timeout=15)
HTTPSConnectionPool(host='t.me', port=443): Max retries exceeded with url: //0?embed=1&mode=tme (Caused by ProxyError('Unable to connect to proxy', NewConnectionError('<urllib3.connection.HTTPSConnection object at 0xde1325c8>: Failed to establish a new connection: [Errno 111] Connection refused')))
HTTPSConnectionPool(host='t.me', port=443): Max retries exceeded with url: //0?embed=1&mode=tme (Caused by ProxyError('Unable to connect to proxy', ConnectTimeoutError(<urllib3.connection.HTTPSConnection object at 0xdebafb20>, 'Connection to 189.250.135.40 timed out. (connect timeout=15)')))
HTTPSConnectionPool(host='t.me', port=443): Max retries exceeded with url: //0?embed=1&mode=tme (Caused by ProxyError('Unable to connect to proxy', NewConnectionError('<urllib3.connection.HTTPSConnection object at 0xe4af6610>: Failed to establish a new connection: [Errno 111] Connection refused')))
HTTPSConnectionPool(host='t.me', port=443): Max retries exceeded with url: //0?embed=1&mode=tme (Caused by ProxyError('Unable to connect to proxy', ConnectTimeoutError(<urllib3.connection.HTTPSConnection object at 0xd700ce20>, 'Connection to 203.189.150.48 timed out. (connect timeout=15)')))
HTTPSConnectionPool(host='t.me', port=443): Max retries exceeded with url: //0?embed=1&mode=tme (Caused by ProxyError('Unable to connect to proxy', NewConnectionError('<urllib3.connection.HTTPSConnection object at 0xc0408988>: Failed to establish a new connection: [Errno 111] Connection refused')))
HTTPSConnectionPool(host='t.me', port=443): Max retries exceeded with url: //0?embed=1&mode=tme (Caused by ProxyError('Unable to connect to proxy', NewConnectionError('<urllib3.connection.HTTPSConnection object at 0xc127ae08>: Failed to establish a new connection: [Errno 111] Connection refused')))
HTTPSConnectionPool(host='t.me', port=443): Max retries exceeded with url: //0?embed=1&mode=tme (Caused by ProxyError('Unable to connect to proxy', OSError('Tunnel connection failed: 400 Bad Request')))
HTTPSConnectionPool(host='t.me', port=443): Max retries exceeded with url: //0?embed=1&mode=tme (Caused by ProxyError('Unable to connect to proxy', NewConnectionError('<urllib3.connection.HTTPSConnection object at 0xc3701838>: Failed to establish a new connection: [Errno 111] Connection refused')))
HTTPSConnectionPool(host='t.me', port=443): Max retries exceeded with url: //0?embed=1&mode=tme (Caused by ProxyError('Unable to connect to proxy', NewConnectionError('<urllib3.connection.HTTPSConnection object at 0xebd635b0>: Failed to establish a new connection: [Errno 111] Connection refused')))
HTTPSConnectionPool(host='t.me', port=443): Max retries exceeded with url: //0?embed=1&mode=tme (Caused by ProxyError('Unable to connect to proxy', ConnectTimeoutError(<urllib3.connection.HTTPSConnection object at 0xebd44a78>, 'Connection to 185.123.143.247 timed out. (connect timeout=15)')))
HTTPSConnectionPool(host='t.me', port=443): Max retries exceeded with url: //0?embed=1&mode=tme (Caused by ProxyError('Unable to connect to proxy', NewConnectionError('<urllib3.connection.HTTPSConnection object at 0xe820fa78>: Failed to establish a new connection: [Errno 111] Connection refused')))
HTTPSConnectionPool(host='t.me', port=443): Max retries exceeded with url: //0?embed=1&mode=tme (Caused by ProxyError('Unable to connect to proxy', ConnectTimeoutError(<urllib3.connection.HTTPSConnection object at 0xe5a23c58>, 'Connection to 194.31.53.250 timed out. (connect timeout=15)')))
HTTPSConnectionPool(host='t.me', port=443): Max retries exceeded with url: //0?embed=1&mode=tme (Caused by ProxyError('Unable to connect to proxy', ConnectTimeoutError(<urllib3.connection.HTTPSConnection object at 0xdb5b6e80>, 'Connection to 51.222.155.142 timed out. (connect timeout=15)')))
HTTPSConnectionPool(host='t.me', port=443): Max retries exceeded with url: //0?embed=1&mode=tme (Caused by ProxyError('Unable to connect to proxy', ConnectTimeoutError(<urllib3.connection.HTTPSConnection object at 0xe738e508>, 'Connection to 85.221.249.213 timed out. (connect timeout=15)')))
HTTPSConnectionPool(host='t.me', port=443): Max retries exceeded with url: //0?embed=1&mode=tme (Caused by ProxyError('Unable to connect to proxy', ConnectTimeoutError(<urllib3.connection.HTTPSConnection object at 0xd60c6628>, 'Connection to 41.254.53.70 timed out. (connect timeout=15)')))
('Connection aborted.', RemoteDisconnected('Remote end closed connection without response'))
HTTPSConnectionPool(host='t.me', port=443): Max retries exceeded with url: //0?embed=1&mode=tme (Caused by ProxyError('Unable to connect to proxy', ConnectTimeoutError(<urllib3.connection.HTTPSConnection object at 0xebd446b8>, 'Connection to 45.235.123.45 timed out. (connect timeout=15)')))
HTTPSConnectionPool(host='t.me', port=443): Max retries exceeded with url: //0?embed=1&mode=tme (Caused by ProxyError('Unable to connect to proxy', NewConnectionError('<urllib3.connection.HTTPSConnection object at 0xebd63ee0>: Failed to establish a new connection: [Errno 111] Connection refused')))
HTTPSConnectionPool(host='t.me', port=443): Max retries exceeded with url: //0?embed=1&mode=tme (Caused by ProxyError('Unable to connect to proxy', ConnectTimeoutError(<urllib3.connection.HTTPSConnection object at 0xeac034c0>, 'Connection to 190.128.241.102 timed out. (connect timeout=15)')))
HTTPSConnectionPool(host='t.me', port=443): Read timed out. (read timeout=15)
HTTPSConnectionPool(host='t.me', port=443): Max retries exceeded with url: //0?embed=1&mode=tme (Caused by ProxyError('Unable to connect to proxy', ConnectTimeoutError(<urllib3.connection.HTTPSConnection object at 0xd9cfbfb8>, 'Connection to 43.255.113.232 timed out. (connect timeout=15)')))
HTTPSConnectionPool(host='t.me', port=443): Max retries exceeded with url: //0?embed=1&mode=tme (Caused by ProxyError('Unable to connect to proxy', ConnectTimeoutError(<urllib3.connection.HTTPSConnection object at 0xd9cfbb08>, 'Connection to 181.120.28.228 timed out. (connect timeout=15)')))
HTTPSConnectionPool(host='t.me', port=443): Max retries exceeded with url: //0?embed=1&mode=tme (Caused by ProxyError('Unable to connect to proxy', ConnectTimeoutError(<urllib3.connection.HTTPSConnection object at 0xe738e6e8>, 'Connection to 157.100.6.202 timed out. (connect timeout=15)')))
HTTPSConnectionPool(host='t.me', port=443): Max retries exceeded with url: //0?embed=1&mode=tme (Caused by ProxyError('Unable to connect to proxy', ConnectTimeoutError(<urllib3.connection.HTTPSConnection object at 0xe0eda868>, 'Connection to 169.57.157.148 timed out. (connect timeout=15)')))
HTTPSConnectionPool(host='t.me', port=443): Read timed out. (read timeout=15)
HTTPSConnectionPool(host='t.me', port=443): Max retries exceeded with url: //0?embed=1&mode=tme (Caused by ProxyError('Unable to connect to proxy', ConnectTimeoutError(<urllib3.connection.HTTPSConnection object at 0xe1a1c0a0>, 'Connection to 103.114.53.2 timed out. (connect timeout=15)')))
HTTPSConnectionPool(host='t.me', port=443): Max retries exceeded with url: //0?embed=1&mode=tme (Caused by ProxyError('Unable to connect to proxy', ConnectTimeoutError(<urllib3.connection.HTTPSConnection object at 0xebd44cd0>, 'Connection to 200.24.130.138 timed out. (connect timeout=15)')))
HTTPSConnectionPool(host='t.me', port=443): Max retries exceeded with url: //0?embed=1&mode=tme (Caused by ProxyError('Unable to connect to proxy', ConnectTimeoutError(<urllib3.connection.HTTPSConnection object at 0xe8c08e80>, 'Connection to 185.123.143.251 timed out. (connect timeout=15)')))
HTTPSConnectionPool(host='t.me', port=443): Read timed out. (read timeout=15)
HTTPSConnectionPool(host='t.me', port=443): Max retries exceeded with url: //0?embed=1&mode=tme (Caused by ProxyError('Unable to connect to proxy', ConnectTimeoutError(<urllib3.connection.HTTPSConnection object at 0xe037acb8>, 'Connection to 3.24.58.156 timed out. (connect timeout=15)')))
HTTPSConnectionPool(host='t.me', port=443): Max retries exceeded with url: //0?embed=1&mode=tme (Caused by ProxyError('Unable to connect to proxy', ConnectTimeoutError(<urllib3.connection.HTTPSConnection object at 0xebd448c8>, 'Connection to 201.249.152.172 timed out. (connect timeout=15)')))
HTTPSConnectionPool(host='t.me', port=443): Max retries exceeded with url: //0?embed=1&mode=tme (Caused by ProxyError('Unable to connect to proxy', ConnectTimeoutError(<urllib3.connection.HTTPSConnection object at 0xeac03a78>, 'Connection to 118.99.108.4 timed out. (connect timeout=15)')))
HTTPSConnectionPool(host='t.me', port=443): Max retries exceeded with url: //0?embed=1&mode=tme (Caused by ProxyError('Unable to connect to proxy', NewConnectionError('<urllib3.connection.HTTPSConnection object at 0xdd60b700>: Failed to establish a new connection: [Errno 111] Connection refused')))
HTTPSConnectionPool(host='t.me', port=443): Max retries exceeded with url: //0?embed=1&mode=tme (Caused by ProxyError('Unable to connect to proxy', ConnectTimeoutError(<urllib3.connection.HTTPSConnection object at 0xe037a358>, 'Connection to 169.57.157.146 timed out. (connect timeout=15)')))
HTTPSConnectionPool(host='t.me', port=443): Max retries exceeded with url: //0?embed=1&mode=tme (Caused by ProxyError('Unable to connect to proxy', OSError('Tunnel connection failed: 500 Internal Server Error')))
HTTPSConnectionPool(host='t.me', port=443): Max retries exceeded with url: //0?embed=1&mode=tme (Caused by ProxyError('Unable to connect to proxy', NewConnectionError('<urllib3.connection.HTTPSConnection object at 0xebd63fe8>: Failed to establish a new connection: [Errno 111] Connection refused')))
HTTPSConnectionPool(host='t.me', port=443): Max retries exceeded with url: //0?embed=1&mode=tme (Caused by ProxyError('Unable to connect to proxy', OSError('Tunnel connection failed: 400 Bad Request')))
HTTPSConnectionPool(host='t.me', port=443): Max retries exceeded with url: //0?embed=1&mode=tme (Caused by ProxyError('Unable to connect to proxy', OSError('Tunnel connection failed: 407 Proxy Authentication Required')))
HTTPSConnectionPool(host='t.me', port=443): Max retries exceeded with url: //0?embed=1&mode=tme (Caused by ProxyError('Unable to connect to proxy', OSError('Tunnel connection failed: 400 Bad Request')))
HTTPSConnectionPool(host='t.me', port=443): Max retries exceeded with url: //0?embed=1&mode=tme (Caused by ProxyError('Unable to connect to proxy', NewConnectionError('<urllib3.connection.HTTPSConnection object at 0xc36ef370>: Failed to establish a new connection: [Errno 111] Connection refused')))
HTTPSConnectionPool(host='t.me', port=443): Max retries exceeded with url: //0?embed=1&mode=tme (Caused by ProxyError('Unable to connect to proxy', NewConnectionError('<urllib3.connection.HTTPSConnection object at 0xd9d1b340>: Failed to establish a new connection: [Errno 111] Connection refused')))
HTTPSConnectionPool(host='t.me', port=443): Max retries exceeded with url: //0?embed=1&mode=tme (Caused by ProxyError('Unable to connect to proxy', NewConnectionError('<urllib3.connection.HTTPSConnection object at 0xd7a3ac40>: Failed to establish a new connection: [Errno 111] Connection refused')))
HTTPSConnectionPool(host='t.me', port=443): Max retries exceeded with url: //0?embed=1&mode=tme (Caused by ProxyError('Unable to connect to proxy', NewConnectionError('<urllib3.connection.HTTPSConnection object at 0xd60c6808>: Failed to establish a new connection: [Errno 111] Connection refused')))
HTTPSConnectionPool(host='t.me', port=443): Read timed out. (read timeout=15)
HTTPSConnectionPool(host='t.me', port=443): Max retries exceeded with url: //0?embed=1&mode=tme (Caused by ProxyError('Unable to connect to proxy', ConnectTimeoutError(<urllib3.connection.HTTPSConnection object at 0xe0ebcbe0>, 'Connection to 185.236.203.208 timed out. (connect timeout=15)')))
HTTPSConnectionPool(host='t.me', port=443): Max retries exceeded with url: //0?embed=1&mode=tme (Caused by ProxyError('Unable to connect to proxy', OSError('Tunnel connection failed: 400 Bad Request')))
HTTPSConnectionPool(host='t.me', port=443): Max retries exceeded with url: //0?embed=1&mode=tme (Caused by ProxyError('Unable to connect to proxy', ConnectTimeoutError(<urllib3.connection.HTTPSConnection object at 0xe2539928>, 'Connection to 3.24.178.81 timed out. (connect timeout=15)')))
HTTPSConnectionPool(host='t.me', port=443): Max retries exceeded with url: //0?embed=1&mode=tme (Caused by ProxyError('Unable to connect to proxy', ConnectTimeoutError(<urllib3.connection.HTTPSConnection object at 0xde14f4a8>, 'Connection to 102.38.22.121 timed out. (connect timeout=15)')))
HTTPSConnectionPool(host='t.me', port=443): Max retries exceeded with url: //0?embed=1&mode=tme (Caused by ProxyError('Unable to connect to proxy', ConnectTimeoutError(<urllib3.connection.HTTPSConnection object at 0xe0ebcad8>, 'Connection to 185.236.202.205 timed out. (connect timeout=15)')))
HTTPSConnectionPool(host='t.me', port=443): Max retries exceeded with url: //0?embed=1&mode=tme (Caused by ProxyError('Unable to connect to proxy', ConnectTimeoutError(<urllib3.connection.HTTPSConnection object at 0xd703d1a8>, 'Connection to 103.28.121.58 timed out. (connect timeout=15)')))
HTTPSConnectionPool(host='t.me', port=443): Max retries exceeded with url: //0?embed=1&mode=tme (Caused by ProxyError('Unable to connect to proxy', ConnectTimeoutError(<urllib3.connection.HTTPSConnection object at 0xe4af61f0>, 'Connection to 193.34.95.110 timed out. (connect timeout=15)')))
HTTPSConnectionPool(host='t.me', port=443): Max retries exceeded with url: //0?embed=1&mode=tme (Caused by ProxyError('Unable to connect to proxy', NewConnectionError('<urllib3.connection.HTTPSConnection object at 0xe820f058>: Failed to establish a new connection: [Errno 111] Connection refused')))
HTTPSConnectionPool(host='t.me', port=443): Max retries exceeded with url: //0?embed=1&mode=tme (Caused by ProxyError('Unable to connect to proxy', ConnectTimeoutError(<urllib3.connection.HTTPSConnection object at 0xe0edab50>, 'Connection to 146.70.80.76 timed out. (connect timeout=15)')))
HTTPSConnectionPool(host='t.me', port=443): Max retries exceeded with url: //0?embed=1&mode=tme (Caused by ProxyError('Unable to connect to proxy', NewConnectionError('<urllib3.connection.HTTPSConnection object at 0xde132988>: Failed to establish a new connection: [Errno 111] Connection refused')))
HTTPSConnectionPool(host='t.me', port=443): Max retries exceeded with url: //0?embed=1&mode=tme (Caused by ProxyError('Unable to connect to proxy', ConnectTimeoutError(<urllib3.connection.HTTPSConnection object at 0xdc05b7d8>, 'Connection to 103.28.121.58 timed out. (connect timeout=15)')))
HTTPSConnectionPool(host='t.me', port=443): Max retries exceeded with url: //0?embed=1&mode=tme (Caused by ProxyError('Unable to connect to proxy', ConnectTimeoutError(<urllib3.connection.HTTPSConnection object at 0xd90d5c88>, 'Connection to 139.5.73.71 timed out. (connect timeout=15)')))
HTTPSConnectionPool(host='t.me', port=443): Max retries exceeded with url: //0?embed=1&mode=tme (Caused by ProxyError('Unable to connect to proxy', ConnectTimeoutError(<urllib3.connection.HTTPSConnection object at 0xe8162460>, 'Connection to 200.52.148.10 timed out. (connect timeout=15)')))
HTTPSConnectionPool(host='t.me', port=443): Max retries exceeded with url: //0?embed=1&mode=tme (Caused by ProxyError('Unable to connect to proxy', ConnectTimeoutError(<urllib3.connection.HTTPSConnection object at 0xdeb75028>, 'Connection to 212.192.31.37 timed out. (connect timeout=15)')))
HTTPSConnectionPool(host='t.me', port=443): Max retries exceeded with url: //0?embed=1&mode=tme (Caused by ProxyError('Unable to connect to proxy', NewConnectionError('<urllib3.connection.HTTPSConnection object at 0xe5a34af0>: Failed to establish a new connection: [Errno 111] Connection refused')))
HTTPSConnectionPool(host='t.me', port=443): Max retries exceeded with url: //0?embed=1&mode=tme (Caused by ProxyError('Unable to connect to proxy', ConnectTimeoutError(<urllib3.connection.HTTPSConnection object at 0xebeb5d18>, 'Connection to 61.216.156.222 timed out. (connect timeout=15)')))
HTTPSConnectionPool(host='t.me', port=443): Max retries exceeded with url: //0?embed=1&mode=tme (Caused by ProxyError('Unable to connect to proxy', ConnectTimeoutError(<urllib3.connection.HTTPSConnection object at 0xeb4cfa78>, 'Connection to 190.5.77.211 timed out. (connect timeout=15)')))
HTTPSConnectionPool(host='t.me', port=443): Max retries exceeded with url: //0?embed=1&mode=tme (Caused by ProxyError('Unable to connect to proxy', NewConnectionError('<urllib3.connection.HTTPSConnection object at 0xe738e6e8>: Failed to establish a new connection: [Errno 111] Connection refused')))
HTTPSConnectionPool(host='t.me', port=443): Max retries exceeded with url: //0?embed=1&mode=tme (Caused by ProxyError('Unable to connect to proxy', OSError('Tunnel connection failed: 400 Bad Request')))
HTTPSConnectionPool(host='t.me', port=443): Max retries exceeded with url: //0?embed=1&mode=tme (Caused by ProxyError('Unable to connect to proxy', ConnectTimeoutError(<urllib3.connection.HTTPSConnection object at 0xc2765f70>, 'Connection to 103.153.232.41 timed out. (connect timeout=15)')))
HTTPSConnectionPool(host='t.me', port=443): Max retries exceeded with url: //0?embed=1&mode=tme (Caused by ProxyError('Unable to connect to proxy', ConnectTimeoutError(<urllib3.connection.HTTPSConnection object at 0xc127ae80>, 'Connection to 36.229.100.73 timed out. (connect timeout=15)')))
HTTPSConnectionPool(host='t.me', port=443): Max retries exceeded with url: //0?embed=1&mode=tme (Caused by ProxyError('Unable to connect to proxy', ConnectTimeoutError(<urllib3.connection.HTTPSConnection object at 0xeaa59a18>, 'Connection to 85.238.74.91 timed out. (connect timeout=15)')))
HTTPSConnectionPool(host='t.me', port=443): Max retries exceeded with url: //0?embed=1&mode=tme (Caused by ProxyError('Unable to connect to proxy', ConnectTimeoutError(<urllib3.connection.HTTPSConnection object at 0xbc8329e8>, 'Connection to 81.94.255.13 timed out. (connect timeout=15)')))
HTTPSConnectionPool(host='t.me', port=443): Max retries exceeded with url: //0?embed=1&mode=tme (Caused by ProxyError('Unable to connect to proxy', NewConnectionError('<urllib3.connection.HTTPSConnection object at 0xe0edac70>: Failed to establish a new connection: [Errno 111] Connection refused')))
HTTPSConnectionPool(host='t.me', port=443): Max retries exceeded with url: //0?embed=1&mode=tme (Caused by ProxyError('Unable to connect to proxy', ConnectTimeoutError(<urllib3.connection.HTTPSConnection object at 0xe33ea9d0>, 'Connection to 156.54.240.53 timed out. (connect timeout=15)')))
HTTPSConnectionPool(host='t.me', port=443): Max retries exceeded with url: //0?embed=1&mode=tme (Caused by ProxyError('Unable to connect to proxy', OSError('Tunnel connection failed: 504 Gateway Time-out')))
HTTPSConnectionPool(host='t.me', port=443): Max retries exceeded with url: //0?embed=1&mode=tme (Caused by ProxyError('Unable to connect to proxy', ConnectTimeoutError(<urllib3.connection.HTTPSConnection object at 0xdf7ca2b0>, 'Connection to 190.61.88.147 timed out. (connect timeout=15)')))
HTTPSConnectionPool(host='t.me', port=443): Max retries exceeded with url: //0?embed=1&mode=tme (Caused by ProxyError('Unable to connect to proxy', ConnectTimeoutError(<urllib3.connection.HTTPSConnection object at 0xdf7caa90>, 'Connection to 81.44.83.70 timed out. (connect timeout=15)')))
HTTPSConnectionPool(host='t.me', port=443): Max retries exceeded with url: //0?embed=1&mode=tme (Caused by ProxyError('Unable to connect to proxy', ConnectTimeoutError(<urllib3.connection.HTTPSConnection object at 0xe8b57c88>, 'Connection to 41.86.252.91 timed out. (connect timeout=15)')))
HTTPSConnectionPool(host='t.me', port=443): Max retries exceeded with url: //0?embed=1&mode=tme (Caused by ProxyError('Unable to connect to proxy', ConnectTimeoutError(<urllib3.connection.HTTPSConnection object at 0xe67a0868>, 'Connection to 103.137.91.250 timed out. (connect timeout=15)')))
HTTPSConnectionPool(host='t.me', port=443): Max retries exceeded with url: //0?embed=1&mode=tme (Caused by ProxyError('Unable to connect to proxy', NewConnectionError('<urllib3.connection.HTTPSConnection object at 0xe33f60b8>: Failed to establish a new connection: [Errno 111] Connection refused')))
HTTPSConnectionPool(host='t.me', port=443): Max retries exceeded with url: //0?embed=1&mode=tme (Caused by ProxyError('Unable to connect to proxy', NewConnectionError('<urllib3.connection.HTTPSConnection object at 0xe8b66760>: Failed to establish a new connection: [Errno 111] Connection refused')))
HTTPSConnectionPool(host='t.me', port=443): Max retries exceeded with url: //0?embed=1&mode=tme (Caused by ProxyError('Unable to connect to proxy', ConnectTimeoutError(<urllib3.connection.HTTPSConnection object at 0xe8b570e8>, 'Connection to 213.6.155.9 timed out. (connect timeout=15)')))
HTTPSConnectionPool(host='t.me', port=443): Max retries exceeded with url: //0?embed=1&mode=tme (Caused by ProxyError('Unable to connect to proxy', ConnectTimeoutError(<urllib3.connection.HTTPSConnection object at 0xde132ad8>, 'Connection to 16.170.1.8 timed out. (connect timeout=15)')))
HTTPSConnectionPool(host='t.me', port=443): Max retries exceeded with url: //0?embed=1&mode=tme (Caused by ProxyError('Unable to connect to proxy', OSError('Tunnel connection failed: 407 Proxy Authentication Required')))
HTTPSConnectionPool(host='t.me', port=443): Max retries exceeded with url: //0?embed=1&mode=tme (Caused by ProxyError('Unable to connect to proxy', ConnectTimeoutError(<urllib3.connection.HTTPSConnection object at 0xd9d0a580>, 'Connection to 200.108.197.2 timed out. (connect timeout=15)')))
HTTPSConnectionPool(host='t.me', port=443): Max retries exceeded with url: //0?embed=1&mode=tme (Caused by ProxyError('Unable to connect to proxy', NewConnectionError('<urllib3.connection.HTTPSConnection object at 0xe66da370>: Failed to establish a new connection: [Errno 111] Connection refused')))
HTTPSConnectionPool(host='t.me', port=443): Max retries exceeded with url: //0?embed=1&mode=tme (Caused by ProxyError('Unable to connect to proxy', NewConnectionError('<urllib3.connection.HTTPSConnection object at 0xe33c1c70>: Failed to establish a new connection: [Errno 113] No route to host')))
HTTPSConnectionPool(host='t.me', port=443): Max retries exceeded with url: //0?embed=1&mode=tme (Caused by ProxyError('Unable to connect to proxy', ConnectTimeoutError(<urllib3.connection.HTTPSConnection object at 0xd875cee0>, 'Connection to 196.1.95.124 timed out. (connect timeout=15)')))
HTTPSConnectionPool(host='t.me', port=443): Max retries exceeded with url: //0?embed=1&mode=tme (Caused by ProxyError('Unable to connect to proxy', OSError('Tunnel connection failed: 403 Forbidden')))
HTTPSConnectionPool(host='t.me', port=443): Max retries exceeded with url: //0?embed=1&mode=tme (Caused by ProxyError('Unable to connect to proxy', NewConnectionError('<urllib3.connection.HTTPSConnection object at 0xe5a23550>: Failed to establish a new connection: [Errno 113] No route to host')))
HTTPSConnectionPool(host='t.me', port=443): Max retries exceeded with url: //0?embed=1&mode=tme (Caused by ProxyError('Unable to connect to proxy', ConnectTimeoutError(<urllib3.connection.HTTPSConnection object at 0xbecd0cb8>, 'Connection to 190.186.237.103 timed out. (connect timeout=15)')))
HTTPSConnectionPool(host='t.me', port=443): Max retries exceeded with url: //0?embed=1&mode=tme (Caused by ProxyError('Unable to connect to proxy', ConnectTimeoutError(<urllib3.connection.HTTPSConnection object at 0xe0ee8fe8>, 'Connection to 102.39.68.76 timed out. (connect timeout=15)')))
HTTPSConnectionPool(host='t.me', port=443): Max retries exceeded with url: //0?embed=1&mode=tme (Caused by ProxyError('Unable to connect to proxy', ConnectTimeoutError(<urllib3.connection.HTTPSConnection object at 0xd7a73f70>, 'Connection to 103.102.85.1 timed out. (connect timeout=15)')))
HTTPSConnectionPool(host='t.me', port=443): Max retries exceeded with url: //0?embed=1&mode=tme (Caused by ProxyError('Unable to connect to proxy', ConnectTimeoutError(<urllib3.connection.HTTPSConnection object at 0xd7a52d18>, 'Connection to 134.19.254.2 timed out. (connect timeout=15)')))
HTTPSConnectionPool(host='t.me', port=443): Max retries exceeded with url: //0?embed=1&mode=tme (Caused by ProxyError('Unable to connect to proxy', NewConnectionError('<urllib3.connection.HTTPSConnection object at 0xd7a64e08>: Failed to establish a new connection: [Errno 111] Connection refused')))
('Connection aborted.', RemoteDisconnected('Remote end closed connection without response'))
HTTPSConnectionPool(host='t.me', port=443): Max retries exceeded with url: //0?embed=1&mode=tme (Caused by ProxyError('Unable to connect to proxy', ConnectTimeoutError(<urllib3.connection.HTTPSConnection object at 0xdcab9718>, 'Connection to 117.139.124.182 timed out. (connect timeout=15)')))
HTTPSConnectionPool(host='t.me', port=443): Max retries exceeded with url: //0?embed=1&mode=tme (Caused by ProxyError('Unable to connect to proxy', ConnectTimeoutError(<urllib3.connection.HTTPSConnection object at 0xe8145670>, 'Connection to 103.139.144.105 timed out. (connect timeout=15)')))
HTTPSConnectionPool(host='t.me', port=443): Max retries exceeded with url: //0?embed=1&mode=tme (Caused by ProxyError('Unable to connect to proxy', NewConnectionError('<urllib3.connection.HTTPSConnection object at 0xd8776eb0>: Failed to establish a new connection: [Errno 111] Connection refused')))
HTTPSConnectionPool(host='t.me', port=443): Max retries exceeded with url: //0?embed=1&mode=tme (Caused by ProxyError('Unable to connect to proxy', OSError('Tunnel connection failed: 500 Internal Server Error')))
HTTPSConnectionPool(host='t.me', port=443): Max retries exceeded with url: //0?embed=1&mode=tme (Caused by ProxyError('Unable to connect to proxy', ConnectTimeoutError(<urllib3.connection.HTTPSConnection object at 0xd7a520b8>, 'Connection to 102.132.41.31 timed out. (connect timeout=15)')))
HTTPSConnectionPool(host='t.me', port=443): Max retries exceeded with url: //0?embed=1&mode=tme (Caused by ProxyError('Unable to connect to proxy', ConnectTimeoutError(<urllib3.connection.HTTPSConnection object at 0xe8c196b8>, 'Connection to 103.117.192.10 timed out. (connect timeout=15)')))
HTTPSConnectionPool(host='t.me', port=443): Max retries exceeded with url: //0?embed=1&mode=tme (Caused by ProxyError('Unable to connect to proxy', ConnectTimeoutError(<urllib3.connection.HTTPSConnection object at 0xe8c19fb8>, 'Connection to 117.70.48.40 timed out. (connect timeout=15)')))
HTTPSConnectionPool(host='t.me', port=443): Max retries exceeded with url: //0?embed=1&mode=tme (Caused by ProxyError('Unable to connect to proxy', NewConnectionError('<urllib3.connection.HTTPSConnection object at 0xbd5cb160>: Failed to establish a new connection: [Errno 111] Connection refused')))
HTTPSConnectionPool(host='t.me', port=443): Max retries exceeded with url: //0?embed=1&mode=tme (Caused by ProxyError('Unable to connect to proxy', ConnectTimeoutError(<urllib3.connection.HTTPSConnection object at 0xe8c08cd0>, 'Connection to 102.215.196.178 timed out. (connect timeout=15)')))
HTTPSConnectionPool(host='t.me', port=443): Max retries exceeded with url: //0?embed=1&mode=tme (Caused by ProxyError('Unable to connect to proxy', ConnectTimeoutError(<urllib3.connection.HTTPSConnection object at 0xdf7ca370>, 'Connection to 102.68.128.214 timed out. (connect timeout=15)')))
HTTPSConnectionPool(host='t.me', port=443): Max retries exceeded with url: //0?embed=1&mode=tme (Caused by ProxyError('Unable to connect to proxy', OSError('Tunnel connection failed: 400 Bad Request')))
HTTPSConnectionPool(host='t.me', port=443): Max retries exceeded with url: //0?embed=1&mode=tme (Caused by ProxyError('Unable to connect to proxy', ConnectTimeoutError(<urllib3.connection.HTTPSConnection object at 0xe8c19e20>, 'Connection to 1.179.144.41 timed out. (connect timeout=15)')))
('Connection aborted.', RemoteDisconnected('Remote end closed connection without response'))
HTTPSConnectionPool(host='t.me', port=443): Max retries exceeded with url: //0?embed=1&mode=tme (Caused by ProxyError('Unable to connect to proxy', ConnectTimeoutError(<urllib3.connection.HTTPSConnection object at 0xe8c199d0>, 'Connection to 117.146.231.40 timed out. (connect timeout=15)')))
HTTPSConnectionPool(host='t.me', port=443): Max retries exceeded with url: //0?embed=1&mode=tme (Caused by ProxyError('Unable to connect to proxy', ConnectTimeoutError(<urllib3.connection.HTTPSConnection object at 0xe67b2e20>, 'Connection to 117.158.146.215 timed out. (connect timeout=15)')))
HTTPSConnectionPool(host='t.me', port=443): Max retries exceeded with url: //0?embed=1&mode=tme (Caused by ProxyError('Unable to connect to proxy', OSError('Tunnel connection failed: 400 Bad Request')))
HTTPSConnectionPool(host='t.me', port=443): Max retries exceeded with url: //0?embed=1&mode=tme (Caused by ProxyError('Unable to connect to proxy', ConnectTimeoutError(<urllib3.connection.HTTPSConnection object at 0xc3717cd0>, 'Connection to 146.59.202.70 timed out. (connect timeout=15)')))
HTTPSConnectionPool(host='t.me', port=443): Max retries exceeded with url: //0?embed=1&mode=tme (Caused by ProxyError('Unable to connect to proxy', ConnectTimeoutError(<urllib3.connection.HTTPSConnection object at 0xd60d6e98>, 'Connection to 158.101.113.18 timed out. (connect timeout=15)')))
HTTPSConnectionPool(host='t.me', port=443): Max retries exceeded with url: //0?embed=1&mode=tme (Caused by ProxyError('Unable to connect to proxy', ConnectTimeoutError(<urllib3.connection.HTTPSConnection object at 0xd9cf0f10>, 'Connection to 146.190.79.143 timed out. (connect timeout=15)')))
HTTPSConnectionPool(host='t.me', port=443): Max retries exceeded with url: //0?embed=1&mode=tme (Caused by ProxyError('Unable to connect to proxy', ConnectTimeoutError(<urllib3.connection.HTTPSConnection object at 0xdd5f1be0>, 'Connection to 146.83.205.10 timed out. (connect timeout=15)')))
HTTPSConnectionPool(host='t.me', port=443): Max retries exceeded with url: //0?embed=1&mode=tme (Caused by ProxyError('Unable to connect to proxy', NewConnectionError('<urllib3.connection.HTTPSConnection object at 0xe820fd60>: Failed to establish a new connection: [Errno 113] No route to host')))
HTTPSConnectionPool(host='t.me', port=443): Max retries exceeded with url: //0?embed=1&mode=tme (Caused by ProxyError('Unable to connect to proxy', NewConnectionError('<urllib3.connection.HTTPSConnection object at 0xd7a52ad8>: Failed to establish a new connection: [Errno 111] Connection refused')))
HTTPSConnectionPool(host='t.me', port=443): Max retries exceeded with url: //0?embed=1&mode=tme (Caused by ProxyError('Unable to connect to proxy', ConnectTimeoutError(<urllib3.connection.HTTPSConnection object at 0xda9603d0>, 'Connection to 177.124.184.52 timed out. (connect timeout=15)')))
HTTPSConnectionPool(host='t.me', port=443): Max retries exceeded with url: //0?embed=1&mode=tme (Caused by ProxyError('Unable to connect to proxy', ConnectTimeoutError(<urllib3.connection.HTTPSConnection object at 0xebd9cc40>, 'Connection to 144.217.73.96 timed out. (connect timeout=15)')))
HTTPSConnectionPool(host='t.me', port=443): Max retries exceeded with url: //0?embed=1&mode=tme (Caused by ProxyError('Unable to connect to proxy', ConnectTimeoutError(<urllib3.connection.HTTPSConnection object at 0xe1c04688>, 'Connection to 175.101.80.134 timed out. (connect timeout=15)')))
HTTPSConnectionPool(host='t.me', port=443): Max retries exceeded with url: //0?embed=1&mode=tme (Caused by ProxyError('Unable to connect to proxy', ConnectTimeoutError(<urllib3.connection.HTTPSConnection object at 0xe0384d78>, 'Connection to 177.241.233.10 timed out. (connect timeout=15)')))
HTTPSConnectionPool(host='t.me', port=443): Max retries exceeded with url: //0?embed=1&mode=tme (Caused by ProxyError('Unable to connect to proxy', NewConnectionError('<urllib3.connection.HTTPSConnection object at 0xd90d8028>: Failed to establish a new connection: [Errno 111] Connection refused')))
HTTPSConnectionPool(host='t.me', port=443): Max retries exceeded with url: //0?embed=1&mode=tme (Caused by ProxyError('Unable to connect to proxy', ConnectTimeoutError(<urllib3.connection.HTTPSConnection object at 0xeaa59160>, 'Connection to 176.36.12.121 timed out. (connect timeout=15)')))
HTTPSConnectionPool(host='t.me', port=443): Max retries exceeded with url: //0?embed=1&mode=tme (Caused by ProxyError('Unable to connect to proxy', ConnectTimeoutError(<urllib3.connection.HTTPSConnection object at 0xe66e3f40>, 'Connection to 174.138.184.82 timed out. (connect timeout=15)')))
('Connection aborted.', ConnectionResetError(104, 'Connection reset by peer'))
HTTPSConnectionPool(host='t.me', port=443): Max retries exceeded with url: //0?embed=1&mode=tme (Caused by ProxyError('Unable to connect to proxy', ConnectTimeoutError(<urllib3.connection.HTTPSConnection object at 0xda960b08>, 'Connection to 200.7.10.158 timed out. (connect timeout=15)')))
('Connection aborted.', ConnectionResetError(104, 'Connection reset by peer'))
HTTPSConnectionPool(host='t.me', port=443): Max retries exceeded with url: //0?embed=1&mode=tme (Caused by ProxyError('Unable to connect to proxy', ConnectTimeoutError(<urllib3.connection.HTTPSConnection object at 0xe1a1c430>, 'Connection to 176.253.53.25 timed out. (connect timeout=15)')))
HTTPSConnectionPool(host='t.me', port=443): Max retries exceeded with url: //0?embed=1&mode=tme (Caused by ProxyError('Unable to connect to proxy', NewConnectionError('<urllib3.connection.HTTPSConnection object at 0xdd5e5628>: Failed to establish a new connection: [Errno 111] Connection refused')))
HTTPSConnectionPool(host='t.me', port=443): Max retries exceeded with url: //0?embed=1&mode=tme (Caused by ProxyError('Unable to connect to proxy', ConnectTimeoutError(<urllib3.connection.HTTPSConnection object at 0xdf7e70d0>, 'Connection to 190.94.239.182 timed out. (connect timeout=15)')))
HTTPSConnectionPool(host='t.me', port=443): Max retries exceeded with url: //0?embed=1&mode=tme (Caused by ProxyError('Unable to connect to proxy', NewConnectionError('<urllib3.connection.HTTPSConnection object at 0xdd5e5958>: Failed to establish a new connection: [Errno 111] Connection refused')))
HTTPSConnectionPool(host='t.me', port=443): Max retries exceeded with url: //0?embed=1&mode=tme (Caused by ProxyError('Unable to connect to proxy', NewConnectionError('<urllib3.connection.HTTPSConnection object at 0xe0384d90>: Failed to establish a new connection: [Errno 111] Connection refused')))
HTTPSConnectionPool(host='t.me', port=443): Max retries exceeded with url: //0?embed=1&mode=tme (Caused by ProxyError('Unable to connect to proxy', OSError('Tunnel connection failed: 400 Bad Request')))
HTTPSConnectionPool(host='t.me', port=443): Max retries exceeded with url: //0?embed=1&mode=tme (Caused by ProxyError('Unable to connect to proxy', ConnectTimeoutError(<urllib3.connection.HTTPSConnection object at 0xe67872e0>, 'Connection to 216.238.99.171 timed out. (connect timeout=15)')))
HTTPSConnectionPool(host='t.me', port=443): Max retries exceeded with url: //0?embed=1&mode=tme (Caused by ProxyError('Unable to connect to proxy', NewConnectionError('<urllib3.connection.HTTPSConnection object at 0xd90d5a48>: Failed to establish a new connection: [Errno 113] No route to host')))
HTTPSConnectionPool(host='t.me', port=443): Max retries exceeded with url: //0?embed=1&mode=tme (Caused by ProxyError('Unable to connect to proxy', ConnectTimeoutError(<urllib3.connection.HTTPSConnection object at 0xeac10fa0>, 'Connection to 222.88.167.22 timed out. (connect timeout=15)')))
                                                                                                                                                                                                                                                                                                      HTTPSConnectionPool(host='t.me', port=443): Max retries exceeded with url: //0?embed=1&mode=tme (Caused by ProxyError('Unable to connect to proxy', NewConnectionError('<urllib3.connection.HTTPSConnection object at 0xe8b572b0>: Failed to establish a new connection: [Errno 111] Connection refused')))
HTTPSConnectionPool(host='t.me', port=443): Max retries exceeded with url: //0?embed=1&mode=tme (Caused by ProxyError('Unable to connect to proxy', ConnectTimeoutError(<urllib3.connection.HTTPSConnection object at 0xbbde8e80>, 'Connection to 222.190.173.102 timed out. (connect timeout=15)')))
HTTPSConnectionPool(host='t.me', port=443): Max retries exceeded with url: //0?embed=1&mode=tme (Caused by ProxyError('Unable to connect to proxy', ConnectTimeoutError(<urllib3.connection.HTTPSConnection object at 0xd876cd90>, 'Connection to 45.190.170.254 timed out. (connect timeout=15)')))
HTTPSConnectionPool(host='t.me', port=443): Max retries exceeded with url: //0?embed=1&mode=tme (Caused by ProxyError('Unable to connect to proxy', ConnectTimeoutError(<urllib3.connection.HTTPSConnection object at 0xdf7bd238>, 'Connection to 45.189.113.142 timed out. (connect timeout=15)')))
HTTPSConnectionPool(host='t.me', port=443): Max retries exceeded with url: //0?embed=1&mode=tme (Caused by ProxyError('Unable to connect to proxy', ConnectTimeoutError(<urllib3.connection.HTTPSConnection object at 0xdf7dab98>, 'Connection to 45.130.96.26 timed out. (connect timeout=15)')))
HTTPSConnectionPool(host='t.me', port=443): Max retries exceeded with url: //0?embed=1&mode=tme (Caused by ProxyError('Unable to connect to proxy', ConnectTimeoutError(<urllib3.connection.HTTPSConnection object at 0xe81ed7f0>, 'Connection to 218.58.108.8 timed out. (connect timeout=15)')))
HTTPSConnectionPool(host='t.me', port=443): Max retries exceeded with url: //0?embed=1&mode=tme (Caused by ProxyError('Unable to connect to proxy', ConnectTimeoutError(<urllib3.connection.HTTPSConnection object at 0xd7a73880>, 'Connection to 45.5.118.142 timed out. (connect timeout=15)')))
HTTPSConnectionPool(host='t.me', port=443): Max retries exceeded with url: //0?embed=1&mode=tme (Caused by ProxyError('Unable to connect to proxy', ConnectTimeoutError(<urllib3.connection.HTTPSConnection object at 0xbb364910>, 'Connection to 222.190.173.154 timed out. (connect timeout=15)')))
HTTPSConnectionPool(host='t.me', port=443): Max retries exceeded with url: //0?embed=1&mode=tme (Caused by ProxyError('Unable to connect to proxy', ConnectTimeoutError(<urllib3.connection.HTTPSConnection object at 0xeac1f400>, 'Connection to 45.184.155.6 timed out. (connect timeout=15)')))
HTTPSConnectionPool(host='t.me', port=443): Max retries exceeded with url: //0?embed=1&mode=tme (Caused by ProxyError('Unable to connect to proxy', ConnectTimeoutError(<urllib3.connection.HTTPSConnection object at 0xbc850760>, 'Connection to 45.179.246.65 timed out. (connect timeout=15)')))
HTTPSConnectionPool(host='t.me', port=443): Max retries exceeded with url: //0?embed=1&mode=tme (Caused by ProxyError('Unable to connect to proxy', NewConnectionError('<urllib3.connection.HTTPSConnection object at 0xe3e89508>: Failed to establish a new connection: [Errno 111] Connection refused')))
HTTPSConnectionPool(host='t.me', port=443): Max retries exceeded with url: //0?embed=1&mode=tme (Caused by ProxyError('Unable to connect to proxy', ConnectTimeoutError(<urllib3.connection.HTTPSConnection object at 0xd7a46b38>, 'Connection to 45.224.119.184 timed out. (connect timeout=15)')))
HTTPSConnectionPool(host='t.me', port=443): Max retries exceeded with url: //0?embed=1&mode=tme (Caused by ProxyError('Unable to connect to proxy', NewConnectionError('<urllib3.connection.HTTPSConnection object at 0xe66e3c28>: Failed to establish a new connection: [Errno 111] Connection refused')))
HTTPSConnectionPool(host='t.me', port=443): Max retries exceeded with url: //0?embed=1&mode=tme (Caused by ProxyError('Unable to connect to proxy', NewConnectionError('<urllib3.connection.HTTPSConnection object at 0xbe16d118>: Failed to establish a new connection: [Errno 111] Connection refused')))
HTTPSConnectionPool(host='t.me', port=443): Max retries exceeded with url: //0?embed=1&mode=tme (Caused by ProxyError('Unable to connect to proxy', ConnectTimeoutError(<urllib3.connection.HTTPSConnection object at 0xe8b66b68>, 'Connection to 65.20.171.253 timed out. (connect timeout=15)')))
HTTPSConnectionPool(host='t.me', port=443): Max retries exceeded with url: //0?embed=1&mode=tme (Caused by ProxyError('Unable to connect to proxy', NewConnectionError('<urllib3.connection.HTTPSConnection object at 0xe73b3a00>: Failed to establish a new connection: [Errno 111] Connection refused')))
HTTPSConnectionPool(host='t.me', port=443): Max retries exceeded with url: //0?embed=1&mode=tme (Caused by ProxyError('Unable to connect to proxy', NewConnectionError('<urllib3.connection.HTTPSConnection object at 0xeac10178>: Failed to establish a new connection: [Errno 111] Connection refused')))
HTTPSConnectionPool(host='t.me', port=443): Max retries exceeded with url: //0?embed=1&mode=tme (Caused by ProxyError('Unable to connect to proxy', ConnectTimeoutError(<urllib3.connection.HTTPSConnection object at 0xe67a0d18>, 'Connection to 103.118.78.194 timed out. (connect timeout=15)')))
HTTPSConnectionPool(host='t.me', port=443): Max retries exceeded with url: //0?embed=1&mode=tme (Caused by ProxyError('Unable to connect to proxy', ConnectTimeoutError(<urllib3.connection.HTTPSConnection object at 0xe67bf178>, 'Connection to 103.146.196.112 timed out. (connect timeout=15)')))
HTTPSConnectionPool(host='t.me', port=443): Max retries exceeded with url: //0?embed=1&mode=tme (Caused by ProxyError('Unable to connect to proxy', ConnectTimeoutError(<urllib3.connection.HTTPSConnection object at 0xe1a1c190>, 'Connection to 103.169.130.46 timed out. (connect timeout=15)')))
HTTPSConnectionPool(host='t.me', port=443): Max retries exceeded with url: //0?embed=1&mode=tme (Caused by ProxyError('Unable to connect to proxy', ConnectTimeoutError(<urllib3.connection.HTTPSConnection object at 0xe67bf088>, 'Connection to 65.21.232.59 timed out. (connect timeout=15)')))
HTTPSConnectionPool(host='t.me', port=443): Max retries exceeded with url: //0?embed=1&mode=tme (Caused by ProxyError('Unable to connect to proxy', ConnectTimeoutError(<urllib3.connection.HTTPSConnection object at 0xe1c044c0>, 'Connection to 103.118.175.87 timed out. (connect timeout=15)')))
HTTPSConnectionPool(host='t.me', port=443): Max retries exceeded with url: //0?embed=1&mode=tme (Caused by ProxyError('Unable to connect to proxy', ConnectTimeoutError(<urllib3.connection.HTTPSConnection object at 0xe67bfb20>, 'Connection to 103.137.198.5 timed out. (connect timeout=15)')))
('Connection aborted.', RemoteDisconnected('Remote end closed connection without response'))
HTTPSConnectionPool(host='t.me', port=443): Max retries exceeded with url: //0?embed=1&mode=tme (Caused by ProxyError('Unable to connect to proxy', OSError('Tunnel connection failed: 503 Service Temporarily Unavailable')))
HTTPSConnectionPool(host='t.me', port=443): Max retries exceeded with url: //0?embed=1&mode=tme (Caused by ProxyError('Unable to connect to proxy', OSError('Tunnel connection failed: 400 Bad Request')))
HTTPSConnectionPool(host='t.me', port=443): Max retries exceeded with url: //0?embed=1&mode=tme (Caused by ProxyError('Unable to connect to proxy', NewConnectionError('<urllib3.connection.HTTPSConnection object at 0xbb34c4d8>: Failed to establish a new connection: [Errno 111] Connection refused')))
HTTPSConnectionPool(host='t.me', port=443): Max retries exceeded with url: //0?embed=1&mode=tme (Caused by ProxyError('Unable to connect to proxy', ConnectTimeoutError(<urllib3.connection.HTTPSConnection object at 0xe8b66fa0>, 'Connection to 118.69.134.3 timed out. (connect timeout=15)')))
HTTPSConnectionPool(host='t.me', port=443): Max retries exceeded with url: //0?embed=1&mode=tme (Caused by ProxyError('Unable to connect to proxy', OSError('Tunnel connection failed: 405 Method Not Allowed')))
('Connection aborted.', RemoteDisconnected('Remote end closed connection without response'))
HTTPSConnectionPool(host='t.me', port=443): Max retries exceeded with url: //0?embed=1&mode=tme (Caused by ProxyError('Unable to connect to proxy', OSError('Tunnel connection failed: 400 Bad Request')))
HTTPSConnectionPool(host='t.me', port=443): Max retries exceeded with url: //0?embed=1&mode=tme (Caused by ProxyError('Unable to connect to proxy', NewConnectionError('<urllib3.connection.HTTPSConnection object at 0xe66d3b08>: Failed to establish a new connection: [Errno 111] Connection refused')))
HTTPSConnectionPool(host='t.me', port=443): Max retries exceeded with url: //0?embed=1&mode=tme (Caused by ProxyError('Unable to connect to proxy', ConnectTimeoutError(<urllib3.connection.HTTPSConnection object at 0xeaa598f8>, 'Connection to 117.239.228.10 timed out. (connect timeout=15)')))
HTTPSConnectionPool(host='t.me', port=443): Max retries exceeded with url: //0?embed=1&mode=tme (Caused by ProxyError('Unable to connect to proxy', ConnectTimeoutError(<urllib3.connection.HTTPSConnection object at 0xe81dbc70>, 'Connection to 102.69.236.152 timed out. (connect timeout=15)')))
HTTPSConnectionPool(host='t.me', port=443): Max retries exceeded with url: //0?embed=1&mode=tme (Caused by ProxyError('Unable to connect to proxy', ConnectTimeoutError(<urllib3.connection.HTTPSConnection object at 0xe67bf1a8>, 'Connection to 102.68.128.217 timed out. (connect timeout=15)')))
HTTPSConnectionPool(host='t.me', port=443): Max retries exceeded with url: //0?embed=1&mode=tme (Caused by ProxyError('Unable to connect to proxy', ConnectTimeoutError(<urllib3.connection.HTTPSConnection object at 0xebe97778>, 'Connection to 101.231.64.89 timed out. (connect timeout=15)')))
HTTPSConnectionPool(host='t.me', port=443): Max retries exceeded with url: //0?embed=1&mode=tme (Caused by ProxyError('Unable to connect to proxy', NewConnectionError('<urllib3.connection.HTTPSConnection object at 0xebd9c1a8>: Failed to establish a new connection: [Errno 111] Connection refused')))
HTTPSConnectionPool(host='t.me', port=443): Max retries exceeded with url: //0?embed=1&mode=tme (Caused by ProxyError('Unable to connect to proxy', NewConnectionError('<urllib3.connection.HTTPSConnection object at 0xe81b3d90>: Failed to establish a new connection: [Errno 111] Connection refused')))
HTTPSConnectionPool(host='t.me', port=443): Max retries exceeded with url: //0?embed=1&mode=tme (Caused by ProxyError('Unable to connect to proxy', NewConnectionError('<urllib3.connection.HTTPSConnection object at 0xe1c04760>: Failed to establish a new connection: [Errno 111] Connection refused')))
HTTPSConnectionPool(host='t.me', port=443): Max retries exceeded with url: //0?embed=1&mode=tme (Caused by ProxyError('Unable to connect to proxy', ConnectTimeoutError(<urllib3.connection.HTTPSConnection object at 0xe03840d0>, 'Connection to 157.245.27.9 timed out. (connect timeout=15)')))
HTTPSConnectionPool(host='t.me', port=443): Max retries exceeded with url: //0?embed=1&mode=tme (Caused by ProxyError('Unable to connect to proxy', ConnectTimeoutError(<urllib3.connection.HTTPSConnection object at 0xeb35e190>, 'Connection to 150.136.4.250 timed out. (connect timeout=15)')))
HTTPSConnectionPool(host='t.me', port=443): Max retries exceeded with url: //0?embed=1&mode=tme (Caused by ProxyError('Unable to connect to proxy', NewConnectionError('<urllib3.connection.HTTPSConnection object at 0xe8b4f118>: Failed to establish a new connection: [Errno 111] Connection refused')))
HTTPSConnectionPool(host='t.me', port=443): Max retries exceeded with url: //0?embed=1&mode=tme (Caused by ProxyError('Unable to connect to proxy', ConnectTimeoutError(<urllib3.connection.HTTPSConnection object at 0xe0384628>, 'Connection to 161.49.215.28 timed out. (connect timeout=15)')))
HTTPSConnectionPool(host='t.me', port=443): Max retries exceeded with url: //0?embed=1&mode=tme (Caused by ProxyError('Unable to connect to proxy', NewConnectionError('<urllib3.connection.HTTPSConnection object at 0xe67bf7c0>: Failed to establish a new connection: [Errno 111] Connection refused')))
HTTPSConnectionPool(host='t.me', port=443): Max retries exceeded with url: //0?embed=1&mode=tme (Caused by ProxyError('Unable to connect to proxy', ConnectTimeoutError(<urllib3.connection.HTTPSConnection object at 0xdd619d48>, 'Connection to 167.71.41.76 timed out. (connect timeout=15)')))
HTTPSConnectionPool(host='t.me', port=443): Max retries exceeded with url: //0?embed=1&mode=tme (Caused by ProxyError('Unable to connect to proxy', ConnectTimeoutError(<urllib3.connection.HTTPSConnection object at 0xebd81a00>, 'Connection to 155.0.72.251 timed out. (connect timeout=15)')))
HTTPSConnectionPool(host='t.me', port=443): Max retries exceeded with url: //0?embed=1&mode=tme (Caused by ProxyError('Unable to connect to proxy', ConnectTimeoutError(<urllib3.connection.HTTPSConnection object at 0xe3e89cd0>, 'Connection to 177.240.20.138 timed out. (connect timeout=15)')))
HTTPSConnectionPool(host='t.me', port=443): Max retries exceeded with url: //0?embed=1&mode=tme (Caused by ProxyError('Unable to connect to proxy', ConnectTimeoutError(<urllib3.connection.HTTPSConnection object at 0xe66e3538>, 'Connection to 153.101.67.170 timed out. (connect timeout=15)')))
HTTPSConnectionPool(host='t.me', port=443): Max retries exceeded with url: //0?embed=1&mode=tme (Caused by ProxyError('Unable to connect to proxy', NewConnectionError('<urllib3.connection.HTTPSConnection object at 0xebe6a808>: Failed to establish a new connection: [Errno 111] Connection refused')))
HTTPSConnectionPool(host='t.me', port=443): Max retries exceeded with url: //0?embed=1&mode=tme (Caused by ProxyError('Unable to connect to proxy', ConnectTimeoutError(<urllib3.connection.HTTPSConnection object at 0xe67944a8>, 'Connection to 177.184.197.125 timed out. (connect timeout=15)')))
HTTPSConnectionPool(host='t.me', port=443): Max retries exceeded with url: //0?embed=1&mode=tme (Caused by ProxyError('Unable to connect to proxy', ConnectTimeoutError(<urllib3.connection.HTTPSConnection object at 0xe8c085e0>, 'Connection to 177.53.214.208 timed out. (connect timeout=15)')))
HTTPSConnectionPool(host='t.me', port=443): Max retries exceeded with url: //0?embed=1&mode=tme (Caused by ProxyError('Unable to connect to proxy', NewConnectionError('<urllib3.connection.HTTPSConnection object at 0xe81b3490>: Failed to establish a new connection: [Errno 111] Connection refused')))
HTTPSConnectionPool(host='t.me', port=443): Max retries exceeded with url: //0?embed=1&mode=tme (Caused by ProxyError('Unable to connect to proxy', ConnectTimeoutError(<urllib3.connection.HTTPSConnection object at 0xeb4cf7f0>, 'Connection to 177.93.45.154 timed out. (connect timeout=15)')))
HTTPSConnectionPool(host='t.me', port=443): Max retries exceeded with url: //0?embed=1&mode=tme (Caused by ProxyError('Unable to connect to proxy', ConnectTimeoutError(<urllib3.connection.HTTPSConnection object at 0xbb359f58>, 'Connection to 190.97.233.18 timed out. (connect timeout=15)')))
HTTPSConnectionPool(host='t.me', port=443): Max retries exceeded with url: //0?embed=1&mode=tme (Caused by ProxyError('Unable to connect to proxy', NewConnectionError('<urllib3.connection.HTTPSConnection object at 0xe66da5f8>: Failed to establish a new connection: [Errno 113] No route to host')))
HTTPSConnectionPool(host='t.me', port=443): Max retries exceeded with url: //0?embed=1&mode=tme (Caused by ProxyError('Unable to connect to proxy', ConnectTimeoutError(<urllib3.connection.HTTPSConnection object at 0xe1bc88f8>, 'Connection to 192.141.196.129 timed out. (connect timeout=15)')))
HTTPSConnectionPool(host='t.me', port=443): Max retries exceeded with url: //0?embed=1&mode=tme (Caused by ProxyError('Unable to connect to proxy', NewConnectionError('<urllib3.connection.HTTPSConnection object at 0xdf7bd0d0>: Failed to establish a new connection: [Errno 111] Connection refused')))
HTTPSConnectionPool(host='t.me', port=443): Max retries exceeded with url: //0?embed=1&mode=tme (Caused by ProxyError('Unable to connect to proxy', OSError('Tunnel connection failed: 400 Bad Request')))
HTTPSConnectionPool(host='t.me', port=443): Max retries exceeded with url: //0?embed=1&mode=tme (Caused by ProxyError('Unable to connect to proxy', ConnectTimeoutError(<urllib3.connection.HTTPSConnection object at 0xeac1f310>, 'Connection to 193.233.203.58 timed out. (connect timeout=15)')))
HTTPSConnectionPool(host='t.me', port=443): Max retries exceeded with url: //0?embed=1&mode=tme (Caused by ProxyError('Unable to connect to proxy', ConnectTimeoutError(<urllib3.connection.HTTPSConnection object at 0xeaa49ec8>, 'Connection to 206.233.177.254 timed out. (connect timeout=15)')))
HTTPSConnectionPool(host='t.me', port=443): Max retries exceeded with url: //0?embed=1&mode=tme (Caused by ProxyError('Unable to connect to proxy', ConnectTimeoutError(<urllib3.connection.HTTPSConnection object at 0xe4ae60d0>, 'Connection to 179.0.43.68 timed out. (connect timeout=15)')))
HTTPSConnectionPool(host='t.me', port=443): Max retries exceeded with url: //0?embed=1&mode=tme (Caused by ProxyError('Unable to connect to proxy', NewConnectionError('<urllib3.connection.HTTPSConnection object at 0xe33c1760>: Failed to establish a new connection: [Errno 113] No route to host')))
HTTPSConnectionPool(host='t.me', port=443): Max retries exceeded with url: //0?embed=1&mode=tme (Caused by ProxyError('Unable to connect to proxy', NewConnectionError('<urllib3.connection.HTTPSConnection object at 0xeb35e190>: Failed to establish a new connection: [Errno 111] Connection refused')))
HTTPSConnectionPool(host='t.me', port=443): Max retries exceeded with url: //0?embed=1&mode=tme (Caused by ProxyError('Unable to connect to proxy', ConnectTimeoutError(<urllib3.connection.HTTPSConnection object at 0xe1c0e3a0>, 'Connection to 197.91.178.46 timed out. (connect timeout=15)')))
HTTPSConnectionPool(host='t.me', port=443): Max retries exceeded with url: //0?embed=1&mode=tme (Caused by ProxyError('Unable to connect to proxy', ConnectTimeoutError(<urllib3.connection.HTTPSConnection object at 0xe1c0e220>, 'Connection to 34.162.183.32 timed out. (connect timeout=15)')))
HTTPSConnectionPool(host='t.me', port=443): Max retries exceeded with url: //0?embed=1&mode=tme (Caused by ProxyError('Unable to connect to proxy', ConnectTimeoutError(<urllib3.connection.HTTPSConnection object at 0xe66f7418>, 'Connection to 34.162.156.215 timed out. (connect timeout=15)')))
HTTPSConnectionPool(host='t.me', port=443): Max retries exceeded with url: //0?embed=1&mode=tme (Caused by ProxyError('Unable to connect to proxy', NewConnectionError('<urllib3.connection.HTTPSConnection object at 0xeac1f418>: Failed to establish a new connection: [Errno 111] Connection refused')))
HTTPSConnectionPool(host='t.me', port=443): Max retries exceeded with url: //0?embed=1&mode=tme (Caused by ProxyError('Unable to connect to proxy', ConnectTimeoutError(<urllib3.connection.HTTPSConnection object at 0xe67a04a8>, 'Connection to 194.190.254.250 timed out. (connect timeout=15)')))
HTTPSConnectionPool(host='t.me', port=443): Max retries exceeded with url: //0?embed=1&mode=tme (Caused by ProxyError('Unable to connect to proxy', NewConnectionError('<urllib3.connection.HTTPSConnection object at 0xebe6a838>: Failed to establish a new connection: [Errno 111] Connection refused')))
HTTPSConnectionPool(host='t.me', port=443): Max retries exceeded with url: //0?embed=1&mode=tme (Caused by ProxyError('Unable to connect to proxy', ConnectTimeoutError(<urllib3.connection.HTTPSConnection object at 0xe1c0ea30>, 'Connection to 223.247.46.96 timed out. (connect timeout=15)')))
HTTPSConnectionPool(host='t.me', port=443): Max retries exceeded with url: //0?embed=1&mode=tme (Caused by ProxyError('Unable to connect to proxy', ConnectTimeoutError(<urllib3.connection.HTTPSConnection object at 0xe4ae6448>, 'Connection to 223.215.177.115 timed out. (connect timeout=15)')))
HTTPSConnectionPool(host='t.me', port=443): Max retries exceeded with url: //0?embed=1&mode=tme (Caused by ProxyError('Unable to connect to proxy', ConnectTimeoutError(<urllib3.connection.HTTPSConnection object at 0xe6a5a8e0>, 'Connection to 221.230.216.50 timed out. (connect timeout=15)')))
HTTPSConnectionPool(host='t.me', port=443): Max retries exceeded with url: //0?embed=1&mode=tme (Caused by ProxyError('Unable to connect to proxy', ConnectTimeoutError(<urllib3.connection.HTTPSConnection object at 0xd7a73b20>, 'Connection to 222.190.208.233 timed out. (connect timeout=15)')))
HTTPSConnectionPool(host='t.me', port=443): Max retries exceeded with url: //0?embed=1&mode=tme (Caused by ProxyError('Unable to connect to proxy', NewConnectionError('<urllib3.connection.HTTPSConnection object at 0xe1c04580>: Failed to establish a new connection: [Errno 111] Connection refused')))
('Connection aborted.', RemoteDisconnected('Remote end closed connection without response'))
HTTPSConnectionPool(host='t.me', port=443): Max retries exceeded with url: //0?embed=1&mode=tme (Caused by ProxyError('Unable to connect to proxy', ConnectTimeoutError(<urllib3.connection.HTTPSConnection object at 0xe3e77d90>, 'Connection to 45.184.155.3 timed out. (connect timeout=15)')))
HTTPSConnectionPool(host='t.me', port=443): Max retries exceeded with url: //0?embed=1&mode=tme (Caused by ProxyError('Unable to connect to proxy', ConnectTimeoutError(<urllib3.connection.HTTPSConnection object at 0xe6a5a940>, 'Connection to 5.161.82.73 timed out. (connect timeout=15)')))
HTTPSConnectionPool(host='t.me', port=443): Max retries exceeded with url: //0?embed=1&mode=tme (Caused by ProxyError('Unable to connect to proxy', ConnectTimeoutError(<urllib3.connection.HTTPSConnection object at 0xc37012f8>, 'Connection to 45.201.134.38 timed out. (connect timeout=15)')))
('Connection aborted.', RemoteDisconnected('Remote end closed connection without response'))
HTTPSConnectionPool(host='t.me', port=443): Max retries exceeded with url: //0?embed=1&mode=tme (Caused by ProxyError('Unable to connect to proxy', NewConnectionError('<urllib3.connection.HTTPSConnection object at 0xbecf2748>: Failed to establish a new connection: [Errno 113] No route to host')))
HTTPSConnectionPool(host='t.me', port=443): Max retries exceeded with url: //0?embed=1&mode=tme (Caused by ProxyError('Unable to connect to proxy', NewConnectionError('<urllib3.connection.HTTPSConnection object at 0xbbdbb868>: Failed to establish a new connection: [Errno 113] No route to host')))
HTTPSConnectionPool(host='t.me', port=443): Max retries exceeded with url: //0?embed=1&mode=tme (Caused by ProxyError('Unable to connect to proxy', ConnectTimeoutError(<urllib3.connection.HTTPSConnection object at 0xe6a5adf0>, 'Connection to 45.224.148.117 timed out. (connect timeout=15)')))
HTTPSConnectionPool(host='t.me', port=443): Max retries exceeded with url: //0?embed=1&mode=tme (Caused by ProxyError('Unable to connect to proxy', ConnectTimeoutError(<urllib3.connection.HTTPSConnection object at 0xebe6a640>, 'Connection to 45.247.64.49 timed out. (connect timeout=15)')))
HTTPSConnectionPool(host='t.me', port=443): Max retries exceeded with url: //0?embed=1&mode=tme (Caused by SSLError(SSLError(1, '[SSL: WRONG_VERSION_NUMBER] wrong version number (_ssl.c:1129)')))
('Connection aborted.', RemoteDisconnected('Remote end closed connection without response'))
HTTPSConnectionPool(host='t.me', port=443): Max retries exceeded with url: //0?embed=1&mode=tme (Caused by ProxyError('Unable to connect to proxy', ConnectTimeoutError(<urllib3.connection.HTTPSConnection object at 0xe1bc8328>, 'Connection to 78.189.32.215 timed out. (connect timeout=15)')))
HTTPSConnectionPool(host='t.me', port=443): Max retries exceeded with url: //0?embed=1&mode=tme (Caused by ProxyError('Unable to connect to proxy', NewConnectionError('<urllib3.connection.HTTPSConnection object at 0xe7fdd9b8>: Failed to establish a new connection: [Errno 111] Connection refused')))
HTTPSConnectionPool(host='t.me', port=443): Max retries exceeded with url: //0?embed=1&mode=tme (Caused by ProxyError('Unable to connect to proxy', OSError('Tunnel connection failed: 400 Bad Request')))
HTTPSConnectionPool(host='t.me', port=443): Max retries exceeded with url: //0?embed=1&mode=tme (Caused by ProxyError('Unable to connect to proxy', ConnectTimeoutError(<urllib3.connection.HTTPSConnection object at 0xe33f6fd0>, 'Connection to 103.141.70.18 timed out. (connect timeout=15)')))
HTTPSConnectionPool(host='t.me', port=443): Max retries exceeded with url: //0?embed=1&mode=tme (Caused by ProxyError('Unable to connect to proxy', NewConnectionError('<urllib3.connection.HTTPSConnection object at 0xe1a30940>: Failed to establish a new connection: [Errno 111] Connection refused')))
HTTPSConnectionPool(host='t.me', port=443): Max retries exceeded with url: //0?embed=1&mode=tme (Caused by ProxyError('Unable to connect to proxy', NewConnectionError('<urllib3.connection.HTTPSConnection object at 0xbbdbb850>: Failed to establish a new connection: [Errno 111] Connection refused')))
HTTPSConnectionPool(host='t.me', port=443): Max retries exceeded with url: //0?embed=1&mode=tme (Caused by ProxyError('Unable to connect to proxy', NewConnectionError('<urllib3.connection.HTTPSConnection object at 0xdeb90e80>: Failed to establish a new connection: [Errno 111] Connection refused')))
HTTPSConnectionPool(host='t.me', port=443): Max retries exceeded with url: //0?embed=1&mode=tme (Caused by ProxyError('Unable to connect to proxy', ConnectTimeoutError(<urllib3.connection.HTTPSConnection object at 0xeac357c0>, 'Connection to 79.127.11.194 timed out. (connect timeout=15)')))
HTTPSConnectionPool(host='t.me', port=443): Max retries exceeded with url: //0?embed=1&mode=tme (Caused by ProxyError('Unable to connect to proxy', ConnectTimeoutError(<urllib3.connection.HTTPSConnection object at 0xe6a3f640>, 'Connection to 103.41.88.182 timed out. (connect timeout=15)')))
('Connection aborted.', RemoteDisconnected('Remote end closed connection without response'))
HTTPSConnectionPool(host='t.me', port=443): Max retries exceeded with url: //0?embed=1&mode=tme (Caused by ProxyError('Unable to connect to proxy', OSError('Tunnel connection failed: 400 Bad Request')))
HTTPSConnectionPool(host='t.me', port=443): Max retries exceeded with url: //0?embed=1&mode=tme (Caused by ProxyError('Unable to connect to proxy', NewConnectionError('<urllib3.connection.HTTPSConnection object at 0xe67a0880>: Failed to establish a new connection: [Errno 111] Connection refused')))
HTTPSConnectionPool(host='t.me', port=443): Max retries exceeded with url: //0?embed=1&mode=tme (Caused by ProxyError('Unable to connect to proxy', NewConnectionError('<urllib3.connection.HTTPSConnection object at 0xe8be91d8>: Failed to establish a new connection: [Errno 111] Connection refused')))
HTTPSConnectionPool(host='t.me', port=443): Max retries exceeded with url: //0?embed=1&mode=tme (Caused by ProxyError('Unable to connect to proxy', NewConnectionError('<urllib3.connection.HTTPSConnection object at 0xd7a73b20>: Failed to establish a new connection: [Errno 111] Connection refused')))
('Connection aborted.', ConnectionResetError(104, 'Connection reset by peer'))
HTTPSConnectionPool(host='t.me', port=443): Max retries exceeded with url: //0?embed=1&mode=tme (Caused by ProxyError('Unable to connect to proxy', ConnectTimeoutError(<urllib3.connection.HTTPSConnection object at 0xc275be50>, 'Connection to 162.212.157.238 timed out. (connect timeout=15)')))
HTTPSConnectionPool(host='t.me', port=443): Max retries exceeded with url: //0?embed=1&mode=tme (Caused by ProxyError('Unable to connect to proxy', NewConnectionError('<urllib3.connection.HTTPSConnection object at 0xe1bc80a0>: Failed to establish a new connection: [Errno 111] Connection refused')))
HTTPSConnectionPool(host='t.me', port=443): Read timed out. (read timeout=15)
HTTPSConnectionPool(host='t.me', port=443): Max retries exceeded with url: //0?embed=1&mode=tme (Caused by ProxyError('Unable to connect to proxy', ConnectTimeoutError(<urllib3.connection.HTTPSConnection object at 0xe1bd1c58>, 'Connection to 117.186.232.73 timed out. (connect timeout=15)')))
HTTPSConnectionPool(host='t.me', port=443): Max retries exceeded with url: //0?embed=1&mode=tme (Caused by ProxyError('Unable to connect to proxy', NewConnectionError('<urllib3.connection.HTTPSConnection object at 0xe739a3d0>: Failed to establish a new connection: [Errno 111] Connection refused')))
HTTPSConnectionPool(host='t.me', port=443): Max retries exceeded with url: //0?embed=1&mode=tme (Caused by ProxyError('Unable to connect to proxy', ConnectTimeoutError(<urllib3.connection.HTTPSConnection object at 0xebe6a358>, 'Connection to 117.94.122.150 timed out. (connect timeout=15)')))
HTTPSConnectionPool(host='t.me', port=443): Max retries exceeded with url: //0?embed=1&mode=tme (Caused by ProxyError('Unable to connect to proxy', ConnectTimeoutError(<urllib3.connection.HTTPSConnection object at 0xe1bd1c70>, 'Connection to 117.40.176.42 timed out. (connect timeout=15)')))
HTTPSConnectionPool(host='t.me', port=443): Max retries exceeded with url: //0?embed=1&mode=tme (Caused by ProxyError('Unable to connect to proxy', NewConnectionError('<urllib3.connection.HTTPSConnection object at 0xe67a05f8>: Failed to establish a new connection: [Errno 111] Connection refused')))
HTTPSConnectionPool(host='t.me', port=443): Max retries exceeded with url: //0?embed=1&mode=tme (Caused by ProxyError('Unable to connect to proxy', ConnectTimeoutError(<urllib3.connection.HTTPSConnection object at 0xc3717328>, 'Connection to 158.69.212.254 timed out. (connect timeout=15)')))
HTTPSConnectionPool(host='t.me', port=443): Max retries exceeded with url: //0?embed=1&mode=tme (Caused by ProxyError('Unable to connect to proxy', ConnectTimeoutError(<urllib3.connection.HTTPSConnection object at 0xebd6ee08>, 'Connection to 180.242.248.70 timed out. (connect timeout=15)')))
HTTPSConnectionPool(host='t.me', port=443): Max retries exceeded with url: //0?embed=1&mode=tme (Caused by ProxyError('Unable to connect to proxy', ConnectTimeoutError(<urllib3.connection.HTTPSConnection object at 0xd87760a0>, 'Connection to 156.67.214.232 timed out. (connect timeout=15)')))
HTTPSConnectionPool(host='t.me', port=443): Max retries exceeded with url: //0?embed=1&mode=tme (Caused by ProxyError('Unable to connect to proxy', ConnectTimeoutError(<urllib3.connection.HTTPSConnection object at 0xdc04b2c8>, 'Connection to 167.86.115.218 timed out. (connect timeout=15)')))
HTTPSConnectionPool(host='t.me', port=443): Max retries exceeded with url: //0?embed=1&mode=tme (Caused by ProxyError('Unable to connect to proxy', ConnectTimeoutError(<urllib3.connection.HTTPSConnection object at 0xe4ad5868>, 'Connection to 181.115.67.3 timed out. (connect timeout=15)')))
HTTPSConnectionPool(host='t.me', port=443): Max retries exceeded with url: //0?embed=1&mode=tme (Caused by ProxyError('Unable to connect to proxy', ConnectTimeoutError(<urllib3.connection.HTTPSConnection object at 0xe4ad5f10>, 'Connection to 178.128.200.87 timed out. (connect timeout=15)')))
HTTPSConnectionPool(host='t.me', port=443): Max retries exceeded with url: //0?embed=1&mode=tme (Caused by ProxyError('Unable to connect to proxy', ConnectTimeoutError(<urllib3.connection.HTTPSConnection object at 0xe81a9028>, 'Connection to 179.1.129.37 timed out. (connect timeout=15)')))
HTTPSConnectionPool(host='t.me', port=443): Max retries exceeded with url: //0?embed=1&mode=tme (Caused by ProxyError('Unable to connect to proxy', ConnectTimeoutError(<urllib3.connection.HTTPSConnection object at 0xd8787aa8>, 'Connection to 120.82.174.128 timed out. (connect timeout=15)')))
HTTPSConnectionPool(host='t.me', port=443): Max retries exceeded with url: //0?embed=1&mode=tme (Caused by ProxyError('Unable to connect to proxy', NewConnectionError('<urllib3.connection.HTTPSConnection object at 0xd60c6bc8>: Failed to establish a new connection: [Errno 111] Connection refused')))
HTTPSConnectionPool(host='t.me', port=443): Max retries exceeded with url: //0?embed=1&mode=tme (Caused by ProxyError('Unable to connect to proxy', ConnectTimeoutError(<urllib3.connection.HTTPSConnection object at 0xe67b2550>, 'Connection to 179.53.250.19 timed out. (connect timeout=15)')))
HTTPSConnectionPool(host='t.me', port=443): Max retries exceeded with url: //0?embed=1&mode=tme (Caused by ProxyError('Unable to connect to proxy', ConnectTimeoutError(<urllib3.connection.HTTPSConnection object at 0xc126def8>, 'Connection to 177.93.45.156 timed out. (connect timeout=15)')))
HTTPSConnectionPool(host='t.me', port=443): Max retries exceeded with url: //0?embed=1&mode=tme (Caused by ProxyError('Unable to connect to proxy', ConnectTimeoutError(<urllib3.connection.HTTPSConnection object at 0xd90d87c0>, 'Connection to 192.145.228.226 timed out. (connect timeout=15)')))
HTTPSConnectionPool(host='t.me', port=443): Max retries exceeded with url: //0?embed=1&mode=tme (Caused by ProxyError('Unable to connect to proxy', NewConnectionError('<urllib3.connection.HTTPSConnection object at 0xdebaf100>: Failed to establish a new connection: [Errno 111] Connection refused')))
HTTPSConnectionPool(host='t.me', port=443): Max retries exceeded with url: //0?embed=1&mode=tme (Caused by ProxyError('Unable to connect to proxy', NewConnectionError('<urllib3.connection.HTTPSConnection object at 0xd7a465b0>: Failed to establish a new connection: [Errno 111] Connection refused')))
HTTPSConnectionPool(host='t.me', port=443): Max retries exceeded with url: //0?embed=1&mode=tme (Caused by ProxyError('Unable to connect to proxy', ConnectTimeoutError(<urllib3.connection.HTTPSConnection object at 0xc1ad64d8>, 'Connection to 195.114.209.50 timed out. (connect timeout=15)')))
HTTPSConnectionPool(host='t.me', port=443): Max retries exceeded with url: //0?embed=1&mode=tme (Caused by ProxyError('Unable to connect to proxy', ConnectTimeoutError(<urllib3.connection.HTTPSConnection object at 0xc48baf28>, 'Connection to 202.51.114.210 timed out. (connect timeout=15)')))
HTTPSConnectionPool(host='t.me', port=443): Max retries exceeded with url: //0?embed=1&mode=tme (Caused by ProxyError('Unable to connect to proxy', NewConnectionError('<urllib3.connection.HTTPSConnection object at 0xebea60d0>: Failed to establish a new connection: [Errno 111] Connection refused')))
HTTPSConnectionPool(host='t.me', port=443): Max retries exceeded with url: //0?embed=1&mode=tme (Caused by ProxyError('Unable to connect to proxy', ConnectTimeoutError(<urllib3.connection.HTTPSConnection object at 0xd7031268>, 'Connection to 198.13.42.153 timed out. (connect timeout=15)')))
HTTPSConnectionPool(host='t.me', port=443): Max retries exceeded with url: //0?embed=1&mode=tme (Caused by ProxyError('Unable to connect to proxy', ConnectTimeoutError(<urllib3.connection.HTTPSConnection object at 0xe5a17220>, 'Connection to 34.162.22.200 timed out. (connect timeout=15)')))
HTTPSConnectionPool(host='t.me', port=443): Max retries exceeded with url: //0?embed=1&mode=tme (Caused by ProxyError('Unable to connect to proxy', ConnectTimeoutError(<urllib3.connection.HTTPSConnection object at 0xd7031aa8>, 'Connection to 197.243.67.110 timed out. (connect timeout=15)')))
HTTPSConnectionPool(host='t.me', port=443): Max retries exceeded with url: //0?embed=1&mode=tme (Caused by ProxyError('Unable to connect to proxy', ConnectTimeoutError(<urllib3.connection.HTTPSConnection object at 0xe67b2970>, 'Connection to 34.162.135.2 timed out. (connect timeout=15)')))
HTTPSConnectionPool(host='t.me', port=443): Max retries exceeded with url: //0?embed=1&mode=tme (Caused by ProxyError('Unable to connect to proxy', ConnectTimeoutError(<urllib3.connection.HTTPSConnection object at 0xeac35898>, 'Connection to 34.162.24.17 timed out. (connect timeout=15)')))
HTTPSConnectionPool(host='t.me', port=443): Max retries exceeded with url: //0?embed=1&mode=tme (Caused by ProxyError('Unable to connect to proxy', NewConnectionError('<urllib3.connection.HTTPSConnection object at 0xdcaae3a0>: Failed to establish a new connection: [Errno 111] Connection refused')))
HTTPSConnectionPool(host='t.me', port=443): Max retries exceeded with url: //0?embed=1&mode=tme (Caused by ProxyError('Unable to connect to proxy', ConnectTimeoutError(<urllib3.connection.HTTPSConnection object at 0xeac35d18>, 'Connection to 34.162.59.88 timed out. (connect timeout=15)')))
HTTPSConnectionPool(host='t.me', port=443): Max retries exceeded with url: //0?embed=1&mode=tme (Caused by ProxyError('Unable to connect to proxy', ConnectTimeoutError(<urllib3.connection.HTTPSConnection object at 0xd60f24d8>, 'Connection to 222.243.201.153 timed out. (connect timeout=15)')))
('Connection aborted.', RemoteDisconnected('Remote end closed connection without response'))
HTTPSConnectionPool(host='t.me', port=443): Max retries exceeded with url: //0?embed=1&mode=tme (Caused by ProxyError('Unable to connect to proxy', ConnectTimeoutError(<urllib3.connection.HTTPSConnection object at 0xd7a52568>, 'Connection to 45.70.201.53 timed out. (connect timeout=15)')))
HTTPSConnectionPool(host='t.me', port=443): Max retries exceeded with url: //0?embed=1&mode=tme (Caused by ProxyError('Unable to connect to proxy', NewConnectionError('<urllib3.connection.HTTPSConnection object at 0xe251b130>: Failed to establish a new connection: [Errno 111] Connection refused')))
HTTPSConnectionPool(host='t.me', port=443): Max retries exceeded with url: //0?embed=1&mode=tme (Caused by ProxyError('Unable to connect to proxy', NewConnectionError('<urllib3.connection.HTTPSConnection object at 0xc1ad6ec8>: Failed to establish a new connection: [Errno 113] No route to host')))
HTTPSConnectionPool(host='t.me', port=443): Max retries exceeded with url: //0?embed=1&mode=tme (Caused by ProxyError('Unable to connect to proxy', ConnectTimeoutError(<urllib3.connection.HTTPSConnection object at 0xdb589cd0>, 'Connection to 45.225.185.62 timed out. (connect timeout=15)')))
HTTPSConnectionPool(host='t.me', port=443): Max retries exceeded with url: //0?embed=1&mode=tme (Caused by ProxyError('Unable to connect to proxy', NewConnectionError('<urllib3.connection.HTTPSConnection object at 0xe3e89d00>: Failed to establish a new connection: [Errno 111] Connection refused')))
HTTPSConnectionPool(host='t.me', port=443): Max retries exceeded with url: //0?embed=1&mode=tme (Caused by ProxyError('Unable to connect to proxy', NewConnectionError('<urllib3.connection.HTTPSConnection object at 0xe1bc8298>: Failed to establish a new connection: [Errno 113] No route to host')))
HTTPSConnectionPool(host='t.me', port=443): Max retries exceeded with url: //0?embed=1&mode=tme (Caused by ProxyError('Unable to connect to proxy', NewConnectionError('<urllib3.connection.HTTPSConnection object at 0xebd9cd18>: Failed to establish a new connection: [Errno 111] Connection refused')))
HTTPSConnectionPool(host='t.me', port=443): Max retries exceeded with url: //0?embed=1&mode=tme (Caused by ProxyError('Unable to connect to proxy', OSError('Tunnel connection failed: 400 Bad Request')))
HTTPSConnectionPool(host='t.me', port=443): Max retries exceeded with url: //0?embed=1&mode=tme (Caused by ProxyError('Unable to connect to proxy', NewConnectionError('<urllib3.connection.HTTPSConnection object at 0xe8c198c8>: Failed to establish a new connection: [Errno 111] Connection refused')))
HTTPSConnectionPool(host='t.me', port=443): Max retries exceeded with url: //0?embed=1&mode=tme (Caused by ProxyError('Unable to connect to proxy', NewConnectionError('<urllib3.connection.HTTPSConnection object at 0xe8162118>: Failed to establish a new connection: [Errno 111] Connection refused')))
HTTPSConnectionPool(host='t.me', port=443): Max retries exceeded with url: //0?embed=1&mode=tme (Caused by ProxyError('Unable to connect to proxy', ConnectTimeoutError(<urllib3.connection.HTTPSConnection object at 0xebf7f598>, 'Connection to 85.214.251.15 timed out. (connect timeout=15)')))
HTTPSConnectionPool(host='t.me', port=443): Max retries exceeded with url: //0?embed=1&mode=tme (Caused by ProxyError('Unable to connect to proxy', ConnectTimeoutError(<urllib3.connection.HTTPSConnection object at 0xe81516b8>, 'Connection to 83.238.80.11 timed out. (connect timeout=15)')))
HTTPSConnectionPool(host='t.me', port=443): Read timed out. (read timeout=15)
HTTPSConnectionPool(host='t.me', port=443): Max retries exceeded with url: //0?embed=1&mode=tme (Caused by ProxyError('Unable to connect to proxy', OSError('Tunnel connection failed: 500 Internal Server Error')))
HTTPSConnectionPool(host='t.me', port=443): Max retries exceeded with url: //0?embed=1&mode=tme (Caused by ProxyError('Unable to connect to proxy', ConnectTimeoutError(<urllib3.connection.HTTPSConnection object at 0xc4896b20>, 'Connection to 103.253.127.186 timed out. (connect timeout=15)')))
HTTPSConnectionPool(host='t.me', port=443): Max retries exceeded with url: //0?embed=1&mode=tme (Caused by ProxyError('Unable to connect to proxy', ConnectTimeoutError(<urllib3.connection.HTTPSConnection object at 0xc48965f8>, 'Connection to 103.147.241.3 timed out. (connect timeout=15)')))
HTTPSConnectionPool(host='t.me', port=443): Max retries exceeded with url: //0?embed=1&mode=tme (Caused by ProxyError('Unable to connect to proxy', ConnectTimeoutError(<urllib3.connection.HTTPSConnection object at 0xeb4f8a18>, 'Connection to 69.70.244.34 timed out. (connect timeout=15)')))
HTTPSConnectionPool(host='t.me', port=443): Max retries exceeded with url: //0?embed=1&mode=tme (Caused by ProxyError('Unable to connect to proxy', ConnectTimeoutError(<urllib3.connection.HTTPSConnection object at 0xc48c3568>, 'Connection to 72.169.65.145 timed out. (connect timeout=15)')))
HTTPSConnectionPool(host='t.me', port=443): Max retries exceeded with url: //0?embed=1&mode=tme (Caused by ProxyError('Unable to connect to proxy', NewConnectionError('<urllib3.connection.HTTPSConnection object at 0xe81a92f8>: Failed to establish a new connection: [Errno 111] Connection refused')))
HTTPSConnectionPool(host='t.me', port=443): Max retries exceeded with url: //0?embed=1&mode=tme (Caused by ProxyError('Unable to connect to proxy', ConnectTimeoutError(<urllib3.connection.HTTPSConnection object at 0xe2539f58>, 'Connection to 103.163.13.112 timed out. (connect timeout=15)')))
HTTPSConnectionPool(host='t.me', port=443): Max retries exceeded with url: //0?embed=1&mode=tme (Caused by ProxyError('Unable to connect to proxy', ConnectTimeoutError(<urllib3.connection.HTTPSConnection object at 0xc3717c70>, 'Connection to 103.80.54.132 timed out. (connect timeout=15)')))
HTTPSConnectionPool(host='t.me', port=443): Max retries exceeded with url: //0?embed=1&mode=tme (Caused by ProxyError('Unable to connect to proxy', ConnectTimeoutError(<urllib3.connection.HTTPSConnection object at 0xe2539988>, 'Connection to 103.146.17.241 timed out. (connect timeout=15)')))
HTTPSConnectionPool(host='t.me', port=443): Max retries exceeded with url: //0?embed=1&mode=tme (Caused by ProxyError('Unable to connect to proxy', NewConnectionError('<urllib3.connection.HTTPSConnection object at 0xebd9ca00>: Failed to establish a new connection: [Errno 111] Connection refused')))
HTTPSConnectionPool(host='t.me', port=443): Max retries exceeded with url: //0?embed=1&mode=tme (Caused by ProxyError('Unable to connect to proxy', ConnectTimeoutError(<urllib3.connection.HTTPSConnection object at 0xeb4f8fa0>, 'Connection to 103.105.196.130 timed out. (connect timeout=15)')))
('Connection aborted.', RemoteDisconnected('Remote end closed connection without response'))
('Connection aborted.', ConnectionResetError(104, 'Connection reset by peer'))
HTTPSConnectionPool(host='t.me', port=443): Max retries exceeded with url: //0?embed=1&mode=tme (Caused by ProxyError('Unable to connect to proxy', ConnectTimeoutError(<urllib3.connection.HTTPSConnection object at 0xdcab90b8>, 'Connection to 117.54.114.102 timed out. (connect timeout=15)')))
HTTPSConnectionPool(host='t.me', port=443): Max retries exceeded with url: //0?embed=1&mode=tme (Caused by ProxyError('Unable to connect to proxy', ConnectTimeoutError(<urllib3.connection.HTTPSConnection object at 0xeac35a18>, 'Connection to 119.110.73.226 timed out. (connect timeout=15)')))
HTTPSConnectionPool(host='t.me', port=443): Max retries exceeded with url: //0?embed=1&mode=tme (Caused by ProxyError('Unable to connect to proxy', ConnectTimeoutError(<urllib3.connection.HTTPSConnection object at 0xeac35e38>, 'Connection to 117.94.122.175 timed out. (connect timeout=15)')))
HTTPSConnectionPool(host='t.me', port=443): Max retries exceeded with url: //0?embed=1&mode=tme (Caused by ProxyError('Unable to connect to proxy', OSError('Tunnel connection failed: 400 Bad Request')))
HTTPSConnectionPool(host='t.me', port=443): Max retries exceeded with url: //0?embed=1&mode=tme (Caused by ProxyError('Unable to connect to proxy', ConnectTimeoutError(<urllib3.connection.HTTPSConnection object at 0xe5a17f88>, 'Connection to 158.140.191.136 timed out. (connect timeout=15)')))
HTTPSConnectionPool(host='t.me', port=443): Max retries exceeded with url: //0?embed=1&mode=tme (Caused by ProxyError('Unable to connect to proxy', ConnectTimeoutError(<urllib3.connection.HTTPSConnection object at 0xe81db0e8>, 'Connection to 170.246.85.107 timed out. (connect timeout=15)')))
HTTPSConnectionPool(host='t.me', port=443): Max retries exceeded with url: //0?embed=1&mode=tme (Caused by ProxyError('Unable to connect to proxy', NewConnectionError('<urllib3.connection.HTTPSConnection object at 0xe3ea29d0>: Failed to establish a new connection: [Errno 111] Connection refused')))
HTTPSConnectionPool(host='t.me', port=443): Max retries exceeded with url: //0?embed=1&mode=tme (Caused by ProxyError('Unable to connect to proxy', ConnectTimeoutError(<urllib3.connection.HTTPSConnection object at 0xbd5f74c0>, 'Connection to 181.224.205.18 timed out. (connect timeout=15)')))
HTTPSConnectionPool(host='t.me', port=443): Max retries exceeded with url: //0?embed=1&mode=tme (Caused by ProxyError('Unable to connect to proxy', OSError('Tunnel connection failed: 400 Bad Request')))
HTTPSConnectionPool(host='t.me', port=443): Max retries exceeded with url: //0?embed=1&mode=tme (Caused by ProxyError('Unable to connect to proxy', NewConnectionError('<urllib3.connection.HTTPSConnection object at 0xeb4e97d8>: Failed to establish a new connection: [Errno 111] Connection refused')))
HTTPSConnectionPool(host='t.me', port=443): Max retries exceeded with url: //0?embed=1&mode=tme (Caused by ProxyError('Unable to connect to proxy', ConnectTimeoutError(<urllib3.connection.HTTPSConnection object at 0xdebaf250>, 'Connection to 179.1.85.210 timed out. (connect timeout=15)')))
HTTPSConnectionPool(host='t.me', port=443): Max retries exceeded with url: //0?embed=1&mode=tme (Caused by ProxyError('Unable to connect to proxy', ConnectTimeoutError(<urllib3.connection.HTTPSConnection object at 0xc2774748>, 'Connection to 157.100.56.94 timed out. (connect timeout=15)')))
HTTPSConnectionPool(host='t.me', port=443): Max retries exceeded with url: //0?embed=1&mode=tme (Caused by ProxyError('Unable to connect to proxy', NewConnectionError('<urllib3.connection.HTTPSConnection object at 0xbecd0a60>: Failed to establish a new connection: [Errno 111] Connection refused')))
HTTPSConnectionPool(host='t.me', port=443): Max retries exceeded with url: //0?embed=1&mode=tme (Caused by ProxyError('Unable to connect to proxy', ConnectTimeoutError(<urllib3.connection.HTTPSConnection object at 0xda937550>, 'Connection to 181.78.83.210 timed out. (connect timeout=15)')))
HTTPSConnectionPool(host='t.me', port=443): Max retries exceeded with url: //0?embed=1&mode=tme (Caused by ProxyError('Unable to connect to proxy', ConnectTimeoutError(<urllib3.connection.HTTPSConnection object at 0xe33ea538>, 'Connection to 180.191.23.221 timed out. (connect timeout=15)')))
HTTPSConnectionPool(host='t.me', port=443): Max retries exceeded with url: //0?embed=1&mode=tme (Caused by ProxyError('Unable to connect to proxy', ConnectTimeoutError(<urllib3.connection.HTTPSConnection object at 0xdf7da610>, 'Connection to 179.53.239.155 timed out. (connect timeout=15)')))
tionPool(host='t.me', port=443): Max retries exceeded with url: //0?embed=1&mode=tme (Caused by ProxyError('Unable to connect to proxy', ConnectTimeoutError(<urllib3.connection.HTTPSConnection object at 0xe67b2550>, 'Connection to 179.53.250.19 timed out. (connect timeout=15)')))
            HTTPSConnectionPool(host='t.me', port=443): Max retries exceeded with url: //0?embed=1&mode=tme (Caused by ProxyError('Unable to connect to proxy', ConnectTimeoutError(<urllib3.connection.HTTPSConnection object at 0xc36faac0>, 'Connection to 181.205.241.227 timed out. (connect timeout=15)')))
HTTPSConnectionPool(host='t.me', port=443): Max retries exceeded with url: //0?embed=1&mode=tme (Caused by ProxyError('Unable to connect to proxy', ConnectTimeoutError(<urllib3.connection.HTTPSConnection object at 0xd90d5700>, 'Connection to 181.39.35.3 timed out. (connect timeout=15)')))
HTTPSConnectionPool(host='t.me', port=443): Max retries exceeded with url: //0?embed=1&mode=tme (Caused by ProxyError('Unable to connect to proxy', NewConnectionError('<urllib3.connection.HTTPSConnection object at 0xeb4cf628>: Failed to establish a new connection: [Errno 111] Connection refused')))
HTTPSConnectionPool(host='t.me', port=443): Max retries exceeded with url: //0?embed=1&mode=tme (Caused by ProxyError('Unable to connect to proxy', NewConnectionError('<urllib3.connection.HTTPSConnection object at 0xea3130d0>: Failed to establish a new connection: [Errno 111] Connection refused')))
HTTPSConnectionPool(host='t.me', port=443): Max retries exceeded with url: //0?embed=1&mode=tme (Caused by ProxyError('Unable to connect to proxy', NewConnectionError('<urllib3.connection.HTTPSConnection object at 0xbecd0fa0>: Failed to establish a new connection: [Errno 113] No route to host')))
HTTPSConnectionPool(host='t.me', port=443): Max retries exceeded with url: //0?embed=1&mode=tme (Caused by ProxyError('Unable to connect to proxy', ConnectTimeoutError(<urllib3.connection.HTTPSConnection object at 0xdeb81490>, 'Connection to 195.15.215.146 timed out. (connect timeout=15)')))
HTTPSConnectionPool(host='t.me', port=443): Max retries exceeded with url: //0?embed=1&mode=tme (Caused by ProxyError('Unable to connect to proxy', ConnectTimeoutError(<urllib3.connection.HTTPSConnection object at 0xc3701fd0>, 'Connection to 37.148.217.234 timed out. (connect timeout=15)')))
HTTPSConnectionPool(host='t.me', port=443): Max retries exceeded with url: //0?embed=1&mode=tme (Caused by ProxyError('Unable to connect to proxy', ConnectTimeoutError(<urllib3.connection.HTTPSConnection object at 0xeb4e9058>, 'Connection to 34.162.63.141 timed out. (connect timeout=15)')))
HTTPSConnectionPool(host='t.me', port=443): Max retries exceeded with url: //0?embed=1&mode=tme (Caused by ProxyError('Unable to connect to proxy', ConnectTimeoutError(<urllib3.connection.HTTPSConnection object at 0xc489f5c8>, 'Connection to 20.219.137.240 timed out. (connect timeout=15)')))
HTTPSConnectionPool(host='t.me', port=443): Max retries exceeded with url: //0?embed=1&mode=tme (Caused by ProxyError('Unable to connect to proxy', ConnectTimeoutError(<urllib3.connection.HTTPSConnection object at 0xc48a55c8>, 'Connection to 196.11.183.216 timed out. (connect timeout=15)')))
HTTPSConnectionPool(host='t.me', port=443): Max retries exceeded with url: //0?embed=1&mode=tme (Caused by ProxyError('Unable to connect to proxy', ConnectTimeoutError(<urllib3.connection.HTTPSConnection object at 0xc37297f0>, 'Connection to 221.230.216.54 timed out. (connect timeout=15)')))
('Connection aborted.', ConnectionResetError(104, 'Connection reset by peer'))
HTTPSConnectionPool(host='t.me', port=443): Max retries exceeded with url: //0?embed=1&mode=tme (Caused by ProxyError('Unable to connect to proxy', ConnectTimeoutError(<urllib3.connection.HTTPSConnection object at 0xeaa6eac0>, 'Connection to 223.215.176.37 timed out. (connect timeout=15)')))
HTTPSConnectionPool(host='t.me', port=443): Max retries exceeded with url: //0?embed=1&mode=tme (Caused by ProxyError('Unable to connect to proxy', ConnectTimeoutError(<urllib3.connection.HTTPSConnection object at 0xc48c31a8>, 'Connection to 45.4.201.92 timed out. (connect timeout=15)')))
HTTPSConnectionPool(host='t.me', port=443): Max retries exceeded with url: //0?embed=1&mode=tme (Caused by ProxyError('Unable to connect to proxy', ConnectTimeoutError(<urllib3.connection.HTTPSConnection object at 0xc1b00b68>, 'Connection to 45.4.202.126 timed out. (connect timeout=15)')))
HTTPSConnectionPool(host='t.me', port=443): Read timed out. (read timeout=15)
HTTPSConnectionPool(host='t.me', port=443): Max retries exceeded with url: //0?embed=1&mode=tme (Caused by ProxyError('Unable to connect to proxy', OSError('Tunnel connection failed: 407 Proxy Authentication Required')))
HTTPSConnectionPool(host='t.me', port=443): Max retries exceeded with url: //0?embed=1&mode=tme (Caused by ProxyError('Unable to connect to proxy', ConnectTimeoutError(<urllib3.connection.HTTPSConnection object at 0xebe97c10>, 'Connection to 103.167.71.38 timed out. (connect timeout=15)')))
HTTPSConnectionPool(host='t.me', port=443): Max retries exceeded with url: //0?embed=1&mode=tme (Caused by ProxyError('Unable to connect to proxy', ConnectTimeoutError(<urllib3.connection.HTTPSConnection object at 0xe5a23e38>, 'Connection to 88.250.47.51 timed out. (connect timeout=15)')))
HTTPSConnectionPool(host='t.me', port=443): Max retries exceeded with url: //0?embed=1&mode=tme (Caused by ProxyError('Unable to connect to proxy', ConnectTimeoutError(<urllib3.connection.HTTPSConnection object at 0xe3e91e98>, 'Connection to 45.71.169.145 timed out. (connect timeout=15)')))
HTTPSConnectionPool(host='t.me', port=443): Max retries exceeded with url: //0?embed=1&mode=tme (Caused by ProxyError('Unable to connect to proxy', ConnectTimeoutError(<urllib3.connection.HTTPSConnection object at 0xc1b00dc0>, 'Connection to 34.162.53.144 timed out. (connect timeout=15)')))
HTTPSConnectionPool(host='t.me', port=443): Max retries exceeded with url: //0?embed=1&mode=tme (Caused by ProxyError('Unable to connect to proxy', ConnectTimeoutError(<urllib3.connection.HTTPSConnection object at 0xc1ae2478>, 'Connection to 123.245.249.5 timed out. (connect timeout=15)')))
HTTPSConnectionPool(host='t.me', port=443): Max retries exceeded with url: //0?embed=1&mode=tme (Caused by ProxyError('Unable to connect to proxy', OSError('Tunnel connection failed: 503 Service Temporarily Unavailable')))
HTTPSConnectionPool(host='t.me', port=443): Max retries exceeded with url: //0?embed=1&mode=tme (Caused by ProxyError('Unable to connect to proxy', NewConnectionError('<urllib3.connection.HTTPSConnection object at 0xea2792c8>: Failed to establish a new connection: [Errno 111] Connection refused')))
HTTPSConnectionPool(host='t.me', port=443): Max retries exceeded with url: //0?embed=1&mode=tme (Caused by ProxyError('Unable to connect to proxy', NewConnectionError('<urllib3.connection.HTTPSConnection object at 0xea280a30>: Failed to establish a new connection: [Errno 111] Connection refused')))
HTTPSConnectionPool(host='t.me', port=443): Max retries exceeded with url: //0?embed=1&mode=tme (Caused by ProxyError('Unable to connect to proxy', ConnectTimeoutError(<urllib3.connection.HTTPSConnection object at 0xc48a5bf8>, 'Connection to 34.162.67.130 timed out. (connect timeout=15)')))
('Connection aborted.', RemoteDisconnected('Remote end closed connection without response'))
HTTPSConnectionPool(host='t.me', port=443): Max retries exceeded with url: //0?embed=1&mode=tme (Caused by SSLError(SSLError(1, '[SSL: WRONG_VERSION_NUMBER] wrong version number (_ssl.c:1129)')))
HTTPSConnectionPool(host='t.me', port=443): Max retries exceeded with url: //0?embed=1&mode=tme (Caused by ProxyError('Unable to connect to proxy', ConnectTimeoutError(<urllib3.connection.HTTPSConnection object at 0xc1aef550>, 'Connection to 170.39.30.129 timed out. (connect timeout=15)')))
HTTPSConnectionPool(host='t.me', port=443): Max retries exceeded with url: //0?embed=1&mode=tme (Caused by ProxyError('Unable to connect to proxy', ConnectTimeoutError(<urllib3.connection.HTTPSConnection object at 0xc1ad6b80>, 'Connection to 103.155.197.49 timed out. (connect timeout=15)')))
HTTPSConnectionPool(host='t.me', port=443): Max retries exceeded with url: //0?embed=1&mode=tme (Caused by ProxyError('Unable to connect to proxy', ConnectTimeoutError(<urllib3.connection.HTTPSConnection object at 0xe3e77538>, 'Connection to 117.94.121.29 timed out. (connect timeout=15)')))
HTTPSConnectionPool(host='t.me', port=443): Max retries exceeded with url: //0?embed=1&mode=tme (Caused by ProxyError('Unable to connect to proxy', ConnectTimeoutError(<urllib3.connection.HTTPSConnection object at 0xbbde8490>, 'Connection to 5.180.254.9 timed out. (connect timeout=15)')))
HTTPSConnectionPool(host='t.me', port=443): Max retries exceeded with url: //0?embed=1&mode=tme (Caused by ProxyError('Unable to connect to proxy', ConnectTimeoutError(<urllib3.connection.HTTPSConnection object at 0xc489f928>, 'Connection to 85.50.139.97 timed out. (connect timeout=15)')))
HTTPSConnectionPool(host='t.me', port=443): Read timed out. (read timeout=15)
HTTPSConnectionPool(host='t.me', port=443): Max retries exceeded with url: //0?embed=1&mode=tme (Caused by ProxyError('Unable to connect to proxy', ConnectTimeoutError(<urllib3.connection.HTTPSConnection object at 0xc48ba580>, 'Connection to 120.35.200.44 timed out. (connect timeout=15)')))
HTTPSConnectionPool(host='t.me', port=443): Max retries exceeded with url: //0?embed=1&mode=tme (Caused by ProxyError('Unable to connect to proxy', ConnectTimeoutError(<urllib3.connection.HTTPSConnection object at 0xc48b2d60>, 'Connection to 119.179.232.219 timed out. (connect timeout=15)')))
HTTPSConnectionPool(host='t.me', port=443): Max retries exceeded with url: //0?embed=1&mode=tme (Caused by ProxyError('Unable to connect to proxy', ConnectTimeoutError(<urllib3.connection.HTTPSConnection object at 0xd9d255e0>, 'Connection to 119.17.42.150 timed out. (connect timeout=15)')))
HTTPSConnectionPool(host='t.me', port=443): Max retries exceeded with url: //0?embed=1&mode=tme (Caused by ProxyError('Unable to connect to proxy', ConnectTimeoutError(<urllib3.connection.HTTPSConnection object at 0xd7031688>, 'Connection to 49.70.89.246 timed out. (connect timeout=15)')))
HTTPSConnectionPool(host='t.me', port=443): Max retries exceeded with url: //0?embed=1&mode=tme (Caused by ProxyError('Unable to connect to proxy', ConnectTimeoutError(<urllib3.connection.HTTPSConnection object at 0xdcac74d8>, 'Connection to 123.138.214.150 timed out. (connect timeout=15)')))
HTTPSConnectionPool(host='t.me', port=443): Max retries exceeded with url: //0?embed=1&mode=tme (Caused by ProxyError('Unable to connect to proxy', ConnectTimeoutError(<urllib3.connection.HTTPSConnection object at 0xe8b7f5c8>, 'Connection to 168.90.13.162 timed out. (connect timeout=15)')))
HTTPSConnectionPool(host='t.me', port=443): Max retries exceeded with url: //0?embed=1&mode=tme (Caused by ProxyError('Unable to connect to proxy', ConnectTimeoutError(<urllib3.connection.HTTPSConnection object at 0xc125e1d8>, 'Connection to 182.253.40.205 timed out. (connect timeout=15)')))
HTTPSConnectionPool(host='t.me', port=443): Max retries exceeded with url: //0?embed=1&mode=tme (Caused by ProxyError('Unable to connect to proxy', OSError('Tunnel connection failed: 400 Bad Request')))
HTTPSConnectionPool(host='t.me', port=443): Max retries exceeded with url: //0?embed=1&mode=tme (Caused by ProxyError('Unable to connect to proxy', ConnectTimeoutError(<urllib3.connection.HTTPSConnection object at 0xeaf724f0>, 'Connection to 80.63.84.58 timed out. (connect timeout=15)')))
HTTPSConnectionPool(host='t.me', port=443): Read timed out. (read timeout=15)
HTTPSConnectionPool(host='t.me', port=443): Max retries exceeded with url: //0?embed=1&mode=tme (Caused by ProxyError('Unable to connect to proxy', ConnectTimeoutError(<urllib3.connection.HTTPSConnection object at 0xbbdd9d90>, 'Connection to 164.92.105.75 timed out. (connect timeout=15)')))
HTTPSConnectionPool(host='t.me', port=443): Max retries exceeded with url: //0?embed=1&mode=tme (Caused by ProxyError('Unable to connect to proxy', ConnectTimeoutError(<urllib3.connection.HTTPSConnection object at 0xea9d2a00>, 'Connection to 180.242.248.99 timed out. (connect timeout=15)')))
HTTPSConnectionPool(host='t.me', port=443): Max retries exceeded with url: //0?embed=1&mode=tme (Caused by ProxyError('Unable to connect to proxy', ConnectTimeoutError(<urllib3.connection.HTTPSConnection object at 0xeaa22088>, 'Connection to 181.39.101.117 timed out. (connect timeout=15)')))
HTTPSConnectionPool(host='t.me', port=443): Max retries exceeded with url: //0?embed=1&mode=tme (Caused by ProxyError('Unable to connect to proxy', ConnectTimeoutError(<urllib3.connection.HTTPSConnection object at 0xbbdbba18>, 'Connection to 179.0.43.45 timed out. (connect timeout=15)')))
HTTPSConnectionPool(host='t.me', port=443): Max retries exceeded with url: //0?embed=1&mode=tme (Caused by ProxyError('Unable to connect to proxy', ConnectTimeoutError(<urllib3.connection.HTTPSConnection object at 0xea9c9460>, 'Connection to 179.107.54.27 timed out. (connect timeout=15)')))
HTTPSConnectionPool(host='t.me', port=443): Max retries exceeded with url: //0?embed=1&mode=tme (Caused by ProxyError('Unable to connect to proxy', ConnectTimeoutError(<urllib3.connection.HTTPSConnection object at 0xea9b9af0>, 'Connection to 78.110.120.182 timed out. (connect timeout=15)')))
HTTPSConnectionPool(host='t.me', port=443): Max retries exceeded with url: //0?embed=1&mode=tme (Caused by ProxyError('Unable to connect to proxy', ConnectTimeoutError(<urllib3.connection.HTTPSConnection object at 0xea9991f0>, 'Connection to 202.168.69.227 timed out. (connect timeout=15)')))
HTTPSConnectionPool(host='t.me', port=443): Max retries exceeded with url: //0?embed=1&mode=tme (Caused by ProxyError('Unable to connect to proxy', ConnectTimeoutError(<urllib3.connection.HTTPSConnection object at 0xea8d53b8>, 'Connection to 201.77.108.149 timed out. (connect timeout=15)')))
HTTPSConnectionPool(host='t.me', port=443): Read timed out. (read timeout=15)
HTTPSConnectionPool(host='t.me', port=443): Max retries exceeded with url: //0?embed=1&mode=tme (Caused by ProxyError('Unable to connect to proxy', ConnectTimeoutError(<urllib3.connection.HTTPSConnection object at 0xdb589fe8>, 'Connection to 118.69.134.0 timed out. (connect timeout=15)')))
HTTPSConnectionPool(host='t.me', port=443): Max retries exceeded with url: //0?embed=1&mode=tme (Caused by ProxyError('Unable to connect to proxy', ConnectTimeoutError(<urllib3.connection.HTTPSConnection object at 0xea8e69e8>, 'Connection to 36.64.195.242 timed out. (connect timeout=15)')))
HTTPSConnectionPool(host='t.me', port=443): Max retries exceeded with url: //0?embed=1&mode=tme (Caused by ProxyError('Unable to connect to proxy', ConnectTimeoutError(<urllib3.connection.HTTPSConnection object at 0xea8d5c28>, 'Connection to 2.83.198.171 timed out. (connect timeout=15)')))
HTTPSConnectionPool(host='t.me', port=443): Max retries exceeded with url: //0?embed=1&mode=tme (Caused by ProxyError('Unable to connect to proxy', ConnectTimeoutError(<urllib3.connection.HTTPSConnection object at 0xea8e6e38>, 'Connection to 37.210.37.129 timed out. (connect timeout=15)')))
('Connection aborted.', RemoteDisconnected('Remote end closed connection without response'))
HTTPSConnectionPool(host='t.me', port=443): Max retries exceeded with url: //0?embed=1&mode=tme (Caused by ProxyError('Unable to connect to proxy', ConnectTimeoutError(<urllib3.connection.HTTPSConnection object at 0xea894b50>, 'Connection to 34.85.155.119 timed out. (connect timeout=15)')))
HTTPSConnectionPool(host='t.me', port=443): Max retries exceeded with url: //0?embed=1&mode=tme (Caused by ProxyError('Unable to connect to proxy', NewConnectionError('<urllib3.connection.HTTPSConnection object at 0xea239868>: Failed to establish a new connection: [Errno 111] Connection refused')))
HTTPSConnectionPool(host='t.me', port=443): Max retries exceeded with url: //0?embed=1&mode=tme (Caused by ProxyError('Unable to connect to proxy', ConnectTimeoutError(<urllib3.connection.HTTPSConnection object at 0xea84d4a8>, 'Connection to 38.51.235.212 timed out. (connect timeout=15)')))
HTTPSConnectionPool(host='t.me', port=443): Max retries exceeded with url: //0?embed=1&mode=tme (Caused by ProxyError('Unable to connect to proxy', NewConnectionError('<urllib3.connection.HTTPSConnection object at 0xea239f10>: Failed to establish a new connection: [Errno 111] Connection refused')))
HTTPSConnectionPool(host='t.me', port=443): Max retries exceeded with url: //0?embed=1&mode=tme (Caused by ProxyError('Unable to connect to proxy', NewConnectionError('<urllib3.connection.HTTPSConnection object at 0xea2794a8>: Failed to establish a new connection: [Errno 111] Connection refused')))
HTTPSConnectionPool(host='t.me', port=443): Max retries exceeded with url: //0?embed=1&mode=tme (Caused by ProxyError('Unable to connect to proxy', OSError('Tunnel connection failed: 400 Bad Request')))
HTTPSConnectionPool(host='t.me', port=443): Max retries exceeded with url: //0?embed=1&mode=tme (Caused by ProxyError('Unable to connect to proxy', NewConnectionError('<urllib3.connection.HTTPSConnection object at 0xea247148>: Failed to establish a new connection: [Errno 111] Connection refused')))
HTTPSConnectionPool(host='t.me', port=443): Max retries exceeded with url: //0?embed=1&mode=tme (Caused by ProxyError('Unable to connect to proxy', NewConnectionError('<urllib3.connection.HTTPSConnection object at 0xdd619730>: Failed to establish a new connection: [Errno 111] Connection refused')))
HTTPSConnectionPool(host='t.me', port=443): Max retries exceeded with url: //0?embed=1&mode=tme (Caused by ProxyError('Unable to connect to proxy', ConnectTimeoutError(<urllib3.connection.HTTPSConnection object at 0xea9d2658>, 'Connection to 23.131.56.171 timed out. (connect timeout=15)')))
HTTPSConnectionPool(host='t.me', port=443): Max retries exceeded with url: //0?embed=1&mode=tme (Caused by ProxyError('Unable to connect to proxy', ConnectTimeoutError(<urllib3.connection.HTTPSConnection object at 0xea80d910>, 'Connection to 223.215.177.196 timed out. (connect timeout=15)')))
HTTPSConnectionPool(host='t.me', port=443): Max retries exceeded with url: //0?embed=1&mode=tme (Caused by ProxyError('Unable to connect to proxy', ConnectTimeoutError(<urllib3.connection.HTTPSConnection object at 0xea7c5568>, 'Connection to 45.5.118.43 timed out. (connect timeout=15)')))
('Connection aborted.', RemoteDisconnected('Remote end closed connection without response'))
HTTPSConnectionPool(host='t.me', port=443): Max retries exceeded with url: //0?embed=1&mode=tme (Caused by ProxyError('Unable to connect to proxy', NewConnectionError('<urllib3.connection.HTTPSConnection object at 0xeac35a78>: Failed to establish a new connection: [Errno 111] Connection refused')))
HTTPSConnectionPool(host='t.me', port=443): Max retries exceeded with url: //0?embed=1&mode=tme (Caused by ProxyError('Unable to connect to proxy', NewConnectionError('<urllib3.connection.HTTPSConnection object at 0xea9991a8>: Failed to establish a new connection: [Errno 111] Connection refused')))
HTTPSConnectionPool(host='t.me', port=443): Max retries exceeded with url: //0?embed=1&mode=tme (Caused by ProxyError('Unable to connect to proxy', ConnectTimeoutError(<urllib3.connection.HTTPSConnection object at 0xea731070>, 'Connection to 5.165.6.188 timed out. (connect timeout=15)')))
('Connection aborted.', ConnectionResetError(104, 'Connection reset by peer'))
HTTPSConnectionPool(host='t.me', port=443): Max retries exceeded with url: //0?embed=1&mode=tme (Caused by SSLError(SSLError(1, '[SSL: WRONG_VERSION_NUMBER] wrong version number (_ssl.c:1129)')))
HTTPSConnectionPool(host='t.me', port=443): Max retries exceeded with url: //0?embed=1&mode=tme (Caused by ProxyError('Unable to connect to proxy', ConnectTimeoutError(<urllib3.connection.HTTPSConnection object at 0xd7022250>, 'Connection to 46.160.209.155 timed out. (connect timeout=15)')))
('Connection aborted.', RemoteDisconnected('Remote end closed connection without response'))
HTTPSConnectionPool(host='t.me', port=443): Max retries exceeded with url: //0?embed=1&mode=tme (Caused by ProxyError('Unable to connect to proxy', ConnectTimeoutError(<urllib3.connection.HTTPSConnection object at 0xc127a238>, 'Connection to 103.159.46.34 timed out. (connect timeout=15)')))
HTTPSConnectionPool(host='t.me', port=443): Max retries exceeded with url: //0?embed=1&mode=tme (Caused by ProxyError('Unable to connect to proxy', ConnectTimeoutError(<urllib3.connection.HTTPSConnection object at 0xea63d9b8>, 'Connection to 110.238.111.229 timed out. (connect timeout=15)')))
HTTPSConnectionPool(host='t.me', port=443): Max retries exceeded with url: //0?embed=1&mode=tme (Caused by ProxyError('Unable to connect to proxy', ConnectTimeoutError(<urllib3.connection.HTTPSConnection object at 0xea63d5f8>, 'Connection to 103.156.17.151 timed out. (connect timeout=15)')))
HTTPSConnectionPool(host='t.me', port=443): Max retries exceeded with url: //0?embed=1&mode=tme (Caused by ProxyError('Unable to connect to proxy', ConnectTimeoutError(<urllib3.connection.HTTPSConnection object at 0xea63d898>, 'Connection to 109.201.14.82 timed out. (connect timeout=15)')))
('Connection aborted.', ConnectionResetError(104, 'Connection reset by peer'))
HTTPSConnectionPool(host='t.me', port=443): Max retries exceeded with url: //0?embed=1&mode=tme (Caused by ProxyError('Unable to connect to proxy', NewConnectionError('<urllib3.connection.HTTPSConnection object at 0xea80dcd0>: Failed to establish a new connection: [Errno 111] Connection refused')))
HTTPSConnectionPool(host='t.me', port=443): Max retries exceeded with url: //0?embed=1&mode=tme (Caused by ProxyError('Unable to connect to proxy', ConnectTimeoutError(<urllib3.connection.HTTPSConnection object at 0xbe16d3e8>, 'Connection to 103.15.140.121 timed out. (connect timeout=15)')))
HTTPSConnectionPool(host='t.me', port=443): Max retries exceeded with url: //0?embed=1&mode=tme (Caused by ProxyError('Unable to connect to proxy', ConnectTimeoutError(<urllib3.connection.HTTPSConnection object at 0xea698af0>, 'Connection to 142.44.210.174 timed out. (connect timeout=15)')))
HTTPSConnectionPool(host='t.me', port=443): Max retries exceeded with url: //0?embed=1&mode=tme (Caused by ProxyError('Unable to connect to proxy', ConnectTimeoutError(<urllib3.connection.HTTPSConnection object at 0xbecfc6e8>, 'Connection to 124.167.20.48 timed out. (connect timeout=15)')))
HTTPSConnectionPool(host='t.me', port=443): Max retries exceeded with url: //0?embed=1&mode=tme (Caused by ProxyError('Unable to connect to proxy', NewConnectionError('<urllib3.connection.HTTPSConnection object at 0xbc850100>: Failed to establish a new connection: [Errno 111] Connection refused')))
('Connection aborted.', ConnectionResetError(104, 'Connection reset by peer'))
('Connection aborted.', ConnectionResetError(104, 'Connection reset by peer'))
HTTPSConnectionPool(host='t.me', port=443): Max retries exceeded with url: //0?embed=1&mode=tme (Caused by ProxyError('Unable to connect to proxy', OSError('Tunnel connection failed: 400 Bad Request')))
('Connection aborted.', RemoteDisconnected('Remote end closed connection without response'))
HTTPSConnectionPool(host='t.me', port=443): Max retries exceeded with url: //0?embed=1&mode=tme (Caused by ProxyError('Unable to connect to proxy', NewConnectionError('<urllib3.connection.HTTPSConnection object at 0xea17c040>: Failed to establish a new connection: [Errno 111] Connection refused')))
HTTPSConnectionPool(host='t.me', port=443): Max retries exceeded with url: //0?embed=1&mode=tme (Caused by ProxyError('Unable to connect to proxy', NewConnectionError('<urllib3.connection.HTTPSConnection object at 0xe1bc2358>: Failed to establish a new connection: [Errno 113] No route to host')))
HTTPSConnectionPool(host='t.me', port=443): Max retries exceeded with url: //0?embed=1&mode=tme (Caused by ProxyError('Unable to connect to proxy', NewConnectionError('<urllib3.connection.HTTPSConnection object at 0xea147628>: Failed to establish a new connection: [Errno 111] Connection refused')))
HTTPSConnectionPool(host='t.me', port=443): Max retries exceeded with url: //0?embed=1&mode=tme (Caused by ProxyError('Unable to connect to proxy', NewConnectionError('<urllib3.connection.HTTPSConnection object at 0xea698ac0>: Failed to establish a new connection: [Errno 111] Connection refused')))
HTTPSConnectionPool(host='t.me', port=443): Max retries exceeded with url: //0?embed=1&mode=tme (Caused by ProxyError('Unable to connect to proxy', ConnectTimeoutError(<urllib3.connection.HTTPSConnection object at 0xea667ef8>, 'Connection to 121.230.210.254 timed out. (connect timeout=15)')))
HTTPSConnectionPool(host='t.me', port=443): Max retries exceeded with url: //0?embed=1&mode=tme (Caused by ProxyError('Unable to connect to proxy', NewConnectionError('<urllib3.connection.HTTPSConnection object at 0xea123b20>: Failed to establish a new connection: [Errno 111] Connection refused')))
HTTPSConnectionPool(host='t.me', port=443): Max retries exceeded with url: //0?embed=1&mode=tme (Caused by ProxyError('Unable to connect to proxy', OSError('Tunnel connection failed: 400 Bad Request')))
HTTPSConnectionPool(host='t.me', port=443): Max retries exceeded with url: //0?embed=1&mode=tme (Caused by ProxyError('Unable to connect to proxy', ConnectTimeoutError(<urllib3.connection.HTTPSConnection object at 0xc127a670>, 'Connection to 75.89.101.62 timed out. (connect timeout=15)')))
('Connection aborted.', ConnectionResetError(104, 'Connection reset by peer'))
HTTPSConnectionPool(host='t.me', port=443): Max retries exceeded with url: //0?embed=1&mode=tme (Caused by ProxyError('Unable to connect to proxy', ConnectTimeoutError(<urllib3.connection.HTTPSConnection object at 0xc371f838>, 'Connection to 120.79.53.225 timed out. (connect timeout=15)')))
HTTPSConnectionPool(host='t.me', port=443): Max retries exceeded with url: //0?embed=1&mode=tme (Caused by ProxyError('Unable to connect to proxy', ConnectTimeoutError(<urllib3.connection.HTTPSConnection object at 0xc48cbe38>, 'Connection to 118.70.12.171 timed out. (connect timeout=15)')))
HTTPSConnectionPool(host='t.me', port=443): Max retries exceeded with url: //0?embed=1&mode=tme (Caused by ProxyError('Unable to connect to proxy', ConnectTimeoutError(<urllib3.connection.HTTPSConnection object at 0xc371f730>, 'Connection to 88.99.249.96 timed out. (connect timeout=15)')))
HTTPSConnectionPool(host='t.me', port=443): Max retries exceeded with url: //0?embed=1&mode=tme (Caused by ProxyError('Unable to connect to proxy', ConnectTimeoutError(<urllib3.connection.HTTPSConnection object at 0xea63d4c0>, 'Connection to 182.16.171.42 timed out. (connect timeout=15)')))
HTTPSConnectionPool(host='t.me', port=443): Max retries exceeded with url: //0?embed=1&mode=tme (Caused by ProxyError('Unable to connect to proxy', ConnectTimeoutError(<urllib3.connection.HTTPSConnection object at 0xea404058>, 'Connection to 179.63.149.5 timed out. (connect timeout=15)')))
HTTPSConnectionPool(host='t.me', port=443): Max retries exceeded with url: //0?embed=1&mode=tme (Caused by ProxyError('Unable to connect to proxy', ConnectTimeoutError(<urllib3.connection.HTTPSConnection object at 0xea3fd238>, 'Connection to 186.121.235.66 timed out. (connect timeout=15)')))
HTTPSConnectionPool(host='t.me', port=443): Max retries exceeded with url: //0?embed=1&mode=tme (Caused by ProxyError('Unable to connect to proxy', NewConnectionError('<urllib3.connection.HTTPSConnection object at 0xea239c40>: Failed to establish a new connection: [Errno 113] No route to host')))
HTTPSConnectionPool(host='t.me', port=443): Max retries exceeded with url: //0?embed=1&mode=tme (Caused by ProxyError('Unable to connect to proxy', ConnectTimeoutError(<urllib3.connection.HTTPSConnection object at 0xea404130>, 'Connection to 183.237.222.51 timed out. (connect timeout=15)')))
HTTPSConnectionPool(host='t.me', port=443): Max retries exceeded with url: //0?embed=1&mode=tme (Caused by ProxyError('Unable to connect to proxy', ConnectTimeoutError(<urllib3.connection.HTTPSConnection object at 0xc3717ca0>, 'Connection to 181.10.117.254 timed out. (connect timeout=15)')))
HTTPSConnectionPool(host='t.me', port=443): Max retries exceeded with url: //0?embed=1&mode=tme (Caused by ProxyError('Unable to connect to proxy', ConnectTimeoutError(<urllib3.connection.HTTPSConnection object at 0xc37291c0>, 'Connection to 182.204.181.134 timed out. (connect timeout=15)')))
HTTPSConnectionPool(host='t.me', port=443): Max retries exceeded with url: //0?embed=1&mode=tme (Caused by ProxyError('Unable to connect to proxy', ConnectTimeoutError(<urllib3.connection.HTTPSConnection object at 0xea404280>, 'Connection to 188.136.154.52 timed out. (connect timeout=15)')))
HTTPSConnectionPool(host='t.me', port=443): Max retries exceeded with url: //0?embed=1&mode=tme (Caused by ProxyError('Unable to connect to proxy', ConnectTimeoutError(<urllib3.connection.HTTPSConnection object at 0xea66f5f8>, 'Connection to 203.190.44.252 timed out. (connect timeout=15)')))
HTTPSConnectionPool(host='t.me', port=443): Max retries exceeded with url: //0?embed=1&mode=tme (Caused by ProxyError('Unable to connect to proxy', ConnectTimeoutError(<urllib3.connection.HTTPSConnection object at 0xc371fb38>, 'Connection to 200.82.188.28 timed out. (connect timeout=15)')))
HTTPSConnectionPool(host='t.me', port=443): Max retries exceeded with url: //0?embed=1&mode=tme (Caused by ProxyError('Unable to connect to proxy', ConnectTimeoutError(<urllib3.connection.HTTPSConnection object at 0xea4047d8>, 'Connection to 197.246.212.70 timed out. (connect timeout=15)')))
HTTPSConnectionPool(host='t.me', port=443): Max retries exceeded with url: //0?embed=1&mode=tme (Caused by ProxyError('Unable to connect to proxy', ConnectTimeoutError(<urllib3.connection.HTTPSConnection object at 0xc3729970>, 'Connection to 91.206.229.251 timed out. (connect timeout=15)')))
('Connection aborted.', RemoteDisconnected('Remote end closed connection without response'))
HTTPSConnectionPool(host='t.me', port=443): Max retries exceeded with url: //0?embed=1&mode=tme (Caused by ProxyError('Unable to connect to proxy', NewConnectionError('<urllib3.connection.HTTPSConnection object at 0xe67b8418>: Failed to establish a new connection: [Errno 111] Connection refused')))
HTTPSConnectionPool(host='t.me', port=443): Max retries exceeded with url: //0?embed=1&mode=tme (Caused by ProxyError('Unable to connect to proxy', OSError('Tunnel connection failed: 503 Service Unavailable')))
HTTPSConnectionPool(host='t.me', port=443): Max retries exceeded with url: //0?embed=1&mode=tme (Caused by ProxyError('Unable to connect to proxy', NewConnectionError('<urllib3.connection.HTTPSConnection object at 0xda935418>: Failed to establish a new connection: [Errno 111] Connection refused')))
HTTPSConnectionPool(host='t.me', port=443): Max retries exceeded with url: //0?embed=1&mode=tme (Caused by ProxyError('Unable to connect to proxy', ConnectTimeoutError(<urllib3.connection.HTTPSConnection object at 0xea432040>, 'Connection to 36.88.239.219 timed out. (connect timeout=15)')))
HTTPSConnectionPool(host='t.me', port=443): Max retries exceeded with url: //0?embed=1&mode=tme (Caused by ProxyError('Unable to connect to proxy', ConnectTimeoutError(<urllib3.connection.HTTPSConnection object at 0xea4320a0>, 'Connection to 34.86.252.79 timed out. (connect timeout=15)')))
HTTPSConnectionPool(host='t.me', port=443): Max retries exceeded with url: //0?embed=1&mode=tme (Caused by ProxyError('Unable to connect to proxy', ConnectTimeoutError(<urllib3.connection.HTTPSConnection object at 0xbc840f10>, 'Connection to 38.51.243.145 timed out. (connect timeout=15)')))
('Connection aborted.', RemoteDisconnected('Remote end closed connection without response'))
HTTPSConnectionPool(host='t.me', port=443): Max retries exceeded with url: //0?embed=1&mode=tme (Caused by ProxyError('Unable to connect to proxy', ConnectTimeoutError(<urllib3.connection.HTTPSConnection object at 0xea4321f0>, 'Connection to 31.40.27.214 timed out. (connect timeout=15)')))
ct at 0xc1b000d0>, 'Connection to 189.240.60.169 timed out. (connect timeout=15)')))
        HTTPSConnectionPool(host='t.me', port=443): Max retries exceeded with url: //0?embed=1&mode=tme (Caused by ProxyError('Unable to connect to proxy', ConnectTimeoutError(<urllib3.connection.HTTPSConnection object at 0xea432b80>, 'Connection to 36.83.188.44 timed out. (connect timeout=15)')))
HTTPSConnectionPool(host='t.me', port=443): Max retries exceeded with url: //0?embed=1&mode=tme (Caused by ProxyError('Unable to connect to proxy', ConnectTimeoutError(<urllib3.connection.HTTPSConnection object at 0xea432850>, 'Connection to 223.85.12.114 timed out. (connect timeout=15)')))
HTTPSConnectionPool(host='t.me', port=443): Max retries exceeded with url: //0?embed=1&mode=tme (Caused by ProxyError('Unable to connect to proxy', NewConnectionError('<urllib3.connection.HTTPSConnection object at 0xea404e68>: Failed to establish a new connection: [Errno 111] Connection refused')))
('Connection aborted.', ConnectionResetError(104, 'Connection reset by peer'))
HTTPSConnectionPool(host='t.me', port=443): Max retries exceeded with url: //0?embed=1&mode=tme (Caused by ProxyError('Unable to connect to proxy', NewConnectionError('<urllib3.connection.HTTPSConnection object at 0xe9db6580>: Failed to establish a new connection: [Errno 111] Connection refused')))
HTTPSConnectionPool(host='t.me', port=443): Max retries exceeded with url: //0?embed=1&mode=tme (Caused by ProxyError('Unable to connect to proxy', NewConnectionError('<urllib3.connection.HTTPSConnection object at 0xe9dc0a30>: Failed to establish a new connection: [Errno 111] Connection refused')))
HTTPSConnectionPool(host='t.me', port=443): Max retries exceeded with url: //0?embed=1&mode=tme (Caused by ProxyError('Unable to connect to proxy', ConnectTimeoutError(<urllib3.connection.HTTPSConnection object at 0xeb4f85b0>, 'Connection to 110.238.111.229 timed out. (connect timeout=15)')))
HTTPSConnectionPool(host='t.me', port=443): Max retries exceeded with url: //0?embed=1&mode=tme (Caused by ProxyError('Unable to connect to proxy', ConnectTimeoutError(<urllib3.connection.HTTPSConnection object at 0xe251bef8>, 'Connection to 103.218.188.2 timed out. (connect timeout=15)')))
HTTPSConnectionPool(host='t.me', port=443): Max retries exceeded with url: //0?embed=1&mode=tme (Caused by ProxyError('Unable to connect to proxy', NewConnectionError('<urllib3.connection.HTTPSConnection object at 0xe9dc09e8>: Failed to establish a new connection: [Errno 113] No route to host')))
HTTPSConnectionPool(host='t.me', port=443): Max retries exceeded with url: //0?embed=1&mode=tme (Caused by ProxyError('Unable to connect to proxy', ConnectTimeoutError(<urllib3.connection.HTTPSConnection object at 0xe1a1caa8>, 'Connection to 103.150.18.218 timed out. (connect timeout=15)')))
HTTPSConnectionPool(host='t.me', port=443): Max retries exceeded with url: //0?embed=1&mode=tme (Caused by ProxyError('Unable to connect to proxy', NewConnectionError('<urllib3.connection.HTTPSConnection object at 0xe251b730>: Failed to establish a new connection: [Errno 111] Connection refused')))
HTTPSConnectionPool(host='t.me', port=443): Max retries exceeded with url: //0?embed=1&mode=tme (Caused by ProxyError('Unable to connect to proxy', NewConnectionError('<urllib3.connection.HTTPSConnection object at 0xea1180d0>: Failed to establish a new connection: [Errno 111] Connection refused')))
HTTPSConnectionPool(host='t.me', port=443): Max retries exceeded with url: //0?embed=1&mode=tme (Caused by ProxyError('Unable to connect to proxy', ConnectTimeoutError(<urllib3.connection.HTTPSConnection object at 0xbbde87f0>, 'Connection to 123.231.230.58 timed out. (connect timeout=15)')))
HTTPSConnectionPool(host='t.me', port=443): Max retries exceeded with url: //0?embed=1&mode=tme (Caused by ProxyError('Unable to connect to proxy', ConnectTimeoutError(<urllib3.connection.HTTPSConnection object at 0xbecfc550>, 'Connection to 129.222.179.58 timed out. (connect timeout=15)')))
HTTPSConnectionPool(host='t.me', port=443): Max retries exceeded with url: //0?embed=1&mode=tme (Caused by ProxyError('Unable to connect to proxy', NewConnectionError('<urllib3.connection.HTTPSConnection object at 0xe9d8def8>: Failed to establish a new connection: [Errno 113] No route to host')))
HTTPSConnectionPool(host='t.me', port=443): Max retries exceeded with url: //0?embed=1&mode=tme (Caused by ProxyError('Unable to connect to proxy', ConnectTimeoutError(<urllib3.connection.HTTPSConnection object at 0xe81b3fb8>, 'Connection to 180.175.124.102 timed out. (connect timeout=15)')))
HTTPSConnectionPool(host='t.me', port=443): Max retries exceeded with url: //0?embed=1&mode=tme (Caused by ProxyError('Unable to connect to proxy', ConnectTimeoutError(<urllib3.connection.HTTPSConnection object at 0xeaa6ea60>, 'Connection to 188.0.138.224 timed out. (connect timeout=15)')))
HTTPSConnectionPool(host='t.me', port=443): Max retries exceeded with url: //0?embed=1&mode=tme (Caused by ProxyError('Unable to connect to proxy', ConnectTimeoutError(<urllib3.connection.HTTPSConnection object at 0xbe1621f0>, 'Connection to 92.114.19.138 timed out. (connect timeout=15)')))
HTTPSConnectionPool(host='t.me', port=443): Max retries exceeded with url: //0?embed=1&mode=tme (Caused by ProxyError('Unable to connect to proxy', ConnectTimeoutError(<urllib3.connection.HTTPSConnection object at 0xe250fe20>, 'Connection to 80.191.244.100 timed out. (connect timeout=15)')))
HTTPSConnectionPool(host='t.me', port=443): Max retries exceeded with url: //0?embed=1&mode=tme (Caused by ProxyError('Unable to connect to proxy', ConnectTimeoutError(<urllib3.connection.HTTPSConnection object at 0xe33de4f0>, 'Connection to 47.236.103.190 timed out. (connect timeout=15)')))
HTTPSConnectionPool(host='t.me', port=443): Max retries exceeded with url: //0?embed=1&mode=tme (Caused by ProxyError('Unable to connect to proxy', ConnectTimeoutError(<urllib3.connection.HTTPSConnection object at 0xeb4f8148>, 'Connection to 88.99.249.96 timed out. (connect timeout=15)')))
HTTPSConnectionPool(host='t.me', port=443): Read timed out. (read timeout=15)
HTTPSConnectionPool(host='t.me', port=443): Max retries exceeded with url: //0?embed=1&mode=tme (Caused by ProxyError('Unable to connect to proxy', ConnectTimeoutError(<urllib3.connection.HTTPSConnection object at 0xea772778>, 'Connection to 201.187.103.18 timed out. (connect timeout=15)')))
HTTPSConnectionPool(host='t.me', port=443): Max retries exceeded with url: //0?embed=1&mode=tme (Caused by ProxyError('Unable to connect to proxy', ConnectTimeoutError(<urllib3.connection.HTTPSConnection object at 0xbc840430>, 'Connection to 87.123.56.163 timed out. (connect timeout=15)')))
HTTPSConnectionPool(host='t.me', port=443): Max retries exceeded with url: //0?embed=1&mode=tme (Caused by ProxyError('Unable to connect to proxy', ConnectTimeoutError(<urllib3.connection.HTTPSConnection object at 0xebd90628>, 'Connection to 183.165.248.179 timed out. (connect timeout=15)')))
HTTPSConnectionPool(host='t.me', port=443): Max retries exceeded with url: //0?embed=1&mode=tme (Caused by ProxyError('Unable to connect to proxy', ConnectTimeoutError(<urllib3.connection.HTTPSConnection object at 0xbc840ef8>, 'Connection to 60.214.128.150 timed out. (connect timeout=15)')))
('Connection aborted.', ConnectionResetError(104, 'Connection reset by peer'))
HTTPSConnectionPool(host='t.me', port=443): Max retries exceeded with url: //0?embed=1&mode=tme (Caused by ProxyError('Unable to connect to proxy', ConnectTimeoutError(<urllib3.connection.HTTPSConnection object at 0xea66f5c8>, 'Connection to 8.137.34.229 timed out. (connect timeout=15)')))
HTTPSConnectionPool(host='t.me', port=443): Max retries exceeded with url: //0?embed=1&mode=tme (Caused by ProxyError('Unable to connect to proxy', ConnectTimeoutError(<urllib3.connection.HTTPSConnection object at 0xebd9c358>, 'Connection to 188.166.56.246 timed out. (connect timeout=15)')))
('Connection aborted.', RemoteDisconnected('Remote end closed connection without response'))
HTTPSConnectionPool(host='t.me', port=443): Max retries exceeded with url: //0?embed=1&mode=tme (Caused by ProxyError('Unable to connect to proxy', ConnectTimeoutError(<urllib3.connection.HTTPSConnection object at 0xe67a02e0>, 'Connection to 36.95.78.154 timed out. (connect timeout=15)')))
HTTPSConnectionPool(host='t.me', port=443): Max retries exceeded with url: //0?embed=1&mode=tme (Caused by ProxyError('Unable to connect to proxy', ConnectTimeoutError(<urllib3.connection.HTTPSConnection object at 0xea65c658>, 'Connection to 188.87.102.128 timed out. (connect timeout=15)')))
HTTPSConnectionPool(host='t.me', port=443): Max retries exceeded with url: //0?embed=1&mode=tme (Caused by ProxyError('Unable to connect to proxy', NewConnectionError('<urllib3.connection.HTTPSConnection object at 0xe9b8e370>: Failed to establish a new connection: [Errno 111] Connection refused')))
HTTPSConnectionPool(host='t.me', port=443): Max retries exceeded with url: //0?embed=1&mode=tme (Caused by ProxyError('Unable to connect to proxy', ConnectTimeoutError(<urllib3.connection.HTTPSConnection object at 0xe33d1b98>, 'Connection to 92.114.19.131 timed out. (connect timeout=15)')))
HTTPSConnectionPool(host='t.me', port=443): Max retries exceeded with url: //0?embed=1&mode=tme (Caused by ProxyError('Unable to connect to proxy', ConnectTimeoutError(<urllib3.connection.HTTPSConnection object at 0xebd6e718>, 'Connection to 38.52.221.44 timed out. (connect timeout=15)')))
HTTPSConnectionPool(host='t.me', port=443): Max retries exceeded with url: //0?embed=1&mode=tme (Caused by ProxyError('Unable to connect to proxy', ConnectTimeoutError(<urllib3.connection.HTTPSConnection object at 0xeb4f8160>, 'Connection to 34.162.171.228 timed out. (connect timeout=15)')))
HTTPSConnectionPool(host='t.me', port=443): Max retries exceeded with url: //0?embed=1&mode=tme (Caused by ProxyError('Unable to connect to proxy', ConnectTimeoutError(<urllib3.connection.HTTPSConnection object at 0xdcaae088>, 'Connection to 41.33.99.139 timed out. (connect timeout=15)')))
HTTPSConnectionPool(host='t.me', port=443): Max retries exceeded with url: //0?embed=1&mode=tme (Caused by ProxyError('Unable to connect to proxy', ConnectTimeoutError(<urllib3.connection.HTTPSConnection object at 0xbbdbbd00>, 'Connection to 31.59.9.32 timed out. (connect timeout=15)')))
HTTPSConnectionPool(host='t.me', port=443): Max retries exceeded with url: //0?embed=1&mode=tme (Caused by ProxyError('Unable to connect to proxy', NewConnectionError('<urllib3.connection.HTTPSConnection object at 0xe9af54a8>: Failed to establish a new connection: [Errno 111] Connection refused')))
HTTPSConnectionPool(host='t.me', port=443): Max retries exceeded with url: //0?embed=1&mode=tme (Caused by ProxyError('Unable to connect to proxy', ConnectTimeoutError(<urllib3.connection.HTTPSConnection object at 0xeb4f0388>, 'Connection to 103.48.68.107 timed out. (connect timeout=15)')))
HTTPSConnectionPool(host='t.me', port=443): Max retries exceeded with url: //0?embed=1&mode=tme (Caused by ProxyError('Unable to connect to proxy', NewConnectionError('<urllib3.connection.HTTPSConnection object at 0xe1bc2b20>: Failed to establish a new connection: [Errno 111] Connection refused')))
HTTPSConnectionPool(host='t.me', port=443): Max retries exceeded with url: //0?embed=1&mode=tme (Caused by ProxyError('Unable to connect to proxy', ConnectTimeoutError(<urllib3.connection.HTTPSConnection object at 0xbe145430>, 'Connection to 34.86.196.77 timed out. (connect timeout=15)')))
('Connection aborted.', RemoteDisconnected('Remote end closed connection without response'))
HTTPSConnectionPool(host='t.me', port=443): Max retries exceeded with url: //0?embed=1&mode=tme (Caused by ProxyError('Unable to connect to proxy', ConnectTimeoutError(<urllib3.connection.HTTPSConnection object at 0xd7022ef8>, 'Connection to 103.191.165.202 timed out. (connect timeout=15)')))
HTTPSConnectionPool(host='t.me', port=443): Max retries exceeded with url: //0?embed=1&mode=tme (Caused by ProxyError('Unable to connect to proxy', ConnectTimeoutError(<urllib3.connection.HTTPSConnection object at 0xbecfcd30>, 'Connection to 103.244.205.179 timed out. (connect timeout=15)')))
HTTPSConnectionPool(host='t.me', port=443): Max retries exceeded with url: //0?embed=1&mode=tme (Caused by ProxyError('Unable to connect to proxy', ConnectTimeoutError(<urllib3.connection.HTTPSConnection object at 0xc48cb7c0>, 'Connection to 38.156.238.182 timed out. (connect timeout=15)')))
HTTPSConnectionPool(host='t.me', port=443): Max retries exceeded with url: //0?embed=1&mode=tme (Caused by ProxyError('Unable to connect to proxy', NewConnectionError('<urllib3.connection.HTTPSConnection object at 0xe1bc8f58>: Failed to establish a new connection: [Errno 111] Connection refused')))
HTTPSConnectionPool(host='t.me', port=443): Max retries exceeded with url: //0?embed=1&mode=tme (Caused by ProxyError('Unable to connect to proxy', ConnectTimeoutError(<urllib3.connection.HTTPSConnection object at 0xbc850850>, 'Connection to 103.178.94.107 timed out. (connect timeout=15)')))
('Connection aborted.', RemoteDisconnected('Remote end closed connection without response'))
HTTPSConnectionPool(host='t.me', port=443): Max retries exceeded with url: //0?embed=1&mode=tme (Caused by ProxyError('Unable to connect to proxy', ConnectTimeoutError(<urllib3.connection.HTTPSConnection object at 0xeb4e92f8>, 'Connection to 123.245.250.179 timed out. (connect timeout=15)')))
HTTPSConnectionPool(host='t.me', port=443): Max retries exceeded with url: //0?embed=1&mode=tme (Caused by ProxyError('Unable to connect to proxy', ConnectTimeoutError(<urllib3.connection.HTTPSConnection object at 0xd9d25160>, 'Connection to 121.1.41.162 timed out. (connect timeout=15)')))
HTTPSConnectionPool(host='t.me', port=443): Max retries exceeded with url: //0?embed=1&mode=tme (Caused by ProxyError('Unable to connect to proxy', ConnectTimeoutError(<urllib3.connection.HTTPSConnection object at 0xbc832c88>, 'Connection to 61.162.210.14 timed out. (connect timeout=15)')))
HTTPSConnectionPool(host='t.me', port=443): Max retries exceeded with url: //0?embed=1&mode=tme (Caused by ProxyError('Unable to connect to proxy', NewConnectionError('<urllib3.connection.HTTPSConnection object at 0xe9af0dc0>: Failed to establish a new connection: [Errno 111] Connection refused')))
HTTPSConnectionPool(host='t.me', port=443): Max retries exceeded with url: //0?embed=1&mode=tme (Caused by ProxyError('Unable to connect to proxy', ConnectTimeoutError(<urllib3.connection.HTTPSConnection object at 0xebe97028>, 'Connection to 123.154.254.153 timed out. (connect timeout=15)')))
HTTPSConnectionPool(host='t.me', port=443): Max retries exceeded with url: //0?embed=1&mode=tme (Caused by ProxyError('Unable to connect to proxy', ConnectTimeoutError(<urllib3.connection.HTTPSConnection object at 0xdebafca0>, 'Connection to 60.210.40.190 timed out. (connect timeout=15)')))
HTTPSConnectionPool(host='t.me', port=443): Max retries exceeded with url: //0?embed=1&mode=tme (Caused by ProxyError('Unable to connect to proxy', NewConnectionError('<urllib3.connection.HTTPSConnection object at 0xd7a64c10>: Failed to establish a new connection: [Errno 111] Connection refused')))
HTTPSConnectionPool(host='t.me', port=443): Max retries exceeded with url: //0?embed=1&mode=tme (Caused by ProxyError('Unable to connect to proxy', OSError('Tunnel connection failed: 400 Bad Request')))
HTTPSConnectionPool(host='t.me', port=443): Max retries exceeded with url: //0?embed=1&mode=tme (Caused by ProxyError('Unable to connect to proxy', NewConnectionError('<urllib3.connection.HTTPSConnection object at 0xe9b0f268>: Failed to establish a new connection: [Errno 113] No route to host')))
HTTPSConnectionPool(host='t.me', port=443): Max retries exceeded with url: //0?embed=1&mode=tme (Caused by ProxyError('Unable to connect to proxy', ConnectTimeoutError(<urllib3.connection.HTTPSConnection object at 0xe8bf8c70>, 'Connection to 123.3.141.167 timed out. (connect timeout=15)')))
HTTPSConnectionPool(host='t.me', port=443): Max retries exceeded with url: //0?embed=1&mode=tme (Caused by ProxyError('Unable to connect to proxy', NewConnectionError('<urllib3.connection.HTTPSConnection object at 0xe6a3f220>: Failed to establish a new connection: [Errno 111] Connection refused')))
HTTPSConnectionPool(host='t.me', port=443): Read timed out. (read timeout=15)
HTTPSConnectionPool(host='t.me', port=443): Max retries exceeded with url: //0?embed=1&mode=tme (Caused by ProxyError('Unable to connect to proxy', ConnectTimeoutError(<urllib3.connection.HTTPSConnection object at 0xe6a3f1d8>, 'Connection to 181.212.58.68 timed out. (connect timeout=15)')))
HTTPSConnectionPool(host='t.me', port=443): Max retries exceeded with url: //0?embed=1&mode=tme (Caused by ProxyError('Unable to connect to proxy', OSError('Tunnel connection failed: 400 Bad Request')))
HTTPSConnectionPool(host='t.me', port=443): Max retries exceeded with url: //0?embed=1&mode=tme (Caused by ProxyError('Unable to connect to proxy', ConnectTimeoutError(<urllib3.connection.HTTPSConnection object at 0xe1a30928>, 'Connection to 190.110.35.224 timed out. (connect timeout=15)')))
HTTPSConnectionPool(host='t.me', port=443): Max retries exceeded with url: //0?embed=1&mode=tme (Caused by ProxyError('Unable to connect to proxy', NewConnectionError('<urllib3.connection.HTTPSConnection object at 0xdb59bd90>: Failed to establish a new connection: [Errno 111] Connection refused')))
('Connection aborted.', ConnectionResetError(104, 'Connection reset by peer'))
HTTPSConnectionPool(host='t.me', port=443): Max retries exceeded with url: //0?embed=1&mode=tme (Caused by ProxyError('Unable to connect to proxy', NewConnectionError('<urllib3.connection.HTTPSConnection object at 0xe9ae7250>: Failed to establish a new connection: [Errno 111] Connection refused')))
HTTPSConnectionPool(host='t.me', port=443): Max retries exceeded with url: //0?embed=1&mode=tme (Caused by ProxyError('Unable to connect to proxy', ConnectTimeoutError(<urllib3.connection.HTTPSConnection object at 0xebdbbb50>, 'Connection to 202.110.67.141 timed out. (connect timeout=15)')))
HTTPSConnectionPool(host='t.me', port=443): Max retries exceeded with url: //0?embed=1&mode=tme (Caused by ProxyError('Unable to connect to proxy', NewConnectionError('<urllib3.connection.HTTPSConnection object at 0xe9b16a60>: Failed to establish a new connection: [Errno 111] Connection refused')))
HTTPSConnectionPool(host='t.me', port=443): Max retries exceeded with url: //0?embed=1&mode=tme (Caused by ProxyError('Unable to connect to proxy', ConnectTimeoutError(<urllib3.connection.HTTPSConnection object at 0xbe162c70>, 'Connection to 20.157.194.61 timed out. (connect timeout=15)')))
HTTPSConnectionPool(host='t.me', port=443): Max retries exceeded with url: //0?embed=1&mode=tme (Caused by ProxyError('Unable to connect to proxy', ConnectTimeoutError(<urllib3.connection.HTTPSConnection object at 0xe8bf8da8>, 'Connection to 85.105.84.48 timed out. (connect timeout=15)')))
HTTPSConnectionPool(host='t.me', port=443): Max retries exceeded with url: //0?embed=1&mode=tme (Caused by ProxyError('Unable to connect to proxy', NewConnectionError('<urllib3.connection.HTTPSConnection object at 0xe9a9ab08>: Failed to establish a new connection: [Errno 111] Connection refused')))
HTTPSConnectionPool(host='t.me', port=443): Max retries exceeded with url: //0?embed=1&mode=tme (Caused by ProxyError('Unable to connect to proxy', ConnectTimeoutError(<urllib3.connection.HTTPSConnection object at 0xe3ea2490>, 'Connection to 212.23.217.71 timed out. (connect timeout=15)')))
HTTPSConnectionPool(host='t.me', port=443): Max retries exceeded with url: //0?embed=1&mode=tme (Caused by ProxyError('Unable to connect to proxy', ConnectTimeoutError(<urllib3.connection.HTTPSConnection object at 0xdd619100>, 'Connection to 38.52.162.255 timed out. (connect timeout=15)')))
HTTPSConnectionPool(host='t.me', port=443): Max retries exceeded with url: //0?embed=1&mode=tme (Caused by ProxyError('Unable to connect to proxy', NewConnectionError('<urllib3.connection.HTTPSConnection object at 0xe990a1a8>: Failed to establish a new connection: [Errno 111] Connection refused')))
HTTPSConnectionPool(host='t.me', port=443): Max retries exceeded with url: //0?embed=1&mode=tme (Caused by ProxyError('Unable to connect to proxy', ConnectTimeoutError(<urllib3.connection.HTTPSConnection object at 0xe8c087f0>, 'Connection to 41.215.85.74 timed out. (connect timeout=15)')))
('Connection aborted.', RemoteDisconnected('Remote end closed connection without response'))
HTTPSConnectionPool(host='t.me', port=443): Max retries exceeded with url: //0?embed=1&mode=tme (Caused by ProxyError('Unable to connect to proxy', ConnectTimeoutError(<urllib3.connection.HTTPSConnection object at 0xc03ea190>, 'Connection to 103.48.68.36 timed out. (connect timeout=15)')))
HTTPSConnectionPool(host='t.me', port=443): Max retries exceeded with url: //0?embed=1&mode=tme (Caused by ProxyError('Unable to connect to proxy', ConnectTimeoutError(<urllib3.connection.HTTPSConnection object at 0xbc850088>, 'Connection to 34.162.76.11 timed out. (connect timeout=15)')))
HTTPSConnectionPool(host='t.me', port=443): Max retries exceeded with url: //0?embed=1&mode=tme (Caused by ProxyError('Unable to connect to proxy', ConnectTimeoutError(<urllib3.connection.HTTPSConnection object at 0xeac03fb8>, 'Connection to 41.65.224.74 timed out. (connect timeout=15)')))
HTTPSConnectionPool(host='t.me', port=443): Max retries exceeded with url: //0?embed=1&mode=tme (Caused by ProxyError('Unable to connect to proxy', ConnectTimeoutError(<urllib3.connection.HTTPSConnection object at 0xe8bf8b20>, 'Connection to 103.79.35.146 timed out. (connect timeout=15)')))
HTTPSConnectionPool(host='t.me', port=443): Max retries exceeded with url: //0?embed=1&mode=tme (Caused by ProxyError('Unable to connect to proxy', ConnectTimeoutError(<urllib3.connection.HTTPSConnection object at 0xec6d9e50>, 'Connection to 38.56.80.23 timed out. (connect timeout=15)')))
HTTPSConnectionPool(host='t.me', port=443): Max retries exceeded with url: //0?embed=1&mode=tme (Caused by ProxyError('Unable to connect to proxy', NewConnectionError('<urllib3.connection.HTTPSConnection object at 0xea8e6fa0>: Failed to establish a new connection: [Errno 113] No route to host')))
HTTPSConnectionPool(host='t.me', port=443): Max retries exceeded with url: //0?embed=1&mode=tme (Caused by ProxyError('Unable to connect to proxy', NewConnectionError('<urllib3.connection.HTTPSConnection object at 0xe98d3e20>: Failed to establish a new connection: [Errno 111] Connection refused')))
HTTPSConnectionPool(host='t.me', port=443): Max retries exceeded with url: //0?embed=1&mode=tme (Caused by ProxyError('Unable to connect to proxy', ConnectTimeoutError(<urllib3.connection.HTTPSConnection object at 0xc37174d8>, 'Connection to 123.245.250.6 timed out. (connect timeout=15)')))
HTTPSConnectionPool(host='t.me', port=443): Max retries exceeded with url: //0?embed=1&mode=tme (Caused by ProxyError('Unable to connect to proxy', NewConnectionError('<urllib3.connection.HTTPSConnection object at 0xe95d6d60>: Failed to establish a new connection: [Errno 111] Connection refused')))
HTTPSConnectionPool(host='t.me', port=443): Max retries exceeded with url: //0?embed=1&mode=tme (Caused by ProxyError('Unable to connect to proxy', ConnectTimeoutError(<urllib3.connection.HTTPSConnection object at 0xbb3643e8>, 'Connection to 112.194.142.135 timed out. (connect timeout=15)')))
HTTPSConnectionPool(host='t.me', port=443): Max retries exceeded with url: //0?embed=1&mode=tme (Caused by ProxyError('Unable to connect to proxy', ConnectTimeoutError(<urllib3.connection.HTTPSConnection object at 0xc3701730>, 'Connection to 88.247.17.91 timed out. (connect timeout=15)')))
HTTPSConnectionPool(host='t.me', port=443): Max retries exceeded with url: //0?embed=1&mode=tme (Caused by ProxyError('Unable to connect to proxy', ConnectTimeoutError(<urllib3.connection.HTTPSConnection object at 0xbe154130>, 'Connection to 123.245.250.190 timed out. (connect timeout=15)')))
HTTPSConnectionPool(host='t.me', port=443): Max retries exceeded with url: //0?embed=1&mode=tme (Caused by ProxyError('Unable to connect to proxy', ConnectTimeoutError(<urllib3.connection.HTTPSConnection object at 0xc03dc958>, 'Connection to 64.56.159.214 timed out. (connect timeout=15)')))
HTTPSConnectionPool(host='t.me', port=443): Max retries exceeded with url: //0?embed=1&mode=tme (Caused by ProxyError('Unable to connect to proxy', ConnectTimeoutError(<urllib3.connection.HTTPSConnection object at 0xc03ea5e0>, 'Connection to 5.161.111.42 timed out. (connect timeout=15)')))
('Connection aborted.', RemoteDisconnected('Remote end closed connection without response'))
HTTPSConnectionPool(host='t.me', port=443): Max retries exceeded with url: //0?embed=1&mode=tme (Caused by ProxyError('Unable to connect to proxy', ConnectTimeoutError(<urllib3.connection.HTTPSConnection object at 0xc125eee0>, 'Connection to 123.245.248.135 timed out. (connect timeout=15)')))
HTTPSConnectionPool(host='t.me', port=443): Max retries exceeded with url: //0?embed=1&mode=tme (Caused by ProxyError('Unable to connect to proxy', NewConnectionError('<urllib3.connection.HTTPSConnection object at 0xe95d6cd0>: Failed to establish a new connection: [Errno 111] Connection refused')))
HTTPSConnectionPool(host='t.me', port=443): Max retries exceeded with url: //0?embed=1&mode=tme (Caused by ProxyError('Unable to connect to proxy', OSError('Tunnel connection failed: 400 Bad Request')))
HTTPSConnectionPool(host='t.me', port=443): Max retries exceeded with url: //0?embed=1&mode=tme (Caused by ProxyError('Unable to connect to proxy', ConnectTimeoutError(<urllib3.connection.HTTPSConnection object at 0xbc86a940>, 'Connection to 80.68.225.188 timed out. (connect timeout=15)')))
HTTPSConnectionPool(host='t.me', port=443): Max retries exceeded with url: //0?embed=1&mode=tme (Caused by ProxyError('Unable to connect to proxy', ConnectTimeoutError(<urllib3.connection.HTTPSConnection object at 0xc48c38e0>, 'Connection to 88.99.249.96 timed out. (connect timeout=15)')))
HTTPSConnectionPool(host='t.me', port=443): Max retries exceeded with url: //0?embed=1&mode=tme (Caused by ProxyError('Unable to connect to proxy', ConnectTimeoutError(<urllib3.connection.HTTPSConnection object at 0xc3717628>, 'Connection to 34.86.138.63 timed out. (connect timeout=15)')))
HTTPSConnectionPool(host='t.me', port=443): Max retries exceeded with url: //0?embed=1&mode=tme (Caused by ProxyError('Unable to connect to proxy', ConnectTimeoutError(<urllib3.connection.HTTPSConnection object at 0xd9cf0d60>, 'Connection to 190.104.168.19 timed out. (connect timeout=15)')))
HTTPSConnectionPool(host='t.me', port=443): Max retries exceeded with url: //0?embed=1&mode=tme (Caused by SSLError(SSLError(1, '[SSL: WRONG_VERSION_NUMBER] wrong version number (_ssl.c:1129)')))
HTTPSConnectionPool(host='t.me', port=443): Max retries exceeded with url: //0?embed=1&mode=tme (Caused by ProxyError('Unable to connect to proxy', ConnectTimeoutError(<urllib3.connection.HTTPSConnection object at 0xdeb75070>, 'Connection to 185.76.10.133 timed out. (connect timeout=15)')))
HTTPSConnectionPool(host='t.me', port=443): Max retries exceeded with url: //0?embed=1&mode=tme (Caused by ProxyError('Unable to connect to proxy', ConnectTimeoutError(<urllib3.connection.HTTPSConnection object at 0xea65c628>, 'Connection to 182.92.73.106 timed out. (connect timeout=15)')))
HTTPSConnectionPool(host='t.me', port=443): Max retries exceeded with url: //0?embed=1&mode=tme (Caused by ProxyError('Unable to connect to proxy', ConnectTimeoutError(<urllib3.connection.HTTPSConnection object at 0xdeb75148>, 'Connection to 181.225.107.227 timed out. (connect timeout=15)')))
HTTPSConnectionPool(host='t.me', port=443): Max retries exceeded with url: //0?embed=1&mode=tme (Caused by ProxyError('Unable to connect to proxy', ConnectTimeoutError(<urllib3.connection.HTTPSConnection object at 0xea7b3208>, 'Connection to 186.13.11.121 timed out. (connect timeout=15)')))
HTTPSConnectionPool(host='t.me', port=443): Max retries exceeded with url: //0?embed=1&mode=tme (Caused by ProxyError('Unable to connect to proxy', ConnectTimeoutError(<urllib3.connection.HTTPSConnection object at 0xc275b748>, 'Connection to 202.182.55.44 timed out. (connect timeout=15)')))
HTTPSConnectionPool(host='t.me', port=443): Max retries exceeded with url: //0?embed=1&mode=tme (Caused by ProxyError('Unable to connect to proxy', ConnectTimeoutError(<urllib3.connection.HTTPSConnection object at 0xe8151d30>, 'Connection to 202.61.204.51 timed out. (connect timeout=15)')))
HTTPSConnectionPool(host='t.me', port=443): Max retries exceeded with url: //0?embed=1&mode=tme (Caused by ProxyError('Unable to connect to proxy', ConnectTimeoutError(<urllib3.connection.HTTPSConnection object at 0xbc8323d0>, 'Connection to 95.0.206.222 timed out. (connect timeout=15)')))
HTTPSConnectionPool(host='t.me', port=443): Max retries exceeded with url: //0?embed=1&mode=tme (Caused by ProxyError('Unable to connect to proxy', ConnectTimeoutError(<urllib3.connection.HTTPSConnection object at 0xbd5e7df0>, 'Connection to 116.212.140.118 timed out. (connect timeout=15)')))
HTTPSConnectionPool(host='t.me', port=443): Max retries exceeded with url: //0?embed=1&mode=tme (Caused by ProxyError('Unable to connect to proxy', ConnectTimeoutError(<urllib3.connection.HTTPSConnection object at 0xe0ebcef8>, 'Connection to 112.5.128.78 timed out. (connect timeout=15)')))
HTTPSConnectionPool(host='t.me', port=443): Max retries exceeded with url: //0?embed=1&mode=tme (Caused by ProxyError('Unable to connect to proxy', ConnectTimeoutError(<urllib3.connection.HTTPSConnection object at 0xeb4cf820>, 'Connection to 114.233.71.0 timed out. (connect timeout=15)')))
HTTPSConnectionPool(host='t.me', port=443): Max retries exceeded with url: //0?embed=1&mode=tme (Caused by ProxyError('Unable to connect to proxy', ConnectTimeoutError(<urllib3.connection.HTTPSConnection object at 0xebd90868>, 'Connection to 35.245.31.182 timed out. (connect timeout=15)')))
HTTPSConnectionPool(host='t.me', port=443): Max retries exceeded with url: //0?embed=1&mode=tme (Caused by ProxyError('Unable to connect to proxy', ConnectTimeoutError(<urllib3.connection.HTTPSConnection object at 0xebd905b0>, 'Connection to 103.48.68.35 timed out. (connect timeout=15)')))
('Connection aborted.', ConnectionResetError(104, 'Connection reset by peer'))
HTTPSConnectionPool(host='t.me', port=443): Max retries exceeded with url: //0?embed=1&mode=tme (Caused by ProxyError('Unable to connect to proxy', ConnectTimeoutError(<urllib3.connection.HTTPSConnection object at 0xbecfcbe0>, 'Connection to 106.75.86.143 timed out. (connect timeout=15)')))
('Connection aborted.', RemoteDisconnected('Remote end closed connection without response'))
HTTPSConnectionPool(host='t.me', port=443): Max retries exceeded with url: //0?embed=1&mode=tme (Caused by ProxyError('Unable to connect to proxy', ConnectTimeoutError(<urllib3.connection.HTTPSConnection object at 0xbd5d70d0>, 'Connection to 125.60.148.162 timed out. (connect timeout=15)')))
HTTPSConnectionPool(host='t.me', port=443): Max retries exceeded with url: //0?embed=1&mode=tme (Caused by ProxyError('Unable to connect to proxy', ConnectTimeoutError(<urllib3.connection.HTTPSConnection object at 0xbd5d7868>, 'Connection to 35.193.158.6 timed out. (connect timeout=15)')))
HTTPSConnectionPool(host='t.me', port=443): Max retries exceeded with url: //0?embed=1&mode=tme (Caused by ProxyError('Unable to connect to proxy', ConnectTimeoutError(<urllib3.connection.HTTPSConnection object at 0xbbdcd268>, 'Connection to 142.11.232.45 timed out. (connect timeout=15)')))
                                                                                                                                                                                                                                                                                                                                                                                                                                                                                                               HTTPSConnectionPool(host='t.me', port=443): Max retries exceeded with url: //0?embed=1&mode=tme (Caused by ProxyError('Unable to connect to proxy', ConnectTimeoutError(<urllib3.connection.HTTPSConnection object at 0xeaa49178>, 'Connection to 85.172.0.30 timed out. (connect timeout=15)')))
HTTPSConnectionPool(host='t.me', port=443): Max retries exceeded with url: //0?embed=1&mode=tme (Caused by ProxyError('Unable to connect to proxy', ConnectTimeoutError(<urllib3.connection.HTTPSConnection object at 0xdeb90238>, 'Connection to 187.62.64.155 timed out. (connect timeout=15)')))
HTTPSConnectionPool(host='t.me', port=443): Max retries exceeded with url: //0?embed=1&mode=tme (Caused by ProxyError('Unable to connect to proxy', ConnectTimeoutError(<urllib3.connection.HTTPSConnection object at 0xbc8504a8>, 'Connection to 134.195.101.34 timed out. (connect timeout=15)')))
HTTPSConnectionPool(host='t.me', port=443): Max retries exceeded with url: //0?embed=1&mode=tme (Caused by ProxyError('Unable to connect to proxy', OSError('Tunnel connection failed: 403 Forbidden')))
HTTPSConnectionPool(host='t.me', port=443): Max retries exceeded with url: //0?embed=1&mode=tme (Caused by ProxyError('Unable to connect to proxy', ConnectTimeoutError(<urllib3.connection.HTTPSConnection object at 0xe1a052f8>, 'Connection to 210.200.169.134 timed out. (connect timeout=15)')))
HTTPSConnectionPool(host='t.me', port=443): Max retries exceeded with url: //0?embed=1&mode=tme (Caused by ProxyError('Unable to connect to proxy', ConnectTimeoutError(<urllib3.connection.HTTPSConnection object at 0xc2765418>, 'Connection to 41.65.236.53 timed out. (connect timeout=15)')))
HTTPSConnectionPool(host='t.me', port=443): Max retries exceeded with url: //0?embed=1&mode=tme (Caused by ProxyError('Unable to connect to proxy', ConnectTimeoutError(<urllib3.connection.HTTPSConnection object at 0xdeb81f70>, 'Connection to 183.165.244.37 timed out. (connect timeout=15)')))
HTTPSConnectionPool(host='t.me', port=443): Max retries exceeded with url: //0?embed=1&mode=tme (Caused by ProxyError('Unable to connect to proxy', ConnectTimeoutError(<urllib3.connection.HTTPSConnection object at 0xd7a46fd0>, 'Connection to 103.68.194.85 timed out. (connect timeout=15)')))
HTTPSConnectionPool(host='t.me', port=443): Max retries exceeded with url: //0?embed=1&mode=tme (Caused by ProxyError('Unable to connect to proxy', ConnectTimeoutError(<urllib3.connection.HTTPSConnection object at 0xbecc3bb0>, 'Connection to 38.51.235.213 timed out. (connect timeout=15)')))
HTTPSConnectionPool(host='t.me', port=443): Max retries exceeded with url: //0?embed=1&mode=tme (Caused by ProxyError('Unable to connect to proxy', ConnectTimeoutError(<urllib3.connection.HTTPSConnection object at 0xe1a05e38>, 'Connection to 211.219.51.199 timed out. (connect timeout=15)')))
HTTPSConnectionPool(host='t.me', port=443): Max retries exceeded with url: //0?embed=1&mode=tme (Caused by ProxyError('Unable to connect to proxy', ConnectTimeoutError(<urllib3.connection.HTTPSConnection object at 0xdd5f1dd8>, 'Connection to 183.165.246.108 timed out. (connect timeout=15)')))
HTTPSConnectionPool(host='t.me', port=443): Max retries exceeded with url: //0?embed=1&mode=tme (Caused by ProxyError('Unable to connect to proxy', ConnectTimeoutError(<urllib3.connection.HTTPSConnection object at 0xe81eda00>, 'Connection to 105.112.135.166 timed out. (connect timeout=15)')))
HTTPSConnectionPool(host='t.me', port=443): Max retries exceeded with url: //0?embed=1&mode=tme (Caused by ProxyError('Unable to connect to proxy', ConnectTimeoutError(<urllib3.connection.HTTPSConnection object at 0xda9378b0>, 'Connection to 88.99.249.96 timed out. (connect timeout=15)')))
HTTPSConnectionPool(host='t.me', port=443): Max retries exceeded with url: //0?embed=1&mode=tme (Caused by ProxyError('Unable to connect to proxy', ConnectTimeoutError(<urllib3.connection.HTTPSConnection object at 0xe81ed130>, 'Connection to 109.254.81.159 timed out. (connect timeout=15)')))
HTTPSConnectionPool(host='t.me', port=443): Max retries exceeded with url: //0?embed=1&mode=tme (Caused by ProxyError('Unable to connect to proxy', ConnectTimeoutError(<urllib3.connection.HTTPSConnection object at 0xebd908b0>, 'Connection to 94.73.239.124 timed out. (connect timeout=15)')))
HTTPSConnectionPool(host='t.me', port=443): Max retries exceeded with url: //0?embed=1&mode=tme (Caused by ProxyError('Unable to connect to proxy', ConnectTimeoutError(<urllib3.connection.HTTPSConnection object at 0xbd5e79a0>, 'Connection to 94.231.178.249 timed out. (connect timeout=15)')))
HTTPSConnectionPool(host='t.me', port=443): Max retries exceeded with url: //0?embed=1&mode=tme (Caused by ProxyError('Unable to connect to proxy', ConnectTimeoutError(<urllib3.connection.HTTPSConnection object at 0xd7a46d60>, 'Connection to 186.167.24.66 timed out. (connect timeout=15)')))
HTTPSConnectionPool(host='t.me', port=443): Max retries exceeded with url: //0?embed=1&mode=tme (Caused by ProxyError('Unable to connect to proxy', ConnectTimeoutError(<urllib3.connection.HTTPSConnection object at 0xe5a17460>, 'Connection to 88.99.249.96 timed out. (connect timeout=15)')))
HTTPSConnectionPool(host='t.me', port=443): Max retries exceeded with url: //0?embed=1&mode=tme (Caused by ProxyError('Unable to connect to proxy', ConnectTimeoutError(<urllib3.connection.HTTPSConnection object at 0xbb359628>, 'Connection to 41.77.210.210 timed out. (connect timeout=15)')))
HTTPSConnectionPool(host='t.me', port=443): Max retries exceeded with url: //0?embed=1&mode=tme (Caused by ProxyError('Unable to connect to proxy', ConnectTimeoutError(<urllib3.connection.HTTPSConnection object at 0xc3701a48>, 'Connection to 142.93.218.24 timed out. (connect timeout=15)')))
('Connection aborted.', RemoteDisconnected('Remote end closed connection without response'))
HTTPSConnectionPool(host='t.me', port=443): Max retries exceeded with url: //0?embed=1&mode=tme (Caused by ProxyError('Unable to connect to proxy', ConnectTimeoutError(<urllib3.connection.HTTPSConnection object at 0xd7a46910>, 'Connection to 187.1.57.206 timed out. (connect timeout=15)')))
HTTPSConnectionPool(host='t.me', port=443): Max retries exceeded with url: //0?embed=1&mode=tme (Caused by ProxyError('Unable to connect to proxy', ConnectTimeoutError(<urllib3.connection.HTTPSConnection object at 0xe81db778>, 'Connection to 95.71.125.50 timed out. (connect timeout=15)')))
HTTPSConnectionPool(host='t.me', port=443): Max retries exceeded with url: //0?embed=1&mode=tme (Caused by ProxyError('Unable to connect to proxy', ConnectTimeoutError(<urllib3.connection.HTTPSConnection object at 0xe81c1f10>, 'Connection to 85.234.126.107 timed out. (connect timeout=15)')))
HTTPSConnectionPool(host='t.me', port=443): Max retries exceeded with url: //0?embed=1&mode=tme (Caused by ProxyError('Unable to connect to proxy', NewConnectionError('<urllib3.connection.HTTPSConnection object at 0xbb3643b8>: Failed to establish a new connection: [Errno 111] Connection refused')))
HTTPSConnectionPool(host='t.me', port=443): Max retries exceeded with url: //0?embed=1&mode=tme (Caused by ProxyError('Unable to connect to proxy', ConnectTimeoutError(<urllib3.connection.HTTPSConnection object at 0xdeb81028>, 'Connection to 114.103.88.53 timed out. (connect timeout=15)')))
 113] No route to host')))
HTTPSConnectionPool(host='t.me', port=443): Max retries exceeded with url: //0?embed=1&mode=tme (Caused by ProxyError('Unable to connect to proxy', ConnectTimeoutError(<urllib3.connection.HTTPSConnection object at 0xeac10fa0>, 'Connection to 222.88.167.22 timed out. (connect timeout=15)')))
                                                                                                                                                                                                                                                                                 HTTPSConnectionPool(host='t.me', port=443): Max retries exceeded with url: //0?embed=1&mode=tme (Caused by ProxyError('Unable to connect to proxy', ConnectTimeoutError(<urllib3.connection.HTTPSConnection object at 0xc2780a78>, 'Connection to 114.233.70.184 timed out. (connect timeout=15)')))
HTTPSConnectionPool(host='t.me', port=443): Max retries exceeded with url: //0?embed=1&mode=tme (Caused by ProxyError('Unable to connect to proxy', NewConnectionError('<urllib3.connection.HTTPSConnection object at 0xe9239298>: Failed to establish a new connection: [Errno 111] Connection refused')))
HTTPSConnectionPool(host='t.me', port=443): Max retries exceeded with url: //0?embed=1&mode=tme (Caused by ProxyError('Unable to connect to proxy', OSError('Tunnel connection failed: 400 Bad Request')))
HTTPSConnectionPool(host='t.me', port=443): Max retries exceeded with url: //0?embed=1&mode=tme (Caused by ProxyError('Unable to connect to proxy', ConnectTimeoutError(<urllib3.connection.HTTPSConnection object at 0xe8bf8d78>, 'Connection to 137.74.65.101 timed out. (connect timeout=15)')))
HTTPSConnectionPool(host='t.me', port=443): Max retries exceeded with url: //0?embed=1&mode=tme (Caused by ProxyError('Unable to connect to proxy', ConnectTimeoutError(<urllib3.connection.HTTPSConnection object at 0xd7a46448>, 'Connection to 95.9.170.102 timed out. (connect timeout=15)')))
HTTPSConnectionPool(host='t.me', port=443): Max retries exceeded with url: //0?embed=1&mode=tme (Caused by ProxyError('Unable to connect to proxy', ConnectTimeoutError(<urllib3.connection.HTTPSConnection object at 0xd7a462e0>, 'Connection to 138.59.20.42 timed out. (connect timeout=15)')))
HTTPSConnectionPool(host='t.me', port=443): Max retries exceeded with url: //0?embed=1&mode=tme (Caused by ProxyError('Unable to connect to proxy', ConnectTimeoutError(<urllib3.connection.HTTPSConnection object at 0xc2780b38>, 'Connection to 110.49.110.45 timed out. (connect timeout=15)')))
HTTPSConnectionPool(host='t.me', port=443): Max retries exceeded with url: //0?embed=1&mode=tme (Caused by ProxyError('Unable to connect to proxy', ConnectTimeoutError(<urllib3.connection.HTTPSConnection object at 0xd7a468e0>, 'Connection to 94.75.76.3 timed out. (connect timeout=15)')))
HTTPSConnectionPool(host='t.me', port=443): Max retries exceeded with url: //0?embed=1&mode=tme (Caused by ProxyError('Unable to connect to proxy', ConnectTimeoutError(<urllib3.connection.HTTPSConnection object at 0xe5a23fb8>, 'Connection to 38.49.140.190 timed out. (connect timeout=15)')))
HTTPSConnectionPool(host='t.me', port=443): Max retries exceeded with url: //0?embed=1&mode=tme (Caused by ProxyError('Unable to connect to proxy', ConnectTimeoutError(<urllib3.connection.HTTPSConnection object at 0xeb2852f8>, 'Connection to 114.106.135.0 timed out. (connect timeout=15)')))
HTTPSConnectionPool(host='t.me', port=443): Max retries exceeded with url: //0?embed=1&mode=tme (Caused by SSLError(SSLError(1, '[SSL: WRONG_VERSION_NUMBER] wrong version number (_ssl.c:1129)')))
HTTPSConnectionPool(host='t.me', port=443): Max retries exceeded with url: //0?embed=1&mode=tme (Caused by ProxyError('Unable to connect to proxy', NewConnectionError('<urllib3.connection.HTTPSConnection object at 0xe9254100>: Failed to establish a new connection: [Errno 113] No route to host')))
HTTPSConnectionPool(host='t.me', port=443): Max retries exceeded with url: //0?embed=1&mode=tme (Caused by ProxyError('Unable to connect to proxy', ConnectTimeoutError(<urllib3.connection.HTTPSConnection object at 0xebe84178>, 'Connection to 115.127.122.100 timed out. (connect timeout=15)')))
('Connection aborted.', ConnectionResetError(104, 'Connection reset by peer'))
HTTPSConnectionPool(host='t.me', port=443): Max retries exceeded with url: //0?embed=1&mode=tme (Caused by ProxyError('Unable to connect to proxy', ConnectTimeoutError(<urllib3.connection.HTTPSConnection object at 0xe5a06c70>, 'Connection to 138.117.77.214 timed out. (connect timeout=15)')))
('Connection aborted.', RemoteDisconnected('Remote end closed connection without response'))
('Connection aborted.', RemoteDisconnected('Remote end closed connection without response'))
HTTPSConnectionPool(host='t.me', port=443): Max retries exceeded with url: //0?embed=1&mode=tme (Caused by ProxyError('Unable to connect to proxy', NewConnectionError('<urllib3.connection.HTTPSConnection object at 0xe925b8b0>: Failed to establish a new connection: [Errno 111] Connection refused')))
HTTPSConnectionPool(host='t.me', port=443): Max retries exceeded with url: //0?embed=1&mode=tme (Caused by ProxyError('Unable to connect to proxy', ConnectTimeoutError(<urllib3.connection.HTTPSConnection object at 0xe5a06220>, 'Connection to 89.187.157.180 timed out. (connect timeout=15)')))
HTTPSConnectionPool(host='t.me', port=443): Max retries exceeded with url: //0?embed=1&mode=tme (Caused by ProxyError('Unable to connect to proxy', ConnectTimeoutError(<urllib3.connection.HTTPSConnection object at 0xeb2852c8>, 'Connection to 187.102.219.149 timed out. (connect timeout=15)')))
HTTPSConnectionPool(host='t.me', port=443): Max retries exceeded with url: //0?embed=1&mode=tme (Caused by ProxyError('Unable to connect to proxy', ConnectTimeoutError(<urllib3.connection.HTTPSConnection object at 0xebd55688>, 'Connection to 95.158.174.111 timed out. (connect timeout=15)')))
HTTPSConnectionPool(host='t.me', port=443): Max retries exceeded with url: //0?embed=1&mode=tme (Caused by ProxyError('Unable to connect to proxy', ConnectTimeoutError(<urllib3.connection.HTTPSConnection object at 0xe8171bf8>, 'Connection to 113.195.207.249 timed out. (connect timeout=15)')))
HTTPSConnectionPool(host='t.me', port=443): Max retries exceeded with url: //0?embed=1&mode=tme (Caused by ProxyError('Unable to connect to proxy', OSError('Tunnel connection failed: 405 Method Not Allowed')))
HTTPSConnectionPool(host='t.me', port=443): Max retries exceeded with url: //0?embed=1&mode=tme (Caused by ProxyError('Unable to connect to proxy', ConnectTimeoutError(<urllib3.connection.HTTPSConnection object at 0xeb2858e0>, 'Connection to 38.7.101.128 timed out. (connect timeout=15)')))
HTTPSConnectionPool(host='t.me', port=443): Max retries exceeded with url: //0?embed=1&mode=tme (Caused by ProxyError('Unable to connect to proxy', ConnectTimeoutError(<urllib3.connection.HTTPSConnection object at 0xebf9a2c8>, 'Connection to 94.125.48.238 timed out. (connect timeout=15)')))
('Connection aborted.', ConnectionResetError(104, 'Connection reset by peer'))
('Connection aborted.', ConnectionResetError(104, 'Connection reset by peer'))
HTTPSConnectionPool(host='t.me', port=443): Max retries exceeded with url: //0?embed=1&mode=tme (Caused by ProxyError('Unable to connect to proxy', ConnectTimeoutError(<urllib3.connection.HTTPSConnection object at 0xeaa6ebc8>, 'Connection to 43.249.224.170 timed out. (connect timeout=15)')))
HTTPSConnectionPool(host='t.me', port=443): Read timed out. (read timeout=15)
HTTPSConnectionPool(host='t.me', port=443): Max retries exceeded with url: //0?embed=1&mode=tme (Caused by ProxyError('Unable to connect to proxy', ConnectTimeoutError(<urllib3.connection.HTTPSConnection object at 0xebf7f2f8>, 'Connection to 39.107.89.178 timed out. (connect timeout=15)')))
('Connection aborted.', RemoteDisconnected('Remote end closed connection without response'))
HTTPSConnectionPool(host='t.me', port=443): Max retries exceeded with url: //0?embed=1&mode=tme (Caused by ProxyError('Unable to connect to proxy', ConnectTimeoutError(<urllib3.connection.HTTPSConnection object at 0xd703dbe0>, 'Connection to 91.187.113.50 timed out. (connect timeout=15)')))
                                                                                                                                          to proxy', NewConnectionError('<urllib3.connection.HTTPSConnection object at 0xda9357f0>: Failed to establish a new connection: [Errno 111] Connection refused')))
                                                                        HTTPSConnectionPool(host='t.me', port=443): Max retries exceeded with url: //0?embed=1&mode=tme (Caused by ProxyError('Unable to connect to proxy', ConnectTimeoutError(<urllib3.connection.HTTPSConnection object at 0xd703d238>, 'Connection to 4.175.121.88 timed out. (connect timeout=15)')))
HTTPSConnectionPool(host='t.me', port=443): Max retries exceeded with url: //0?embed=1&mode=tme (Caused by ProxyError('Unable to connect to proxy', OSError('Tunnel connection failed: 403 Forbidden')))
HTTPSConnectionPool(host='t.me', port=443): Max retries exceeded with url: //0?embed=1&mode=tme (Caused by ProxyError('Unable to connect to proxy', ConnectTimeoutError(<urllib3.connection.HTTPSConnection object at 0xeb35e9a0>, 'Connection to 185.86.82.74 timed out. (connect timeout=15)')))
('Connection aborted.', RemoteDisconnected('Remote end closed connection without response'))
HTTPSConnectionPool(host='t.me', port=443): Max retries exceeded with url: //0?embed=1&mode=tme (Caused by ProxyError('Unable to connect to proxy', ConnectTimeoutError(<urllib3.connection.HTTPSConnection object at 0xd9d25208>, 'Connection to 94.130.177.190 timed out. (connect timeout=15)')))
HTTPSConnectionPool(host='t.me', port=443): Max retries exceeded with url: //0?embed=1&mode=tme (Caused by ProxyError('Unable to connect to proxy', ConnectTimeoutError(<urllib3.connection.HTTPSConnection object at 0xc03dc688>, 'Connection to 92.114.19.133 timed out. (connect timeout=15)')))
HTTPSConnectionPool(host='t.me', port=443): Max retries exceeded with url: //0?embed=1&mode=tme (Caused by ProxyError('Unable to connect to proxy', ConnectTimeoutError(<urllib3.connection.HTTPSConnection object at 0xd9d25f40>, 'Connection to 190.113.40.41 timed out. (connect timeout=15)')))
HTTPSConnectionPool(host='t.me', port=443): Max retries exceeded with url: //0?embed=1&mode=tme (Caused by ProxyError('Unable to connect to proxy', ConnectTimeoutError(<urllib3.connection.HTTPSConnection object at 0xe67871c0>, 'Connection to 190.186.159.17 timed out. (connect timeout=15)')))
HTTPSConnectionPool(host='t.me', port=443): Max retries exceeded with url: //0?embed=1&mode=tme (Caused by ProxyError('Unable to connect to proxy', NewConnectionError('<urllib3.connection.HTTPSConnection object at 0xe94a0da8>: Failed to establish a new connection: [Errno 113] No route to host')))
HTTPSConnectionPool(host='t.me', port=443): Max retries exceeded with url: //0?embed=1&mode=tme (Caused by ProxyError('Unable to connect to proxy', OSError('Tunnel connection failed: 400 Bad Request')))
HTTPSConnectionPool(host='t.me', port=443): Max retries exceeded with url: //0?embed=1&mode=tme (Caused by ProxyError('Unable to connect to proxy', ConnectTimeoutError(<urllib3.connection.HTTPSConnection object at 0xbd5d7bc8>, 'Connection to 116.254.115.130 timed out. (connect timeout=15)')))
HTTPSConnectionPool(host='t.me', port=443): Max retries exceeded with url: //0?embed=1&mode=tme (Caused by ProxyError('Unable to connect to proxy', OSError('Tunnel connection failed: 400 Bad Request')))
HTTPSConnectionPool(host='t.me', port=443): Max retries exceeded with url: //0?embed=1&mode=tme (Caused by ProxyError('Unable to connect to proxy', ConnectTimeoutError(<urllib3.connection.HTTPSConnection object at 0xd703dbc8>, 'Connection to 41.220.135.105 timed out. (connect timeout=15)')))
HTTPSConnectionPool(host='t.me', port=443): Max retries exceeded with url: //0?embed=1&mode=tme (Caused by ProxyError('Unable to connect to proxy', ConnectTimeoutError(<urllib3.connection.HTTPSConnection object at 0xd703db68>, 'Connection to 114.103.88.87 timed out. (connect timeout=15)')))
HTTPSConnectionPool(host='t.me', port=443): Max retries exceeded with url: //0?embed=1&mode=tme (Caused by ProxyError('Unable to connect to proxy', ConnectTimeoutError(<urllib3.connection.HTTPSConnection object at 0xe4af6f70>, 'Connection to 186.101.84.214 timed out. (connect timeout=15)')))
HTTPSConnectionPool(host='t.me', port=443): Max retries exceeded with url: //0?embed=1&mode=tme (Caused by ProxyError('Unable to connect to proxy', ConnectTimeoutError(<urllib3.connection.HTTPSConnection object at 0xe6794e80>, 'Connection to 95.217.210.191 timed out. (connect timeout=15)')))
HTTPSConnectionPool(host='t.me', port=443): Max retries exceeded with url: //0?embed=1&mode=tme (Caused by ProxyError('Unable to connect to proxy', NewConnectionError('<urllib3.connection.HTTPSConnection object at 0xe9a523e8>: Failed to establish a new connection: [Errno 113] No route to host')))
HTTPSConnectionPool(host='t.me', port=443): Max retries exceeded with url: //0?embed=1&mode=tme (Caused by ProxyError('Unable to connect to proxy', ConnectTimeoutError(<urllib3.connection.HTTPSConnection object at 0xd703de68>, 'Connection to 190.239.221.27 timed out. (connect timeout=15)')))
HTTPSConnectionPool(host='t.me', port=443): Max retries exceeded with url: //0?embed=1&mode=tme (Caused by ProxyError('Unable to connect to proxy', ConnectTimeoutError(<urllib3.connection.HTTPSConnection object at 0xec6d98e0>, 'Connection to 41.65.236.57 timed out. (connect timeout=15)')))
HTTPSConnectionPool(host='t.me', port=443): Max retries exceeded with url: //0?embed=1&mode=tme (Caused by ProxyError('Unable to connect to proxy', NewConnectionError('<urllib3.connection.HTTPSConnection object at 0xe81ed5c8>: Failed to establish a new connection: [Errno 111] Connection refused')))
HTTPSConnectionPool(host='t.me', port=443): Max retries exceeded with url: //0?embed=1&mode=tme (Caused by ProxyError('Unable to connect to proxy', ConnectTimeoutError(<urllib3.connection.HTTPSConnection object at 0xebd55b80>, 'Connection to 114.233.70.173 timed out. (connect timeout=15)')))
('Connection aborted.', ConnectionResetError(104, 'Connection reset by peer'))
HTTPSConnectionPool(host='t.me', port=443): Max retries exceeded with url: //0?embed=1&mode=tme (Caused by ProxyError('Unable to connect to proxy', ConnectTimeoutError(<urllib3.connection.HTTPSConnection object at 0xda9351f0>, 'Connection to 41.85.8.226 timed out. (connect timeout=15)')))
HTTPSConnectionPool(host='t.me', port=443): Max retries exceeded with url: //0?embed=1&mode=tme (Caused by ProxyError('Unable to connect to proxy', ConnectTimeoutError(<urllib3.connection.HTTPSConnection object at 0xdd5e52f8>, 'Connection to 115.127.79.234 timed out. (connect timeout=15)')))
HTTPSConnectionPool(host='t.me', port=443): Max retries exceeded with url: //0?embed=1&mode=tme (Caused by ProxyError('Unable to connect to proxy', ConnectTimeoutError(<urllib3.connection.HTTPSConnection object at 0xd90abb50>, 'Connection to 190.120.254.232 timed out. (connect timeout=15)')))
HTTPSConnectionPool(host='t.me', port=443): Max retries exceeded with url: //0?embed=1&mode=tme (Caused by ProxyError('Unable to connect to proxy', ConnectTimeoutError(<urllib3.connection.HTTPSConnection object at 0xda9354a8>, 'Connection to 190.115.0.17 timed out. (connect timeout=15)')))
HTTPSConnectionPool(host='t.me', port=443): Max retries exceeded with url: //0?embed=1&mode=tme (Caused by ProxyError('Unable to connect to proxy', ConnectTimeoutError(<urllib3.connection.HTTPSConnection object at 0xda935ec8>, 'Connection to 115.124.69.166 timed out. (connect timeout=15)')))
HTTPSConnectionPool(host='t.me', port=443): Max retries exceeded with url: //0?embed=1&mode=tme (Caused by ProxyError('Unable to connect to proxy', ConnectTimeoutError(<urllib3.connection.HTTPSConnection object at 0xbe154a90>, 'Connection to 103.147.241.3 timed out. (connect timeout=15)')))
HTTPSConnectionPool(host='t.me', port=443): Max retries exceeded with url: //0?embed=1&mode=tme (Caused by ProxyError('Unable to connect to proxy', ConnectTimeoutError(<urllib3.connection.HTTPSConnection object at 0xbc86a550>, 'Connection to 34.31.17.100 timed out. (connect timeout=15)')))
                                                                                                                                                                                                                                                                                                     HTTPSConnectionPool(host='t.me', port=443): Max retries exceeded with url: //0?embed=1&mode=tme (Caused by ProxyError('Unable to connect to proxy', ConnectTimeoutError(<urllib3.connection.HTTPSConnection object at 0xe3e77b38>, 'Connection to 43.251.118.153 timed out. (connect timeout=15)')))
HTTPSConnectionPool(host='t.me', port=443): Max retries exceeded with url: //0?embed=1&mode=tme (Caused by ProxyError('Unable to connect to proxy', ConnectTimeoutError(<urllib3.connection.HTTPSConnection object at 0xe7fd2df0>, 'Connection to 94.40.127.166 timed out. (connect timeout=15)')))
HTTPSConnectionPool(host='t.me', port=443): Max retries exceeded with url: //0?embed=1&mode=tme (Caused by ProxyError('Unable to connect to proxy', NewConnectionError('<urllib3.connection.HTTPSConnection object at 0xe925b190>: Failed to establish a new connection: [Errno 113] No route to host')))
HTTPSConnectionPool(host='t.me', port=443): Max retries exceeded with url: //0?embed=1&mode=tme (Caused by ProxyError('Unable to connect to proxy', NewConnectionError('<urllib3.connection.HTTPSConnection object at 0xe91bc460>: Failed to establish a new connection: [Errno 111] Connection refused')))
HTTPSConnectionPool(host='t.me', port=443): Max retries exceeded with url: //0?embed=1&mode=tme (Caused by ProxyError('Unable to connect to proxy', ConnectTimeoutError(<urllib3.connection.HTTPSConnection object at 0xbc86a298>, 'Connection to 37.120.140.158 timed out. (connect timeout=15)')))
HTTPSConnectionPool(host='t.me', port=443): Max retries exceeded with url: //0?embed=1&mode=tme (Caused by ProxyError('Unable to connect to proxy', ConnectTimeoutError(<urllib3.connection.HTTPSConnection object at 0xdd600610>, 'Connection to 154.202.113.165 timed out. (connect timeout=15)')))
HTTPSConnectionPool(host='t.me', port=443): Max retries exceeded with url: //0?embed=1&mode=tme (Caused by ProxyError('Unable to connect to proxy', NewConnectionError('<urllib3.connection.HTTPSConnection object at 0xe73b3e20>: Failed to establish a new connection: [Errno 111] Connection refused')))
HTTPSConnectionPool(host='t.me', port=443): Max retries exceeded with url: //0?embed=1&mode=tme (Caused by ProxyError('Unable to connect to proxy', ConnectTimeoutError(<urllib3.connection.HTTPSConnection object at 0xe81b3970>, 'Connection to 20.44.206.138 timed out. (connect timeout=15)')))
HTTPSConnectionPool(host='t.me', port=443): Max retries exceeded with url: //0?embed=1&mode=tme (Caused by SSLError(SSLError(1, '[SSL: WRONG_VERSION_NUMBER] wrong version number (_ssl.c:1129)')))
HTTPSConnectionPool(host='t.me', port=443): Max retries exceeded with url: //0?embed=1&mode=tme (Caused by ProxyError('Unable to connect to proxy', ConnectTimeoutError(<urllib3.connection.HTTPSConnection object at 0xc278e328>, 'Connection to 94.228.194.18 timed out. (connect timeout=15)')))
HTTPSConnectionPool(host='t.me', port=443): Max retries exceeded with url: //0?embed=1&mode=tme (Caused by ProxyError('Unable to connect to proxy', NewConnectionError('<urllib3.connection.HTTPSConnection object at 0xeb285ad8>: Failed to establish a new connection: [Errno 111] Connection refused')))
HTTPSConnectionPool(host='t.me', port=443): Max retries exceeded with url: //0?embed=1&mode=tme (Caused by ProxyError('Unable to connect to proxy', ConnectTimeoutError(<urllib3.connection.HTTPSConnection object at 0xbf96beb0>, 'Connection to 47.252.27.174 timed out. (connect timeout=15)')))
HTTPSConnectionPool(host='t.me', port=443): Max retries exceeded with url: //0?embed=1&mode=tme (Caused by ProxyError('Unable to connect to proxy', ConnectTimeoutError(<urllib3.connection.HTTPSConnection object at 0xc278e9e8>, 'Connection to 179.1.133.33 timed out. (connect timeout=15)')))
HTTPSConnectionPool(host='t.me', port=443): Max retries exceeded with url: //0?embed=1&mode=tme (Caused by ProxyError('Unable to connect to proxy', ConnectTimeoutError(<urllib3.connection.HTTPSConnection object at 0xbf96b1f0>, 'Connection to 193.141.65.48 timed out. (connect timeout=15)')))
HTTPSConnectionPool(host='t.me', port=443): Max retries exceeded with url: //0?embed=1&mode=tme (Caused by ProxyError('Unable to connect to proxy', ConnectTimeoutError(<urllib3.connection.HTTPSConnection object at 0xebecce68>, 'Connection to 114.130.175.18 timed out. (connect timeout=15)')))
HTTPSConnectionPool(host='t.me', port=443): Max retries exceeded with url: //0?embed=1&mode=tme (Caused by ProxyError('Unable to connect to proxy', ConnectTimeoutError(<urllib3.connection.HTTPSConnection object at 0xebf9a070>, 'Connection to 43.251.119.79 timed out. (connect timeout=15)')))
HTTPSConnectionPool(host='t.me', port=443): Max retries exceeded with url: //0?embed=1&mode=tme (Caused by ProxyError('Unable to connect to proxy', ConnectTimeoutError(<urllib3.connection.HTTPSConnection object at 0xdf7bda48>, 'Connection to 103.164.112.123 timed out. (connect timeout=15)')))
HTTPSConnectionPool(host='t.me', port=443): Max retries exceeded with url: //0?embed=1&mode=tme (Caused by ProxyError('Unable to connect to proxy', ConnectTimeoutError(<urllib3.connection.HTTPSConnection object at 0xdf7bd898>, 'Connection to 154.201.34.22 timed out. (connect timeout=15)')))
('Connection aborted.', RemoteDisconnected('Remote end closed connection without response'))
HTTPSConnectionPool(host='t.me', port=443): Max retries exceeded with url: //0?embed=1&mode=tme (Caused by ProxyError('Unable to connect to proxy', ConnectTimeoutError(<urllib3.connection.HTTPSConnection object at 0xdf7bdbc8>, 'Connection to 176.88.248.30 timed out. (connect timeout=15)')))
HTTPSConnectionPool(host='t.me', port=443): Max retries exceeded with url: //0?embed=1&mode=tme (Caused by ProxyError('Unable to connect to proxy', ConnectTimeoutError(<urllib3.connection.HTTPSConnection object at 0xd7a3a610>, 'Connection to 103.247.23.35 timed out. (connect timeout=15)')))
HTTPSConnectionPool(host='t.me', port=443): Max retries exceeded with url: //0?embed=1&mode=tme (Caused by ProxyError('Unable to connect to proxy', ConnectTimeoutError(<urllib3.connection.HTTPSConnection object at 0xe8c08538>, 'Connection to 45.6.15.67 timed out. (connect timeout=15)')))
HTTPSConnectionPool(host='t.me', port=443): Max retries exceeded with url: //0?embed=1&mode=tme (Caused by ProxyError('Unable to connect to proxy', ConnectTimeoutError(<urllib3.connection.HTTPSConnection object at 0xd7a3adf0>, 'Connection to 47.253.214.60 timed out. (connect timeout=15)')))
HTTPSConnectionPool(host='t.me', port=443): Max retries exceeded with url: //0?embed=1&mode=tme (Caused by ProxyError('Unable to connect to proxy', NewConnectionError('<urllib3.connection.HTTPSConnection object at 0xe90b8a30>: Failed to establish a new connection: [Errno 111] Connection refused')))
HTTPSConnectionPool(host='t.me', port=443): Max retries exceeded with url: //0?embed=1&mode=tme (Caused by ProxyError('Unable to connect to proxy', ConnectTimeoutError(<urllib3.connection.HTTPSConnection object at 0xc278ed90>, 'Connection to 187.102.219.149 timed out. (connect timeout=15)')))
HTTPSConnectionPool(host='t.me', port=443): Max retries exceeded with url: //0?embed=1&mode=tme (Caused by ProxyError('Unable to connect to proxy', ConnectTimeoutError(<urllib3.connection.HTTPSConnection object at 0xe4af6d30>, 'Connection to 139.5.73.71 timed out. (connect timeout=15)')))
HTTPSConnectionPool(host='t.me', port=443): Max retries exceeded with url: //0?embed=1&mode=tme (Caused by ProxyError('Unable to connect to proxy', ConnectTimeoutError(<urllib3.connection.HTTPSConnection object at 0xe4af6088>, 'Connection to 103.167.71.39 timed out. (connect timeout=15)')))
HTTPSConnectionPool(host='t.me', port=443): Max retries exceeded with url: //0?embed=1&mode=tme (Caused by ProxyError('Unable to connect to proxy', ConnectTimeoutError(<urllib3.connection.HTTPSConnection object at 0xebe84e08>, 'Connection to 81.23.114.238 timed out. (connect timeout=15)')))
HTTPSConnectionPool(host='t.me', port=443): Max retries exceeded with url: //0?embed=1&mode=tme (Caused by ProxyError('Unable to connect to proxy', ConnectTimeoutError(<urllib3.connection.HTTPSConnection object at 0xbf96b850>, 'Connection to 66.70.176.93 timed out. (connect timeout=15)')))
HTTPSConnectionPool(host='t.me', port=443): Max retries exceeded with url: //0?embed=1&mode=tme (Caused by ProxyError('Unable to connect to proxy', ConnectTimeoutError(<urllib3.connection.HTTPSConnection object at 0xe252c958>, 'Connection to 47.91.45.198 timed out. (connect timeout=15)')))
HTTPSConnectionPool(host='t.me', port=443): Max retries exceeded with url: //0?embed=1&mode=tme (Caused by ProxyError('Unable to connect to proxy', OSError('Tunnel connection failed: 403 Forbidden')))
HTTPSConnectionPool(host='t.me', port=443): Max retries exceeded with url: //0?embed=1&mode=tme (Caused by ProxyError('Unable to connect to proxy', OSError('Tunnel connection failed: 503 Too many open connections')))
HTTPSConnectionPool(host='t.me', port=443): Max retries exceeded with url: //0?embed=1&mode=tme (Caused by ProxyError('Unable to connect to proxy', ConnectTimeoutError(<urllib3.connection.HTTPSConnection object at 0xe6a78358>, 'Connection to 185.139.56.133 timed out. (connect timeout=15)')))
HTTPSConnectionPool(host='t.me', port=443): Max retries exceeded with url: //0?embed=1&mode=tme (Caused by ProxyError('Unable to connect to proxy', NewConnectionError('<urllib3.connection.HTTPSConnection object at 0xea247418>: Failed to establish a new connection: [Errno 111] Connection refused')))
HTTPSConnectionPool(host='t.me', port=443): Max retries exceeded with url: //0?embed=1&mode=tme (Caused by ProxyError('Unable to connect to proxy', ConnectTimeoutError(<urllib3.connection.HTTPSConnection object at 0xe73aac10>, 'Connection to 8.219.43.134 timed out. (connect timeout=15)')))
HTTPSConnectionPool(host='t.me', port=443): Max retries exceeded with url: //0?embed=1&mode=tme (Caused by ProxyError('Unable to connect to proxy', NewConnectionError('<urllib3.connection.HTTPSConnection object at 0xe8eb98f8>: Failed to establish a new connection: [Errno 111] Connection refused')))
HTTPSConnectionPool(host='t.me', port=443): Max retries exceeded with url: //0?embed=1&mode=tme (Caused by ProxyError('Unable to connect to proxy', ConnectTimeoutError(<urllib3.connection.HTTPSConnection object at 0xd9d1b130>, 'Connection to 47.252.1.180 timed out. (connect timeout=15)')))
HTTPSConnectionPool(host='t.me', port=443): Max retries exceeded with url: //0?embed=1&mode=tme (Caused by ProxyError('Unable to connect to proxy', ConnectTimeoutError(<urllib3.connection.HTTPSConnection object at 0xbc85d4d8>, 'Connection to 117.54.114.103 timed out. (connect timeout=15)')))
HTTPSConnectionPool(host='t.me', port=443): Max retries exceeded with url: //0?embed=1&mode=tme (Caused by ProxyError('Unable to connect to proxy', ConnectTimeoutError(<urllib3.connection.HTTPSConnection object at 0xe33c1c58>, 'Connection to 190.115.15.21 timed out. (connect timeout=15)')))
HTTPSConnectionPool(host='t.me', port=443): Max retries exceeded with url: //0?embed=1&mode=tme (Caused by ProxyError('Unable to connect to proxy', ConnectTimeoutError(<urllib3.connection.HTTPSConnection object at 0xbe162790>, 'Connection to 195.201.173.249 timed out. (connect timeout=15)')))
HTTPSConnectionPool(host='t.me', port=443): Max retries exceeded with url: //0?embed=1&mode=tme (Caused by ProxyError('Unable to connect to proxy', ConnectTimeoutError(<urllib3.connection.HTTPSConnection object at 0xbc850688>, 'Connection to 47.91.56.120 timed out. (connect timeout=15)')))
HTTPSConnectionPool(host='t.me', port=443): Max retries exceeded with url: //0?embed=1&mode=tme (Caused by ProxyError('Unable to connect to proxy', NewConnectionError('<urllib3.connection.HTTPSConnection object at 0xe8ec0868>: Failed to establish a new connection: [Errno 111] Connection refused')))
HTTPSConnectionPool(host='t.me', port=443): Max retries exceeded with url: //0?embed=1&mode=tme (Caused by ProxyError('Unable to connect to proxy', NewConnectionError('<urllib3.connection.HTTPSConnection object at 0xe8e20748>: Failed to establish a new connection: [Errno 111] Connection refused')))
HTTPSConnectionPool(host='t.me', port=443): Max retries exceeded with url: //0?embed=1&mode=tme (Caused by ProxyError('Unable to connect to proxy', ConnectTimeoutError(<urllib3.connection.HTTPSConnection object at 0xe252c8b0>, 'Connection to 50.239.72.19 timed out. (connect timeout=15)')))
HTTPSConnectionPool(host='t.me', port=443): Max retries exceeded with url: //0?embed=1&mode=tme (Caused by ProxyError('Unable to connect to proxy', ConnectTimeoutError(<urllib3.connection.HTTPSConnection object at 0xebd63448>, 'Connection to 209.141.54.136 timed out. (connect timeout=15)')))
HTTPSConnectionPool(host='t.me', port=443): Max retries exceeded with url: //0?embed=1&mode=tme (Caused by ProxyError('Unable to connect to proxy', ConnectTimeoutError(<urllib3.connection.HTTPSConnection object at 0xd90abc88>, 'Connection to 103.179.252.86 timed out. (connect timeout=15)')))
HTTPSConnectionPool(host='t.me', port=443): Max retries exceeded with url: //0?embed=1&mode=tme (Caused by ProxyError('Unable to connect to proxy', ConnectTimeoutError(<urllib3.connection.HTTPSConnection object at 0xbc850ef8>, 'Connection to 138.117.77.214 timed out. (connect timeout=15)')))
HTTPSConnectionPool(host='t.me', port=443): Max retries exceeded with url: //0?embed=1&mode=tme (Caused by ProxyError('Unable to connect to proxy', ConnectTimeoutError(<urllib3.connection.HTTPSConnection object at 0xebd63e50>, 'Connection to 183.89.247.182 timed out. (connect timeout=15)')))
HTTPSConnectionPool(host='t.me', port=443): Max retries exceeded with url: //0?embed=1&mode=tme (Caused by ProxyError('Unable to connect to proxy', ConnectTimeoutError(<urllib3.connection.HTTPSConnection object at 0xbbdbb058>, 'Connection to 167.249.30.253 timed out. (connect timeout=15)')))
HTTPSConnectionPool(host='t.me', port=443): Max retries exceeded with url: //0?embed=1&mode=tme (Caused by ProxyError('Unable to connect to proxy', ConnectTimeoutError(<urllib3.connection.HTTPSConnection object at 0xe0390628>, 'Connection to 38.49.140.190 timed out. (connect timeout=15)')))
HTTPSConnectionPool(host='t.me', port=443): Max retries exceeded with url: //0?embed=1&mode=tme (Caused by ProxyError('Unable to connect to proxy', ConnectTimeoutError(<urllib3.connection.HTTPSConnection object at 0xe037a268>, 'Connection to 172.245.159.177 timed out. (connect timeout=15)')))
HTTPSConnectionPool(host='t.me', port=443): Max retries exceeded with url: //0?embed=1&mode=tme (Caused by ProxyError('Unable to connect to proxy', ConnectTimeoutError(<urllib3.connection.HTTPSConnection object at 0xbbdbbdf0>, 'Connection to 36.95.155.74 timed out. (connect timeout=15)')))
HTTPSConnectionPool(host='t.me', port=443): Max retries exceeded with url: //0?embed=1&mode=tme (Caused by ProxyError('Unable to connect to proxy', ConnectTimeoutError(<urllib3.connection.HTTPSConnection object at 0xe0ebc070>, 'Connection to 101.109.0.94 timed out. (connect timeout=15)')))
HTTPSConnectionPool(host='t.me', port=443): Max retries exceeded with url: //0?embed=1&mode=tme (Caused by ProxyError('Unable to connect to proxy', ConnectTimeoutError(<urllib3.connection.HTTPSConnection object at 0xd9d1b9a0>, 'Connection to 103.151.41.7 timed out. (connect timeout=15)')))
('Connection aborted.', ConnectionResetError(104, 'Connection reset by peer'))
HTTPSConnectionPool(host='t.me', port=443): Max retries exceeded with url: //0?embed=1&mode=tme (Caused by ProxyError('Unable to connect to proxy', OSError('Tunnel connection failed: 404 Not Found')))
HTTPSConnectionPool(host='t.me', port=443): Max retries exceeded with url: //0?embed=1&mode=tme (Caused by ProxyError('Unable to connect to proxy', ConnectTimeoutError(<urllib3.connection.HTTPSConnection object at 0xe1a30520>, 'Connection to 197.248.86.237 timed out. (connect timeout=15)')))
HTTPSConnectionPool(host='t.me', port=443): Max retries exceeded with url: //0?embed=1&mode=tme (Caused by ProxyError('Unable to connect to proxy', NewConnectionError('<urllib3.connection.HTTPSConnection object at 0xe8c36070>: Failed to establish a new connection: [Errno 111] Connection refused')))
HTTPSConnectionPool(host='t.me', port=443): Max retries exceeded with url: //0?embed=1&mode=tme (Caused by ProxyError('Unable to connect to proxy', ConnectTimeoutError(<urllib3.connection.HTTPSConnection object at 0xd60e2b38>, 'Connection to 154.201.34.215 timed out. (connect timeout=15)')))
HTTPSConnectionPool(host='t.me', port=443): Max retries exceeded with url: //0?embed=1&mode=tme (Caused by ProxyError('Unable to connect to proxy', NewConnectionError('<urllib3.connection.HTTPSConnection object at 0xe8c1df70>: Failed to establish a new connection: [Errno 111] Connection refused')))
HTTPSConnectionPool(host='t.me', port=443): Max retries exceeded with url: //0?embed=1&mode=tme (Caused by SSLError(SSLError(1, '[SSL: WRONG_VERSION_NUMBER] wrong version number (_ssl.c:1129)')))
HTTPSConnectionPool(host='t.me', port=443): Max retries exceeded with url: //0?embed=1&mode=tme (Caused by ProxyError('Unable to connect to proxy', ConnectTimeoutError(<urllib3.connection.HTTPSConnection object at 0xeb4cf8c8>, 'Connection to 198.98.60.66 timed out. (connect timeout=15)')))
HTTPSConnectionPool(host='t.me', port=443): Max retries exceeded with url: //0?embed=1&mode=tme (Caused by ProxyError('Unable to connect to proxy', ConnectTimeoutError(<urllib3.connection.HTTPSConnection object at 0xc0408988>, 'Connection to 211.22.151.163 timed out. (connect timeout=15)')))
HTTPSConnectionPool(host='t.me', port=443): Max retries exceeded with url: //0?embed=1&mode=tme (Caused by ProxyError('Unable to connect to proxy', ConnectTimeoutError(<urllib3.connection.HTTPSConnection object at 0xdf7ca610>, 'Connection to 50.227.121.35 timed out. (connect timeout=15)')))
HTTPSConnectionPool(host='t.me', port=443): Max retries exceeded with url: //0?embed=1&mode=tme (Caused by ProxyError('Unable to connect to proxy', NewConnectionError('<urllib3.connection.HTTPSConnection object at 0xe8c41e08>: Failed to establish a new connection: [Errno 111] Connection refused')))
HTTPSConnectionPool(host='t.me', port=443): Max retries exceeded with url: //0?embed=1&mode=tme (Caused by ProxyError('Unable to connect to proxy', ConnectTimeoutError(<urllib3.connection.HTTPSConnection object at 0xbe1625b0>, 'Connection to 183.100.14.134 timed out. (connect timeout=15)')))
HTTPSConnectionPool(host='t.me', port=443): Max retries exceeded with url: //0?embed=1&mode=tme (Caused by ProxyError('Unable to connect to proxy', ConnectTimeoutError(<urllib3.connection.HTTPSConnection object at 0xe5a348e0>, 'Connection to 91.148.126.188 timed out. (connect timeout=15)')))
HTTPSConnectionPool(host='t.me', port=443): Max retries exceeded with url: //0?embed=1&mode=tme (Caused by ProxyError('Unable to connect to proxy', NewConnectionError('<urllib3.connection.HTTPSConnection object at 0xe8c36388>: Failed to establish a new connection: [Errno 111] Connection refused')))
HTTPSConnectionPool(host='t.me', port=443): Max retries exceeded with url: //0?embed=1&mode=tme (Caused by ProxyError('Unable to connect to proxy', ConnectTimeoutError(<urllib3.connection.HTTPSConnection object at 0xe037acb8>, 'Connection to 194.93.25.55 timed out. (connect timeout=15)')))
HTTPSConnectionPool(host='t.me', port=443): Max retries exceeded with url: //0?embed=1&mode=tme (Caused by ProxyError('Unable to connect to proxy', ConnectTimeoutError(<urllib3.connection.HTTPSConnection object at 0xe67bfd30>, 'Connection to 51.75.122.80 timed out. (connect timeout=15)')))
HTTPSConnectionPool(host='t.me', port=443): Read timed out. (read timeout=15)
HTTPSConnectionPool(host='t.me', port=443): Max retries exceeded with url: //0?embed=1&mode=tme (Caused by ProxyError('Unable to connect to proxy', ConnectTimeoutError(<urllib3.connection.HTTPSConnection object at 0xe5a23b38>, 'Connection to 200.106.124.170 timed out. (connect timeout=15)')))
HTTPSConnectionPool(host='t.me', port=443): Max retries exceeded with url: //0?embed=1&mode=tme (Caused by ProxyError('Unable to connect to proxy', ConnectTimeoutError(<urllib3.connection.HTTPSConnection object at 0xd70156a0>, 'Connection to 175.101.80.134 timed out. (connect timeout=15)')))
HTTPSConnectionPool(host='t.me', port=443): Max retries exceeded with url: //0?embed=1&mode=tme (Caused by ProxyError('Unable to connect to proxy', ConnectTimeoutError(<urllib3.connection.HTTPSConnection object at 0xe8202748>, 'Connection to 149.54.6.51 timed out. (connect timeout=15)')))
HTTPSConnectionPool(host='t.me', port=443): Max retries exceeded with url: //0?embed=1&mode=tme (Caused by ProxyError('Unable to connect to proxy', NewConnectionError('<urllib3.connection.HTTPSConnection object at 0xe8a61e38>: Failed to establish a new connection: [Errno 111] Connection refused')))
HTTPSConnectionPool(host='t.me', port=443): Max retries exceeded with url: //0?embed=1&mode=tme (Caused by ProxyError('Unable to connect to proxy', ConnectTimeoutError(<urllib3.connection.HTTPSConnection object at 0xe8202d48>, 'Connection to 8.209.68.1 timed out. (connect timeout=15)')))
HTTPSConnectionPool(host='t.me', port=443): Max retries exceeded with url: //0?embed=1&mode=tme (Caused by ProxyError('Unable to connect to proxy', ConnectTimeoutError(<urllib3.connection.HTTPSConnection object at 0xe5a34658>, 'Connection to 50.171.32.225 timed out. (connect timeout=15)')))
HTTPSConnectionPool(host='t.me', port=443): Max retries exceeded with url: //0?embed=1&mode=tme (Caused by ProxyError('Unable to connect to proxy', ConnectTimeoutError(<urllib3.connection.HTTPSConnection object at 0xd60c6d78>, 'Connection to 27.147.132.123 timed out. (connect timeout=15)')))
HTTPSConnectionPool(host='t.me', port=443): Max retries exceeded with url: //0?embed=1&mode=tme (Caused by ProxyError('Unable to connect to proxy', ConnectTimeoutError(<urllib3.connection.HTTPSConnection object at 0xebe84478>, 'Connection to 103.144.201.92 timed out. (connect timeout=15)')))
HTTPSConnectionPool(host='t.me', port=443): Max retries exceeded with url: //0?embed=1&mode=tme (Caused by ProxyError('Unable to connect to proxy', ConnectTimeoutError(<urllib3.connection.HTTPSConnection object at 0xd9cfbfe8>, 'Connection to 85.105.129.136 timed out. (connect timeout=15)')))
HTTPSConnectionPool(host='t.me', port=443): Read timed out. (read timeout=15)
('Connection aborted.', RemoteDisconnected('Remote end closed connection without response'))
HTTPSConnectionPool(host='t.me', port=443): Max retries exceeded with url: //0?embed=1&mode=tme (Caused by ProxyError('Unable to connect to proxy', NewConnectionError('<urllib3.connection.HTTPSConnection object at 0xe037a808>: Failed to establish a new connection: [Errno 111] Connection refused')))
HTTPSConnectionPool(host='t.me', port=443): Max retries exceeded with url: //0?embed=1&mode=tme (Caused by ProxyError('Unable to connect to proxy', ConnectTimeoutError(<urllib3.connection.HTTPSConnection object at 0xe0ebc4f0>, 'Connection to 3.24.58.156 timed out. (connect timeout=15)')))
HTTPSConnectionPool(host='t.me', port=443): Max retries exceeded with url: //0?embed=1&mode=tme (Caused by ProxyError('Unable to connect to proxy', NewConnectionError('<urllib3.connection.HTTPSConnection object at 0xdf7ca268>: Failed to establish a new connection: [Errno 111] Connection refused')))
HTTPSConnectionPool(host='t.me', port=443): Max retries exceeded with url: //0?embed=1&mode=tme (Caused by ProxyError('Unable to connect to proxy', NewConnectionError('<urllib3.connection.HTTPSConnection object at 0xbc832ec8>: Failed to establish a new connection: [Errno 111] Connection refused')))
HTTPSConnectionPool(host='t.me', port=443): Max retries exceeded with url: //0?embed=1&mode=tme (Caused by ProxyError('Unable to connect to proxy', ConnectTimeoutError(<urllib3.connection.HTTPSConnection object at 0xe2539658>, 'Connection to 200.24.130.138 timed out. (connect timeout=15)')))
HTTPSConnectionPool(host='t.me', port=443): Max retries exceeded with url: //0?embed=1&mode=tme (Caused by ProxyError('Unable to connect to proxy', OSError('Tunnel connection failed: 400 Bad Request')))
HTTPSConnectionPool(host='t.me', port=443): Max retries exceeded with url: //0?embed=1&mode=tme (Caused by SSLError(SSLError(1, '[SSL: WRONG_VERSION_NUMBER] wrong version number (_ssl.c:1129)')))
HTTPSConnectionPool(host='t.me', port=443): Max retries exceeded with url: //0?embed=1&mode=tme (Caused by ProxyError('Unable to connect to proxy', ConnectTimeoutError(<urllib3.connection.HTTPSConnection object at 0xc2780610>, 'Connection to 80.63.107.90 timed out. (connect timeout=15)')))
HTTPSConnectionPool(host='t.me', port=443): Max retries exceeded with url: //0?embed=1&mode=tme (Caused by ProxyError('Unable to connect to proxy', ConnectTimeoutError(<urllib3.connection.HTTPSConnection object at 0xd7a3a3e8>, 'Connection to 43.157.105.92 timed out. (connect timeout=15)')))
('Connection aborted.', ConnectionResetError(104, 'Connection reset by peer'))
HTTPSConnectionPool(host='t.me', port=443): Max retries exceeded with url: //0?embed=1&mode=tme (Caused by ProxyError('Unable to connect to proxy', ConnectTimeoutError(<urllib3.connection.HTTPSConnection object at 0xd60e2d90>, 'Connection to 50.174.145.14 timed out. (connect timeout=15)')))
HTTPSConnectionPool(host='t.me', port=443): Max retries exceeded with url: //0?embed=1&mode=tme (Caused by SSLError(SSLError(1, '[SSL: WRONG_VERSION_NUMBER] wrong version number (_ssl.c:1129)')))
HTTPSConnectionPool(host='t.me', port=443): Max retries exceeded with url: //0?embed=1&mode=tme (Caused by ProxyError('Unable to connect to proxy', ConnectTimeoutError(<urllib3.connection.HTTPSConnection object at 0xc278e340>, 'Connection to 103.76.148.161 timed out. (connect timeout=15)')))
HTTPSConnectionPool(host='t.me', port=443): Max retries exceeded with url: //0?embed=1&mode=tme (Caused by ProxyError('Unable to connect to proxy', ConnectTimeoutError(<urllib3.connection.HTTPSConnection object at 0xe7fd26d0>, 'Connection to 27.79.16.204 timed out. (connect timeout=15)')))
HTTPSConnectionPool(host='t.me', port=443): Max retries exceeded with url: //0?embed=1&mode=tme (Caused by ProxyError('Unable to connect to proxy', ConnectTimeoutError(<urllib3.connection.HTTPSConnection object at 0xc489f190>, 'Connection to 1.1.104.70 timed out. (connect timeout=15)')))
HTTPSConnectionPool(host='t.me', port=443): Max retries exceeded with url: //0?embed=1&mode=tme (Caused by ProxyError('Unable to connect to proxy', OSError('Tunnel connection failed: 400 Bad Request')))
HTTPSConnectionPool(host='t.me', port=443): Max retries exceeded with url: //0?embed=1&mode=tme (Caused by ProxyError('Unable to connect to proxy', ConnectTimeoutError(<urllib3.connection.HTTPSConnection object at 0xe73aa418>, 'Connection to 146.190.79.143 timed out. (connect timeout=15)')))
HTTPSConnectionPool(host='t.me', port=443): Max retries exceeded with url: //0?embed=1&mode=tme (Caused by ProxyError('Unable to connect to proxy', ConnectTimeoutError(<urllib3.connection.HTTPSConnection object at 0xc0408190>, 'Connection to 176.235.139.35 timed out. (connect timeout=15)')))
HTTPSConnectionPool(host='t.me', port=443): Max retries exceeded with url: //0?embed=1&mode=tme (Caused by ProxyError('Unable to connect to proxy', ConnectTimeoutError(<urllib3.connection.HTTPSConnection object at 0xc127a8f8>, 'Connection to 177.242.151.133 timed out. (connect timeout=15)')))
HTTPSConnectionPool(host='t.me', port=443): Max retries exceeded with url: //0?embed=1&mode=tme (Caused by ProxyError('Unable to connect to proxy', ConnectTimeoutError(<urllib3.connection.HTTPSConnection object at 0xe5a17418>, 'Connection to 113.137.37.41 timed out. (connect timeout=15)')))
HTTPSConnectionPool(host='t.me', port=443): Max retries exceeded with url: //0?embed=1&mode=tme (Caused by ProxyError('Unable to connect to proxy', ConnectTimeoutError(<urllib3.connection.HTTPSConnection object at 0xc36ef028>, 'Connection to 159.223.57.51 timed out. (connect timeout=15)')))
HTTPSConnectionPool(host='t.me', port=443): Max retries exceeded with url: //0?embed=1&mode=tme (Caused by ProxyError('Unable to connect to proxy', NewConnectionError('<urllib3.connection.HTTPSConnection object at 0xe8af82e0>: Failed to establish a new connection: [Errno 111] Connection refused')))
HTTPSConnectionPool(host='t.me', port=443): Max retries exceeded with url: //0?embed=1&mode=tme (Caused by ProxyError('Unable to connect to proxy', ConnectTimeoutError(<urllib3.connection.HTTPSConnection object at 0xbb3593a0>, 'Connection to 50.170.90.31 timed out. (connect timeout=15)')))
HTTPSConnectionPool(host='t.me', port=443): Max retries exceeded with url: //0?embed=1&mode=tme (Caused by ProxyError('Unable to connect to proxy', ConnectTimeoutError(<urllib3.connection.HTTPSConnection object at 0xebecc838>, 'Connection to 200.10.150.81 timed out. (connect timeout=15)')))
HTTPSConnectionPool(host='t.me', port=443): Max retries exceeded with url: //0?embed=1&mode=tme (Caused by ProxyError('Unable to connect to proxy', ConnectTimeoutError(<urllib3.connection.HTTPSConnection object at 0xebd9c148>, 'Connection to 169.57.157.148 timed out. (connect timeout=15)')))
('Connection aborted.', ConnectionResetError(104, 'Connection reset by peer'))
HTTPSConnectionPool(host='t.me', port=443): Max retries exceeded with url: //0?embed=1&mode=tme (Caused by ProxyError('Unable to connect to proxy', ConnectTimeoutError(<urllib3.connection.HTTPSConnection object at 0xda937b80>, 'Connection to 185.236.202.205 timed out. (connect timeout=15)')))
HTTPSConnectionPool(host='t.me', port=443): Max retries exceeded with url: //0?embed=1&mode=tme (Caused by ProxyError('Unable to connect to proxy', ConnectTimeoutError(<urllib3.connection.HTTPSConnection object at 0xe8b57610>, 'Connection to 159.138.252.45 timed out. (connect timeout=15)')))
HTTPSConnectionPool(host='t.me', port=443): Max retries exceeded with url: //0?embed=1&mode=tme (Caused by ProxyError('Unable to connect to proxy', ConnectTimeoutError(<urllib3.connection.HTTPSConnection object at 0xe6a4c220>, 'Connection to 181.10.123.154 timed out. (connect timeout=15)')))
('Connection aborted.', ConnectionResetError(104, 'Connection reset by peer'))
HTTPSConnectionPool(host='t.me', port=443): Max retries exceeded with url: //0?embed=1&mode=tme (Caused by ProxyError('Unable to connect to proxy', ConnectTimeoutError(<urllib3.connection.HTTPSConnection object at 0xda937628>, 'Connection to 95.9.170.102 timed out. (connect timeout=15)')))
HTTPSConnectionPool(host='t.me', port=443): Max retries exceeded with url: //0?embed=1&mode=tme (Caused by ProxyError('Unable to connect to proxy', ConnectTimeoutError(<urllib3.connection.HTTPSConnection object at 0xe4ae6088>, 'Connection to 110.238.111.229 timed out. (connect timeout=15)')))
HTTPSConnectionPool(host='t.me', port=443): Read timed out. (read timeout=15)
HTTPSConnectionPool(host='t.me', port=443): Max retries exceeded with url: //0?embed=1&mode=tme (Caused by ProxyError('Unable to connect to proxy', ConnectTimeoutError(<urllib3.connection.HTTPSConnection object at 0xd7a46700>, 'Connection to 140.83.50.48 timed out. (connect timeout=15)')))
                                                                                                                                                                                                                                                                                                                                                                                                                                                                                                                                                                                                                                                                                                                                                                                                                                                                                                            HTTPSConnectionPool(host='t.me', port=443): Max retries exceeded with url: //0?embed=1&mode=tme (Caused by ProxyError('Unable to connect to proxy', ConnectTimeoutError(<urllib3.connection.HTTPSConnection object at 0xbb374148>, 'Connection to 50.217.29.198 timed out. (connect timeout=15)')))
HTTPSConnectionPool(host='t.me', port=443): Max retries exceeded with url: //0?embed=1&mode=tme (Caused by ProxyError('Unable to connect to proxy', OSError('Tunnel connection failed: 400 Bad Request')))
HTTPSConnectionPool(host='t.me', port=443): Max retries exceeded with url: //0?embed=1&mode=tme (Caused by ProxyError('Unable to connect to proxy', ConnectTimeoutError(<urllib3.connection.HTTPSConnection object at 0xbb374040>, 'Connection to 190.186.159.17 timed out. (connect timeout=15)')))
HTTPSConnectionPool(host='t.me', port=443): Max retries exceeded with url: //0?embed=1&mode=tme (Caused by ProxyError('Unable to connect to proxy', ConnectTimeoutError(<urllib3.connection.HTTPSConnection object at 0xe1a1c388>, 'Connection to 31.25.24.67 timed out. (connect timeout=15)')))
HTTPSConnectionPool(host='t.me', port=443): Max retries exceeded with url: //0?embed=1&mode=tme (Caused by ProxyError('Unable to connect to proxy', ConnectTimeoutError(<urllib3.connection.HTTPSConnection object at 0xd7a64e08>, 'Connection to 186.148.175.195 timed out. (connect timeout=15)')))
HTTPSConnectionPool(host='t.me', port=443): Max retries exceeded with url: //0?embed=1&mode=tme (Caused by ProxyError('Unable to connect to proxy', NewConnectionError('<urllib3.connection.HTTPSConnection object at 0xe8a2b0a0>: Failed to establish a new connection: [Errno 111] Connection refused')))
HTTPSConnectionPool(host='t.me', port=443): Max retries exceeded with url: //0?embed=1&mode=tme (Caused by ProxyError('Unable to connect to proxy', ConnectTimeoutError(<urllib3.connection.HTTPSConnection object at 0xeb4e9220>, 'Connection to 50.168.49.105 timed out. (connect timeout=15)')))
HTTPSConnectionPool(host='t.me', port=443): Max retries exceeded with url: //0?embed=1&mode=tme (Caused by ProxyError('Unable to connect to proxy', ConnectTimeoutError(<urllib3.connection.HTTPSConnection object at 0xe8162790>, 'Connection to 200.106.184.13 timed out. (connect timeout=15)')))
HTTPSConnectionPool(host='t.me', port=443): Max retries exceeded with url: //0?embed=1&mode=tme (Caused by ProxyError('Unable to connect to proxy', OSError('Tunnel connection failed: 500 Internal Server Error')))
('Connection aborted.', ConnectionResetError(104, 'Connection reset by peer'))
HTTPSConnectionPool(host='t.me', port=443): Max retries exceeded with url: //0?embed=1&mode=tme (Caused by ProxyError('Unable to connect to proxy', NewConnectionError('<urllib3.connection.HTTPSConnection object at 0xe4ae6868>: Failed to establish a new connection: [Errno 111] Connection refused')))
HTTPSConnectionPool(host='t.me', port=443): Max retries exceeded with url: //0?embed=1&mode=tme (Caused by ProxyError('Unable to connect to proxy', ConnectTimeoutError(<urllib3.connection.HTTPSConnection object at 0xe3e77178>, 'Connection to 190.61.55.138 timed out. (connect timeout=15)')))
HTTPSConnectionPool(host='t.me', port=443): Max retries exceeded with url: //0?embed=1&mode=tme (Caused by ProxyError('Unable to connect to proxy', ConnectTimeoutError(<urllib3.connection.HTTPSConnection object at 0xebe768f8>, 'Connection to 163.172.169.27 timed out. (connect timeout=15)')))
HTTPSConnectionPool(host='t.me', port=443): Max retries exceeded with url: //0?embed=1&mode=tme (Caused by ProxyError('Unable to connect to proxy', ConnectTimeoutError(<urllib3.connection.HTTPSConnection object at 0xbc832b08>, 'Connection to 159.138.252.45 timed out. (connect timeout=15)')))
HTTPSConnectionPool(host='t.me', port=443): Max retries exceeded with url: //0?embed=1&mode=tme (Caused by ProxyError('Unable to connect to proxy', NewConnectionError('<urllib3.connection.HTTPSConnection object at 0xe8bf85f8>: Failed to establish a new connection: [Errno 111] Connection refused')))
HTTPSConnectionPool(host='t.me', port=443): Max retries exceeded with url: //0?embed=1&mode=tme (Caused by ProxyError('Unable to connect to proxy', ConnectTimeoutError(<urllib3.connection.HTTPSConnection object at 0xe8b66388>, 'Connection to 50.204.219.227 timed out. (connect timeout=15)')))
HTTPSConnectionPool(host='t.me', port=443): Max retries exceeded with url: //0?embed=1&mode=tme (Caused by ProxyError('Unable to connect to proxy', ConnectTimeoutError(<urllib3.connection.HTTPSConnection object at 0xe8c19838>, 'Connection to 172.233.79.127 timed out. (connect timeout=15)')))
HTTPSConnectionPool(host='t.me', port=443): Max retries exceeded with url: //0?embed=1&mode=tme (Caused by ProxyError('Unable to connect to proxy', ConnectTimeoutError(<urllib3.connection.HTTPSConnection object at 0xe8c08b50>, 'Connection to 185.200.37.116 timed out. (connect timeout=15)')))
HTTPSConnectionPool(host='t.me', port=443): Max retries exceeded with url: //0?embed=1&mode=tme (Caused by ProxyError('Unable to connect to proxy', ConnectTimeoutError(<urllib3.connection.HTTPSConnection object at 0xe5a23ca0>, 'Connection to 197.214.198.82 timed out. (connect timeout=15)')))
HTTPSConnectionPool(host='t.me', port=443): Max retries exceeded with url: //0?embed=1&mode=tme (Caused by ProxyError('Unable to connect to proxy', ConnectTimeoutError(<urllib3.connection.HTTPSConnection object at 0xdf7f2af0>, 'Connection to 118.99.96.173 timed out. (connect timeout=15)')))
HTTPSConnectionPool(host='t.me', port=443): Max retries exceeded with url: //0?embed=1&mode=tme (Caused by ProxyError('Unable to connect to proxy', ConnectTimeoutError(<urllib3.connection.HTTPSConnection object at 0xe6787550>, 'Connection to 50.174.145.13 timed out. (connect timeout=15)')))
HTTPSConnectionPool(host='t.me', port=443): Max retries exceeded with url: //0?embed=1&mode=tme (Caused by ProxyError('Unable to connect to proxy', ConnectTimeoutError(<urllib3.connection.HTTPSConnection object at 0xe81b3478>, 'Connection to 88.99.249.96 timed out. (connect timeout=15)')))
HTTPSConnectionPool(host='t.me', port=443): Max retries exceeded with url: //0?embed=1&mode=tme (Caused by ProxyError('Unable to connect to proxy', NewConnectionError('<urllib3.connection.HTTPSConnection object at 0xe5a06568>: Failed to establish a new connection: [Errno 111] Connection refused')))
HTTPSConnectionPool(host='t.me', port=443): Max retries exceeded with url: //0?embed=1&mode=tme (Caused by ProxyError('Unable to connect to proxy', ConnectTimeoutError(<urllib3.connection.HTTPSConnection object at 0xeb4cfeb0>, 'Connection to 47.242.121.232 timed out. (connect timeout=15)')))
HTTPSConnectionPool(host='t.me', port=443): Max retries exceeded with url: //0?embed=1&mode=tme (Caused by ProxyError('Unable to connect to proxy', OSError('Tunnel connection failed: 502 Proxy Error')))
HTTPSConnectionPool(host='t.me', port=443): Max retries exceeded with url: //0?embed=1&mode=tme (Caused by ProxyError('Unable to connect to proxy', ConnectTimeoutError(<urllib3.connection.HTTPSConnection object at 0xde15c220>, 'Connection to 117.54.230.2 timed out. (connect timeout=15)')))
HTTPSConnectionPool(host='t.me', port=443): Max retries exceeded with url: //0?embed=1&mode=tme (Caused by ProxyError('Unable to connect to proxy', ConnectTimeoutError(<urllib3.connection.HTTPSConnection object at 0xdd619928>, 'Connection to 103.149.130.38 timed out. (connect timeout=15)')))
HTTPSConnectionPool(host='t.me', port=443): Max retries exceeded with url: //0?embed=1&mode=tme (Caused by ProxyError('Unable to connect to proxy', ConnectTimeoutError(<urllib3.connection.HTTPSConnection object at 0xe66e3e80>, 'Connection to 121.200.60.122 timed out. (connect timeout=15)')))
                                                                                                                                                                                                                                                                                                            HTTPSConnectionPool(host='t.me', port=443): Max retries exceeded with url: //0?embed=1&mode=tme (Caused by ProxyError('Unable to connect to proxy', ConnectTimeoutError(<urllib3.connection.HTTPSConnection object at 0xc1289820>, 'Connection to 34.162.135.2 timed out. (connect timeout=15)')))
HTTPSConnectionPool(host='t.me', port=443): Max retries exceeded with url: //0?embed=1&mode=tme (Caused by ProxyError('Unable to connect to proxy', ConnectTimeoutError(<urllib3.connection.HTTPSConnection object at 0xe67b2c28>, 'Connection to 58.136.170.223 timed out. (connect timeout=15)')))
HTTPSConnectionPool(host='t.me', port=443): Max retries exceeded with url: //0?embed=1&mode=tme (Caused by ProxyError('Unable to connect to proxy', ConnectTimeoutError(<urllib3.connection.HTTPSConnection object at 0xe81cbca0>, 'Connection to 88.247.177.8 timed out. (connect timeout=15)')))
HTTPSConnectionPool(host='t.me', port=443): Max retries exceeded with url: //0?embed=1&mode=tme (Caused by ProxyError('Unable to connect to proxy', ConnectTimeoutError(<urllib3.connection.HTTPSConnection object at 0xdf7bdd48>, 'Connection to 87.123.56.163 timed out. (connect timeout=15)')))
HTTPSConnectionPool(host='t.me', port=443): Max retries exceeded with url: //0?embed=1&mode=tme (Caused by ProxyError('Unable to connect to proxy', ConnectTimeoutError(<urllib3.connection.HTTPSConnection object at 0xe8162bc8>, 'Connection to 185.172.212.233 timed out. (connect timeout=15)')))
HTTPSConnectionPool(host='t.me', port=443): Max retries exceeded with url: //0?embed=1&mode=tme (Caused by ProxyError('Unable to connect to proxy', ConnectTimeoutError(<urllib3.connection.HTTPSConnection object at 0xbb34c298>, 'Connection to 103.187.117.163 timed out. (connect timeout=15)')))
HTTPSConnectionPool(host='t.me', port=443): Max retries exceeded with url: //0?embed=1&mode=tme (Caused by ProxyError('Unable to connect to proxy', OSError('Tunnel connection failed: 302 Found')))
HTTPSConnectionPool(host='t.me', port=443): Max retries exceeded with url: //0?embed=1&mode=tme (Caused by ProxyError('Unable to connect to proxy', ConnectTimeoutError(<urllib3.connection.HTTPSConnection object at 0xe1c0e7a8>, 'Connection to 47.74.64.65 timed out. (connect timeout=15)')))
HTTPSConnectionPool(host='t.me', port=443): Max retries exceeded with url: //0?embed=1&mode=tme (Caused by ProxyError('Unable to connect to proxy', ConnectTimeoutError(<urllib3.connection.HTTPSConnection object at 0xe1a1c670>, 'Connection to 154.201.33.90 timed out. (connect timeout=15)')))
HTTPSConnectionPool(host='t.me', port=443): Max retries exceeded with url: //0?embed=1&mode=tme (Caused by ProxyError('Unable to connect to proxy', ConnectTimeoutError(<urllib3.connection.HTTPSConnection object at 0xe8202bf8>, 'Connection to 50.63.12.33 timed out. (connect timeout=15)')))
HTTPSConnectionPool(host='t.me', port=443): Max retries exceeded with url: //0?embed=1&mode=tme (Caused by ProxyError('Unable to connect to proxy', ConnectTimeoutError(<urllib3.connection.HTTPSConnection object at 0xbb364928>, 'Connection to 181.78.12.227 timed out. (connect timeout=15)')))
HTTPSConnectionPool(host='t.me', port=443): Max retries exceeded with url: //0?embed=1&mode=tme (Caused by ProxyError('Unable to connect to proxy', ConnectTimeoutError(<urllib3.connection.HTTPSConnection object at 0xbb34c7a8>, 'Connection to 27.71.248.123 timed out. (connect timeout=15)')))
HTTPSConnectionPool(host='t.me', port=443): Max retries exceeded with url: //0?embed=1&mode=tme (Caused by ProxyError('Unable to connect to proxy', ConnectTimeoutError(<urllib3.connection.HTTPSConnection object at 0xeac10a48>, 'Connection to 138.255.240.66 timed out. (connect timeout=15)')))
HTTPSConnectionPool(host='t.me', port=443): Max retries exceeded with url: //0?embed=1&mode=tme (Caused by ProxyError('Unable to connect to proxy', ConnectTimeoutError(<urllib3.connection.HTTPSConnection object at 0xdf7dac40>, 'Connection to 47.88.11.3 timed out. (connect timeout=15)')))
HTTPSConnectionPool(host='t.me', port=443): Max retries exceeded with url: //0?embed=1&mode=tme (Caused by ProxyError('Unable to connect to proxy', ConnectTimeoutError(<urllib3.connection.HTTPSConnection object at 0xe8b66cb8>, 'Connection to 154.202.111.149 timed out. (connect timeout=15)')))
HTTPSConnectionPool(host='t.me', port=443): Max retries exceeded with url: //0?embed=1&mode=tme (Caused by ProxyError('Unable to connect to proxy', ConnectTimeoutError(<urllib3.connection.HTTPSConnection object at 0xe81c1f70>, 'Connection to 189.222.249.36 timed out. (connect timeout=15)')))
HTTPSConnectionPool(host='t.me', port=443): Max retries exceeded with url: //0?embed=1&mode=tme (Caused by ProxyError('Unable to connect to proxy', ConnectTimeoutError(<urllib3.connection.HTTPSConnection object at 0xbb34c910>, 'Connection to 38.51.243.145 timed out. (connect timeout=15)')))
HTTPSConnectionPool(host='t.me', port=443): Max retries exceeded with url: //0?embed=1&mode=tme (Caused by ProxyError('Unable to connect to proxy', ConnectTimeoutError(<urllib3.connection.HTTPSConnection object at 0xe2539208>, 'Connection to 200.111.182.6 timed out. (connect timeout=15)')))
HTTPSConnectionPool(host='t.me', port=443): Max retries exceeded with url: //0?embed=1&mode=tme (Caused by ProxyError('Unable to connect to proxy', ConnectTimeoutError(<urllib3.connection.HTTPSConnection object at 0xd90d5748>, 'Connection to 38.56.80.23 timed out. (connect timeout=15)')))
HTTPSConnectionPool(host='t.me', port=443): Max retries exceeded with url: //0?embed=1&mode=tme (Caused by ProxyError('Unable to connect to proxy', OSError('Tunnel connection failed: 404 Not Found')))
tError(<urllib3.connection.HTTPSConnection object at 0xe6787550>, 'Connection to 50.174.145.13 timed out. (connect timeout=15)')))
HTTPSConnectionPool(host='t.me', port=443): Max retries exceeded with url: //0?embed=1&mode=tme (Caused by ProxyError('Unable to connect to proxy', ConnectTimeoutError(<urllib3.connection.HTTPSConnection object at 0xe81b3478>, 'Connection to 88.99.249.96 timed out. (connect timeout=15)')))
HTTPSConnectionPool(host='t.me', port=443): Max retries exceeded with url: //0?embed=1&mode=tme (Caused by ProxyError('Unable to connect to proxy', NewConnectionError('<urllib3.connection.HTTPSConnection object at 0xe5a06568>: Failed to establish a new connection: [Errno 111] Connection refused')))
HTTPSConnectionPool(host='t.me', port=443): Max retries exceeded with url: //0?embed=1&mode=tme (Caused by ProxyError('Unable to connect to proxy', ConnectTimeoutError(<urllib3.connection.HTTPSConnection object at 0xeb4cfeb0>, 'Connection to 47.242.121.232 timed out. (connect timeout=15)')))
HTTPSConnectionPool(host='t.me', port=443): Max retries exceeded with url: //0?embed=1&mode=tme (Caused by ProxyError('Unable to connect to proxy', OSError('Tunnel connection failed: 502 Proxy Error')))
HTTPSConnectionPool(host='t.me', port=443): Max retries exceeded with url: //0?embed=1&mode=tme (Caused by ProxyError('Unable to connect to proxy', ConnectTimeoutError(<urllib3.connection.HTTPSConnection object at 0xde15c220>, 'Connection to 117.54.230.2 timed out. (connect timeout=15)')))
HTTPSConnectionPool(host='t.me', port=443): Max retries exceeded with url: //0?embed=1&mode=tme (Caused by ProxyError('Unable to connect to proxy', ConnectTimeoutError(<urllib3.connection.HTTPSConnection object at 0xdd619928>, 'Connection to 103.149.130.38 timed out. (connect timeout=15)')))
HTTPSConnectionPool(host='t.me', port=443): Max retries exceeded with url: //0?embed=1&mode=tme (Caused by ProxyError('Unable to connect to proxy', ConnectTimeoutError(<urllib3.connection.HTTPSConnection object at 0xe66e3e80>, 'Connection to 121.200.60.122 timed out. (connect timeout=15)')))
                                                                                                                                                                                                                                                                                                                                                  HTTPSConnectionPool(host='t.me', port=443): Max retries exceeded with url: //0?embed=1&mode=tme (Caused by ProxyError('Unable to connect to proxy', ConnectTimeoutError(<urllib3.connection.HTTPSConnection object at 0xbc8409b8>, 'Connection to 123.138.214.150 timed out. (connect timeout=15)')))
HTTPSConnectionPool(host='t.me', port=443): Max retries exceeded with url: //0?embed=1&mode=tme (Caused by ProxyError('Unable to connect to proxy', ConnectTimeoutError(<urllib3.connection.HTTPSConnection object at 0xbb33a7a8>, 'Connection to 8.209.68.1 timed out. (connect timeout=15)')))
HTTPSConnectionPool(host='t.me', port=443): Max retries exceeded with url: //0?embed=1&mode=tme (Caused by ProxyError('Unable to connect to proxy', OSError('Tunnel connection failed: 400 Bad Request')))
HTTPSConnectionPool(host='t.me', port=443): Max retries exceeded with url: //0?embed=1&mode=tme (Caused by ProxyError('Unable to connect to proxy', NewConnectionError('<urllib3.connection.HTTPSConnection object at 0xe8b57ce8>: Failed to establish a new connection: [Errno 111] Connection refused')))
HTTPSConnectionPool(host='t.me', port=443): Max retries exceeded with url: //0?embed=1&mode=tme (Caused by ProxyError('Unable to connect to proxy', ConnectTimeoutError(<urllib3.connection.HTTPSConnection object at 0xbf988d00>, 'Connection to 110.238.113.119 timed out. (connect timeout=15)')))
HTTPSConnectionPool(host='t.me', port=443): Max retries exceeded with url: //0?embed=1&mode=tme (Caused by ProxyError('Unable to connect to proxy', NewConnectionError('<urllib3.connection.HTTPSConnection object at 0xd700c808>: Failed to establish a new connection: [Errno 111] Connection refused')))
HTTPSConnectionPool(host='t.me', port=443): Max retries exceeded with url: //0?embed=1&mode=tme (Caused by ProxyError('Unable to connect to proxy', ConnectTimeoutError(<urllib3.connection.HTTPSConnection object at 0xe8b4f8b0>, 'Connection to 188.136.154.52 timed out. (connect timeout=15)')))
HTTPSConnectionPool(host='t.me', port=443): Max retries exceeded with url: //0?embed=1&mode=tme (Caused by ProxyError('Unable to connect to proxy', ConnectTimeoutError(<urllib3.connection.HTTPSConnection object at 0xebeb5d00>, 'Connection to 41.65.236.58 timed out. (connect timeout=15)')))
HTTPSConnectionPool(host='t.me', port=443): Max retries exceeded with url: //0?embed=1&mode=tme (Caused by ProxyError('Unable to connect to proxy', NewConnectionError('<urllib3.connection.HTTPSConnection object at 0xe89d8ef8>: Failed to establish a new connection: [Errno 111] Connection refused')))
HTTPSConnectionPool(host='t.me', port=443): Max retries exceeded with url: //0?embed=1&mode=tme (Caused by ProxyError('Unable to connect to proxy', ConnectTimeoutError(<urllib3.connection.HTTPSConnection object at 0xe67bfc40>, 'Connection to 111.224.213.32 timed out. (connect timeout=15)')))
HTTPSConnectionPool(host='t.me', port=443): Max retries exceeded with url: //0?embed=1&mode=tme (Caused by ProxyError('Unable to connect to proxy', ConnectTimeoutError(<urllib3.connection.HTTPSConnection object at 0xebeb5a48>, 'Connection to 43.255.113.232 timed out. (connect timeout=15)')))
HTTPSConnectionPool(host='t.me', port=443): Max retries exceeded with url: //0?embed=1&mode=tme (Caused by SSLError(SSLError(1, '[SSL: WRONG_VERSION_NUMBER] wrong version number (_ssl.c:1129)')))
HTTPSConnectionPool(host='t.me', port=443): Max retries exceeded with url: //0?embed=1&mode=tme (Caused by ProxyError('Unable to connect to proxy', OSError('Tunnel connection failed: 400 Bad Request')))
('Connection aborted.', RemoteDisconnected('Remote end closed connection without response'))
HTTPSConnectionPool(host='t.me', port=443): Max retries exceeded with url: //0?embed=1&mode=tme (Caused by ProxyError('Unable to connect to proxy', ConnectTimeoutError(<urllib3.connection.HTTPSConnection object at 0xbc8406e8>, 'Connection to 154.201.34.178 timed out. (connect timeout=15)')))
HTTPSConnectionPool(host='t.me', port=443): Max retries exceeded with url: //0?embed=1&mode=tme (Caused by ProxyError('Unable to connect to proxy', NewConnectionError('<urllib3.connection.HTTPSConnection object at 0xe67b2820>: Failed to establish a new connection: [Errno 111] Connection refused')))
HTTPSConnectionPool(host='t.me', port=443): Max retries exceeded with url: //0?embed=1&mode=tme (Caused by ProxyError('Unable to connect to proxy', NewConnectionError('<urllib3.connection.HTTPSConnection object at 0xe8cb4598>: Failed to establish a new connection: [Errno 111] Connection refused')))
HTTPSConnectionPool(host='t.me', port=443): Max retries exceeded with url: //0?embed=1&mode=tme (Caused by ProxyError('Unable to connect to proxy', NewConnectionError('<urllib3.connection.HTTPSConnection object at 0xea2ab970>: Failed to establish a new connection: [Errno 111] Connection refused')))
HTTPSConnectionPool(host='t.me', port=443): Max retries exceeded with url: //0?embed=1&mode=tme (Caused by ProxyError('Unable to connect to proxy', NewConnectionError('<urllib3.connection.HTTPSConnection object at 0xe73b3f28>: Failed to establish a new connection: [Errno 113] No route to host')))
HTTPSConnectionPool(host='t.me', port=443): Max retries exceeded with url: //0?embed=1&mode=tme (Caused by ProxyError('Unable to connect to proxy', ConnectTimeoutError(<urllib3.connection.HTTPSConnection object at 0xebeb5fd0>, 'Connection to 110.238.116.82 timed out. (connect timeout=15)')))
HTTPSConnectionPool(host='t.me', port=443): Max retries exceeded with url: //0?embed=1&mode=tme (Caused by ProxyError('Unable to connect to proxy', ConnectTimeoutError(<urllib3.connection.HTTPSConnection object at 0xebe6a2f8>, 'Connection to 34.85.155.119 timed out. (connect timeout=15)')))
HTTPSConnectionPool(host='t.me', port=443): Max retries exceeded with url: //0?embed=1&mode=tme (Caused by ProxyError('Unable to connect to proxy', ConnectTimeoutError(<urllib3.connection.HTTPSConnection object at 0xc03ea910>, 'Connection to 132.255.19.90 timed out. (connect timeout=15)')))
HTTPSConnectionPool(host='t.me', port=443): Max retries exceeded with url: //0?embed=1&mode=tme (Caused by ProxyError('Unable to connect to proxy', ConnectTimeoutError(<urllib3.connection.HTTPSConnection object at 0xbc840d18>, 'Connection to 195.138.85.104 timed out. (connect timeout=15)')))
HTTPSConnectionPool(host='t.me', port=443): Max retries exceeded with url: //0?embed=1&mode=tme (Caused by ProxyError('Unable to connect to proxy', NewConnectionError('<urllib3.connection.HTTPSConnection object at 0xeac2a6d0>: Failed to establish a new connection: [Errno 111] Connection refused')))
HTTPSConnectionPool(host='t.me', port=443): Max retries exceeded with url: //0?embed=1&mode=tme (Caused by ProxyError('Unable to connect to proxy', ConnectTimeoutError(<urllib3.connection.HTTPSConnection object at 0xdf7daad8>, 'Connection to 167.86.115.218 timed out. (connect timeout=15)')))
HTTPSConnectionPool(host='t.me', port=443): Max retries exceeded with url: //0?embed=1&mode=tme (Caused by ProxyError('Unable to connect to proxy', ConnectTimeoutError(<urllib3.connection.HTTPSConnection object at 0xdb5b6190>, 'Connection to 50.238.154.98 timed out. (connect timeout=15)')))
HTTPSConnectionPool(host='t.me', port=443): Max retries exceeded with url: //0?embed=1&mode=tme (Caused by ProxyError('Unable to connect to proxy', ConnectTimeoutError(<urllib3.connection.HTTPSConnection object at 0xd7a46b38>, 'Connection to 67.205.60.167 timed out. (connect timeout=15)')))
HTTPSConnectionPool(host='t.me', port=443): Max retries exceeded with url: //0?embed=1&mode=tme (Caused by ProxyError('Unable to connect to proxy', ConnectTimeoutError(<urllib3.connection.HTTPSConnection object at 0xdcab9928>, 'Connection to 50.168.72.117 timed out. (connect timeout=15)')))
SConnection object at 0xdf7bd0d0>: Failed to establish a new connection: [Errno 111] Connection refused')))
HTTPSConnectionPool(host='t.me', port=443): Max retries exceeded with url: //0?embed=1&mode=tme (Caused by ProxyError('Unable to connect to proxy', OSError('Tunnel connection failed: 400 Bad Request')))
                                                                           HTTPSConnectionPool(host='t.me', port=443): Max retries exceeded with url: //0?embed=1&mode=tme (Caused by ProxyError('Unable to connect to proxy', OSError('Tunnel connection failed: 400 Bad Request')))
HTTPSConnectionPool(host='t.me', port=443): Max retries exceeded with url: //0?embed=1&mode=tme (Caused by ProxyError('Unable to connect to proxy', ConnectTimeoutError(<urllib3.connection.HTTPSConnection object at 0xebe6aad8>, 'Connection to 201.95.254.137 timed out. (connect timeout=15)')))
HTTPSConnectionPool(host='t.me', port=443): Max retries exceeded with url: //0?embed=1&mode=tme (Caused by SSLError(SSLError(1, '[SSL: WRONG_VERSION_NUMBER] wrong version number (_ssl.c:1129)')))
HTTPSConnectionPool(host='t.me', port=443): Max retries exceeded with url: //0?embed=1&mode=tme (Caused by ProxyError('Unable to connect to proxy', ConnectTimeoutError(<urllib3.connection.HTTPSConnection object at 0xd60d6820>, 'Connection to 34.162.24.17 timed out. (connect timeout=15)')))
HTTPSConnectionPool(host='t.me', port=443): Max retries exceeded with url: //0?embed=1&mode=tme (Caused by ProxyError('Unable to connect to proxy', ConnectTimeoutError(<urllib3.connection.HTTPSConnection object at 0xe81a9610>, 'Connection to 154.202.115.137 timed out. (connect timeout=15)')))
('Connection aborted.', RemoteDisconnected('Remote end closed connection without response'))
HTTPSConnectionPool(host='t.me', port=443): Max retries exceeded with url: //0?embed=1&mode=tme (Caused by ProxyError('Unable to connect to proxy', NewConnectionError('<urllib3.connection.HTTPSConnection object at 0xe89d81d8>: Failed to establish a new connection: [Errno 111] Connection refused')))
HTTPSConnectionPool(host='t.me', port=443): Max retries exceeded with url: //0?embed=1&mode=tme (Caused by ProxyError('Unable to connect to proxy', NewConnectionError('<urllib3.connection.HTTPSConnection object at 0xbbdd9b50>: Failed to establish a new connection: [Errno 111] Connection refused')))
HTTPSConnectionPool(host='t.me', port=443): Max retries exceeded with url: //0?embed=1&mode=tme (Caused by ProxyError('Unable to connect to proxy', NewConnectionError('<urllib3.connection.HTTPSConnection object at 0xe67bf820>: Failed to establish a new connection: [Errno 111] Connection refused')))
HTTPSConnectionPool(host='t.me', port=443): Max retries exceeded with url: //0?embed=1&mode=tme (Caused by ProxyError('Unable to connect to proxy', ConnectTimeoutError(<urllib3.connection.HTTPSConnection object at 0xd7a520e8>, 'Connection to 103.169.254.186 timed out. (connect timeout=15)')))
HTTPSConnectionPool(host='t.me', port=443): Max retries exceeded with url: //0?embed=1&mode=tme (Caused by ProxyError('Unable to connect to proxy', ConnectTimeoutError(<urllib3.connection.HTTPSConnection object at 0xe0384058>, 'Connection to 116.104.210.79 timed out. (connect timeout=15)')))
HTTPSConnectionPool(host='t.me', port=443): Max retries exceeded with url: //0?embed=1&mode=tme (Caused by ProxyError('Unable to connect to proxy', ConnectTimeoutError(<urllib3.connection.HTTPSConnection object at 0xbecf2100>, 'Connection to 194.53.158.57 timed out. (connect timeout=15)')))
HTTPSConnectionPool(host='t.me', port=443): Max retries exceeded with url: //0?embed=1&mode=tme (Caused by ProxyError('Unable to connect to proxy', ConnectTimeoutError(<urllib3.connection.HTTPSConnection object at 0xe0384a60>, 'Connection to 191.102.105.115 timed out. (connect timeout=15)')))
HTTPSConnectionPool(host='t.me', port=443): Max retries exceeded with url: //0?embed=1&mode=tme (Caused by ProxyError('Unable to connect to proxy', ConnectTimeoutError(<urllib3.connection.HTTPSConnection object at 0xe66d3a18>, 'Connection to 103.153.40.38 timed out. (connect timeout=15)')))
HTTPSConnectionPool(host='t.me', port=443): Max retries exceeded with url: //0?embed=1&mode=tme (Caused by ProxyError('Unable to connect to proxy', ConnectTimeoutError(<urllib3.connection.HTTPSConnection object at 0xbb359df0>, 'Connection to 190.39.40.84 timed out. (connect timeout=15)')))
HTTPSConnectionPool(host='t.me', port=443): Max retries exceeded with url: //0?embed=1&mode=tme (Caused by ProxyError('Unable to connect to proxy', ConnectTimeoutError(<urllib3.connection.HTTPSConnection object at 0xd700cb98>, 'Connection to 51.158.172.165 timed out. (connect timeout=15)')))
HTTPSConnectionPool(host='t.me', port=443): Max retries exceeded with url: //0?embed=1&mode=tme (Caused by ProxyError('Unable to connect to proxy', ConnectTimeoutError(<urllib3.connection.HTTPSConnection object at 0xdb5a5550>, 'Connection to 103.51.47.9 timed out. (connect timeout=15)')))
HTTPSConnectionPool(host='t.me', port=443): Max retries exceeded with url: //0?embed=1&mode=tme (Caused by ProxyError('Unable to connect to proxy', ConnectTimeoutError(<urllib3.connection.HTTPSConnection object at 0xebf89748>, 'Connection to 72.52.217.188 timed out. (connect timeout=15)')))
HTTPSConnectionPool(host='t.me', port=443): Max retries exceeded with url: //0?embed=1&mode=tme (Caused by ProxyError('Unable to connect to proxy', ConnectTimeoutError(<urllib3.connection.HTTPSConnection object at 0xe66d3d30>, 'Connection to 194.186.127.60 timed out. (connect timeout=15)')))
HTTPSConnectionPool(host='t.me', port=443): Max retries exceeded with url: //0?embed=1&mode=tme (Caused by ProxyError('Unable to connect to proxy', ConnectTimeoutError(<urllib3.connection.HTTPSConnection object at 0xebf897a8>, 'Connection to 177.234.245.231 timed out. (connect timeout=15)')))
HTTPSConnectionPool(host='t.me', port=443): Max retries exceeded with url: //0?embed=1&mode=tme (Caused by ProxyError('Unable to connect to proxy', ConnectTimeoutError(<urllib3.connection.HTTPSConnection object at 0xe24ffe68>, 'Connection to 34.68.168.129 timed out. (connect timeout=15)')))
HTTPSConnectionPool(host='t.me', port=443): Max retries exceeded with url: //0?embed=1&mode=tme (Caused by ProxyError('Unable to connect to proxy', ConnectTimeoutError(<urllib3.connection.HTTPSConnection object at 0xd9cf0fb8>, 'Connection to 115.23.87.171 timed out. (connect timeout=15)')))
HTTPSConnectionPool(host='t.me', port=443): Max retries exceeded with url: //0?embed=1&mode=tme (Caused by ProxyError('Unable to connect to proxy', ConnectTimeoutError(<urllib3.connection.HTTPSConnection object at 0xd7015b08>, 'Connection to 119.93.148.191 timed out. (connect timeout=15)')))
HTTPSConnectionPool(host='t.me', port=443): Max retries exceeded with url: //0?embed=1&mode=tme (Caused by ProxyError('Unable to connect to proxy', ConnectTimeoutError(<urllib3.connection.HTTPSConnection object at 0xe6787ec8>, 'Connection to 43.129.249.83 timed out. (connect timeout=15)')))
HTTPSConnectionPool(host='t.me', port=443): Max retries exceeded with url: //0?embed=1&mode=tme (Caused by ProxyError('Unable to connect to proxy', OSError('Tunnel connection failed: 302 Found')))
HTTPSConnectionPool(host='t.me', port=443): Max retries exceeded with url: //0?embed=1&mode=tme (Caused by ProxyError('Unable to connect to proxy', ConnectTimeoutError(<urllib3.connection.HTTPSConnection object at 0xe6787310>, 'Connection to 92.255.205.129 timed out. (connect timeout=15)')))
HTTPSConnectionPool(host='t.me', port=443): Max retries exceeded with url: //0?embed=1&mode=tme (Caused by ProxyError('Unable to connect to proxy', NewConnectionError('<urllib3.connection.HTTPSConnection object at 0xd90d57c0>: Failed to establish a new connection: [Errno 111] Connection refused')))
                                                                                                                                                                                                                                                                                                                                                                                                                                                                                                                HTTPSConnectionPool(host='t.me', port=443): Max retries exceeded with url: //0?embed=1&mode=tme (Caused by ProxyError('Unable to connect to proxy', NewConnectionError('<urllib3.connection.HTTPSConnection object at 0xbb374910>: Failed to establish a new connection: [Errno 111] Connection refused')))
HTTPSConnectionPool(host='t.me', port=443): Max retries exceeded with url: //0?embed=1&mode=tme (Caused by ProxyError('Unable to connect to proxy', ConnectTimeoutError(<urllib3.connection.HTTPSConnection object at 0xebd90d00>, 'Connection to 115.230.134.100 timed out. (connect timeout=15)')))
('Connection aborted.', RemoteDisconnected('Remote end closed connection without response'))
('Connection aborted.', RemoteDisconnected('Remote end closed connection without response'))
HTTPSConnectionPool(host='t.me', port=443): Max retries exceeded with url: //0?embed=1&mode=tme (Caused by ProxyError('Unable to connect to proxy', ConnectTimeoutError(<urllib3.connection.HTTPSConnection object at 0xeac1f0b8>, 'Connection to 192.158.15.201 timed out. (connect timeout=15)')))
('Connection aborted.', RemoteDisconnected('Remote end closed connection without response'))
HTTPSConnectionPool(host='t.me', port=443): Max retries exceeded with url: //0?embed=1&mode=tme (Caused by ProxyError('Unable to connect to proxy', ConnectTimeoutError(<urllib3.connection.HTTPSConnection object at 0xe6a5a8f8>, 'Connection to 154.202.101.70 timed out. (connect timeout=15)')))
HTTPSConnectionPool(host='t.me', port=443): Max retries exceeded with url: //0?embed=1&mode=tme (Caused by ProxyError('Unable to connect to proxy', OSError('Tunnel connection failed: 400 Bad Request')))
HTTPSConnectionPool(host='t.me', port=443): Max retries exceeded with url: //0?embed=1&mode=tme (Caused by ProxyError('Unable to connect to proxy', ConnectTimeoutError(<urllib3.connection.HTTPSConnection object at 0xe66da358>, 'Connection to 201.216.238.251 timed out. (connect timeout=15)')))
HTTPSConnectionPool(host='t.me', port=443): Max retries exceeded with url: //0?embed=1&mode=tme (Caused by ProxyError('Unable to connect to proxy', NewConnectionError('<urllib3.connection.HTTPSConnection object at 0xdb5b6b20>: Failed to establish a new connection: [Errno 111] Connection refused')))
HTTPSConnectionPool(host='t.me', port=443): Max retries exceeded with url: //0?embed=1&mode=tme (Caused by ProxyError('Unable to connect to proxy', ConnectTimeoutError(<urllib3.connection.HTTPSConnection object at 0xe66f7748>, 'Connection to 120.26.0.11 timed out. (connect timeout=15)')))
HTTPSConnectionPool(host='t.me', port=443): Max retries exceeded with url: //0?embed=1&mode=tme (Caused by ProxyError('Unable to connect to proxy', NewConnectionError('<urllib3.connection.HTTPSConnection object at 0xe24ff7c0>: Failed to establish a new connection: [Errno 111] Connection refused')))
HTTPSConnectionPool(host='t.me', port=443): Max retries exceeded with url: //0?embed=1&mode=tme (Caused by ProxyError('Unable to connect to proxy', ConnectTimeoutError(<urllib3.connection.HTTPSConnection object at 0xbf988c40>, 'Connection to 178.128.157.114 timed out. (connect timeout=15)')))
HTTPSConnectionPool(host='t.me', port=443): Max retries exceeded with url: //0?embed=1&mode=tme (Caused by ProxyError('Unable to connect to proxy', ConnectTimeoutError(<urllib3.connection.HTTPSConnection object at 0xdd5f13e8>, 'Connection to 62.23.184.84 timed out. (connect timeout=15)')))
HTTPSConnectionPool(host='t.me', port=443): Max retries exceeded with url: //0?embed=1&mode=tme (Caused by ProxyError('Unable to connect to proxy', ConnectTimeoutError(<urllib3.connection.HTTPSConnection object at 0xebd9cc40>, 'Connection to 200.88.113.29 timed out. (connect timeout=15)')))
HTTPSConnectionPool(host='t.me', port=443): Max retries exceeded with url: //0?embed=1&mode=tme (Caused by ProxyError('Unable to connect to proxy', NewConnectionError('<urllib3.connection.HTTPSConnection object at 0xbb364af0>: Failed to establish a new connection: [Errno 111] Connection refused')))
HTTPSConnectionPool(host='t.me', port=443): Max retries exceeded with url: //0?embed=1&mode=tme (Caused by ProxyError('Unable to connect to proxy', ConnectTimeoutError(<urllib3.connection.HTTPSConnection object at 0xe66f7598>, 'Connection to 171.6.128.139 timed out. (connect timeout=15)')))
HTTPSConnectionPool(host='t.me', port=443): Max retries exceeded with url: //0?embed=1&mode=tme (Caused by ProxyError('Unable to connect to proxy', ConnectTimeoutError(<urllib3.connection.HTTPSConnection object at 0xe8c19160>, 'Connection to 64.139.79.35 timed out. (connect timeout=15)')))
HTTPSConnectionPool(host='t.me', port=443): Read timed out. (read timeout=15)
HTTPSConnectionPool(host='t.me', port=443): Max retries exceeded with url: //0?embed=1&mode=tme (Caused by ProxyError('Unable to connect to proxy', NewConnectionError('<urllib3.connection.HTTPSConnection object at 0xebf898e0>: Failed to establish a new connection: [Errno 111] Connection refused')))
HTTPSConnectionPool(host='t.me', port=443): Max retries exceeded with url: //0?embed=1&mode=tme (Caused by ProxyError('Unable to connect to proxy', ConnectTimeoutError(<urllib3.connection.HTTPSConnection object at 0xd7a52778>, 'Connection to 88.255.102.123 timed out. (connect timeout=15)')))
HTTPSConnectionPool(host='t.me', port=443): Max retries exceeded with url: //0?embed=1&mode=tme (Caused by ProxyError('Unable to connect to proxy', ConnectTimeoutError(<urllib3.connection.HTTPSConnection object at 0xebe5b8f8>, 'Connection to 168.181.196.76 timed out. (connect timeout=15)')))
HTTPSConnectionPool(host='t.me', port=443): Max retries exceeded with url: //0?embed=1&mode=tme (Caused by ProxyError('Unable to connect to proxy', NewConnectionError('<urllib3.connection.HTTPSConnection object at 0xe3e896a0>: Failed to establish a new connection: [Errno 111] Connection refused')))
HTTPSConnectionPool(host='t.me', port=443): Max retries exceeded with url: //0?embed=1&mode=tme (Caused by ProxyError('Unable to connect to proxy', NewConnectionError('<urllib3.connection.HTTPSConnection object at 0xe8b27a78>: Failed to establish a new connection: [Errno 111] Connection refused')))
HTTPSConnectionPool(host='t.me', port=443): Max retries exceeded with url: //0?embed=1&mode=tme (Caused by ProxyError('Unable to connect to proxy', ConnectTimeoutError(<urllib3.connection.HTTPSConnection object at 0xe66f7c58>, 'Connection to 154.202.118.75 timed out. (connect timeout=15)')))
HTTPSConnectionPool(host='t.me', port=443): Max retries exceeded with url: //0?embed=1&mode=tme (Caused by ProxyError('Unable to connect to proxy', ConnectTimeoutError(<urllib3.connection.HTTPSConnection object at 0xe81ed910>, 'Connection to 155.50.213.149 timed out. (connect timeout=15)')))
HTTPSConnectionPool(host='t.me', port=443): Max retries exceeded with url: //0?embed=1&mode=tme (Caused by ProxyError('Unable to connect to proxy', ConnectTimeoutError(<urllib3.connection.HTTPSConnection object at 0xebd44118>, 'Connection to 119.148.39.241 timed out. (connect timeout=15)')))
                                                                                                                                                                                                                                                                                                                                                                                                                                                                                                                                                                                                                                                                                                                                                                                                                                                                                                                      HTTPSConnectionPool(host='t.me', port=443): Max retries exceeded with url: //0?embed=1&mode=tme (Caused by ProxyError('Unable to connect to proxy', ConnectTimeoutError(<urllib3.connection.HTTPSConnection object at 0xe66f05b0>, 'Connection to 46.209.100.252 timed out. (connect timeout=15)')))
HTTPSConnectionPool(host='t.me', port=443): Max retries exceeded with url: //0?embed=1&mode=tme (Caused by ProxyError('Unable to connect to proxy', ConnectTimeoutError(<urllib3.connection.HTTPSConnection object at 0xe33eab20>, 'Connection to 115.127.83.142 timed out. (connect timeout=15)')))
HTTPSConnectionPool(host='t.me', port=443): Max retries exceeded with url: //0?embed=1&mode=tme (Caused by ProxyError('Unable to connect to proxy', ConnectTimeoutError(<urllib3.connection.HTTPSConnection object at 0xe1bd1178>, 'Connection to 51.178.86.221 timed out. (connect timeout=15)')))
HTTPSConnectionPool(host='t.me', port=443): Max retries exceeded with url: //0?embed=1&mode=tme (Caused by ProxyError('Unable to connect to proxy', ConnectTimeoutError(<urllib3.connection.HTTPSConnection object at 0xe1bd15f8>, 'Connection to 36.64.162.194 timed out. (connect timeout=15)')))
HTTPSConnectionPool(host='t.me', port=443): Max retries exceeded with url: //0?embed=1&mode=tme (Caused by ProxyError('Unable to connect to proxy', ConnectTimeoutError(<urllib3.connection.HTTPSConnection object at 0xd7a739d0>, 'Connection to 190.54.12.74 timed out. (connect timeout=15)')))
HTTPSConnectionPool(host='t.me', port=443): Max retries exceeded with url: //0?embed=1&mode=tme (Caused by ProxyError('Unable to connect to proxy', NewConnectionError('<urllib3.connection.HTTPSConnection object at 0xe66f08c8>: Failed to establish a new connection: [Errno 111] Connection refused')))
HTTPSConnectionPool(host='t.me', port=443): Max retries exceeded with url: //0?embed=1&mode=tme (Caused by ProxyError('Unable to connect to proxy', ConnectTimeoutError(<urllib3.connection.HTTPSConnection object at 0xd60c65f8>, 'Connection to 63.42.112.155 timed out. (connect timeout=15)')))
HTTPSConnectionPool(host='t.me', port=443): Max retries exceeded with url: //0?embed=1&mode=tme (Caused by ProxyError('Unable to connect to proxy', NewConnectionError('<urllib3.connection.HTTPSConnection object at 0xe3e89c88>: Failed to establish a new connection: [Errno 111] Connection refused')))
HTTPSConnectionPool(host='t.me', port=443): Max retries exceeded with url: //0?embed=1&mode=tme (Caused by ProxyError('Unable to connect to proxy', ConnectTimeoutError(<urllib3.connection.HTTPSConnection object at 0xe1bd17f0>, 'Connection to 154.201.33.106 timed out. (connect timeout=15)')))
HTTPSConnectionPool(host='t.me', port=443): Max retries exceeded with url: //0?embed=1&mode=tme (Caused by ProxyError('Unable to connect to proxy', OSError('Tunnel connection failed: 400 Bad Request')))
HTTPSConnectionPool(host='t.me', port=443): Max retries exceeded with url: //0?embed=1&mode=tme (Caused by ProxyError('Unable to connect to proxy', NewConnectionError('<urllib3.connection.HTTPSConnection object at 0xd8787490>: Failed to establish a new connection: [Errno 111] Connection refused')))
HTTPSConnectionPool(host='t.me', port=443): Max retries exceeded with url: //0?embed=1&mode=tme (Caused by ProxyError('Unable to connect to proxy', ConnectTimeoutError(<urllib3.connection.HTTPSConnection object at 0xe81c1148>, 'Connection to 36.94.47.59 timed out. (connect timeout=15)')))
HTTPSConnectionPool(host='t.me', port=443): Max retries exceeded with url: //0?embed=1&mode=tme (Caused by ProxyError('Unable to connect to proxy', ConnectTimeoutError(<urllib3.connection.HTTPSConnection object at 0xd60d6c28>, 'Connection to 34.162.76.11 timed out. (connect timeout=15)')))
HTTPSConnectionPool(host='t.me', port=443): Max retries exceeded with url: //0?embed=1&mode=tme (Caused by ProxyError('Unable to connect to proxy', ConnectTimeoutError(<urllib3.connection.HTTPSConnection object at 0xd7a731c0>, 'Connection to 38.253.69.3 timed out. (connect timeout=15)')))
HTTPSConnectionPool(host='t.me', port=443): Max retries exceeded with url: //0?embed=1&mode=tme (Caused by ProxyError('Unable to connect to proxy', ConnectTimeoutError(<urllib3.connection.HTTPSConnection object at 0xe6a78bc8>, 'Connection to 50.202.75.26 timed out. (connect timeout=15)')))
HTTPSConnectionPool(host='t.me', port=443): Max retries exceeded with url: //0?embed=1&mode=tme (Caused by ProxyError('Unable to connect to proxy', ConnectTimeoutError(<urllib3.connection.HTTPSConnection object at 0xd7031f70>, 'Connection to 81.174.11.159 timed out. (connect timeout=15)')))
HTTPSConnectionPool(host='t.me', port=443): Max retries exceeded with url: //0?embed=1&mode=tme (Caused by ProxyError('Unable to connect to proxy', ConnectTimeoutError(<urllib3.connection.HTTPSConnection object at 0xebeb5640>, 'Connection to 50.115.175.2 timed out. (connect timeout=15)')))
HTTPSConnectionPool(host='t.me', port=443): Max retries exceeded with url: //0?embed=1&mode=tme (Caused by ProxyError('Unable to connect to proxy', NewConnectionError('<urllib3.connection.HTTPSConnection object at 0xe81c1da8>: Failed to establish a new connection: [Errno 113] No route to host')))
HTTPSConnectionPool(host='t.me', port=443): Max retries exceeded with url: //0?embed=1&mode=tme (Caused by ProxyError('Unable to connect to proxy', ConnectTimeoutError(<urllib3.connection.HTTPSConnection object at 0xebeb5310>, 'Connection to 46.241.57.29 timed out. (connect timeout=15)')))
HTTPSConnectionPool(host='t.me', port=443): Max retries exceeded with url: //0?embed=1&mode=tme (Caused by ProxyError('Unable to connect to proxy', OSError('Tunnel connection failed: 407 Proxy Authentication Required')))
HTTPSConnectionPool(host='t.me', port=443): Max retries exceeded with url: //0?embed=1&mode=tme (Caused by ProxyError('Unable to connect to proxy', ConnectTimeoutError(<urllib3.connection.HTTPSConnection object at 0xe66f73e8>, 'Connection to 154.202.114.34 timed out. (connect timeout=15)')))
HTTPSConnectionPool(host='t.me', port=443): Max retries exceeded with url: //0?embed=1&mode=tme (Caused by ProxyError('Unable to connect to proxy', NewConnectionError('<urllib3.connection.HTTPSConnection object at 0xe67a0a90>: Failed to establish a new connection: [Errno 111] Connection refused')))
HTTPSConnectionPool(host='t.me', port=443): Max retries exceeded with url: //0?embed=1&mode=tme (Caused by ProxyError('Unable to connect to proxy', ConnectTimeoutError(<urllib3.connection.HTTPSConnection object at 0xd7031910>, 'Connection to 45.39.72.60 timed out. (connect timeout=15)')))
HTTPSConnectionPool(host='t.me', port=443): Max retries exceeded with url: //0?embed=1&mode=tme (Caused by ProxyError('Unable to connect to proxy', ConnectTimeoutError(<urllib3.connection.HTTPSConnection object at 0xdd60b400>, 'Connection to 8.219.167.110 timed out. (connect timeout=15)')))
HTTPSConnectionPool(host='t.me', port=443): Max retries exceeded with url: //0?embed=1&mode=tme (Caused by ProxyError('Unable to connect to proxy', ConnectTimeoutError(<urllib3.connection.HTTPSConnection object at 0xda960bc8>, 'Connection to 178.207.11.148 timed out. (connect timeout=15)')))
                                                                                                                                                                                                                                                                                                                                                                                                                                                                                                                                                                                                                                                                                                                                                                                                                                                                                                                       HTTPSConnectionPool(host='t.me', port=443): Max retries exceeded with url: //0?embed=1&mode=tme (Caused by ProxyError('Unable to connect to proxy', ConnectTimeoutError(<urllib3.connection.HTTPSConnection object at 0xe82029e8>, 'Connection to 190.60.39.195 timed out. (connect timeout=15)')))
HTTPSConnectionPool(host='t.me', port=443): Max retries exceeded with url: //0?embed=1&mode=tme (Caused by ProxyError('Unable to connect to proxy', NewConnectionError('<urllib3.connection.HTTPSConnection object at 0xdb57f6d0>: Failed to establish a new connection: [Errno 111] Connection refused')))
HTTPSConnectionPool(host='t.me', port=443): Max retries exceeded with url: //0?embed=1&mode=tme (Caused by ProxyError('Unable to connect to proxy', ConnectTimeoutError(<urllib3.connection.HTTPSConnection object at 0xe4abb5c8>, 'Connection to 36.89.214.21 timed out. (connect timeout=15)')))
('Connection aborted.', ConnectionResetError(104, 'Connection reset by peer'))
HTTPSConnectionPool(host='t.me', port=443): Max retries exceeded with url: //0?embed=1&mode=tme (Caused by ProxyError('Unable to connect to proxy', NewConnectionError('<urllib3.connection.HTTPSConnection object at 0xe8202370>: Failed to establish a new connection: [Errno 111] Connection refused')))
HTTPSConnectionPool(host='t.me', port=443): Max retries exceeded with url: //0?embed=1&mode=tme (Caused by ProxyError('Unable to connect to proxy', ConnectTimeoutError(<urllib3.connection.HTTPSConnection object at 0xe66da988>, 'Connection to 177.69.118.177 timed out. (connect timeout=15)')))
HTTPSConnectionPool(host='t.me', port=443): Max retries exceeded with url: //0?embed=1&mode=tme (Caused by ProxyError('Unable to connect to proxy', OSError('Tunnel connection failed: 403 Forbidden')))
HTTPSConnectionPool(host='t.me', port=443): Max retries exceeded with url: //0?embed=1&mode=tme (Caused by ProxyError('Unable to connect to proxy', ConnectTimeoutError(<urllib3.connection.HTTPSConnection object at 0xc1289310>, 'Connection to 50.222.245.44 timed out. (connect timeout=15)')))
HTTPSConnectionPool(host='t.me', port=443): Max retries exceeded with url: //0?embed=1&mode=tme (Caused by ProxyError('Unable to connect to proxy', ConnectTimeoutError(<urllib3.connection.HTTPSConnection object at 0xeb186088>, 'Connection to 119.13.111.169 timed out. (connect timeout=15)')))
HTTPSConnectionPool(host='t.me', port=443): Max retries exceeded with url: //0?embed=1&mode=tme (Caused by ProxyError('Unable to connect to proxy', ConnectTimeoutError(<urllib3.connection.HTTPSConnection object at 0xebd9ca48>, 'Connection to 89.249.65.191 timed out. (connect timeout=15)')))
HTTPSConnectionPool(host='t.me', port=443): Max retries exceeded with url: //0?embed=1&mode=tme (Caused by ProxyError('Unable to connect to proxy', ConnectTimeoutError(<urllib3.connection.HTTPSConnection object at 0xeaa7e328>, 'Connection to 134.19.254.2 timed out. (connect timeout=15)')))
HTTPSConnectionPool(host='t.me', port=443): Max retries exceeded with url: //0?embed=1&mode=tme (Caused by ProxyError('Unable to connect to proxy', ConnectTimeoutError(<urllib3.connection.HTTPSConnection object at 0xeac35e20>, 'Connection to 86.57.137.63 timed out. (connect timeout=15)')))
HTTPSConnectionPool(host='t.me', port=443): Max retries exceeded with url: //0?embed=1&mode=tme (Caused by ProxyError('Unable to connect to proxy', NewConnectionError('<urllib3.connection.HTTPSConnection object at 0xe8b1f4a8>: Failed to establish a new connection: [Errno 111] Connection refused')))
HTTPSConnectionPool(host='t.me', port=443): Max retries exceeded with url: //0?embed=1&mode=tme (Caused by ProxyError('Unable to connect to proxy', ConnectTimeoutError(<urllib3.connection.HTTPSConnection object at 0xdb57ffa0>, 'Connection to 41.220.135.105 timed out. (connect timeout=15)')))
HTTPSConnectionPool(host='t.me', port=443): Read timed out. (read timeout=15)
HTTPSConnectionPool(host='t.me', port=443): Max retries exceeded with url: //0?embed=1&mode=tme (Caused by ProxyError('Unable to connect to proxy', ConnectTimeoutError(<urllib3.connection.HTTPSConnection object at 0xdd600b68>, 'Connection to 47.253.214.60 timed out. (connect timeout=15)')))
HTTPSConnectionPool(host='t.me', port=443): Max retries exceeded with url: //0?embed=1&mode=tme (Caused by ProxyError('Unable to connect to proxy', ConnectTimeoutError(<urllib3.connection.HTTPSConnection object at 0xebe84cb8>, 'Connection to 183.88.33.254 timed out. (connect timeout=15)')))
HTTPSConnectionPool(host='t.me', port=443): Max retries exceeded with url: //0?embed=1&mode=tme (Caused by ProxyError('Unable to connect to proxy', ConnectTimeoutError(<urllib3.connection.HTTPSConnection object at 0xe66f7520>, 'Connection to 50.217.226.44 timed out. (connect timeout=15)')))
HTTPSConnectionPool(host='t.me', port=443): Max retries exceeded with url: //0?embed=1&mode=tme (Caused by ProxyError('Unable to connect to proxy', ConnectTimeoutError(<urllib3.connection.HTTPSConnection object at 0xe66f74c0>, 'Connection to 190.94.239.182 timed out. (connect timeout=15)')))
HTTPSConnectionPool(host='t.me', port=443): Max retries exceeded with url: //0?embed=1&mode=tme (Caused by ProxyError('Unable to connect to proxy', NewConnectionError('<urllib3.connection.HTTPSConnection object at 0xe4abb1c0>: Failed to establish a new connection: [Errno 111] Connection refused')))
HTTPSConnectionPool(host='t.me', port=443): Max retries exceeded with url: //0?embed=1&mode=tme (Caused by ProxyError('Unable to connect to proxy', ConnectTimeoutError(<urllib3.connection.HTTPSConnection object at 0xbb364e38>, 'Connection to 186.215.68.51 timed out. (connect timeout=15)')))
HTTPSConnectionPool(host='t.me', port=443): Max retries exceeded with url: //0?embed=1&mode=tme (Caused by ProxyError('Unable to connect to proxy', NewConnectionError('<urllib3.connection.HTTPSConnection object at 0xe66f7640>: Failed to establish a new connection: [Errno 111] Connection refused')))
HTTPSConnectionPool(host='t.me', port=443): Max retries exceeded with url: //0?embed=1&mode=tme (Caused by ProxyError('Unable to connect to proxy', ConnectTimeoutError(<urllib3.connection.HTTPSConnection object at 0xdb57f388>, 'Connection to 176.113.73.99 timed out. (connect timeout=15)')))
HTTPSConnectionPool(host='t.me', port=443): Max retries exceeded with url: //0?embed=1&mode=tme (Caused by ProxyError('Unable to connect to proxy', ConnectTimeoutError(<urllib3.connection.HTTPSConnection object at 0xd7022ac0>, 'Connection to 119.13.111.169 timed out. (connect timeout=15)')))
HTTPSConnectionPool(host='t.me', port=443): Max retries exceeded with url: //0?embed=1&mode=tme (Caused by ProxyError('Unable to connect to proxy', ConnectTimeoutError(<urllib3.connection.HTTPSConnection object at 0xd7022808>, 'Connection to 115.127.36.190 timed out. (connect timeout=15)')))
HTTPSConnectionPool(host='t.me', port=443): Max retries exceeded with url: //0?embed=1&mode=tme (Caused by ProxyError('Unable to connect to proxy', NewConnectionError('<urllib3.connection.HTTPSConnection object at 0xe251bc40>: Failed to establish a new connection: [Errno 111] Connection refused')))
HTTPSConnectionPool(host='t.me', port=443): Max retries exceeded with url: //0?embed=1&mode=tme (Caused by SSLError(SSLCertVerificationError(1, '[SSL: CERTIFICATE_VERIFY_FAILED] certificate verify failed: self signed certificate in certificate chain (_ssl.c:1129)')))
HTTPSConnectionPool(host='t.me', port=443): Max retries exceeded with url: //0?embed=1&mode=tme (Caused by ProxyError('Unable to connect to proxy', ConnectTimeoutError(<urllib3.connection.HTTPSConnection object at 0xe0eda178>, 'Connection to 167.71.41.76 timed out. (connect timeout=15)')))
                                                                                                                                                                                                                                                                                                     HTTPSConnectionPool(host='t.me', port=443): Max retries exceeded with url: //0?embed=1&mode=tme (Caused by ProxyError('Unable to connect to proxy', NewConnectionError('<urllib3.connection.HTTPSConnection object at 0xe9a771c0>: Failed to establish a new connection: [Errno 113] No route to host')))
HTTPSConnectionPool(host='t.me', port=443): Max retries exceeded with url: //0?embed=1&mode=tme (Caused by ProxyError('Unable to connect to proxy', ConnectTimeoutError(<urllib3.connection.HTTPSConnection object at 0xe66f0928>, 'Connection to 154.201.61.47 timed out. (connect timeout=15)')))
HTTPSConnectionPool(host='t.me', port=443): Max retries exceeded with url: //0?embed=1&mode=tme (Caused by ProxyError('Unable to connect to proxy', NewConnectionError('<urllib3.connection.HTTPSConnection object at 0xe8151d48>: Failed to establish a new connection: [Errno 111] Connection refused')))
HTTPSConnectionPool(host='t.me', port=443): Max retries exceeded with url: //0?embed=1&mode=tme (Caused by ProxyError('Unable to connect to proxy', NewConnectionError('<urllib3.connection.HTTPSConnection object at 0xe1bd1250>: Failed to establish a new connection: [Errno 111] Connection refused')))
HTTPSConnectionPool(host='t.me', port=443): Max retries exceeded with url: //0?embed=1&mode=tme (Caused by ProxyError('Unable to connect to proxy', NewConnectionError('<urllib3.connection.HTTPSConnection object at 0xd7a46f70>: Failed to establish a new connection: [Errno 111] Connection refused')))
HTTPSConnectionPool(host='t.me', port=443): Max retries exceeded with url: //0?embed=1&mode=tme (Caused by ProxyError('Unable to connect to proxy', NewConnectionError('<urllib3.connection.HTTPSConnection object at 0xebd9c6d0>: Failed to establish a new connection: [Errno 111] Connection refused')))
HTTPSConnectionPool(host='t.me', port=443): Max retries exceeded with url: //0?embed=1&mode=tme (Caused by ProxyError('Unable to connect to proxy', ConnectTimeoutError(<urllib3.connection.HTTPSConnection object at 0xe8162088>, 'Connection to 154.201.33.217 timed out. (connect timeout=15)')))
HTTPSConnectionPool(host='t.me', port=443): Max retries exceeded with url: //0?embed=1&mode=tme (Caused by ProxyError('Unable to connect to proxy', ConnectTimeoutError(<urllib3.connection.HTTPSConnection object at 0xda935550>, 'Connection to 38.51.235.213 timed out. (connect timeout=15)')))
HTTPSConnectionPool(host='t.me', port=443): Max retries exceeded with url: //0?embed=1&mode=tme (Caused by ProxyError('Unable to connect to proxy', ConnectTimeoutError(<urllib3.connection.HTTPSConnection object at 0xd9cf0be0>, 'Connection to 121.230.208.14 timed out. (connect timeout=15)')))
HTTPSConnectionPool(host='t.me', port=443): Max retries exceeded with url: //0?embed=1&mode=tme (Caused by ProxyError('Unable to connect to proxy', ConnectTimeoutError(<urllib3.connection.HTTPSConnection object at 0xc48963b8>, 'Connection to 177.93.44.200 timed out. (connect timeout=15)')))
HTTPSConnectionPool(host='t.me', port=443): Max retries exceeded with url: //0?embed=1&mode=tme (Caused by ProxyError('Unable to connect to proxy', ConnectTimeoutError(<urllib3.connection.HTTPSConnection object at 0xe66f0838>, 'Connection to 80.63.84.58 timed out. (connect timeout=15)')))
('Connection aborted.', RemoteDisconnected('Remote end closed connection without response'))
HTTPSConnectionPool(host='t.me', port=443): Max retries exceeded with url: //0?embed=1&mode=tme (Caused by ProxyError('Unable to connect to proxy', ConnectTimeoutError(<urllib3.connection.HTTPSConnection object at 0xe8151f10>, 'Connection to 8.213.129.15 timed out. (connect timeout=15)')))
HTTPSConnectionPool(host='t.me', port=443): Max retries exceeded with url: //0?embed=1&mode=tme (Caused by ProxyError('Unable to connect to proxy', ConnectTimeoutError(<urllib3.connection.HTTPSConnection object at 0xc36efdc0>, 'Connection to 185.217.5.15 timed out. (connect timeout=15)')))
HTTPSConnectionPool(host='t.me', port=443): Max retries exceeded with url: //0?embed=1&mode=tme (Caused by ProxyError('Unable to connect to proxy', ConnectTimeoutError(<urllib3.connection.HTTPSConnection object at 0xe1bc2868>, 'Connection to 125.229.149.169 timed out. (connect timeout=15)')))
HTTPSConnectionPool(host='t.me', port=443): Max retries exceeded with url: //0?embed=1&mode=tme (Caused by ProxyError('Unable to connect to proxy', OSError('Tunnel connection failed: 500 Internal Server Error')))
HTTPSConnectionPool(host='t.me', port=443): Max retries exceeded with url: //0?embed=1&mode=tme (Caused by ProxyError('Unable to connect to proxy', NewConnectionError('<urllib3.connection.HTTPSConnection object at 0xe66f7da8>: Failed to establish a new connection: [Errno 111] Connection refused')))
HTTPSConnectionPool(host='t.me', port=443): Max retries exceeded with url: //0?embed=1&mode=tme (Caused by ProxyError('Unable to connect to proxy', NewConnectionError('<urllib3.connection.HTTPSConnection object at 0xde13e928>: Failed to establish a new connection: [Errno 113] No route to host')))
HTTPSConnectionPool(host='t.me', port=443): Max retries exceeded with url: //0?embed=1&mode=tme (Caused by ProxyError('Unable to connect to proxy', ConnectTimeoutError(<urllib3.connection.HTTPSConnection object at 0xe3ea27c0>, 'Connection to 41.207.187.178 timed out. (connect timeout=15)')))
HTTPSConnectionPool(host='t.me', port=443): Max retries exceeded with url: //0?embed=1&mode=tme (Caused by ProxyError('Unable to connect to proxy', ConnectTimeoutError(<urllib3.connection.HTTPSConnection object at 0xbecd0970>, 'Connection to 154.202.121.18 timed out. (connect timeout=15)')))
HTTPSConnectionPool(host='t.me', port=443): Max retries exceeded with url: //0?embed=1&mode=tme (Caused by ProxyError('Unable to connect to proxy', ConnectTimeoutError(<urllib3.connection.HTTPSConnection object at 0xe0eb16a0>, 'Connection to 103.36.10.85 timed out. (connect timeout=15)')))
HTTPSConnectionPool(host='t.me', port=443): Max retries exceeded with url: //0?embed=1&mode=tme (Caused by ProxyError('Unable to connect to proxy', NewConnectionError('<urllib3.connection.HTTPSConnection object at 0xc27800b8>: Failed to establish a new connection: [Errno 111] Connection refused')))
HTTPSConnectionPool(host='t.me', port=443): Max retries exceeded with url: //0?embed=1&mode=tme (Caused by ProxyError('Unable to connect to proxy', NewConnectionError('<urllib3.connection.HTTPSConnection object at 0xe1bd1b38>: Failed to establish a new connection: [Errno 111] Connection refused')))
HTTPSConnectionPool(host='t.me', port=443): Max retries exceeded with url: //0?embed=1&mode=tme (Caused by ProxyError('Unable to connect to proxy', ConnectTimeoutError(<urllib3.connection.HTTPSConnection object at 0xeac10bb0>, 'Connection to 59.56.144.200 timed out. (connect timeout=15)')))
HTTPSConnectionPool(host='t.me', port=443): Max retries exceeded with url: //0?embed=1&mode=tme (Caused by ProxyError('Unable to connect to proxy', ConnectTimeoutError(<urllib3.connection.HTTPSConnection object at 0xdb5b6250>, 'Connection to 103.243.114.206 timed out. (connect timeout=15)')))
HTTPSConnectionPool(host='t.me', port=443): Max retries exceeded with url: //0?embed=1&mode=tme (Caused by ProxyError('Unable to connect to proxy', ConnectTimeoutError(<urllib3.connection.HTTPSConnection object at 0xea3b7058>, 'Connection to 45.234.61.2 timed out. (connect timeout=15)')))
HTTPSConnectionPool(host='t.me', port=443): Max retries exceeded with url: //0?embed=1&mode=tme (Caused by ProxyError('Unable to connect to proxy', ConnectTimeoutError(<urllib3.connection.HTTPSConnection object at 0xea313a90>, 'Connection to 181.65.196.153 timed out. (connect timeout=15)')))
HTTPSConnectionPool(host='t.me', port=443): Max retries exceeded with url: //0?embed=1&mode=tme (Caused by ProxyError('Unable to connect to proxy', NewConnectionError('<urllib3.connection.HTTPSConnection object at 0xd90d5af0>: Failed to establish a new connection: [Errno 111] Connection refused')))
HTTPSConnectionPool(host='t.me', port=443): Max retries exceeded with url: //0?embed=1&mode=tme (Caused by ProxyError('Unable to connect to proxy', NewConnectionError('<urllib3.connection.HTTPSConnection object at 0xe33dea60>: Failed to establish a new connection: [Errno 111] Connection refused')))
HTTPSConnectionPool(host='t.me', port=443): Read timed out. (read timeout=15)
HTTPSConnectionPool(host='t.me', port=443): Max retries exceeded with url: //0?embed=1&mode=tme (Caused by ProxyError('Unable to connect to proxy', ConnectTimeoutError(<urllib3.connection.HTTPSConnection object at 0xea2cbdd8>, 'Connection to 39.96.140.81 timed out. (connect timeout=15)')))
HTTPSConnectionPool(host='t.me', port=443): Max retries exceeded with url: //0?embed=1&mode=tme (Caused by ProxyError('Unable to connect to proxy', ConnectTimeoutError(<urllib3.connection.HTTPSConnection object at 0xea2ef9e8>, 'Connection to 94.231.178.249 timed out. (connect timeout=15)')))
HTTPSConnectionPool(host='t.me', port=443): Max retries exceeded with url: //0?embed=1&mode=tme (Caused by ProxyError('Unable to connect to proxy', ConnectTimeoutError(<urllib3.connection.HTTPSConnection object at 0xea2efaf0>, 'Connection to 178.128.172.154 timed out. (connect timeout=15)')))
HTTPSConnectionPool(host='t.me', port=443): Max retries exceeded with url: //0?embed=1&mode=tme (Caused by ProxyError('Unable to connect to proxy', ConnectTimeoutError(<urllib3.connection.HTTPSConnection object at 0xea2795c8>, 'Connection to 113.161.254.4 timed out. (connect timeout=15)')))
HTTPSConnectionPool(host='t.me', port=443): Max retries exceeded with url: //0?embed=1&mode=tme (Caused by ProxyError('Unable to connect to proxy', ConnectTimeoutError(<urllib3.connection.HTTPSConnection object at 0xea279190>, 'Connection to 50.171.32.226 timed out. (connect timeout=15)')))
HTTPSConnectionPool(host='t.me', port=443): Max retries exceeded with url: //0?embed=1&mode=tme (Caused by ProxyError('Unable to connect to proxy', ConnectTimeoutError(<urllib3.connection.HTTPSConnection object at 0xea2791d8>, 'Connection to 85.9.87.26 timed out. (connect timeout=15)')))
HTTPSConnectionPool(host='t.me', port=443): Max retries exceeded with url: //0?embed=1&mode=tme (Caused by ProxyError('Unable to connect to proxy', ConnectTimeoutError(<urllib3.connection.HTTPSConnection object at 0xc2780e20>, 'Connection to 118.173.230.19 timed out. (connect timeout=15)')))
HTTPSConnectionPool(host='t.me', port=443): Max retries exceeded with url: //0?embed=1&mode=tme (Caused by ProxyError('Unable to connect to proxy', OSError('Tunnel connection failed: 400 Bad Request')))
HTTPSConnectionPool(host='t.me', port=443): Max retries exceeded with url: //0?embed=1&mode=tme (Caused by ProxyError('Unable to connect to proxy', NewConnectionError('<urllib3.connection.HTTPSConnection object at 0xc36efa90>: Failed to establish a new connection: [Errno 111] Connection refused')))
HTTPSConnectionPool(host='t.me', port=443): Max retries exceeded with url: //0?embed=1&mode=tme (Caused by ProxyError('Unable to connect to proxy', NewConnectionError('<urllib3.connection.HTTPSConnection object at 0xe5a17ad8>: Failed to establish a new connection: [Errno 111] Connection refused')))
HTTPSConnectionPool(host='t.me', port=443): Max retries exceeded with url: //0?embed=1&mode=tme (Caused by ProxyError('Unable to connect to proxy', ConnectTimeoutError(<urllib3.connection.HTTPSConnection object at 0xdc068b50>, 'Connection to 181.212.41.171 timed out. (connect timeout=15)')))
HTTPSConnectionPool(host='t.me', port=443): Max retries exceeded with url: //0?embed=1&mode=tme (Caused by ProxyError('Unable to connect to proxy', NewConnectionError('<urllib3.connection.HTTPSConnection object at 0xe8008aa8>: Failed to establish a new connection: [Errno 111] Connection refused')))
HTTPSConnectionPool(host='t.me', port=443): Max retries exceeded with url: //0?embed=1&mode=tme (Caused by ProxyError('Unable to connect to proxy', NewConnectionError('<urllib3.connection.HTTPSConnection object at 0xe1c0e328>: Failed to establish a new connection: [Errno 111] Connection refused')))
HTTPSConnectionPool(host='t.me', port=443): Max retries exceeded with url: //0?embed=1&mode=tme (Caused by ProxyError('Unable to connect to proxy', NewConnectionError('<urllib3.connection.HTTPSConnection object at 0xc36effb8>: Failed to establish a new connection: [Errno 111] Connection refused')))
HTTPSConnectionPool(host='t.me', port=443): Max retries exceeded with url: //0?embed=1&mode=tme (Caused by ProxyError('Unable to connect to proxy', NewConnectionError('<urllib3.connection.HTTPSConnection object at 0xda94d790>: Failed to establish a new connection: [Errno 111] Connection refused')))
HTTPSConnectionPool(host='t.me', port=443): Max retries exceeded with url: //0?embed=1&mode=tme (Caused by ProxyError('Unable to connect to proxy', NewConnectionError('<urllib3.connection.HTTPSConnection object at 0xda94dc40>: Failed to establish a new connection: [Errno 111] Connection refused')))
HTTPSConnectionPool(host='t.me', port=443): Max retries exceeded with url: //0?embed=1&mode=tme (Caused by ProxyError('Unable to connect to proxy', ConnectTimeoutError(<urllib3.connection.HTTPSConnection object at 0xea280a18>, 'Connection to 200.146.77.133 timed out. (connect timeout=15)')))
HTTPSConnectionPool(host='t.me', port=443): Max retries exceeded with url: //0?embed=1&mode=tme (Caused by ProxyError('Unable to connect to proxy', OSError('Tunnel connection failed: 500 Internal Server Error')))
HTTPSConnectionPool(host='t.me', port=443): Max retries exceeded with url: //0?embed=1&mode=tme (Caused by ProxyError('Unable to connect to proxy', NewConnectionError('<urllib3.connection.HTTPSConnection object at 0xe8151808>: Failed to establish a new connection: [Errno 113] No route to host')))
HTTPSConnectionPool(host='t.me', port=443): Max retries exceeded with url: //0?embed=1&mode=tme (Caused by ProxyError('Unable to connect to proxy', NewConnectionError('<urllib3.connection.HTTPSConnection object at 0xc278ee20>: Failed to establish a new connection: [Errno 111] Connection refused')))
HTTPSConnectionPool(host='t.me', port=443): Max retries exceeded with url: //0?embed=1&mode=tme (Caused by ProxyError('Unable to connect to proxy', NewConnectionError('<urllib3.connection.HTTPSConnection object at 0xe1bd11f0>: Failed to establish a new connection: [Errno 111] Connection refused')))
HTTPSConnectionPool(host='t.me', port=443): Max retries exceeded with url: //0?embed=1&mode=tme (Caused by ProxyError('Unable to connect to proxy', OSError('Tunnel connection failed: 400 Bad Request')))
('Connection aborted.', RemoteDisconnected('Remote end closed connection without response'))
('Connection aborted.', ConnectionResetError(104, 'Connection reset by peer'))
HTTPSConnectionPool(host='t.me', port=443): Max retries exceeded with url: //0?embed=1&mode=tme (Caused by ProxyError('Unable to connect to proxy', NewConnectionError('<urllib3.connection.HTTPSConnection object at 0xe1c04f58>: Failed to establish a new connection: [Errno 111] Connection refused')))
HTTPSConnectionPool(host='t.me', port=443): Max retries exceeded with url: //0?embed=1&mode=tme (Caused by ProxyError('Unable to connect to proxy', NewConnectionError('<urllib3.connection.HTTPSConnection object at 0xeaa49448>: Failed to establish a new connection: [Errno 111] Connection refused')))
HTTPSConnectionPool(host='t.me', port=443): Max retries exceeded with url: //0?embed=1&mode=tme (Caused by ProxyError('Unable to connect to proxy', NewConnectionError('<urllib3.connection.HTTPSConnection object at 0xea2f94a8>: Failed to establish a new connection: [Errno 111] Connection refused')))
HTTPSConnectionPool(host='t.me', port=443): Max retries exceeded with url: //0?embed=1&mode=tme (Caused by ProxyError('Unable to connect to proxy', NewConnectionError('<urllib3.connection.HTTPSConnection object at 0xe81a9040>: Failed to establish a new connection: [Errno 111] Connection refused')))
HTTPSConnectionPool(host='t.me', port=443): Max retries exceeded with url: //0?embed=1&mode=tme (Caused by ProxyError('Unable to connect to proxy', NewConnectionError('<urllib3.connection.HTTPSConnection object at 0xea2b9448>: Failed to establish a new connection: [Errno 111] Connection refused')))
HTTPSConnectionPool(host='t.me', port=443): Max retries exceeded with url: //0?embed=1&mode=tme (Caused by ProxyError('Unable to connect to proxy', NewConnectionError('<urllib3.connection.HTTPSConnection object at 0xe33eadc0>: Failed to establish a new connection: [Errno 111] Connection refused')))
HTTPSConnectionPool(host='t.me', port=443): Read timed out. (read timeout=15)
HTTPSConnectionPool(host='t.me', port=443): Max retries exceeded with url: //0?embed=1&mode=tme (Caused by ProxyError('Unable to connect to proxy', ConnectTimeoutError(<urllib3.connection.HTTPSConnection object at 0xda96e0d0>, 'Connection to 128.199.109.115 timed out. (connect timeout=15)')))
HTTPSConnectionPool(host='t.me', port=443): Max retries exceeded with url: //0?embed=1&mode=tme (Caused by ProxyError('Unable to connect to proxy', ConnectTimeoutError(<urllib3.connection.HTTPSConnection object at 0xea2b00e8>, 'Connection to 163.172.171.22 timed out. (connect timeout=15)')))
HTTPSConnectionPool(host='t.me', port=443): Max retries exceeded with url: //0?embed=1&mode=tme (Caused by ProxyError('Unable to connect to proxy', ConnectTimeoutError(<urllib3.connection.HTTPSConnection object at 0xe66d3bf8>, 'Connection to 50.200.12.85 timed out. (connect timeout=15)')))
HTTPSConnectionPool(host='t.me', port=443): Max retries exceeded with url: //0?embed=1&mode=tme (Caused by ProxyError('Unable to connect to proxy', OSError('Tunnel connection failed: 400 Bad Request')))
HTTPSConnectionPool(host='t.me', port=443): Max retries exceeded with url: //0?embed=1&mode=tme (Caused by ProxyError('Unable to connect to proxy', ConnectTimeoutError(<urllib3.connection.HTTPSConnection object at 0xc125e268>, 'Connection to 85.194.250.22 timed out. (connect timeout=15)')))
HTTPSConnectionPool(host='t.me', port=443): Max retries exceeded with url: //0?embed=1&mode=tme (Caused by ProxyError('Unable to connect to proxy', ConnectTimeoutError(<urllib3.connection.HTTPSConnection object at 0xdcac7a78>, 'Connection to 195.246.54.31 timed out. (connect timeout=15)')))
HTTPSConnectionPool(host='t.me', port=443): Max retries exceeded with url: //0?embed=1&mode=tme (Caused by ProxyError('Unable to connect to proxy', ConnectTimeoutError(<urllib3.connection.HTTPSConnection object at 0xea2a2028>, 'Connection to 154.202.113.207 timed out. (connect timeout=15)')))
HTTPSConnectionPool(host='t.me', port=443): Max retries exceeded with url: //0?embed=1&mode=tme (Caused by ProxyError('Unable to connect to proxy', OSError('Tunnel connection failed: 400 Bad Request')))
HTTPSConnectionPool(host='t.me', port=443): Max retries exceeded with url: //0?embed=1&mode=tme (Caused by ProxyError('Unable to connect to proxy', ConnectTimeoutError(<urllib3.connection.HTTPSConnection object at 0xea2b0b50>, 'Connection to 62.205.169.74 timed out. (connect timeout=15)')))
HTTPSConnectionPool(host='t.me', port=443): Max retries exceeded with url: //0?embed=1&mode=tme (Caused by ProxyError('Unable to connect to proxy', ConnectTimeoutError(<urllib3.connection.HTTPSConnection object at 0xea279940>, 'Connection to 138.94.76.86 timed out. (connect timeout=15)')))
HTTPSConnectionPool(host='t.me', port=443): Read timed out. (read timeout=15)
HTTPSConnectionPool(host='t.me', port=443): Max retries exceeded with url: //0?embed=1&mode=tme (Caused by ProxyError('Unable to connect to proxy', ConnectTimeoutError(<urllib3.connection.HTTPSConnection object at 0xea239058>, 'Connection to 187.189.138.47 timed out. (connect timeout=15)')))
HTTPSConnectionPool(host='t.me', port=443): Max retries exceeded with url: //0?embed=1&mode=tme (Caused by ProxyError('Unable to connect to proxy', NewConnectionError('<urllib3.connection.HTTPSConnection object at 0xebe84208>: Failed to establish a new connection: [Errno 111] Connection refused')))
HTTPSConnectionPool(host='t.me', port=443): Max retries exceeded with url: //0?embed=1&mode=tme (Caused by ProxyError('Unable to connect to proxy', ConnectTimeoutError(<urllib3.connection.HTTPSConnection object at 0xea2a2e98>, 'Connection to 154.223.182.139 timed out. (connect timeout=15)')))
HTTPSConnectionPool(host='t.me', port=443): Max retries exceeded with url: //0?embed=1&mode=tme (Caused by ProxyError('Unable to connect to proxy', ConnectTimeoutError(<urllib3.connection.HTTPSConnection object at 0xea2b0340>, 'Connection to 50.222.245.47 timed out. (connect timeout=15)')))
HTTPSConnectionPool(host='t.me', port=443): Max retries exceeded with url: //0?embed=1&mode=tme (Caused by ProxyError('Unable to connect to proxy', ConnectTimeoutError(<urllib3.connection.HTTPSConnection object at 0xea9b9a90>, 'Connection to 67.213.212.58 timed out. (connect timeout=15)')))
HTTPSConnectionPool(host='t.me', port=443): Max retries exceeded with url: //0?embed=1&mode=tme (Caused by ProxyError('Unable to connect to proxy', ConnectTimeoutError(<urllib3.connection.HTTPSConnection object at 0xea2b0748>, 'Connection to 51.79.87.144 timed out. (connect timeout=15)')))
HTTPSConnectionPool(host='t.me', port=443): Read timed out. (read timeout=15)
HTTPSConnectionPool(host='t.me', port=443): Max retries exceeded with url: //0?embed=1&mode=tme (Caused by ProxyError('Unable to connect to proxy', ConnectTimeoutError(<urllib3.connection.HTTPSConnection object at 0xea295e98>, 'Connection to 45.162.135.201 timed out. (connect timeout=15)')))
HTTPSConnectionPool(host='t.me', port=443): Max retries exceeded with url: //0?embed=1&mode=tme (Caused by ProxyError('Unable to connect to proxy', NewConnectionError('<urllib3.connection.HTTPSConnection object at 0xbbdd9d30>: Failed to establish a new connection: [Errno 111] Connection refused')))
HTTPSConnectionPool(host='t.me', port=443): Max retries exceeded with url: //0?embed=1&mode=tme (Caused by ProxyError('Unable to connect to proxy', OSError('Tunnel connection failed: 400 Bad Request')))
HTTPSConnectionPool(host='t.me', port=443): Max retries exceeded with url: //0?embed=1&mode=tme (Caused by ProxyError('Unable to connect to proxy', ConnectTimeoutError(<urllib3.connection.HTTPSConnection object at 0xeaa17490>, 'Connection to 103.174.36.112 timed out. (connect timeout=15)')))
HTTPSConnectionPool(host='t.me', port=443): Max retries exceeded with url: //0?embed=1&mode=tme (Caused by ProxyError('Unable to connect to proxy', ConnectTimeoutError(<urllib3.connection.HTTPSConnection object at 0xeaa17208>, 'Connection to 173.82.208.231 timed out. (connect timeout=15)')))
HTTPSConnectionPool(host='t.me', port=443): Max retries exceeded with url: //0?embed=1&mode=tme (Caused by ProxyError('Unable to connect to proxy', ConnectTimeoutError(<urllib3.connection.HTTPSConnection object at 0xea2473b8>, 'Connection to 218.58.108.8 timed out. (connect timeout=15)')))
HTTPSConnectionPool(host='t.me', port=443): Max retries exceeded with url: //0?embed=1&mode=tme (Caused by ProxyError('Unable to connect to proxy', NewConnectionError('<urllib3.connection.HTTPSConnection object at 0xe66f0b68>: Failed to establish a new connection: [Errno 111] Connection refused')))
HTTPSConnectionPool(host='t.me', port=443): Max retries exceeded with url: //0?embed=1&mode=tme (Caused by ProxyError('Unable to connect to proxy', ConnectTimeoutError(<urllib3.connection.HTTPSConnection object at 0xea2477d8>, 'Connection to 197.246.212.70 timed out. (connect timeout=15)')))
('Connection aborted.', RemoteDisconnected('Remote end closed connection without response'))
HTTPSConnectionPool(host='t.me', port=443): Read timed out. (read timeout=15)
ort=443): Max retries exceeded with url: //0?embed=1&mode=tme (Caused by ProxyError('Unable to connect to proxy', ConnectTimeoutError(<urllib3.connection.HTTPSConnection object at 0xe67a0868>, 'Connection to 103.137.91.250 timed out. (connect timeout=15)')))
                                   HTTPSConnectionPool(host='t.me', port=443): Max retries exceeded with url: //0?embed=1&mode=tme (Caused by ProxyError('Unable to connect to proxy', ConnectTimeoutError(<urllib3.connection.HTTPSConnection object at 0xea247bf8>, 'Connection to 8.219.167.110 timed out. (connect timeout=15)')))
HTTPSConnectionPool(host='t.me', port=443): Max retries exceeded with url: //0?embed=1&mode=tme (Caused by ProxyError('Unable to connect to proxy', ConnectTimeoutError(<urllib3.connection.HTTPSConnection object at 0xea8d5bf8>, 'Connection to 103.148.24.172 timed out. (connect timeout=15)')))
HTTPSConnectionPool(host='t.me', port=443): Max retries exceeded with url: //0?embed=1&mode=tme (Caused by ProxyError('Unable to connect to proxy', ConnectTimeoutError(<urllib3.connection.HTTPSConnection object at 0xea24d3a0>, 'Connection to 47.97.21.151 timed out. (connect timeout=15)')))
HTTPSConnectionPool(host='t.me', port=443): Max retries exceeded with url: //0?embed=1&mode=tme (Caused by ProxyError('Unable to connect to proxy', NewConnectionError('<urllib3.connection.HTTPSConnection object at 0xda94dd00>: Failed to establish a new connection: [Errno 113] No route to host')))
HTTPSConnectionPool(host='t.me', port=443): Max retries exceeded with url: //0?embed=1&mode=tme (Caused by ProxyError('Unable to connect to proxy', ConnectTimeoutError(<urllib3.connection.HTTPSConnection object at 0xea8d51d8>, 'Connection to 179.189.119.173 timed out. (connect timeout=15)')))
HTTPSConnectionPool(host='t.me', port=443): Max retries exceeded with url: //0?embed=1&mode=tme (Caused by ProxyError('Unable to connect to proxy', ConnectTimeoutError(<urllib3.connection.HTTPSConnection object at 0xea8e6eb0>, 'Connection to 116.254.115.130 timed out. (connect timeout=15)')))
HTTPSConnectionPool(host='t.me', port=443): Max retries exceeded with url: //0?embed=1&mode=tme (Caused by ProxyError('Unable to connect to proxy', ConnectTimeoutError(<urllib3.connection.HTTPSConnection object at 0xea8e6ec8>, 'Connection to 190.238.231.65 timed out. (connect timeout=15)')))
HTTPSConnectionPool(host='t.me', port=443): Max retries exceeded with url: //0?embed=1&mode=tme (Caused by ProxyError('Unable to connect to proxy', ConnectTimeoutError(<urllib3.connection.HTTPSConnection object at 0xea856b08>, 'Connection to 18.142.81.218 timed out. (connect timeout=15)')))
HTTPSConnectionPool(host='t.me', port=443): Max retries exceeded with url: //0?embed=1&mode=tme (Caused by ProxyError('Unable to connect to proxy', ConnectTimeoutError(<urllib3.connection.HTTPSConnection object at 0xea8e69d0>, 'Connection to 45.79.219.219 timed out. (connect timeout=15)')))
HTTPSConnectionPool(host='t.me', port=443): Max retries exceeded with url: //0?embed=1&mode=tme (Caused by ProxyError('Unable to connect to proxy', NewConnectionError('<urllib3.connection.HTTPSConnection object at 0xea28af70>: Failed to establish a new connection: [Errno 111] Connection refused')))
HTTPSConnectionPool(host='t.me', port=443): Max retries exceeded with url: //0?embed=1&mode=tme (Caused by ProxyError('Unable to connect to proxy', ConnectTimeoutError(<urllib3.connection.HTTPSConnection object at 0xea856a60>, 'Connection to 31.211.76.157 timed out. (connect timeout=15)')))
HTTPSConnectionPool(host='t.me', port=443): Max retries exceeded with url: //0?embed=1&mode=tme (Caused by ProxyError('Unable to connect to proxy', ConnectTimeoutError(<urllib3.connection.HTTPSConnection object at 0xea91f4a8>, 'Connection to 212.126.96.154 timed out. (connect timeout=15)')))
HTTPSConnectionPool(host='t.me', port=443): Max retries exceeded with url: //0?embed=1&mode=tme (Caused by ProxyError('Unable to connect to proxy', ConnectTimeoutError(<urllib3.connection.HTTPSConnection object at 0xea8e6f58>, 'Connection to 34.176.217.46 timed out. (connect timeout=15)')))
HTTPSConnectionPool(host='t.me', port=443): Max retries exceeded with url: //0?embed=1&mode=tme (Caused by ProxyError('Unable to connect to proxy', NewConnectionError('<urllib3.connection.HTTPSConnection object at 0xea280df0>: Failed to establish a new connection: [Errno 111] Connection refused')))
HTTPSConnectionPool(host='t.me', port=443): Max retries exceeded with url: //0?embed=1&mode=tme (Caused by ProxyError('Unable to connect to proxy', ConnectTimeoutError(<urllib3.connection.HTTPSConnection object at 0xea24d178>, 'Connection to 47.74.64.65 timed out. (connect timeout=15)')))
HTTPSConnectionPool(host='t.me', port=443): Max retries exceeded with url: //0?embed=1&mode=tme (Caused by ProxyError('Unable to connect to proxy', ConnectTimeoutError(<urllib3.connection.HTTPSConnection object at 0xea9fec10>, 'Connection to 223.247.46.96 timed out. (connect timeout=15)')))
HTTPSConnectionPool(host='t.me', port=443): Max retries exceeded with url: //0?embed=1&mode=tme (Caused by ProxyError('Unable to connect to proxy', ConnectTimeoutError(<urllib3.connection.HTTPSConnection object at 0xea9febf8>, 'Connection to 103.157.219.4 timed out. (connect timeout=15)')))
HTTPSConnectionPool(host='t.me', port=443): Max retries exceeded with url: //0?embed=1&mode=tme (Caused by ProxyError('Unable to connect to proxy', ConnectTimeoutError(<urllib3.connection.HTTPSConnection object at 0xea2d3130>, 'Connection to 181.120.28.228 timed out. (connect timeout=15)')))
HTTPSConnectionPool(host='t.me', port=443): Max retries exceeded with url: //0?embed=1&mode=tme (Caused by ProxyError('Unable to connect to proxy', ConnectTimeoutError(<urllib3.connection.HTTPSConnection object at 0xc1ae2250>, 'Connection to 45.181.122.74 timed out. (connect timeout=15)')))
HTTPSConnectionPool(host='t.me', port=443): Max retries exceeded with url: //0?embed=1&mode=tme (Caused by ProxyError('Unable to connect to proxy', ConnectTimeoutError(<urllib3.connection.HTTPSConnection object at 0xe67b2aa8>, 'Connection to 106.12.112.200 timed out. (connect timeout=15)')))
HTTPSConnectionPool(host='t.me', port=443): Max retries exceeded with url: //0?embed=1&mode=tme (Caused by ProxyError('Unable to connect to proxy', NewConnectionError('<urllib3.connection.HTTPSConnection object at 0xea280b08>: Failed to establish a new connection: [Errno 111] Connection refused')))
HTTPSConnectionPool(host='t.me', port=443): Max retries exceeded with url: //0?embed=1&mode=tme (Caused by ProxyError('Unable to connect to proxy', ConnectTimeoutError(<urllib3.connection.HTTPSConnection object at 0xc489fbb0>, 'Connection to 50.168.163.178 timed out. (connect timeout=15)')))
HTTPSConnectionPool(host='t.me', port=443): Max retries exceeded with url: //0?embed=1&mode=tme (Caused by ProxyError('Unable to connect to proxy', NewConnectionError('<urllib3.connection.HTTPSConnection object at 0xea84d508>: Failed to establish a new connection: [Errno 111] Connection refused')))
HTTPSConnectionPool(host='t.me', port=443): Max retries exceeded with url: //0?embed=1&mode=tme (Caused by ProxyError('Unable to connect to proxy', OSError('Tunnel connection failed: 500 Internal Server Error')))
HTTPSConnectionPool(host='t.me', port=443): Max retries exceeded with url: //0?embed=1&mode=tme (Caused by ProxyError('Unable to connect to proxy', ConnectTimeoutError(<urllib3.connection.HTTPSConnection object at 0xde15c8b0>, 'Connection to 200.30.138.54 timed out. (connect timeout=15)')))
HTTPSConnectionPool(host='t.me', port=443): Max retries exceeded with url: //0?embed=1&mode=tme (Caused by ProxyError('Unable to connect to proxy', ConnectTimeoutError(<urllib3.connection.HTTPSConnection object at 0xea6986d0>, 'Connection to 188.132.222.16 timed out. (connect timeout=15)')))
HTTPSConnectionPool(host='t.me', port=443): Max retries exceeded with url: //0?embed=1&mode=tme (Caused by ProxyError('Unable to connect to proxy', ConnectTimeoutError(<urllib3.connection.HTTPSConnection object at 0xeb4e9478>, 'Connection to 42.96.10.104 timed out. (connect timeout=15)')))
                                                                                                                                                                                                                                                                                                  HTTPSConnectionPool(host='t.me', port=443): Max retries exceeded with url: //0?embed=1&mode=tme (Caused by ProxyError('Unable to connect to proxy', ConnectTimeoutError(<urllib3.connection.HTTPSConnection object at 0xe33f6b80>, 'Connection to 180.189.196.167 timed out. (connect timeout=15)')))
HTTPSConnectionPool(host='t.me', port=443): Max retries exceeded with url: //0?embed=1&mode=tme (Caused by ProxyError('Unable to connect to proxy', ConnectTimeoutError(<urllib3.connection.HTTPSConnection object at 0xebe76b38>, 'Connection to 103.165.125.182 timed out. (connect timeout=15)')))
HTTPSConnectionPool(host='t.me', port=443): Max retries exceeded with url: //0?embed=1&mode=tme (Caused by ProxyError('Unable to connect to proxy', ConnectTimeoutError(<urllib3.connection.HTTPSConnection object at 0xe0eda7f0>, 'Connection to 58.69.117.212 timed out. (connect timeout=15)')))
HTTPSConnectionPool(host='t.me', port=443): Max retries exceeded with url: //0?embed=1&mode=tme (Caused by ProxyError('Unable to connect to proxy', ConnectTimeoutError(<urllib3.connection.HTTPSConnection object at 0xc1294910>, 'Connection to 201.71.2.129 timed out. (connect timeout=15)')))
HTTPSConnectionPool(host='t.me', port=443): Max retries exceeded with url: //0?embed=1&mode=tme (Caused by ProxyError('Unable to connect to proxy', ConnectTimeoutError(<urllib3.connection.HTTPSConnection object at 0xea6b5c10>, 'Connection to 119.237.43.106 timed out. (connect timeout=15)')))
('Connection aborted.', ConnectionResetError(104, 'Connection reset by peer'))
HTTPSConnectionPool(host='t.me', port=443): Max retries exceeded with url: //0?embed=1&mode=tme (Caused by ProxyError('Unable to connect to proxy', ConnectTimeoutError(<urllib3.connection.HTTPSConnection object at 0xea2292b0>, 'Connection to 8.213.137.155 timed out. (connect timeout=15)')))
HTTPSConnectionPool(host='t.me', port=443): Max retries exceeded with url: //0?embed=1&mode=tme (Caused by ProxyError('Unable to connect to proxy', NewConnectionError('<urllib3.connection.HTTPSConnection object at 0xea9feb68>: Failed to establish a new connection: [Errno 111] Connection refused')))
HTTPSConnectionPool(host='t.me', port=443): Max retries exceeded with url: //0?embed=1&mode=tme (Caused by ProxyError('Unable to connect to proxy', NewConnectionError('<urllib3.connection.HTTPSConnection object at 0xea8e6e38>: Failed to establish a new connection: [Errno 111] Connection refused')))
('Connection aborted.', ConnectionResetError(104, 'Connection reset by peer'))
HTTPSConnectionPool(host='t.me', port=443): Max retries exceeded with url: //0?embed=1&mode=tme (Caused by ProxyError('Unable to connect to proxy', ConnectTimeoutError(<urllib3.connection.HTTPSConnection object at 0xea2a2df0>, 'Connection to 78.107.235.8 timed out. (connect timeout=15)')))
HTTPSConnectionPool(host='t.me', port=443): Max retries exceeded with url: //0?embed=1&mode=tme (Caused by ProxyError('Unable to connect to proxy', NewConnectionError('<urllib3.connection.HTTPSConnection object at 0xea2abdc0>: Failed to establish a new connection: [Errno 111] Connection refused')))
HTTPSConnectionPool(host='t.me', port=443): Max retries exceeded with url: //0?embed=1&mode=tme (Caused by ProxyError('Unable to connect to proxy', ConnectTimeoutError(<urllib3.connection.HTTPSConnection object at 0xea17c028>, 'Connection to 181.188.203.206 timed out. (connect timeout=15)')))
HTTPSConnectionPool(host='t.me', port=443): Max retries exceeded with url: //0?embed=1&mode=tme (Caused by ProxyError('Unable to connect to proxy', OSError('Tunnel connection failed: 400 Bad Request')))
HTTPSConnectionPool(host='t.me', port=443): Max retries exceeded with url: //0?embed=1&mode=tme (Caused by ProxyError('Unable to connect to proxy', ConnectTimeoutError(<urllib3.connection.HTTPSConnection object at 0xea110658>, 'Connection to 185.76.10.133 timed out. (connect timeout=15)')))
HTTPSConnectionPool(host='t.me', port=443): Max retries exceeded with url: //0?embed=1&mode=tme (Caused by ProxyError('Unable to connect to proxy', NewConnectionError('<urllib3.connection.HTTPSConnection object at 0xea239670>: Failed to establish a new connection: [Errno 111] Connection refused')))
HTTPSConnectionPool(host='t.me', port=443): Max retries exceeded with url: //0?embed=1&mode=tme (Caused by ProxyError('Unable to connect to proxy', NewConnectionError('<urllib3.connection.HTTPSConnection object at 0xc3709958>: Failed to establish a new connection: [Errno 111] Connection refused')))
HTTPSConnectionPool(host='t.me', port=443): Read timed out. (read timeout=15)
('Connection aborted.', RemoteDisconnected('Remote end closed connection without response'))
HTTPSConnectionPool(host='t.me', port=443): Max retries exceeded with url: //0?embed=1&mode=tme (Caused by ProxyError('Unable to connect to proxy', NewConnectionError('<urllib3.connection.HTTPSConnection object at 0xc03dce80>: Failed to establish a new connection: [Errno 111] Connection refused')))
HTTPSConnectionPool(host='t.me', port=443): Max retries exceeded with url: //0?embed=1&mode=tme (Caused by ProxyError('Unable to connect to proxy', NewConnectionError('<urllib3.connection.HTTPSConnection object at 0xc03dce98>: Failed to establish a new connection: [Errno 111] Connection refused')))
HTTPSConnectionPool(host='t.me', port=443): Max retries exceeded with url: //0?embed=1&mode=tme (Caused by ProxyError('Unable to connect to proxy', NewConnectionError('<urllib3.connection.HTTPSConnection object at 0xc1294ce8>: Failed to establish a new connection: [Errno 111] Connection refused')))
HTTPSConnectionPool(host='t.me', port=443): Max retries exceeded with url: //0?embed=1&mode=tme (Caused by ProxyError('Unable to connect to proxy', ConnectTimeoutError(<urllib3.connection.HTTPSConnection object at 0xe9f01b20>, 'Connection to 124.105.79.237 timed out. (connect timeout=15)')))
HTTPSConnectionPool(host='t.me', port=443): Max retries exceeded with url: //0?embed=1&mode=tme (Caused by ProxyError('Unable to connect to proxy', ConnectTimeoutError(<urllib3.connection.HTTPSConnection object at 0xe9eafa60>, 'Connection to 207.34.88.177 timed out. (connect timeout=15)')))
HTTPSConnectionPool(host='t.me', port=443): Max retries exceeded with url: //0?embed=1&mode=tme (Caused by ProxyError('Unable to connect to proxy', NewConnectionError('<urllib3.connection.HTTPSConnection object at 0xea9feca0>: Failed to establish a new connection: [Errno 111] Connection refused')))
HTTPSConnectionPool(host='t.me', port=443): Max retries exceeded with url: //0?embed=1&mode=tme (Caused by ProxyError('Unable to connect to proxy', ConnectTimeoutError(<urllib3.connection.HTTPSConnection object at 0xe9eafa90>, 'Connection to 113.160.182.236 timed out. (connect timeout=15)')))
HTTPSConnectionPool(host='t.me', port=443): Max retries exceeded with url: //0?embed=1&mode=tme (Caused by ProxyError('Unable to connect to proxy', NewConnectionError('<urllib3.connection.HTTPSConnection object at 0xeb186760>: Failed to establish a new connection: [Errno 113] No route to host')))
HTTPSConnectionPool(host='t.me', port=443): Max retries exceeded with url: //0?embed=1&mode=tme (Caused by ProxyError('Unable to connect to proxy', ConnectTimeoutError(<urllib3.connection.HTTPSConnection object at 0xe9e2fd48>, 'Connection to 43.157.10.238 timed out. (connect timeout=15)')))
HTTPSConnectionPool(host='t.me', port=443): Max retries exceeded with url: //0?embed=1&mode=tme (Caused by ProxyError('Unable to connect to proxy', NewConnectionError('<urllib3.connection.HTTPSConnection object at 0xe66d3418>: Failed to establish a new connection: [Errno 111] Connection refused')))
HTTPSConnectionPool(host='t.me', port=443): Max retries exceeded with url: //0?embed=1&mode=tme (Caused by ProxyError('Unable to connect to proxy', NewConnectionError('<urllib3.connection.HTTPSConnection object at 0xbe16dc40>: Failed to establish a new connection: [Errno 111] Connection refused')))
HTTPSConnectionPool(host='t.me', port=443): Max retries exceeded with url: //0?embed=1&mode=tme (Caused by ProxyError('Unable to connect to proxy', ConnectTimeoutError(<urllib3.connection.HTTPSConnection object at 0xe9e02460>, 'Connection to 154.201.34.126 timed out. (connect timeout=15)')))
HTTPSConnectionPool(host='t.me', port=443): Max retries exceeded with url: //0?embed=1&mode=tme (Caused by ProxyError('Unable to connect to proxy', ConnectTimeoutError(<urllib3.connection.HTTPSConnection object at 0xea63d6d0>, 'Connection to 103.161.164.125 timed out. (connect timeout=15)')))
HTTPSConnectionPool(host='t.me', port=443): Max retries exceeded with url: //0?embed=1&mode=tme (Caused by ProxyError('Unable to connect to proxy', ConnectTimeoutError(<urllib3.connection.HTTPSConnection object at 0xe9e14e50>, 'Connection to 154.202.125.32 timed out. (connect timeout=15)')))
HTTPSConnectionPool(host='t.me', port=443): Max retries exceeded with url: //0?embed=1&mode=tme (Caused by ProxyError('Unable to connect to proxy', NewConnectionError('<urllib3.connection.HTTPSConnection object at 0xea059688>: Failed to establish a new connection: [Errno 111] Connection refused')))
HTTPSConnectionPool(host='t.me', port=443): Max retries exceeded with url: //0?embed=1&mode=tme (Caused by ProxyError('Unable to connect to proxy', NewConnectionError('<urllib3.connection.HTTPSConnection object at 0xe9e82130>: Failed to establish a new connection: [Errno 111] Connection refused')))
HTTPSConnectionPool(host='t.me', port=443): Max retries exceeded with url: //0?embed=1&mode=tme (Caused by ProxyError('Unable to connect to proxy', ConnectTimeoutError(<urllib3.connection.HTTPSConnection object at 0xe9e25898>, 'Connection to 43.240.81.246 timed out. (connect timeout=15)')))
HTTPSConnectionPool(host='t.me', port=443): Max retries exceeded with url: //0?embed=1&mode=tme (Caused by ProxyError('Unable to connect to proxy', NewConnectionError('<urllib3.connection.HTTPSConnection object at 0xea2b92c8>: Failed to establish a new connection: [Errno 111] Connection refused')))
HTTPSConnectionPool(host='t.me', port=443): Max retries exceeded with url: //0?embed=1&mode=tme (Caused by ProxyError('Unable to connect to proxy', ConnectTimeoutError(<urllib3.connection.HTTPSConnection object at 0xe9db6388>, 'Connection to 103.112.22.81 timed out. (connect timeout=15)')))
HTTPSConnectionPool(host='t.me', port=443): Max retries exceeded with url: //0?embed=1&mode=tme (Caused by ProxyError('Unable to connect to proxy', ConnectTimeoutError(<urllib3.connection.HTTPSConnection object at 0xe9db6628>, 'Connection to 79.110.52.252 timed out. (connect timeout=15)')))
HTTPSConnectionPool(host='t.me', port=443): Max retries exceeded with url: //0?embed=1&mode=tme (Caused by ProxyError('Unable to connect to proxy', ConnectTimeoutError(<urllib3.connection.HTTPSConnection object at 0xe9db6a78>, 'Connection to 190.110.35.224 timed out. (connect timeout=15)')))
HTTPSConnectionPool(host='t.me', port=443): Max retries exceeded with url: //0?embed=1&mode=tme (Caused by ProxyError('Unable to connect to proxy', ConnectTimeoutError(<urllib3.connection.HTTPSConnection object at 0xe9db6670>, 'Connection to 122.175.58.131 timed out. (connect timeout=15)')))
('Connection aborted.', ConnectionResetError(104, 'Connection reset by peer'))
HTTPSConnectionPool(host='t.me', port=443): Max retries exceeded with url: //0?embed=1&mode=tme (Caused by ProxyError('Unable to connect to proxy', ConnectTimeoutError(<urllib3.connection.HTTPSConnection object at 0xe251b718>, 'Connection to 103.74.147.26 timed out. (connect timeout=15)')))
HTTPSConnectionPool(host='t.me', port=443): Max retries exceeded with url: //0?embed=1&mode=tme (Caused by ProxyError('Unable to connect to proxy', NewConnectionError('<urllib3.connection.HTTPSConnection object at 0xe9f13a18>: Failed to establish a new connection: [Errno 111] Connection refused')))
('Connection aborted.', RemoteDisconnected('Remote end closed connection without response'))
HTTPSConnectionPool(host='t.me', port=443): Max retries exceeded with url: //0?embed=1&mode=tme (Caused by SSLError(SSLError(1, '[SSL: WRONG_VERSION_NUMBER] wrong version number (_ssl.c:1129)')))
HTTPSConnectionPool(host='t.me', port=443): Max retries exceeded with url: //0?embed=1&mode=tme (Caused by ProxyError('Unable to connect to proxy', ConnectTimeoutError(<urllib3.connection.HTTPSConnection object at 0xbd5f7988>, 'Connection to 88.99.249.96 timed out. (connect timeout=15)')))
HTTPSConnectionPool(host='t.me', port=443): Max retries exceeded with url: //0?embed=1&mode=tme (Caused by ProxyError('Unable to connect to proxy', ConnectTimeoutError(<urllib3.connection.HTTPSConnection object at 0xea404c88>, 'Connection to 62.40.157.231 timed out. (connect timeout=15)')))
HTTPSConnectionPool(host='t.me', port=443): Max retries exceeded with url: //0?embed=1&mode=tme (Caused by ProxyError('Unable to connect to proxy', ConnectTimeoutError(<urllib3.connection.HTTPSConnection object at 0xea4049e8>, 'Connection to 213.157.6.50 timed out. (connect timeout=15)')))
HTTPSConnectionPool(host='t.me', port=443): Max retries exceeded with url: //0?embed=1&mode=tme (Caused by ProxyError('Unable to connect to proxy', NewConnectionError('<urllib3.connection.HTTPSConnection object at 0xbecfca00>: Failed to establish a new connection: [Errno 111] Connection refused')))
('Connection aborted.', RemoteDisconnected('Remote end closed connection without response'))
HTTPSConnectionPool(host='t.me', port=443): Max retries exceeded with url: //0?embed=1&mode=tme (Caused by ProxyError('Unable to connect to proxy', ConnectTimeoutError(<urllib3.connection.HTTPSConnection object at 0xe9dc0b38>, 'Connection to 159.138.252.45 timed out. (connect timeout=15)')))
HTTPSConnectionPool(host='t.me', port=443): Max retries exceeded with url: //0?embed=1&mode=tme (Caused by ProxyError('Unable to connect to proxy', NewConnectionError('<urllib3.connection.HTTPSConnection object at 0xea2b0d60>: Failed to establish a new connection: [Errno 111] Connection refused')))
HTTPSConnectionPool(host='t.me', port=443): Max retries exceeded with url: //0?embed=1&mode=tme (Caused by ProxyError('Unable to connect to proxy', ConnectTimeoutError(<urllib3.connection.HTTPSConnection object at 0xe9e026b8>, 'Connection to 45.8.106.97 timed out. (connect timeout=15)')))
HTTPSConnectionPool(host='t.me', port=443): Max retries exceeded with url: //0?embed=1&mode=tme (Caused by ProxyError('Unable to connect to proxy', ConnectTimeoutError(<urllib3.connection.HTTPSConnection object at 0xea3f3250>, 'Connection to 183.88.8.36 timed out. (connect timeout=15)')))
HTTPSConnectionPool(host='t.me', port=443): Max retries exceeded with url: //0?embed=1&mode=tme (Caused by ProxyError('Unable to connect to proxy', OSError('Tunnel connection failed: 500 Internal Server Error')))
HTTPSConnectionPool(host='t.me', port=443): Max retries exceeded with url: //0?embed=1&mode=tme (Caused by ProxyError('Unable to connect to proxy', ConnectTimeoutError(<urllib3.connection.HTTPSConnection object at 0xbbdbb208>, 'Connection to 27.147.164.180 timed out. (connect timeout=15)')))
HTTPSConnectionPool(host='t.me', port=443): Max retries exceeded with url: //0?embed=1&mode=tme (Caused by ProxyError('Unable to connect to proxy', ConnectTimeoutError(<urllib3.connection.HTTPSConnection object at 0xea413100>, 'Connection to 154.202.101.97 timed out. (connect timeout=15)')))
HTTPSConnectionPool(host='t.me', port=443): Max retries exceeded with url: //0?embed=1&mode=tme (Caused by ProxyError('Unable to connect to proxy', ConnectTimeoutError(<urllib3.connection.HTTPSConnection object at 0xea413148>, 'Connection to 103.155.54.26 timed out. (connect timeout=15)')))
HTTPSConnectionPool(host='t.me', port=443): Max retries exceeded with url: //0?embed=1&mode=tme (Caused by ProxyError('Unable to connect to proxy', ConnectTimeoutError(<urllib3.connection.HTTPSConnection object at 0xe9c26880>, 'Connection to 18.141.177.23 timed out. (connect timeout=15)')))
HTTPSConnectionPool(host='t.me', port=443): Max retries exceeded with url: //0?embed=1&mode=tme (Caused by ProxyError('Unable to connect to proxy', NewConnectionError('<urllib3.connection.HTTPSConnection object at 0xe9e25550>: Failed to establish a new connection: [Errno 111] Connection refused')))
HTTPSConnectionPool(host='t.me', port=443): Max retries exceeded with url: //0?embed=1&mode=tme (Caused by ProxyError('Unable to connect to proxy', ConnectTimeoutError(<urllib3.connection.HTTPSConnection object at 0xe9be8f40>, 'Connection to 172.105.107.223 timed out. (connect timeout=15)')))
HTTPSConnectionPool(host='t.me', port=443): Max retries exceeded with url: //0?embed=1&mode=tme (Caused by ProxyError('Unable to connect to proxy', ConnectTimeoutError(<urllib3.connection.HTTPSConnection object at 0xe9b9f748>, 'Connection to 88.99.249.96 timed out. (connect timeout=15)')))
HTTPSConnectionPool(host='t.me', port=443): Max retries exceeded with url: //0?embed=1&mode=tme (Caused by ProxyError('Unable to connect to proxy', ConnectTimeoutError(<urllib3.connection.HTTPSConnection object at 0xe9b39b38>, 'Connection to 170.39.30.129 timed out. (connect timeout=15)')))
HTTPSConnectionPool(host='t.me', port=443): Max retries exceeded with url: //0?embed=1&mode=tme (Caused by ProxyError('Unable to connect to proxy', NewConnectionError('<urllib3.connection.HTTPSConnection object at 0xea404988>: Failed to establish a new connection: [Errno 111] Connection refused')))
HTTPSConnectionPool(host='t.me', port=443): Max retries exceeded with url: //0?embed=1&mode=tme (Caused by ProxyError('Unable to connect to proxy', NewConnectionError('<urllib3.connection.HTTPSConnection object at 0xe9dc09b8>: Failed to establish a new connection: [Errno 111] Connection refused')))
HTTPSConnectionPool(host='t.me', port=443): Max retries exceeded with url: //0?embed=1&mode=tme (Caused by SSLError(SSLError(1, '[SSL: WRONG_VERSION_NUMBER] wrong version number (_ssl.c:1129)')))
HTTPSConnectionPool(host='t.me', port=443): Max retries exceeded with url: //0?embed=1&mode=tme (Caused by ProxyError('Unable to connect to proxy', NewConnectionError('<urllib3.connection.HTTPSConnection object at 0xe6a661a8>: Failed to establish a new connection: [Errno 113] No route to host')))
HTTPSConnectionPool(host='t.me', port=443): Max retries exceeded with url: //0?embed=1&mode=tme (Caused by ProxyError('Unable to connect to proxy', OSError('Tunnel connection failed: 400 Bad Request')))
HTTPSConnectionPool(host='t.me', port=443): Max retries exceeded with url: //0?embed=1&mode=tme (Caused by ProxyError('Unable to connect to proxy', NewConnectionError('<urllib3.connection.HTTPSConnection object at 0xe9bc1b68>: Failed to establish a new connection: [Errno 111] Connection refused')))
HTTPSConnectionPool(host='t.me', port=443): Max retries exceeded with url: //0?embed=1&mode=tme (Caused by ProxyError('Unable to connect to proxy', NewConnectionError('<urllib3.connection.HTTPSConnection object at 0xe9d69688>: Failed to establish a new connection: [Errno 111] Connection refused')))
HTTPSConnectionPool(host='t.me', port=443): Max retries exceeded with url: //0?embed=1&mode=tme (Caused by ProxyError('Unable to connect to proxy', ConnectTimeoutError(<urllib3.connection.HTTPSConnection object at 0xe9aff2e0>, 'Connection to 45.230.171.41 timed out. (connect timeout=15)')))
HTTPSConnectionPool(host='t.me', port=443): Max retries exceeded with url: //0?embed=1&mode=tme (Caused by ProxyError('Unable to connect to proxy', ConnectTimeoutError(<urllib3.connection.HTTPSConnection object at 0xbf956118>, 'Connection to 222.111.18.67 timed out. (connect timeout=15)')))
HTTPSConnectionPool(host='t.me', port=443): Max retries exceeded with url: //0?embed=1&mode=tme (Caused by ProxyError('Unable to connect to proxy', ConnectTimeoutError(<urllib3.connection.HTTPSConnection object at 0xc278e8e0>, 'Connection to 103.253.127.186 timed out. (connect timeout=15)')))
HTTPSConnectionPool(host='t.me', port=443): Max retries exceeded with url: //0?embed=1&mode=tme (Caused by ProxyError('Unable to connect to proxy', ConnectTimeoutError(<urllib3.connection.HTTPSConnection object at 0xe9abd880>, 'Connection to 154.202.114.64 timed out. (connect timeout=15)')))
HTTPSConnectionPool(host='t.me', port=443): Max retries exceeded with url: //0?embed=1&mode=tme (Caused by ProxyError('Unable to connect to proxy', ConnectTimeoutError(<urllib3.connection.HTTPSConnection object at 0xbc840df0>, 'Connection to 24.172.34.114 timed out. (connect timeout=15)')))
HTTPSConnectionPool(host='t.me', port=443): Max retries exceeded with url: //0?embed=1&mode=tme (Caused by ProxyError('Unable to connect to proxy', OSError('Tunnel connection failed: 500 Internal Server Error')))
HTTPSConnectionPool(host='t.me', port=443): Max retries exceeded with url: //0?embed=1&mode=tme (Caused by ProxyError('Unable to connect to proxy', ConnectTimeoutError(<urllib3.connection.HTTPSConnection object at 0xe9b167a8>, 'Connection to 89.188.110.196 timed out. (connect timeout=15)')))
HTTPSConnectionPool(host='t.me', port=443): Max retries exceeded with url: //0?embed=1&mode=tme (Caused by ProxyError('Unable to connect to proxy', OSError('Tunnel connection failed: 501 Tor is not an HTTP Proxy')))
HTTPSConnectionPool(host='t.me', port=443): Max retries exceeded with url: //0?embed=1&mode=tme (Caused by ProxyError('Unable to connect to proxy', ConnectTimeoutError(<urllib3.connection.HTTPSConnection object at 0xe9af0e98>, 'Connection to 190.94.212.149 timed out. (connect timeout=15)')))
HTTPSConnectionPool(host='t.me', port=443): Max retries exceeded with url: //0?embed=1&mode=tme (Caused by ProxyError('Unable to connect to proxy', ConnectTimeoutError(<urllib3.connection.HTTPSConnection object at 0xe9b9f4c0>, 'Connection to 200.34.215.1 timed out. (connect timeout=15)')))
HTTPSConnectionPool(host='t.me', port=443): Max retries exceeded with url: //0?embed=1&mode=tme (Caused by ProxyError('Unable to connect to proxy', ConnectTimeoutError(<urllib3.connection.HTTPSConnection object at 0xe8b7fd90>, 'Connection to 178.65.171.6 timed out. (connect timeout=15)')))
HTTPSConnectionPool(host='t.me', port=443): Max retries exceeded with url: //0?embed=1&mode=tme (Caused by ProxyError('Unable to connect to proxy', ConnectTimeoutError(<urllib3.connection.HTTPSConnection object at 0xbd5e7a18>, 'Connection to 46.10.209.230 timed out. (connect timeout=15)')))
HTTPSConnectionPool(host='t.me', port=443): Max retries exceeded with url: //0?embed=1&mode=tme (Caused by ProxyError('Unable to connect to proxy', ConnectTimeoutError(<urllib3.connection.HTTPSConnection object at 0xe9a83940>, 'Connection to 37.26.86.206 timed out. (connect timeout=15)')))
HTTPSConnectionPool(host='t.me', port=443): Read timed out. (read timeout=15)
HTTPSConnectionPool(host='t.me', port=443): Max retries exceeded with url: //0?embed=1&mode=tme (Caused by ProxyError('Unable to connect to proxy', ConnectTimeoutError(<urllib3.connection.HTTPSConnection object at 0xbc86ac70>, 'Connection to 50.207.199.83 timed out. (connect timeout=15)')))
HTTPSConnectionPool(host='t.me', port=443): Max retries exceeded with url: //0?embed=1&mode=tme (Caused by SSLError(SSLError(1, '[SSL: WRONG_VERSION_NUMBER] wrong version number (_ssl.c:1129)')))
HTTPSConnectionPool(host='t.me', port=443): Max retries exceeded with url: //0?embed=1&mode=tme (Caused by ProxyError('Unable to connect to proxy', ConnectTimeoutError(<urllib3.connection.HTTPSConnection object at 0xdf7e7868>, 'Connection to 47.91.95.174 timed out. (connect timeout=15)')))
HTTPSConnectionPool(host='t.me', port=443): Max retries exceeded with url: //0?embed=1&mode=tme (Caused by ProxyError('Unable to connect to proxy', ConnectTimeoutError(<urllib3.connection.HTTPSConnection object at 0xe9b0f448>, 'Connection to 160.248.80.91 timed out. (connect timeout=15)')))
HTTPSConnectionPool(host='t.me', port=443): Max retries exceeded with url: //0?embed=1&mode=tme (Caused by ProxyError('Unable to connect to proxy', ConnectTimeoutError(<urllib3.connection.HTTPSConnection object at 0xe9a9ab20>, 'Connection to 103.146.197.43 timed out. (connect timeout=15)')))
HTTPSConnectionPool(host='t.me', port=443): Max retries exceeded with url: //0?embed=1&mode=tme (Caused by ProxyError('Unable to connect to proxy', ConnectTimeoutError(<urllib3.connection.HTTPSConnection object at 0xc1b00448>, 'Connection to 222.190.173.154 timed out. (connect timeout=15)')))
HTTPSConnectionPool(host='t.me', port=443): Max retries exceeded with url: //0?embed=1&mode=tme (Caused by ProxyError('Unable to connect to proxy', ConnectTimeoutError(<urllib3.connection.HTTPSConnection object at 0xe9a83a48>, 'Connection to 84.201.254.47 timed out. (connect timeout=15)')))
HTTPSConnectionPool(host='t.me', port=443): Max retries exceeded with url: //0?embed=1&mode=tme (Caused by ProxyError('Unable to connect to proxy', ConnectTimeoutError(<urllib3.connection.HTTPSConnection object at 0xc1b008c8>, 'Connection to 162.0.220.215 timed out. (connect timeout=15)')))
HTTPSConnectionPool(host='t.me', port=443): Max retries exceeded with url: //0?embed=1&mode=tme (Caused by ProxyError('Unable to connect to proxy', ConnectTimeoutError(<urllib3.connection.HTTPSConnection object at 0xe9b0fb50>, 'Connection to 103.145.247.18 timed out. (connect timeout=15)')))
HTTPSConnectionPool(host='t.me', port=443): Max retries exceeded with url: //0?embed=1&mode=tme (Caused by ProxyError('Unable to connect to proxy', ConnectTimeoutError(<urllib3.connection.HTTPSConnection object at 0xeb4f8160>, 'Connection to 38.7.101.128 timed out. (connect timeout=15)')))
HTTPSConnectionPool(host='t.me', port=443): Max retries exceeded with url: //0?embed=1&mode=tme (Caused by ProxyError('Unable to connect to proxy', ConnectTimeoutError(<urllib3.connection.HTTPSConnection object at 0xe9b0f9d0>, 'Connection to 177.234.198.17 timed out. (connect timeout=15)')))
HTTPSConnectionPool(host='t.me', port=443): Read timed out. (read timeout=15)
HTTPSConnectionPool(host='t.me', port=443): Read timed out. (read timeout=15)
('Connection aborted.', RemoteDisconnected('Remote end closed connection without response'))
HTTPSConnectionPool(host='t.me', port=443): Max retries exceeded with url: //0?embed=1&mode=tme (Caused by ProxyError('Unable to connect to proxy', ConnectTimeoutError(<urllib3.connection.HTTPSConnection object at 0xe1bc2910>, 'Connection to 31.217.221.74 timed out. (connect timeout=15)')))
HTTPSConnectionPool(host='t.me', port=443): Max retries exceeded with url: //0?embed=1&mode=tme (Caused by SSLError(SSLError(1, '[SSL: WRONG_VERSION_NUMBER] wrong version number (_ssl.c:1129)')))
HTTPSConnectionPool(host='t.me', port=443): Max retries exceeded with url: //0?embed=1&mode=tme (Caused by ProxyError('Unable to connect to proxy', ConnectTimeoutError(<urllib3.connection.HTTPSConnection object at 0xe9b0fcb8>, 'Connection to 93.20.25.100 timed out. (connect timeout=15)')))
HTTPSConnectionPool(host='t.me', port=443): Max retries exceeded with url: //0?embed=1&mode=tme (Caused by ProxyError('Unable to connect to proxy', ConnectTimeoutError(<urllib3.connection.HTTPSConnection object at 0xe9870df0>, 'Connection to 183.236.232.160 timed out. (connect timeout=15)')))
HTTPSConnectionPool(host='t.me', port=443): Max retries exceeded with url: //0?embed=1&mode=tme (Caused by ProxyError('Unable to connect to proxy', ConnectTimeoutError(<urllib3.connection.HTTPSConnection object at 0xe95b1910>, 'Connection to 176.9.85.211 timed out. (connect timeout=15)')))
HTTPSConnectionPool(host='t.me', port=443): Max retries exceeded with url: //0?embed=1&mode=tme (Caused by ProxyError('Unable to connect to proxy', NewConnectionError('<urllib3.connection.HTTPSConnection object at 0xe9db67d8>: Failed to establish a new connection: [Errno 111] Connection refused')))
HTTPSConnectionPool(host='t.me', port=443): Max retries exceeded with url: //0?embed=1&mode=tme (Caused by ProxyError('Unable to connect to proxy', ConnectTimeoutError(<urllib3.connection.HTTPSConnection object at 0xe9b168b0>, 'Connection to 85.185.170.217 timed out. (connect timeout=15)')))
('Connection aborted.', ConnectionResetError(104, 'Connection reset by peer'))
HTTPSConnectionPool(host='t.me', port=443): Max retries exceeded with url: //0?embed=1&mode=tme (Caused by ProxyError('Unable to connect to proxy', ConnectTimeoutError(<urllib3.connection.HTTPSConnection object at 0xe6a3f208>, 'Connection to 154.202.124.149 timed out. (connect timeout=15)')))
HTTPSConnectionPool(host='t.me', port=443): Max retries exceeded with url: //0?embed=1&mode=tme (Caused by ProxyError('Unable to connect to proxy', ConnectTimeoutError(<urllib3.connection.HTTPSConnection object at 0xe9a9a4d8>, 'Connection to 50.230.222.202 timed out. (connect timeout=15)')))
HTTPSConnectionPool(host='t.me', port=443): Max retries exceeded with url: //0?embed=1&mode=tme (Caused by ProxyError('Unable to connect to proxy', ConnectTimeoutError(<urllib3.connection.HTTPSConnection object at 0xe956ea90>, 'Connection to 124.167.20.48 timed out. (connect timeout=15)')))
HTTPSConnectionPool(host='t.me', port=443): Max retries exceeded with url: //0?embed=1&mode=tme (Caused by ProxyError('Unable to connect to proxy', ConnectTimeoutError(<urllib3.connection.HTTPSConnection object at 0xbc832df0>, 'Connection to 66.70.176.93 timed out. (connect timeout=15)')))
HTTPSConnectionPool(host='t.me', port=443): Max retries exceeded with url: //0?embed=1&mode=tme (Caused by ProxyError('Unable to connect to proxy', NewConnectionError('<urllib3.connection.HTTPSConnection object at 0xe8039628>: Failed to establish a new connection: [Errno 111] Connection refused')))
HTTPSConnectionPool(host='t.me', port=443): Max retries exceeded with url: //0?embed=1&mode=tme (Caused by ProxyError('Unable to connect to proxy', ConnectTimeoutError(<urllib3.connection.HTTPSConnection object at 0xe98373e8>, 'Connection to 47.91.95.174 timed out. (connect timeout=15)')))
a610>, 'Connection to 103.247.23.35 timed out. (connect timeout=15)')))
HTTPSConnectionPool(host='t.me', port=443): Max retries exceeded with url: //0?embed=1&mode=tme (Caused by ProxyError('Unable to connect to proxy', ConnectTimeoutError(<urllib3.connection.HTTPSConnection object at 0xe8c08538>, 'Connection to 45.6.15.67 timed out. (connect timeout=15)')))
HTTPSConnectionPool(host='t.me', port=443): Max retries exceeded with url: //0?embed=1&mode=tme (Caused by ProxyError('Unable to connect to proxy', ConnectTimeoutError(<urllib3.connection.HTTPSConnection object at 0xd7a3adf0>, 'Connection to 47.253.214.60 timed out. (connect timeout=15)')))
HTTPSConnectionPool(host='t.me', port=443): Max retries exceeded with url: //0?embed=1&mode=tme (Caused by ProxyError('Unable to connect to proxy', NewConnectionError('<urllib3.connection.HTTPSConnection object at 0xe90b8a30>: Failed to establish a new connection: [Errno 111] Connection refused')))
HTTPSConnectionPool(host='t.me', port=443): Max retries exceeded with url: //0?embed=1&mode=tme (Caused by ProxyError('Unable to connect to proxy', ConnectTimeoutError(<urllib3.connection.HTTPSConnection object at 0xc278ed90>, 'Connection to 187.102.219.149 timed out. (connect timeout=15)')))
HTTPSConnectionPool(host='t.me', port=443): Max retries exceeded with url: //0?embed=1&mode=tme (Caused by ProxyError('Unable to connect to proxy', ConnectTimeoutError(<urllib3.connection.HTTPSConnection object at 0xe4af6d30>, 'Connection to 139.5.73.71 timed out. (connect timeout=15)')))
HTTPSConnectionPool(host='t.me', port=443): Max retries exceeded with url: //0?embed=1&mode=tme (Caused by ProxyError('Unable to connect to proxy', ConnectTimeoutError(<urllib3.connection.HTTPSConnection object at 0xe4af6088>, 'Connection to 103.167.71.39 timed out. (connect timeout=15)')))
HTTPSConnectionPool(host='t.me', port=443): Max retries exceeded with url: //0?embed=1&mode=tme (Caused by ProxyError('Unable to connect to proxy', ConnectTimeoutError(<urllib3.connection.HTTPSConnection object at 0xebe84e08>, 'Connection to 81.23.114.238 timed out. (connect timeout=15)')))
                                   HTTPSConnectionPool(host='t.me', port=443): Max retries exceeded with url: //0?embed=1&mode=tme (Caused by ProxyError('Unable to connect to proxy', ConnectTimeoutError(<urllib3.connection.HTTPSConnection object at 0xea756148>, 'Connection to 149.50.234.242 timed out. (connect timeout=15)')))
HTTPSConnectionPool(host='t.me', port=443): Max retries exceeded with url: //0?embed=1&mode=tme (Caused by ProxyError('Unable to connect to proxy', ConnectTimeoutError(<urllib3.connection.HTTPSConnection object at 0xe94f1ef8>, 'Connection to 213.14.175.93 timed out. (connect timeout=15)')))
HTTPSConnectionPool(host='t.me', port=443): Max retries exceeded with url: //0?embed=1&mode=tme (Caused by ProxyError('Unable to connect to proxy', ConnectTimeoutError(<urllib3.connection.HTTPSConnection object at 0xe946f6b8>, 'Connection to 51.15.133.214 timed out. (connect timeout=15)')))
HTTPSConnectionPool(host='t.me', port=443): Max retries exceeded with url: //0?embed=1&mode=tme (Caused by ProxyError('Unable to connect to proxy', ConnectTimeoutError(<urllib3.connection.HTTPSConnection object at 0xeb4e98f8>, 'Connection to 179.53.250.19 timed out. (connect timeout=15)')))
HTTPSConnectionPool(host='t.me', port=443): Max retries exceeded with url: //0?embed=1&mode=tme (Caused by ProxyError('Unable to connect to proxy', ConnectTimeoutError(<urllib3.connection.HTTPSConnection object at 0xe9433328>, 'Connection to 91.207.206.101 timed out. (connect timeout=15)')))
HTTPSConnectionPool(host='t.me', port=443): Max retries exceeded with url: //0?embed=1&mode=tme (Caused by ProxyError('Unable to connect to proxy', ConnectTimeoutError(<urllib3.connection.HTTPSConnection object at 0xe94a05b0>, 'Connection to 103.125.154.233 timed out. (connect timeout=15)')))
HTTPSConnectionPool(host='t.me', port=443): Max retries exceeded with url: //0?embed=1&mode=tme (Caused by ProxyError('Unable to connect to proxy', OSError('Tunnel connection failed: 400 Bad Request')))
HTTPSConnectionPool(host='t.me', port=443): Max retries exceeded with url: //0?embed=1&mode=tme (Caused by ProxyError('Unable to connect to proxy', ConnectTimeoutError(<urllib3.connection.HTTPSConnection object at 0xe94c2088>, 'Connection to 185.169.183.126 timed out. (connect timeout=15)')))
HTTPSConnectionPool(host='t.me', port=443): Max retries exceeded with url: //0?embed=1&mode=tme (Caused by ProxyError('Unable to connect to proxy', ConnectTimeoutError(<urllib3.connection.HTTPSConnection object at 0xe94c2028>, 'Connection to 47.242.95.127 timed out. (connect timeout=15)')))
HTTPSConnectionPool(host='t.me', port=443): Max retries exceeded with url: //0?embed=1&mode=tme (Caused by ProxyError('Unable to connect to proxy', ConnectTimeoutError(<urllib3.connection.HTTPSConnection object at 0xe93b3598>, 'Connection to 41.79.10.218 timed out. (connect timeout=15)')))
HTTPSConnectionPool(host='t.me', port=443): Max retries exceeded with url: //0?embed=1&mode=tme (Caused by ProxyError('Unable to connect to proxy', ConnectTimeoutError(<urllib3.connection.HTTPSConnection object at 0xe94bafe8>, 'Connection to 37.152.183.46 timed out. (connect timeout=15)')))
HTTPSConnectionPool(host='t.me', port=443): Max retries exceeded with url: //0?embed=1&mode=tme (Caused by ProxyError('Unable to connect to proxy', ConnectTimeoutError(<urllib3.connection.HTTPSConnection object at 0xe9433238>, 'Connection to 95.217.195.146 timed out. (connect timeout=15)')))
HTTPSConnectionPool(host='t.me', port=443): Max retries exceeded with url: //0?embed=1&mode=tme (Caused by ProxyError('Unable to connect to proxy', ConnectTimeoutError(<urllib3.connection.HTTPSConnection object at 0xeaa6e298>, 'Connection to 197.134.7.168 timed out. (connect timeout=15)')))
HTTPSConnectionPool(host='t.me', port=443): Max retries exceeded with url: //0?embed=1&mode=tme (Caused by ProxyError('Unable to connect to proxy', ConnectTimeoutError(<urllib3.connection.HTTPSConnection object at 0xe9433160>, 'Connection to 65.109.182.178 timed out. (connect timeout=15)')))
HTTPSConnectionPool(host='t.me', port=443): Max retries exceeded with url: //0?embed=1&mode=tme (Caused by ProxyError('Unable to connect to proxy', ConnectTimeoutError(<urllib3.connection.HTTPSConnection object at 0xe937b0b8>, 'Connection to 45.56.76.203 timed out. (connect timeout=15)')))
HTTPSConnectionPool(host='t.me', port=443): Max retries exceeded with url: //0?embed=1&mode=tme (Caused by ProxyError('Unable to connect to proxy', ConnectTimeoutError(<urllib3.connection.HTTPSConnection object at 0xe9372ca0>, 'Connection to 47.254.47.61 timed out. (connect timeout=15)')))
HTTPSConnectionPool(host='t.me', port=443): Max retries exceeded with url: //0?embed=1&mode=tme (Caused by ProxyError('Unable to connect to proxy', ConnectTimeoutError(<urllib3.connection.HTTPSConnection object at 0xe94ae0d0>, 'Connection to 213.6.170.17 timed out. (connect timeout=15)')))
                                                                                                                                                                                                                                                                                                                                                                                                                                                                                                                                                                                                                                                                                                                                                                                                                                                                                                                                                                                                                                                                                                                                                                                                                                                                                                                                                                                                                                                                                                                                                                                                                                                                                                                                                                                                                                                                                                                                                                                                                                                                                                                                                                                                                                                                                                                                                                                                                                                                                                                                                                                                                                                                                                                                                                                                                                                                                                                                                                                                                                                                                                                 TTPSConnection object at 0xe815HTTPSConnectionPool(host='t.me', port=443): Max retries exceeded with url: //0?embed=1&mode=tme (Caused by ProxyError('Unable to connect to proxy', ConnectTimeoutError(<urllib3.connection.HTTPSConnection object at 0xe9427250>, 'Connection to 50.174.7.156 timed out. (connect timeout=15)')))
HTTPSConnectionPool(host='t.me', port=443): Max retries exceeded with url: //0?embed=1&mode=tme (Caused by ProxyError('Unable to connect to proxy', ConnectTimeoutError(<urllib3.connection.HTTPSConnection object at 0xe94ae538>, 'Connection to 8.42.68.125 timed out. (connect timeout=15)')))
HTTPSConnectionPool(host='t.me', port=443): Max retries exceeded with url: //0?embed=1&mode=tme (Caused by ProxyError('Unable to connect to proxy', ConnectTimeoutError(<urllib3.connection.HTTPSConnection object at 0xe92b60b8>, 'Connection to 41.33.66.228 timed out. (connect timeout=15)')))
('Connection aborted.', RemoteDisconnected('Remote end closed connection without response'))
('Connection aborted.', RemoteDisconnected('Remote end closed connection without response'))
('Connection aborted.', RemoteDisconnected('Remote end closed connection without response'))
('Connection aborted.', RemoteDisconnected('Remote end closed connection without response'))
HTTPSConnectionPool(host='t.me', port=443): Max retries exceeded with url: //0?embed=1&mode=tme (Caused by ProxyError('Unable to connect to proxy', NewConnectionError('<urllib3.connection.HTTPSConnection object at 0xe7f90dd8>: Failed to establish a new connection: [Errno 111] Connection refused')))
HTTPSConnectionPool(host='t.me', port=443): Max retries exceeded with url: //0?embed=1&mode=tme (Caused by ProxyError('Unable to connect to proxy', OSError('Tunnel connection failed: 400 Bad Request')))
HTTPSConnectionPool(host='t.me', port=443): Max retries exceeded with url: //0?embed=1&mode=tme (Caused by ProxyError('Unable to connect to proxy', NewConnectionError('<urllib3.connection.HTTPSConnection object at 0xe7f905e0>: Failed to establish a new connection: [Errno 111] Connection refused')))
HTTPSConnectionPool(host='t.me', port=443): Max retries exceeded with url: //0?embed=1&mode=tme (Caused by ProxyError('Unable to connect to proxy', NewConnectionError('<urllib3.connection.HTTPSConnection object at 0xe9924ad8>: Failed to establish a new connection: [Errno 111] Connection refused')))
HTTPSConnectionPool(host='t.me', port=443): Max retries exceeded with url: //0?embed=1&mode=tme (Caused by SSLError(SSLError(1, '[SSL: WRONG_VERSION_NUMBER] wrong version number (_ssl.c:1129)')))
('Connection aborted.', BadStatusLine('\x00[\x00\x00\x00\x00\x00\x00'))
HTTPSConnectionPool(host='t.me', port=443): Max retries exceeded with url: //0?embed=1&mode=tme (Caused by ProxyError('Unable to connect to proxy', NewConnectionError('<urllib3.connection.HTTPSConnection object at 0xe7fbf658>: Failed to establish a new connection: [Errno 113] No route to host')))
HTTPSConnectionPool(host='t.me', port=443): Max retries exceeded with url: //0?embed=1&mode=tme (Caused by ProxyError('Unable to connect to proxy', NewConnectionError('<urllib3.connection.HTTPSConnection object at 0xe9be8f70>: Failed to establish a new connection: [Errno 111] Connection refused')))
HTTPSConnectionPool(host='t.me', port=443): Max retries exceeded with url: //0?embed=1&mode=tme (Caused by ProxyError('Unable to connect to proxy', ConnectTimeoutError(<urllib3.connection.HTTPSConnection object at 0xbe154100>, 'Connection to 41.216.169.82 timed out. (connect timeout=15)')))
HTTPSConnectionPool(host='t.me', port=443): Max retries exceeded with url: //0?embed=1&mode=tme (Caused by ProxyError('Unable to connect to proxy', OSError('Tunnel connection failed: 400 Bad Request')))
HTTPSConnectionPool(host='t.me', port=443): Max retries exceeded with url: //0?embed=1&mode=tme (Caused by ProxyError('Unable to connect to proxy', NewConnectionError('<urllib3.connection.HTTPSConnection object at 0xe7fa81a8>: Failed to establish a new connection: [Errno 111] Connection refused')))
HTTPSConnectionPool(host='t.me', port=443): Max retries exceeded with url: //0?embed=1&mode=tme (Caused by ProxyError('Unable to connect to proxy', NewConnectionError('<urllib3.connection.HTTPSConnection object at 0xe7f65c10>: Failed to establish a new connection: [Errno 111] Connection refused')))
HTTPSConnectionPool(host='t.me', port=443): Max retries exceeded with url: //0?embed=1&mode=tme (Caused by ProxyError('Unable to connect to proxy', ConnectTimeoutError(<urllib3.connection.HTTPSConnection object at 0xeb4e9f70>, 'Connection to 154.236.191.42 timed out. (connect timeout=15)')))
HTTPSConnectionPool(host='t.me', port=443): Max retries exceeded with url: //0?embed=1&mode=tme (Caused by ProxyError('Unable to connect to proxy', OSError('Tunnel connection failed: 400 Bad Request')))
('Connection aborted.', RemoteDisconnected('Remote end closed connection without response'))
                                                                                                                                                                                                                                                                                                                                                                                                                                                                                                                                                                                                                                                                                                                                                                                                                                                                                                                                                                                                                                                                                                                                                                                                                                                                                                                                                                                                                                                                                                                                                                                                                                                                                                                                                                                                                                                                                                                                                                                                                                                                                                                                                                                                                                                                                      ÿÿÿÿ                                                                                                                                                                                                                                                                                                                                                                                                                                                                                                                                                                                                                                                                                                                                                                                                                                                                                                                                                                                                                HTTPSConnectionPool(host='t.me', port=443): Max retries exceeded with url: //0?embed=1&mode=tme (Caused by ProxyError('Unable to connect to proxy', ConnectTimeoutError(<urllib3.connection.HTTPSConnection object at 0xe24ffe38>, 'Connection to 200.7.8.74 timed out. (connect timeout=15)')))
HTTPSConnectionPool(host='t.me', port=443): Max retries exceeded with url: //0?embed=1&mode=tme (Caused by ProxyError('Unable to connect to proxy', OSError('Tunnel connection failed: 400 Bad Request')))
('Connection aborted.', RemoteDisconnected('Remote end closed connection without response'))
HTTPSConnectionPool(host='t.me', port=443): Max retries exceeded with url: //0?embed=1&mode=tme (Caused by ProxyError('Unable to connect to proxy', ConnectTimeoutError(<urllib3.connection.HTTPSConnection object at 0xe924ce38>, 'Connection to 102.68.128.217 timed out. (connect timeout=15)')))
HTTPSConnectionPool(host='t.me', port=443): Max retries exceeded with url: //0?embed=1&mode=tme (Caused by ProxyError('Unable to connect to proxy', ConnectTimeoutError(<urllib3.connection.HTTPSConnection object at 0xe9254058>, 'Connection to 102.39.68.76 timed out. (connect timeout=15)')))
HTTPSConnectionPool(host='t.me', port=443): Max retries exceeded with url: //0?embed=1&mode=tme (Caused by ProxyError('Unable to connect to proxy', ConnectTimeoutError(<urllib3.connection.HTTPSConnection object at 0xd90d8b68>, 'Connection to 113.53.29.228 timed out. (connect timeout=15)')))
HTTPSConnectionPool(host='t.me', port=443): Max retries exceeded with url: //0?embed=1&mode=tme (Caused by ProxyError('Unable to connect to proxy', ConnectTimeoutError(<urllib3.connection.HTTPSConnection object at 0xdb5891c0>, 'Connection to 54.36.81.217 timed out. (connect timeout=15)')))
HTTPSConnectionPool(host='t.me', port=443): Max retries exceeded with url: //0?embed=1&mode=tme (Caused by ProxyError('Unable to connect to proxy', OSError('Tunnel connection failed: 400 Bad Request')))
HTTPSConnectionPool(host='t.me', port=443): Max retries exceeded with url: //0?embed=1&mode=tme (Caused by ProxyError('Unable to connect to proxy', ConnectTimeoutError(<urllib3.connection.HTTPSConnection object at 0xe92541f0>, 'Connection to 202.57.25.112 timed out. (connect timeout=15)')))
HTTPSConnectionPool(host='t.me', port=443): Max retries exceeded with url: //0?embed=1&mode=tme (Caused by ProxyError('Unable to connect to proxy', ConnectTimeoutError(<urllib3.connection.HTTPSConnection object at 0xe9254430>, 'Connection to 138.2.61.140 timed out. (connect timeout=15)')))
HTTPSConnectionPool(host='t.me', port=443): Max retries exceeded with url: //0?embed=1&mode=tme (Caused by ProxyError('Unable to connect to proxy', ConnectTimeoutError(<urllib3.connection.HTTPSConnection object at 0xe9254460>, 'Connection to 201.46.24.174 timed out. (connect timeout=15)')))
HTTPSConnectionPool(host='t.me', port=443): Max retries exceeded with url: //0?embed=1&mode=tme (Caused by ProxyError('Unable to connect to proxy', ConnectTimeoutError(<urllib3.connection.HTTPSConnection object at 0xe92542e0>, 'Connection to 137.184.100.135 timed out. (connect timeout=15)')))
HTTPSConnectionPool(host='t.me', port=443): Max retries exceeded with url: //0?embed=1&mode=tme (Caused by ProxyError('Unable to connect to proxy', ConnectTimeoutError(<urllib3.connection.HTTPSConnection object at 0xe924ce68>, 'Connection to 190.94.212.209 timed out. (connect timeout=15)')))
('Connection aborted.', RemoteDisconnected('Remote end closed connection without response'))
HTTPSConnectionPool(host='t.me', port=443): Max retries exceeded with url: //0?embed=1&mode=tme (Caused by ProxyError('Unable to connect to proxy', NewConnectionError('<urllib3.connection.HTTPSConnection object at 0xe7f75550>: Failed to establish a new connection: [Errno 113] No route to host')))
HTTPSConnectionPool(host='t.me', port=443): Max retries exceeded with url: //0?embed=1&mode=tme (Caused by ProxyError('Unable to connect to proxy', ConnectTimeoutError(<urllib3.connection.HTTPSConnection object at 0xe9254850>, 'Connection to 103.234.26.163 timed out. (connect timeout=15)')))
('Connection aborted.', ConnectionResetError(104, 'Connection reset by peer'))
('Connection aborted.', ConnectionResetError(104, 'Connection reset by peer'))
HTTPSConnectionPool(host='t.me', port=443): Read timed out. (read timeout=15)
HTTPSConnectionPool(host='t.me', port=443): Read timed out. (read timeout=15)
HTTPSConnectionPool(host='t.me', port=443): Max retries exceeded with url: //0?embed=1&mode=tme (Caused by ProxyError('Unable to connect to proxy', NewConnectionError('<urllib3.connection.HTTPSConnection object at 0xe80401a8>: Failed to establish a new connection: [Errno 111] Connection refused')))
HTTPSConnectionPool(host='t.me', port=443): Max retries exceeded with url: //0?embed=1&mode=tme (Caused by SSLError(SSLError(1, '[SSL: WRONG_VERSION_NUMBER] wrong version number (_ssl.c:1129)')))
HTTPSConnectionPool(host='t.me', port=443): Max retries exceeded with url: //0?embed=1&mode=tme (Caused by ProxyError('Unable to connect to proxy', ConnectTimeoutError(<urllib3.connection.HTTPSConnection object at 0xbc86a868>, 'Connection to 35.203.0.3 timed out. (connect timeout=15)')))
HTTPSConnectionPool(host='t.me', port=443): Max retries exceeded with url: //0?embed=1&mode=tme (Caused by ProxyError('Unable to connect to proxy', ConnectTimeoutError(<urllib3.connection.HTTPSConnection object at 0xe929a700>, 'Connection to 154.201.33.87 timed out. (connect timeout=15)')))
HTTPSConnectionPool(host='t.me', port=443): Max retries exceeded with url: //0?embed=1&mode=tme (Caused by ProxyError('Unable to connect to proxy', OSError('Tunnel connection failed: 400 Bad Request')))
HTTPSConnectionPool(host='t.me', port=443): Max retries exceeded with url: //0?embed=1&mode=tme (Caused by ProxyError('Unable to connect to proxy', ConnectTimeoutError(<urllib3.connection.HTTPSConnection object at 0xd7a463b8>, 'Connection to 31.146.5.178 timed out. (connect timeout=15)')))
HTTPSConnectionPool(host='t.me', port=443): Max retries exceeded with url: //0?embed=1&mode=tme (Caused by ProxyError('Unable to connect to proxy', NewConnectionError('<urllib3.connection.HTTPSConnection object at 0xe922eb80>: Failed to establish a new connection: [Errno 111] Connection refused')))
HTTPSConnectionPool(host='t.me', port=443): Max retries exceeded with url: //0?embed=1&mode=tme (Caused by ProxyError('Unable to connect to proxy', ConnectTimeoutError(<urllib3.connection.HTTPSConnection object at 0xd7a468b0>, 'Connection to 187.102.216.201 timed out. (connect timeout=15)')))
HTTPSConnectionPool(host='t.me', port=443): Max retries exceeded with url: //0?embed=1&mode=tme (Caused by ProxyError('Unable to connect to proxy', NewConnectionError('<urllib3.connection.HTTPSConnection object at 0xbecfcaf0>: Failed to establish a new connection: [Errno 111] Connection refused')))
HTTPSConnectionPool(host='t.me', port=443): Max retries exceeded with url: //0?embed=1&mode=tme (Caused by ProxyError('Unable to connect to proxy', NewConnectionError('<urllib3.connection.HTTPSConnection object at 0xe922ac70>: Failed to establish a new connection: [Errno 111] Connection refused')))
('Connection aborted.', RemoteDisconnected('Remote end closed connection without response'))
HTTPSConnectionPool(host='t.me', port=443): Max retries exceeded with url: //0?embed=1&mode=tme (Caused by ProxyError('Unable to connect to proxy', ConnectTimeoutError(<urllib3.connection.HTTPSConnection object at 0xea432fa0>, 'Connection to 176.106.34.47 timed out. (connect timeout=15)')))
HTTPSConnectionPool(host='t.me', port=443): Max retries exceeded with url: //0?embed=1&mode=tme (Caused by ProxyError('Unable to connect to proxy', ConnectTimeoutError(<urllib3.connection.HTTPSConnection object at 0xebd81e98>, 'Connection to 190.120.249.213 timed out. (connect timeout=15)')))
HTTPSConnectionPool(host='t.me', port=443): Max retries exceeded with url: //0?embed=1&mode=tme (Caused by SSLError(SSLError(1, '[SSL: WRONG_VERSION_NUMBER] wrong version number (_ssl.c:1129)')))
HTTPSConnectionPool(host='t.me', port=443): Max retries exceeded with url: //0?embed=1&mode=tme (Caused by ProxyError('Unable to connect to proxy', ConnectTimeoutError(<urllib3.connection.HTTPSConnection object at 0xd90d55f8>, 'Connection to 103.82.37.239 timed out. (connect timeout=15)')))
HTTPSConnectionPool(host='t.me', port=443): Max retries exceeded with url: //0?embed=1&mode=tme (Caused by ProxyError('Unable to connect to proxy', ConnectTimeoutError(<urllib3.connection.HTTPSConnection object at 0xd7a73268>, 'Connection to 125.25.43.202 timed out. (connect timeout=15)')))
HTTPSConnectionPool(host='t.me', port=443): Max retries exceeded with url: //0?embed=1&mode=tme (Caused by ProxyError('Unable to connect to proxy', ConnectTimeoutError(<urllib3.connection.HTTPSConnection object at 0xe9e4aa18>, 'Connection to 47.252.1.180 timed out. (connect timeout=15)')))
HTTPSConnectionPool(host='t.me', port=443): Max retries exceeded with url: //0?embed=1&mode=tme (Caused by ProxyError('Unable to connect to proxy', OSError('Tunnel connection failed: 403 Forbidden')))
HTTPSConnectionPool(host='t.me', port=443): Max retries exceeded with url: //0?embed=1&mode=tme (Caused by ProxyError('Unable to connect to proxy', ConnectTimeoutError(<urllib3.connection.HTTPSConnection object at 0xe820fa18>, 'Connection to 80.194.38.106 timed out. (connect timeout=15)')))
HTTPSConnectionPool(host='t.me', port=443): Max retries exceeded with url: //0?embed=1&mode=tme (Caused by ProxyError('Unable to connect to proxy', ConnectTimeoutError(<urllib3.connection.HTTPSConnection object at 0xeb4cf808>, 'Connection to 210.201.86.72 timed out. (connect timeout=15)')))
('Connection aborted.', RemoteDisconnected('Remote end closed connection without response'))
HTTPSConnectionPool(host='t.me', port=443): Max retries exceeded with url: //0?embed=1&mode=tme (Caused by ProxyError('Unable to connect to proxy', ConnectTimeoutError(<urllib3.connection.HTTPSConnection object at 0xe3e917c0>, 'Connection to 119.13.103.211 timed out. (connect timeout=15)')))
HTTPSConnectionPool(host='t.me', port=443): Max retries exceeded with url: //0?embed=1&mode=tme (Caused by ProxyError('Unable to connect to proxy', NewConnectionError('<urllib3.connection.HTTPSConnection object at 0xd9d250e8>: Failed to establish a new connection: [Errno 111] Connection refused')))
HTTPSConnectionPool(host='t.me', port=443): Max retries exceeded with url: //0?embed=1&mode=tme (Caused by ProxyError('Unable to connect to proxy', ConnectTimeoutError(<urllib3.connection.HTTPSConnection object at 0xc275b880>, 'Connection to 3.128.142.113 timed out. (connect timeout=15)')))
HTTPSConnectionPool(host='t.me', port=443): Max retries exceeded with url: //0?embed=1&mode=tme (Caused by ProxyError('Unable to connect to proxy', ConnectTimeoutError(<urllib3.connection.HTTPSConnection object at 0xe922e610>, 'Connection to 181.129.240.246 timed out. (connect timeout=15)')))
HTTPSConnectionPool(host='t.me', port=443): Max retries exceeded with url: //0?embed=1&mode=tme (Caused by ProxyError('Unable to connect to proxy', ConnectTimeoutError(<urllib3.connection.HTTPSConnection object at 0xe5a06c70>, 'Connection to 159.138.252.45 timed out. (connect timeout=15)')))
HTTPSConnectionPool(host='t.me', port=443): Max retries exceeded with url: //0?embed=1&mode=tme (Caused by ProxyError('Unable to connect to proxy', ConnectTimeoutError(<urllib3.connection.HTTPSConnection object at 0xebf89a18>, 'Connection to 190.239.221.27 timed out. (connect timeout=15)')))
HTTPSConnectionPool(host='t.me', port=443): Max retries exceeded with url: //0?embed=1&mode=tme (Caused by ProxyError('Unable to connect to proxy', ConnectTimeoutError(<urllib3.connection.HTTPSConnection object at 0xe9262358>, 'Connection to 190.60.39.197 timed out. (connect timeout=15)')))
HTTPSConnectionPool(host='t.me', port=443): Max retries exceeded with url: //0?embed=1&mode=tme (Caused by ProxyError('Unable to connect to proxy', ConnectTimeoutError(<urllib3.connection.HTTPSConnection object at 0xe925bc70>, 'Connection to 47.91.56.120 timed out. (connect timeout=15)')))
('Connection aborted.', RemoteDisconnected('Remote end closed connection without response'))
HTTPSConnectionPool(host='t.me', port=443): Max retries exceeded with url: //0?embed=1&mode=tme (Caused by ProxyError('Unable to connect to proxy', OSError('Tunnel connection failed: 404 Not Found')))
HTTPSConnectionPool(host='t.me', port=443): Max retries exceeded with url: //0?embed=1&mode=tme (Caused by ProxyError('Unable to connect to proxy', NewConnectionError('<urllib3.connection.HTTPSConnection object at 0xd90b7a78>: Failed to establish a new connection: [Errno 111] Connection refused')))
HTTPSConnectionPool(host='t.me', port=443): Max retries exceeded with url: //0?embed=1&mode=tme (Caused by ProxyError('Unable to connect to proxy', ConnectTimeoutError(<urllib3.connection.HTTPSConnection object at 0xebd558c8>, 'Connection to 187.251.205.114 timed out. (connect timeout=15)')))
HTTPSConnectionPool(host='t.me', port=443): Max retries exceeded with url: //0?embed=1&mode=tme (Caused by ProxyError('Unable to connect to proxy', ConnectTimeoutError(<urllib3.connection.HTTPSConnection object at 0xdeb81b50>, 'Connection to 154.202.101.28 timed out. (connect timeout=15)')))
HTTPSConnectionPool(host='t.me', port=443): Max retries exceeded with url: //0?embed=1&mode=tme (Caused by ProxyError('Unable to connect to proxy', ConnectTimeoutError(<urllib3.connection.HTTPSConnection object at 0xeaa6e4c0>, 'Connection to 192.99.12.211 timed out. (connect timeout=15)')))
HTTPSConnectionPool(host='t.me', port=443): Max retries exceeded with url: //0?embed=1&mode=tme (Caused by ProxyError('Unable to connect to proxy', ConnectTimeoutError(<urllib3.connection.HTTPSConnection object at 0xeaa6eb20>, 'Connection to 179.0.43.45 timed out. (connect timeout=15)')))
HTTPSConnectionPool(host='t.me', port=443): Max retries exceeded with url: //0?embed=1&mode=tme (Caused by ProxyError('Unable to connect to proxy', ConnectTimeoutError(<urllib3.connection.HTTPSConnection object at 0xdd5e5c40>, 'Connection to 154.201.33.154 timed out. (connect timeout=15)')))
HTTPSConnectionPool(host='t.me', port=443): Max retries exceeded with url: //0?embed=1&mode=tme (Caused by ProxyError('Unable to connect to proxy', ConnectTimeoutError(<urllib3.connection.HTTPSConnection object at 0xeb35e1f0>, 'Connection to 178.128.200.87 timed out. (connect timeout=15)')))
HTTPSConnectionPool(host='t.me', port=443): Max retries exceeded with url: //0?embed=1&mode=tme (Caused by ProxyError('Unable to connect to proxy', NewConnectionError('<urllib3.connection.HTTPSConnection object at 0xe925b2c8>: Failed to establish a new connection: [Errno 111] Connection refused')))
('Connection aborted.', RemoteDisconnected('Remote end closed connection without response'))
HTTPSConnectionPool(host='t.me', port=443): Max retries exceeded with url: //0?embed=1&mode=tme (Caused by ProxyError('Unable to connect to proxy', NewConnectionError('<urllib3.connection.HTTPSConnection object at 0xeaf72850>: Failed to establish a new connection: [Errno 111] Connection refused')))
HTTPSConnectionPool(host='t.me', port=443): Max retries exceeded with url: //0?embed=1&mode=tme (Caused by ProxyError('Unable to connect to proxy', ConnectTimeoutError(<urllib3.connection.HTTPSConnection object at 0xe925b568>, 'Connection to 103.82.246.39 timed out. (connect timeout=15)')))
HTTPSConnectionPool(host='t.me', port=443): Max retries exceeded with url: //0?embed=1&mode=tme (Caused by ProxyError('Unable to connect to proxy', ConnectTimeoutError(<urllib3.connection.HTTPSConnection object at 0xdeb81e20>, 'Connection to 3.143.37.255 timed out. (connect timeout=15)')))
HTTPSConnectionPool(host='t.me', port=443): Max retries exceeded with url: //0?embed=1&mode=tme (Caused by ProxyError('Unable to connect to proxy', NewConnectionError('<urllib3.connection.HTTPSConnection object at 0xeaf6be68>: Failed to establish a new connection: [Errno 111] Connection refused')))
HTTPSConnectionPool(host='t.me', port=443): Max retries exceeded with url: //0?embed=1&mode=tme (Caused by ProxyError('Unable to connect to proxy', ConnectTimeoutError(<urllib3.connection.HTTPSConnection object at 0xe92100b8>, 'Connection to 103.150.18.218 timed out. (connect timeout=15)')))
HTTPSConnectionPool(host='t.me', port=443): Max retries exceeded with url: //0?embed=1&mode=tme (Caused by ProxyError('Unable to connect to proxy', ConnectTimeoutError(<urllib3.connection.HTTPSConnection object at 0xe91b1a78>, 'Connection to 50.174.145.8 timed out. (connect timeout=15)')))
HTTPSConnectionPool(host='t.me', port=443): Max retries exceeded with url: //0?embed=1&mode=tme (Caused by ProxyError('Unable to connect to proxy', ConnectTimeoutError(<urllib3.connection.HTTPSConnection object at 0xe91b1970>, 'Connection to 34.162.67.130 timed out. (connect timeout=15)')))
HTTPSConnectionPool(host='t.me', port=443): Max retries exceeded with url: //0?embed=1&mode=tme (Caused by ProxyError('Unable to connect to proxy', ConnectTimeoutError(<urllib3.connection.HTTPSConnection object at 0xe91bcb38>, 'Connection to 95.9.121.220 timed out. (connect timeout=15)')))
HTTPSConnectionPool(host='t.me', port=443): Max retries exceeded with url: //0?embed=1&mode=tme (Caused by ProxyError('Unable to connect to proxy', ConnectTimeoutError(<urllib3.connection.HTTPSConnection object at 0xe91bc958>, 'Connection to 186.103.143.213 timed out. (connect timeout=15)')))
HTTPSConnectionPool(host='t.me', port=443): Max retries exceeded with url: //0?embed=1&mode=tme (Caused by ProxyError('Unable to connect to proxy', ConnectTimeoutError(<urllib3.connection.HTTPSConnection object at 0xc03dc670>, 'Connection to 5.2.228.168 timed out. (connect timeout=15)')))
HTTPSConnectionPool(host='t.me', port=443): Max retries exceeded with url: //0?embed=1&mode=tme (Caused by ProxyError('Unable to connect to proxy', ConnectTimeoutError(<urllib3.connection.HTTPSConnection object at 0xe1a05ef8>, 'Connection to 89.187.157.184 timed out. (connect timeout=15)')))
HTTPSConnectionPool(host='t.me', port=443): Max retries exceeded with url: //0?embed=1&mode=tme (Caused by ProxyError('Unable to connect to proxy', ConnectTimeoutError(<urllib3.connection.HTTPSConnection object at 0xeb2859b8>, 'Connection to 13.209.156.241 timed out. (connect timeout=15)')))
HTTPSConnectionPool(host='t.me', port=443): Max retries exceeded with url: //0?embed=1&mode=tme (Caused by ProxyError('Unable to connect to proxy', ConnectTimeoutError(<urllib3.connection.HTTPSConnection object at 0xe91c2760>, 'Connection to 179.43.10.0 timed out. (connect timeout=15)')))
HTTPSConnectionPool(host='t.me', port=443): Max retries exceeded with url: //0?embed=1&mode=tme (Caused by ProxyError('Unable to connect to proxy', NewConnectionError('<urllib3.connection.HTTPSConnection object at 0xe9221250>: Failed to establish a new connection: [Errno 111] Connection refused')))
HTTPSConnectionPool(host='t.me', port=443): Max retries exceeded with url: //0?embed=1&mode=tme (Caused by ProxyError('Unable to connect to proxy', NewConnectionError('<urllib3.connection.HTTPSConnection object at 0xe7f56d48>: Failed to establish a new connection: [Errno 111] Connection refused')))
HTTPSConnectionPool(host='t.me', port=443): Max retries exceeded with url: //0?embed=1&mode=tme (Caused by ProxyError('Unable to connect to proxy', OSError('Tunnel connection failed: 400 Bad Request')))
HTTPSConnectionPool(host='t.me', port=443): Max retries exceeded with url: //0?embed=1&mode=tme (Caused by ProxyError('Unable to connect to proxy', OSError('Tunnel connection failed: 400 Bad Request')))
HTTPSConnectionPool(host='t.me', port=443): Max retries exceeded with url: //0?embed=1&mode=tme (Caused by ProxyError('Unable to connect to proxy', NewConnectionError('<urllib3.connection.HTTPSConnection object at 0xdd600f40>: Failed to establish a new connection: [Errno 111] Connection refused')))
HTTPSConnectionPool(host='t.me', port=443): Max retries exceeded with url: //0?embed=1&mode=tme (Caused by ProxyError('Unable to connect to proxy', ConnectTimeoutError(<urllib3.connection.HTTPSConnection object at 0xe91c2e20>, 'Connection to 187.62.64.155 timed out. (connect timeout=15)')))
HTTPSConnectionPool(host='t.me', port=443): Max retries exceeded with url: //0?embed=1&mode=tme (Caused by ProxyError('Unable to connect to proxy', ConnectTimeoutError(<urllib3.connection.HTTPSConnection object at 0xdf7f2b50>, 'Connection to 142.147.114.50 timed out. (connect timeout=15)')))
('Connection aborted.', RemoteDisconnected('Remote end closed connection without response'))
HTTPSConnectionPool(host='t.me', port=443): Read timed out. (read timeout=15)
HTTPSConnectionPool(host='t.me', port=443): Max retries exceeded with url: //0?embed=1&mode=tme (Caused by ProxyError('Unable to connect to proxy', ConnectTimeoutError(<urllib3.connection.HTTPSConnection object at 0xe91bc5c8>, 'Connection to 103.172.71.11 timed out. (connect timeout=15)')))
HTTPSConnectionPool(host='t.me', port=443): Max retries exceeded with url: //0?embed=1&mode=tme (Caused by ProxyError('Unable to connect to proxy', ConnectTimeoutError(<urllib3.connection.HTTPSConnection object at 0xe91bc238>, 'Connection to 115.205.232.19 timed out. (connect timeout=15)')))
HTTPSConnectionPool(host='t.me', port=443): Max retries exceeded with url: //0?embed=1&mode=tme (Caused by ProxyError('Unable to connect to proxy', NewConnectionError('<urllib3.connection.HTTPSConnection object at 0xe92210b8>: Failed to establish a new connection: [Errno 111] Connection refused')))
HTTPSConnectionPool(host='t.me', port=443): Max retries exceeded with url: //0?embed=1&mode=tme (Caused by ProxyError('Unable to connect to proxy', ConnectTimeoutError(<urllib3.connection.HTTPSConnection object at 0xe91e2a90>, 'Connection to 66.70.144.202 timed out. (connect timeout=15)')))
HTTPSConnectionPool(host='t.me', port=443): Max retries exceeded with url: //0?embed=1&mode=tme (Caused by ProxyError('Unable to connect to proxy', ConnectTimeoutError(<urllib3.connection.HTTPSConnection object at 0xe91e2be0>, 'Connection to 103.244.205.179 timed out. (connect timeout=15)')))
HTTPSConnectionPool(host='t.me', port=443): Max retries exceeded with url: //0?embed=1&mode=tme (Caused by ProxyError('Unable to connect to proxy', NewConnectionError('<urllib3.connection.HTTPSConnection object at 0xe7fa83e8>: Failed to establish a new connection: [Errno 111] Connection refused')))
HTTPSConnectionPool(host='t.me', port=443): Max retries exceeded with url: //0?embed=1&mode=tme (Caused by ProxyError('Unable to connect to proxy', NewConnectionError('<urllib3.connection.HTTPSConnection object at 0xe925b3b8>: Failed to establish a new connection: [Errno 111] Connection refused')))
HTTPSConnectionPool(host='t.me', port=443): Max retries exceeded with url: //0?embed=1&mode=tme (Caused by ProxyError('Unable to connect to proxy', ConnectTimeoutError(<urllib3.connection.HTTPSConnection object at 0xe9254268>, 'Connection to 182.253.109.127 timed out. (connect timeout=15)')))
HTTPSConnectionPool(host='t.me', port=443): Max retries exceeded with url: //0?embed=1&mode=tme (Caused by ProxyError('Unable to connect to proxy', ConnectTimeoutError(<urllib3.connection.HTTPSConnection object at 0xe9186940>, 'Connection to 154.202.116.68 timed out. (connect timeout=15)')))
HTTPSConnectionPool(host='t.me', port=443): Max retries exceeded with url: //0?embed=1&mode=tme (Caused by ProxyError('Unable to connect to proxy', OSError('Tunnel connection failed: 400 Bad Request')))
HTTPSConnectionPool(host='t.me', port=443): Max retries exceeded with url: //0?embed=1&mode=tme (Caused by ProxyError('Unable to connect to proxy', OSError('Tunnel connection failed: 400 Bad Request')))
HTTPSConnectionPool(host='t.me', port=443): Max retries exceeded with url: //0?embed=1&mode=tme (Caused by ProxyError('Unable to connect to proxy', ConnectTimeoutError(<urllib3.connection.HTTPSConnection object at 0xe91a2550>, 'Connection to 160.248.80.91 timed out. (connect timeout=15)')))
HTTPSConnectionPool(host='t.me', port=443): Max retries exceeded with url: //0?embed=1&mode=tme (Caused by ProxyError('Unable to connect to proxy', ConnectTimeoutError(<urllib3.connection.HTTPSConnection object at 0xe91a2748>, 'Connection to 183.165.248.179 timed out. (connect timeout=15)')))
('Connection aborted.', RemoteDisconnected('Remote end closed connection without response'))
HTTPSConnectionPool(host='t.me', port=443): Max retries exceeded with url: //0?embed=1&mode=tme (Caused by ProxyError('Unable to connect to proxy', ConnectTimeoutError(<urllib3.connection.HTTPSConnection object at 0xe91a2b08>, 'Connection to 154.202.116.174 timed out. (connect timeout=15)')))
HTTPSConnectionPool(host='t.me', port=443): Max retries exceeded with url: //0?embed=1&mode=tme (Caused by ProxyError('Unable to connect to proxy', ConnectTimeoutError(<urllib3.connection.HTTPSConnection object at 0xe91a29e8>, 'Connection to 110.238.116.82 timed out. (connect timeout=15)')))
HTTPSConnectionPool(host='t.me', port=443): Max retries exceeded with url: //0?embed=1&mode=tme (Caused by ProxyError('Unable to connect to proxy', ConnectTimeoutError(<urllib3.connection.HTTPSConnection object at 0xe9135a00>, 'Connection to 14.241.236.189 timed out. (connect timeout=15)')))
HTTPSConnectionPool(host='t.me', port=443): Max retries exceeded with url: //0?embed=1&mode=tme (Caused by ProxyError('Unable to connect to proxy', NewConnectionError('<urllib3.connection.HTTPSConnection object at 0xd703df28>: Failed to establish a new connection: [Errno 111] Connection refused')))
HTTPSConnectionPool(host='t.me', port=443): Max retries exceeded with url: //0?embed=1&mode=tme (Caused by ProxyError('Unable to connect to proxy', ConnectTimeoutError(<urllib3.connection.HTTPSConnection object at 0xd60f2388>, 'Connection to 194.124.36.106 timed out. (connect timeout=15)')))
HTTPSConnectionPool(host='t.me', port=443): Max retries exceeded with url: //0?embed=1&mode=tme (Caused by ProxyError('Unable to connect to proxy', ConnectTimeoutError(<urllib3.connection.HTTPSConnection object at 0xebd55a30>, 'Connection to 47.91.45.198 timed out. (connect timeout=15)')))
('Connection aborted.', ConnectionResetError(104, 'Connection reset by peer'))
HTTPSConnectionPool(host='t.me', port=443): Max retries exceeded with url: //0?embed=1&mode=tme (Caused by ProxyError('Unable to connect to proxy', ConnectTimeoutError(<urllib3.connection.HTTPSConnection object at 0xe9135c88>, 'Connection to 134.122.75.41 timed out. (connect timeout=15)')))
HTTPSConnectionPool(host='t.me', port=443): Max retries exceeded with url: //0?embed=1&mode=tme (Caused by ProxyError('Unable to connect to proxy', ConnectTimeoutError(<urllib3.connection.HTTPSConnection object at 0xbe154c28>, 'Connection to 108.175.24.1 timed out. (connect timeout=15)')))
HTTPSConnectionPool(host='t.me', port=443): Max retries exceeded with url: //0?embed=1&mode=tme (Caused by ProxyError('Unable to connect to proxy', NewConnectionError('<urllib3.connection.HTTPSConnection object at 0xe7fbff28>: Failed to establish a new connection: [Errno 111] Connection refused')))
HTTPSConnectionPool(host='t.me', port=443): Max retries exceeded with url: //0?embed=1&mode=tme (Caused by ProxyError('Unable to connect to proxy', ConnectTimeoutError(<urllib3.connection.HTTPSConnection object at 0xd90abbf8>, 'Connection to 103.65.238.225 timed out. (connect timeout=15)')))
HTTPSConnectionPool(host='t.me', port=443): Max retries exceeded with url: //0?embed=1&mode=tme (Caused by ProxyError('Unable to connect to proxy', ConnectTimeoutError(<urllib3.connection.HTTPSConnection object at 0xd90ab9b8>, 'Connection to 43.157.8.79 timed out. (connect timeout=15)')))
HTTPSConnectionPool(host='t.me', port=443): Max retries exceeded with url: //0?embed=1&mode=tme (Caused by ProxyError('Unable to connect to proxy', ConnectTimeoutError(<urllib3.connection.HTTPSConnection object at 0xe9186208>, 'Connection to 52.47.137.181 timed out. (connect timeout=15)')))
HTTPSConnectionPool(host='t.me', port=443): Max retries exceeded with url: //0?embed=1&mode=tme (Caused by ProxyError('Unable to connect to proxy', NewConnectionError('<urllib3.connection.HTTPSConnection object at 0xe91c2298>: Failed to establish a new connection: [Errno 111] Connection refused')))
HTTPSConnectionPool(host='t.me', port=443): Max retries exceeded with url: //0?embed=1&mode=tme (Caused by ProxyError('Unable to connect to proxy', ConnectTimeoutError(<urllib3.connection.HTTPSConnection object at 0xe90aed90>, 'Connection to 200.25.254.193 timed out. (connect timeout=15)')))
HTTPSConnectionPool(host='t.me', port=443): Max retries exceeded with url: //0?embed=1&mode=tme (Caused by ProxyError('Unable to connect to proxy', NewConnectionError('<urllib3.connection.HTTPSConnection object at 0xe9239058>: Failed to establish a new connection: [Errno 111] Connection refused')))
HTTPSConnectionPool(host='t.me', port=443): Max retries exceeded with url: //0?embed=1&mode=tme (Caused by ProxyError('Unable to connect to proxy', ConnectTimeoutError(<urllib3.connection.HTTPSConnection object at 0xe90b8c70>, 'Connection to 181.74.81.195 timed out. (connect timeout=15)')))
HTTPSConnectionPool(host='t.me', port=443): Max retries exceeded with url: //0?embed=1&mode=tme (Caused by ProxyError('Unable to connect to proxy', ConnectTimeoutError(<urllib3.connection.HTTPSConnection object at 0xe90b8ad8>, 'Connection to 112.53.184.170 timed out. (connect timeout=15)')))
HTTPSConnectionPool(host='t.me', port=443): Read timed out. (read timeout=15)
HTTPSConnectionPool(host='t.me', port=443): Max retries exceeded with url: //0?embed=1&mode=tme (Caused by ProxyError('Unable to connect to proxy', ConnectTimeoutError(<urllib3.connection.HTTPSConnection object at 0xe9081790>, 'Connection to 186.89.90.78 timed out. (connect timeout=15)')))
('Connection aborted.', RemoteDisconnected('Remote end closed connection without response'))
HTTPSConnectionPool(host='t.me', port=443): Max retries exceeded with url: //0?embed=1&mode=tme (Caused by ProxyError('Unable to connect to proxy', NewConnectionError('<urllib3.connection.HTTPSConnection object at 0xdcaa0fa0>: Failed to establish a new connection: [Errno 111] Connection refused')))
HTTPSConnectionPool(host='t.me', port=443): Max retries exceeded with url: //0?embed=1&mode=tme (Caused by ProxyError('Unable to connect to proxy', ConnectTimeoutError(<urllib3.connection.HTTPSConnection object at 0xe9081730>, 'Connection to 43.251.118.153 timed out. (connect timeout=15)')))
HTTPSConnectionPool(host='t.me', port=443): Max retries exceeded with url: //0?embed=1&mode=tme (Caused by ProxyError('Unable to connect to proxy', ConnectTimeoutError(<urllib3.connection.HTTPSConnection object at 0xe90346d0>, 'Connection to 81.22.103.65 timed out. (connect timeout=15)')))
HTTPSConnectionPool(host='t.me', port=443): Read timed out. (read timeout=15)
HTTPSConnectionPool(host='t.me', port=443): Max retries exceeded with url: //0?embed=1&mode=tme (Caused by ProxyError('Unable to connect to proxy', ConnectTimeoutError(<urllib3.connection.HTTPSConnection object at 0xe905df88>, 'Connection to 50.172.75.122 timed out. (connect timeout=15)')))
HTTPSConnectionPool(host='t.me', port=443): Max retries exceeded with url: //0?embed=1&mode=tme (Caused by ProxyError('Unable to connect to proxy', NewConnectionError('<urllib3.connection.HTTPSConnection object at 0xe9135fb8>: Failed to establish a new connection: [Errno 111] Connection refused')))
HTTPSConnectionPool(host='t.me', port=443): Max retries exceeded with url: //0?embed=1&mode=tme (Caused by ProxyError('Unable to connect to proxy', ConnectTimeoutError(<urllib3.connection.HTTPSConnection object at 0xebf9ab08>, 'Connection to 50.168.72.122 timed out. (connect timeout=15)')))
('Connection aborted.', RemoteDisconnected('Remote end closed connection without response'))
HTTPSConnectionPool(host='t.me', port=443): Max retries exceeded with url: //0?embed=1&mode=tme (Caused by ProxyError('Unable to connect to proxy', NewConnectionError('<urllib3.connection.HTTPSConnection object at 0xd90abad8>: Failed to establish a new connection: [Errno 111] Connection refused')))
HTTPSConnectionPool(host='t.me', port=443): Max retries exceeded with url: //0?embed=1&mode=tme (Caused by ProxyError('Unable to connect to proxy', ConnectTimeoutError(<urllib3.connection.HTTPSConnection object at 0xe8f14b20>, 'Connection to 5.189.172.158 timed out. (connect timeout=15)')))
HTTPSConnectionPool(host='t.me', port=443): Max retries exceeded with url: //0?embed=1&mode=tme (Caused by ProxyError('Unable to connect to proxy', ConnectTimeoutError(<urllib3.connection.HTTPSConnection object at 0xe8eb9ac0>, 'Connection to 103.213.242.35 timed out. (connect timeout=15)')))
HTTPSConnectionPool(host='t.me', port=443): Max retries exceeded with url: //0?embed=1&mode=tme (Caused by ProxyError('Unable to connect to proxy', NewConnectionError('<urllib3.connection.HTTPSConnection object at 0xe9081838>: Failed to establish a new connection: [Errno 111] Connection refused')))
HTTPSConnectionPool(host='t.me', port=443): Max retries exceeded with url: //0?embed=1&mode=tme (Caused by ProxyError('Unable to connect to proxy', ConnectTimeoutError(<urllib3.connection.HTTPSConnection object at 0xe8eb9a30>, 'Connection to 34.86.196.77 timed out. (connect timeout=15)')))
HTTPSConnectionPool(host='t.me', port=443): Max retries exceeded with url: //0?embed=1&mode=tme (Caused by ProxyError('Unable to connect to proxy', ConnectTimeoutError(<urllib3.connection.HTTPSConnection object at 0xe8eb99d0>, 'Connection to 125.25.40.41 timed out. (connect timeout=15)')))
HTTPSConnectionPool(host='t.me', port=443): Max retries exceeded with url: //0?embed=1&mode=tme (Caused by ProxyError('Unable to connect to proxy', ConnectTimeoutError(<urllib3.connection.HTTPSConnection object at 0xe8eb9b80>, 'Connection to 93.188.161.84 timed out. (connect timeout=15)')))
HTTPSConnectionPool(host='t.me', port=443): Max retries exceeded with url: //0?embed=1&mode=tme (Caused by ProxyError('Unable to connect to proxy', ConnectTimeoutError(<urllib3.connection.HTTPSConnection object at 0xe8eb9f40>, 'Connection to 154.236.168.179 timed out. (connect timeout=15)')))
HTTPSConnectionPool(host='t.me', port=443): Max retries exceeded with url: //0?embed=1&mode=tme (Caused by ProxyError('Unable to connect to proxy', ConnectTimeoutError(<urllib3.connection.HTTPSConnection object at 0xe8ec0b80>, 'Connection to 154.202.125.118 timed out. (connect timeout=15)')))
HTTPSConnectionPool(host='t.me', port=443): Max retries exceeded with url: //0?embed=1&mode=tme (Caused by ProxyError('Unable to connect to proxy', ConnectTimeoutError(<urllib3.connection.HTTPSConnection object at 0xe9b06580>, 'Connection to 176.197.219.74 timed out. (connect timeout=15)')))
HTTPSConnectionPool(host='t.me', port=443): Max retries exceeded with url: //0?embed=1&mode=tme (Caused by ProxyError('Unable to connect to proxy', ConnectTimeoutError(<urllib3.connection.HTTPSConnection object at 0xc2774f28>, 'Connection to 47.100.91.57 timed out. (connect timeout=15)')))
HTTPSConnectionPool(host='t.me', port=443): Max retries exceeded with url: //0?embed=1&mode=tme (Caused by ProxyError('Unable to connect to proxy', ConnectTimeoutError(<urllib3.connection.HTTPSConnection object at 0xea1181d8>, 'Connection to 47.253.214.60 timed out. (connect timeout=15)')))
HTTPSConnectionPool(host='t.me', port=443): Max retries exceeded with url: //0?embed=1&mode=tme (Caused by ProxyError('Unable to connect to proxy', NewConnectionError('<urllib3.connection.HTTPSConnection object at 0xe9081cb8>: Failed to establish a new connection: [Errno 111] Connection refused')))
HTTPSConnectionPool(host='t.me', port=443): Max retries exceeded with url: //0?embed=1&mode=tme (Caused by ProxyError('Unable to connect to proxy', ConnectTimeoutError(<urllib3.connection.HTTPSConnection object at 0xe8e61568>, 'Connection to 142.11.222.22 timed out. (connect timeout=15)')))
HTTPSConnectionPool(host='t.me', port=443): Max retries exceeded with url: //0?embed=1&mode=tme (Caused by ProxyError('Unable to connect to proxy', ConnectTimeoutError(<urllib3.connection.HTTPSConnection object at 0xe8e7de08>, 'Connection to 190.217.105.194 timed out. (connect timeout=15)')))
('Connection aborted.', ConnectionResetError(104, 'Connection reset by peer'))
HTTPSConnectionPool(host='t.me', port=443): Max retries exceeded with url: //0?embed=1&mode=tme (Caused by ProxyError('Unable to connect to proxy', ConnectTimeoutError(<urllib3.connection.HTTPSConnection object at 0xeaa066b8>, 'Connection to 213.171.63.210 timed out. (connect timeout=15)')))
HTTPSConnectionPool(host='t.me', port=443): Max retries exceeded with url: //0?embed=1&mode=tme (Caused by ProxyError('Unable to connect to proxy', ConnectTimeoutError(<urllib3.connection.HTTPSConnection object at 0xe8e449a0>, 'Connection to 49.0.253.51 timed out. (connect timeout=15)')))
HTTPSConnectionPool(host='t.me', port=443): Max retries exceeded with url: //0?embed=1&mode=tme (Caused by ProxyError('Unable to connect to proxy', NewConnectionError('<urllib3.connection.HTTPSConnection object at 0xeaf7b970>: Failed to establish a new connection: [Errno 111] Connection refused')))
HTTPSConnectionPool(host='t.me', port=443): Max retries exceeded with url: //0?embed=1&mode=tme (Caused by ProxyError('Unable to connect to proxy', ConnectTimeoutError(<urllib3.connection.HTTPSConnection object at 0xe8cc2040>, 'Connection to 197.243.67.110 timed out. (connect timeout=15)')))
HTTPSConnectionPool(host='t.me', port=443): Max retries exceeded with url: //0?embed=1&mode=tme (Caused by ProxyError('Unable to connect to proxy', NewConnectionError('<urllib3.connection.HTTPSConnection object at 0xe9052808>: Failed to establish a new connection: [Errno 113] No route to host')))
HTTPSConnectionPool(host='t.me', port=443): Max retries exceeded with url: //0?embed=1&mode=tme (Caused by ProxyError('Unable to connect to proxy', NewConnectionError('<urllib3.connection.HTTPSConnection object at 0xe8e6a358>: Failed to establish a new connection: [Errno 111] Connection refused')))
HTTPSConnectionPool(host='t.me', port=443): Max retries exceeded with url: //0?embed=1&mode=tme (Caused by ProxyError('Unable to connect to proxy', ConnectTimeoutError(<urllib3.connection.HTTPSConnection object at 0xe8c7aec8>, 'Connection to 59.157.7.145 timed out. (connect timeout=15)')))
HTTPSConnectionPool(host='t.me', port=443): Max retries exceeded with url: //0?embed=1&mode=tme (Caused by ProxyError('Unable to connect to proxy', ConnectTimeoutError(<urllib3.connection.HTTPSConnection object at 0xe8c361c0>, 'Connection to 31.31.23.23 timed out. (connect timeout=15)')))
HTTPSConnectionPool(host='t.me', port=443): Max retries exceeded with url: //0?embed=1&mode=tme (Caused by ProxyError('Unable to connect to proxy', ConnectTimeoutError(<urllib3.connection.HTTPSConnection object at 0xe8c1de50>, 'Connection to 222.165.205.157 timed out. (connect timeout=15)')))
HTTPSConnectionPool(host='t.me', port=443): Max retries exceeded with url: //0?embed=1&mode=tme (Caused by ProxyError('Unable to connect to proxy', ConnectTimeoutError(<urllib3.connection.HTTPSConnection object at 0xe8c36460>, 'Connection to 212.83.137.239 timed out. (connect timeout=15)')))
HTTPSConnectionPool(host='t.me', port=443): Max retries exceeded with url: //0?embed=1&mode=tme (Caused by ProxyError('Unable to connect to proxy', ConnectTimeoutError(<urllib3.connection.HTTPSConnection object at 0xe8eb9d90>, 'Connection to 178.33.161.83 timed out. (connect timeout=15)')))
HTTPSConnectionPool(host='t.me', port=443): Max retries exceeded with url: //0?embed=1&mode=tme (Caused by ProxyError('Unable to connect to proxy', NewConnectionError('<urllib3.connection.HTTPSConnection object at 0xe8ec0610>: Failed to establish a new connection: [Errno 111] Connection refused')))
HTTPSConnectionPool(host='t.me', port=443): Max retries exceeded with url: //0?embed=1&mode=tme (Caused by ProxyError('Unable to connect to proxy', OSError('Tunnel connection failed: 400 Bad Request')))
HTTPSConnectionPool(host='t.me', port=443): Max retries exceeded with url: //0?embed=1&mode=tme (Caused by ProxyError('Unable to connect to proxy', NewConnectionError('<urllib3.connection.HTTPSConnection object at 0xe8ee8688>: Failed to establish a new connection: [Errno 111] Connection refused')))
HTTPSConnectionPool(host='t.me', port=443): Max retries exceeded with url: //0?embed=1&mode=tme (Caused by ProxyError('Unable to connect to proxy', NewConnectionError('<urllib3.connection.HTTPSConnection object at 0xe8c2efe8>: Failed to establish a new connection: [Errno 111] Connection refused')))
HTTPSConnectionPool(host='t.me', port=443): Max retries exceeded with url: //0?embed=1&mode=tme (Caused by ProxyError('Unable to connect to proxy', ConnectTimeoutError(<urllib3.connection.HTTPSConnection object at 0xd9d25e98>, 'Connection to 14.161.33.150 timed out. (connect timeout=15)')))
('Connection aborted.', RemoteDisconnected('Remote end closed connection without response'))
('Connection aborted.', RemoteDisconnected('Remote end closed connection without response'))
HTTPSConnectionPool(host='t.me', port=443): Max retries exceeded with url: //0?embed=1&mode=tme (Caused by ProxyError('Unable to connect to proxy', ConnectTimeoutError(<urllib3.connection.HTTPSConnection object at 0xda960310>, 'Connection to 8.208.90.243 timed out. (connect timeout=15)')))
HTTPSConnectionPool(host='t.me', port=443): Max retries exceeded with url: //0?embed=1&mode=tme (Caused by ProxyError('Unable to connect to proxy', ConnectTimeoutError(<urllib3.connection.HTTPSConnection object at 0xe8adcd90>, 'Connection to 101.128.79.143 timed out. (connect timeout=15)')))
HTTPSConnectionPool(host='t.me', port=443): Max retries exceeded with url: //0?embed=1&mode=tme (Caused by ProxyError('Unable to connect to proxy', NewConnectionError('<urllib3.connection.HTTPSConnection object at 0xe8c36148>: Failed to establish a new connection: [Errno 111] Connection refused')))
HTTPSConnectionPool(host='t.me', port=443): Max retries exceeded with url: //0?embed=1&mode=tme (Caused by ProxyError('Unable to connect to proxy', ConnectTimeoutError(<urllib3.connection.HTTPSConnection object at 0xe8adcd18>, 'Connection to 177.184.197.125 timed out. (connect timeout=15)')))
HTTPSConnectionPool(host='t.me', port=443): Max retries exceeded with url: //0?embed=1&mode=tme (Caused by ProxyError('Unable to connect to proxy', NewConnectionError('<urllib3.connection.HTTPSConnection object at 0xe9186808>: Failed to establish a new connection: [Errno 111] Connection refused')))
HTTPSConnectionPool(host='t.me', port=443): Max retries exceeded with url: //0?embed=1&mode=tme (Caused by ProxyError('Unable to connect to proxy', OSError('Tunnel connection failed: 403 Forbidden')))
HTTPSConnectionPool(host='t.me', port=443): Max retries exceeded with url: //0?embed=1&mode=tme (Caused by SSLError(SSLEOFError(8, 'EOF occurred in violation of protocol (_ssl.c:1129)')))
HTTPSConnectionPool(host='t.me', port=443): Max retries exceeded with url: //0?embed=1&mode=tme (Caused by ProxyError('Unable to connect to proxy', ConnectTimeoutError(<urllib3.connection.HTTPSConnection object at 0xe8aef0a0>, 'Connection to 178.140.177.145 timed out. (connect timeout=15)')))
HTTPSConnectionPool(host='t.me', port=443): Max retries exceeded with url: //0?embed=1&mode=tme (Caused by ProxyError('Unable to connect to proxy', NewConnectionError('<urllib3.connection.HTTPSConnection object at 0xea9433e8>: Failed to establish a new connection: [Errno 111] Connection refused')))
HTTPSConnectionPool(host='t.me', port=443): Max retries exceeded with url: //0?embed=1&mode=tme (Caused by ProxyError('Unable to connect to proxy', NewConnectionError('<urllib3.connection.HTTPSConnection object at 0xe7f56658>: Failed to establish a new connection: [Errno 111] Connection refused')))
HTTPSConnectionPool(host='t.me', port=443): Max retries exceeded with url: //0?embed=1&mode=tme (Caused by ProxyError('Unable to connect to proxy', ConnectTimeoutError(<urllib3.connection.HTTPSConnection object at 0xe8c41e20>, 'Connection to 43.239.251.77 timed out. (connect timeout=15)')))
HTTPSConnectionPool(host='t.me', port=443): Max retries exceeded with url: //0?embed=1&mode=tme (Caused by ProxyError('Unable to connect to proxy', ConnectTimeoutError(<urllib3.connection.HTTPSConnection object at 0xe8a61d30>, 'Connection to 47.88.11.3 timed out. (connect timeout=15)')))
HTTPSConnectionPool(host='t.me', port=443): Max retries exceeded with url: //0?embed=1&mode=tme (Caused by ProxyError('Unable to connect to proxy', ConnectTimeoutError(<urllib3.connection.HTTPSConnection object at 0xe8a61da8>, 'Connection to 47.243.175.55 timed out. (connect timeout=15)')))
('Connection aborted.', ConnectionResetError(104, 'Connection reset by peer'))
HTTPSConnectionPool(host='t.me', port=443): Max retries exceeded with url: //0?embed=1&mode=tme (Caused by ProxyError('Unable to connect to proxy', ConnectTimeoutError(<urllib3.connection.HTTPSConnection object at 0xe8a18028>, 'Connection to 196.203.83.249 timed out. (connect timeout=15)')))
HTTPSConnectionPool(host='t.me', port=443): Max retries exceeded with url: //0?embed=1&mode=tme (Caused by ProxyError('Unable to connect to proxy', NewConnectionError('<urllib3.connection.HTTPSConnection object at 0xe7fa8850>: Failed to establish a new connection: [Errno 111] Connection refused')))
HTTPSConnectionPool(host='t.me', port=443): Max retries exceeded with url: //0?embed=1&mode=tme (Caused by ProxyError('Unable to connect to proxy', ConnectTimeoutError(<urllib3.connection.HTTPSConnection object at 0xe8a18040>, 'Connection to 105.113.2.82 timed out. (connect timeout=15)')))
HTTPSConnectionPool(host='t.me', port=443): Max retries exceeded with url: //0?embed=1&mode=tme (Caused by ProxyError('Unable to connect to proxy', NewConnectionError('<urllib3.connection.HTTPSConnection object at 0xe8b2f238>: Failed to establish a new connection: [Errno 111] Connection refused')))
HTTPSConnectionPool(host='t.me', port=443): Max retries exceeded with url: //0?embed=1&mode=tme (Caused by ProxyError('Unable to connect to proxy', NewConnectionError('<urllib3.connection.HTTPSConnection object at 0xe7fc63b8>: Failed to establish a new connection: [Errno 111] Connection refused')))
HTTPSConnectionPool(host='t.me', port=443): Max retries exceeded with url: //0?embed=1&mode=tme (Caused by ProxyError('Unable to connect to proxy', ConnectTimeoutError(<urllib3.connection.HTTPSConnection object at 0xe3ea2460>, 'Connection to 79.106.170.126 timed out. (connect timeout=15)')))
HTTPSConnectionPool(host='t.me', port=443): Max retries exceeded with url: //0?embed=1&mode=tme (Caused by ProxyError('Unable to connect to proxy', ConnectTimeoutError(<urllib3.connection.HTTPSConnection object at 0xe8a18688>, 'Connection to 109.86.190.92 timed out. (connect timeout=15)')))
HTTPSConnectionPool(host='t.me', port=443): Max retries exceeded with url: //0?embed=1&mode=tme (Caused by ProxyError('Unable to connect to proxy', ConnectTimeoutError(<urllib3.connection.HTTPSConnection object at 0xe8a18d18>, 'Connection to 154.201.33.214 timed out. (connect timeout=15)')))
HTTPSConnectionPool(host='t.me', port=443): Max retries exceeded with url: //0?embed=1&mode=tme (Caused by ProxyError('Unable to connect to proxy', NewConnectionError('<urllib3.connection.HTTPSConnection object at 0xea9434f0>: Failed to establish a new connection: [Errno 111] Connection refused')))
HTTPSConnectionPool(host='t.me', port=443): Max retries exceeded with url: //0?embed=1&mode=tme (Caused by ProxyError('Unable to connect to proxy', ConnectTimeoutError(<urllib3.connection.HTTPSConnection object at 0xeb4cf8e0>, 'Connection to 45.8.105.16 timed out. (connect timeout=15)')))
HTTPSConnectionPool(host='t.me', port=443): Max retries exceeded with url: //0?embed=1&mode=tme (Caused by ProxyError('Unable to connect to proxy', ConnectTimeoutError(<urllib3.connection.HTTPSConnection object at 0xd9d1b388>, 'Connection to 188.132.222.165 timed out. (connect timeout=15)')))
HTTPSConnectionPool(host='t.me', port=443): Max retries exceeded with url: //0?embed=1&mode=tme (Caused by ProxyError('Unable to connect to proxy', ConnectTimeoutError(<urllib3.connection.HTTPSConnection object at 0xebea6088>, 'Connection to 180.175.124.102 timed out. (connect timeout=15)')))
('Connection aborted.', RemoteDisconnected('Remote end closed connection without response'))
HTTPSConnectionPool(host='t.me', port=443): Max retries exceeded with url: //0?embed=1&mode=tme (Caused by ProxyError('Unable to connect to proxy', ConnectTimeoutError(<urllib3.connection.HTTPSConnection object at 0xebe84670>, 'Connection to 41.230.216.70 timed out. (connect timeout=15)')))
HTTPSConnectionPool(host='t.me', port=443): Max retries exceeded with url: //0?embed=1&mode=tme (Caused by ProxyError('Unable to connect to proxy', NewConnectionError('<urllib3.connection.HTTPSConnection object at 0xbe145970>: Failed to establish a new connection: [Errno 111] Connection refused')))
HTTPSConnectionPool(host='t.me', port=443): Max retries exceeded with url: //0?embed=1&mode=tme (Caused by ProxyError('Unable to connect to proxy', ConnectTimeoutError(<urllib3.connection.HTTPSConnection object at 0xc371f808>, 'Connection to 90.84.17.133 timed out. (connect timeout=15)')))
HTTPSConnectionPool(host='t.me', port=443): Max retries exceeded with url: //0?embed=1&mode=tme (Caused by ProxyError('Unable to connect to proxy', ConnectTimeoutError(<urllib3.connection.HTTPSConnection object at 0xd60c6cd0>, 'Connection to 80.241.251.54 timed out. (connect timeout=15)')))
('Connection aborted.', ConnectionResetError(104, 'Connection reset by peer'))
HTTPSConnectionPool(host='t.me', port=443): Max retries exceeded with url: //0?embed=1&mode=tme (Caused by ProxyError('Unable to connect to proxy', NewConnectionError('<urllib3.connection.HTTPSConnection object at 0xe8a7bb38>: Failed to establish a new connection: [Errno 111] Connection refused')))
HTTPSConnectionPool(host='t.me', port=443): Max retries exceeded with url: //0?embed=1&mode=tme (Caused by ProxyError('Unable to connect to proxy', ConnectTimeoutError(<urllib3.connection.HTTPSConnection object at 0xe252c430>, 'Connection to 111.23.139.137 timed out. (connect timeout=15)')))
HTTPSConnectionPool(host='t.me', port=443): Max retries exceeded with url: //0?embed=1&mode=tme (Caused by ProxyError('Unable to connect to proxy', ConnectTimeoutError(<urllib3.connection.HTTPSConnection object at 0xe8c192f8>, 'Connection to 45.232.79.0 timed out. (connect timeout=15)')))
('Connection aborted.', ConnectionResetError(104, 'Connection reset by peer'))
HTTPSConnectionPool(host='t.me', port=443): Max retries exceeded with url: //0?embed=1&mode=tme (Caused by ProxyError('Unable to connect to proxy', ConnectTimeoutError(<urllib3.connection.HTTPSConnection object at 0xd9d1b250>, 'Connection to 189.161.3.231 timed out. (connect timeout=15)')))
HTTPSConnectionPool(host='t.me', port=443): Max retries exceeded with url: //0?embed=1&mode=tme (Caused by ProxyError('Unable to connect to proxy', ConnectTimeoutError(<urllib3.connection.HTTPSConnection object at 0xe24ffd30>, 'Connection to 160.248.80.91 timed out. (connect timeout=15)')))
HTTPSConnectionPool(host='t.me', port=443): Max retries exceeded with url: //0?embed=1&mode=tme (Caused by ProxyError('Unable to connect to proxy', ConnectTimeoutError(<urllib3.connection.HTTPSConnection object at 0xebd44aa8>, 'Connection to 154.202.117.77 timed out. (connect timeout=15)')))
HTTPSConnectionPool(host='t.me', port=443): Max retries exceeded with url: //0?embed=1&mode=tme (Caused by ProxyError('Unable to connect to proxy', ConnectTimeoutError(<urllib3.connection.HTTPSConnection object at 0xe738ee20>, 'Connection to 45.224.119.184 timed out. (connect timeout=15)')))
HTTPSConnectionPool(host='t.me', port=443): Max retries exceeded with url: //0?embed=1&mode=tme (Caused by SSLError(SSLError(1, '[SSL: WRONG_VERSION_NUMBER] wrong version number (_ssl.c:1129)')))
HTTPSConnectionPool(host='t.me', port=443): Max retries exceeded with url: //0?embed=1&mode=tme (Caused by ProxyError('Unable to connect to proxy', ConnectTimeoutError(<urllib3.connection.HTTPSConnection object at 0xe9482100>, 'Connection to 103.139.25.121 timed out. (connect timeout=15)')))
HTTPSConnectionPool(host='t.me', port=443): Max retries exceeded with url: //0?embed=1&mode=tme (Caused by ProxyError('Unable to connect to proxy', ConnectTimeoutError(<urllib3.connection.HTTPSConnection object at 0xe8b663b8>, 'Connection to 162.19.7.56 timed out. (connect timeout=15)')))
HTTPSConnectionPool(host='t.me', port=443): Max retries exceeded with url: //0?embed=1&mode=tme (Caused by ProxyError('Unable to connect to proxy', NewConnectionError('<urllib3.connection.HTTPSConnection object at 0xe90b8928>: Failed to establish a new connection: [Errno 111] Connection refused')))
HTTPSConnectionPool(host='t.me', port=443): Max retries exceeded with url: //0?embed=1&mode=tme (Caused by ProxyError('Unable to connect to proxy', ConnectTimeoutError(<urllib3.connection.HTTPSConnection object at 0xbd5e7328>, 'Connection to 188.132.222.44 timed out. (connect timeout=15)')))
HTTPSConnectionPool(host='t.me', port=443): Max retries exceeded with url: //0?embed=1&mode=tme (Caused by ProxyError('Unable to connect to proxy', ConnectTimeoutError(<urllib3.connection.HTTPSConnection object at 0xe8a21568>, 'Connection to 50.204.219.226 timed out. (connect timeout=15)')))
HTTPSConnectionPool(host='t.me', port=443): Max retries exceeded with url: //0?embed=1&mode=tme (Caused by ProxyError('Unable to connect to proxy', ConnectTimeoutError(<urllib3.connection.HTTPSConnection object at 0xe8a216d0>, 'Connection to 47.254.47.61 timed out. (connect timeout=15)')))
HTTPSConnectionPool(host='t.me', port=443): Max retries exceeded with url: //0?embed=1&mode=tme (Caused by ProxyError('Unable to connect to proxy', NewConnectionError('<urllib3.connection.HTTPSConnection object at 0xe8a18af0>: Failed to establish a new connection: [Errno 111] Connection refused')))
('Connection aborted.', ConnectionResetError(104, 'Connection reset by peer'))
HTTPSConnectionPool(host='t.me', port=443): Max retries exceeded with url: //0?embed=1&mode=tme (Caused by ProxyError('Unable to connect to proxy', ConnectTimeoutError(<urllib3.connection.HTTPSConnection object at 0xeb285328>, 'Connection to 110.238.113.119 timed out. (connect timeout=15)')))
HTTPSConnectionPool(host='t.me', port=443): Max retries exceeded with url: //0?embed=1&mode=tme (Caused by ProxyError('Unable to connect to proxy', ConnectTimeoutError(<urllib3.connection.HTTPSConnection object at 0xe8c82028>, 'Connection to 180.242.248.70 timed out. (connect timeout=15)')))
HTTPSConnectionPool(host='t.me', port=443): Max retries exceeded with url: //0?embed=1&mode=tme (Caused by ProxyError('Unable to connect to proxy', NewConnectionError('<urllib3.connection.HTTPSConnection object at 0xe24ffc40>: Failed to establish a new connection: [Errno 111] Connection refused')))
HTTPSConnectionPool(host='t.me', port=443): Max retries exceeded with url: //0?embed=1&mode=tme (Caused by ProxyError('Unable to connect to proxy', NewConnectionError('<urllib3.connection.HTTPSConnection object at 0xe90b8730>: Failed to establish a new connection: [Errno 111] Connection refused')))
HTTPSConnectionPool(host='t.me', port=443): Max retries exceeded with url: //0?embed=1&mode=tme (Caused by ProxyError('Unable to connect to proxy', ConnectTimeoutError(<urllib3.connection.HTTPSConnection object at 0xdb5b6fd0>, 'Connection to 103.246.78.21 timed out. (connect timeout=15)')))
HTTPSConnectionPool(host='t.me', port=443): Max retries exceeded with url: //0?embed=1&mode=tme (Caused by ProxyError('Unable to connect to proxy', NewConnectionError('<urllib3.connection.HTTPSConnection object at 0xe8171bb0>: Failed to establish a new connection: [Errno 113] No route to host')))
HTTPSConnectionPool(host='t.me', port=443): Max retries exceeded with url: //0?embed=1&mode=tme (Caused by ProxyError('Unable to connect to proxy', NewConnectionError('<urllib3.connection.HTTPSConnection object at 0xe0edac28>: Failed to establish a new connection: [Errno 111] Connection refused')))
HTTPSConnectionPool(host='t.me', port=443): Max retries exceeded with url: //0?embed=1&mode=tme (Caused by ProxyError('Unable to connect to proxy', ConnectTimeoutError(<urllib3.connection.HTTPSConnection object at 0xebe76778>, 'Connection to 129.213.153.223 timed out. (connect timeout=15)')))
HTTPSConnectionPool(host='t.me', port=443): Max retries exceeded with url: //0?embed=1&mode=tme (Caused by ProxyError('Unable to connect to proxy', ConnectTimeoutError(<urllib3.connection.HTTPSConnection object at 0xeaa7ed78>, 'Connection to 212.174.242.114 timed out. (connect timeout=15)')))
HTTPSConnectionPool(host='t.me', port=443): Max retries exceeded with url: //0?embed=1&mode=tme (Caused by ProxyError('Unable to connect to proxy', ConnectTimeoutError(<urllib3.connection.HTTPSConnection object at 0xe6794f40>, 'Connection to 222.175.59.6 timed out. (connect timeout=15)')))
HTTPSConnectionPool(host='t.me', port=443): Max retries exceeded with url: //0?embed=1&mode=tme (Caused by ProxyError('Unable to connect to proxy', ConnectTimeoutError(<urllib3.connection.HTTPSConnection object at 0xe8e74640>, 'Connection to 47.91.56.120 timed out. (connect timeout=15)')))
HTTPSConnectionPool(host='t.me', port=443): Max retries exceeded with url: //0?embed=1&mode=tme (Caused by ProxyError('Unable to connect to proxy', ConnectTimeoutError(<urllib3.connection.HTTPSConnection object at 0xe8e74880>, 'Connection to 190.239.220.9 timed out. (connect timeout=15)')))
HTTPSConnectionPool(host='t.me', port=443): Max retries exceeded with url: //0?embed=1&mode=tme (Caused by ProxyError('Unable to connect to proxy', ConnectTimeoutError(<urllib3.connection.HTTPSConnection object at 0xe8b57610>, 'Connection to 77.52.234.101 timed out. (connect timeout=15)')))
HTTPSConnectionPool(host='t.me', port=443): Max retries exceeded with url: //0?embed=1&mode=tme (Caused by ProxyError('Unable to connect to proxy', ConnectTimeoutError(<urllib3.connection.HTTPSConnection object at 0xe8a2b238>, 'Connection to 85.109.104.100 timed out. (connect timeout=15)')))
HTTPSConnectionPool(host='t.me', port=443): Max retries exceeded with url: //0?embed=1&mode=tme (Caused by ProxyError('Unable to connect to proxy', OSError('Tunnel connection failed: 400 Bad Request')))
HTTPSConnectionPool(host='t.me', port=443): Read timed out. (read timeout=15)
HTTPSConnectionPool(host='t.me', port=443): Max retries exceeded with url: //0?embed=1&mode=tme (Caused by ProxyError('Unable to connect to proxy', NewConnectionError('<urllib3.connection.HTTPSConnection object at 0xd90d89d0>: Failed to establish a new connection: [Errno 111] Connection refused')))
HTTPSConnectionPool(host='t.me', port=443): Max retries exceeded with url: //0?embed=1&mode=tme (Caused by ProxyError('Unable to connect to proxy', OSError('Tunnel connection failed: 400 Bad Request')))
HTTPSConnectionPool(host='t.me', port=443): Max retries exceeded with url: //0?embed=1&mode=tme (Caused by ProxyError('Unable to connect to proxy', ConnectTimeoutError(<urllib3.connection.HTTPSConnection object at 0xe8a2b520>, 'Connection to 154.201.34.107 timed out. (connect timeout=15)')))
HTTPSConnectionPool(host='t.me', port=443): Max retries exceeded with url: //0?embed=1&mode=tme (Caused by ProxyError('Unable to connect to proxy', ConnectTimeoutError(<urllib3.connection.HTTPSConnection object at 0xe33c1ec8>, 'Connection to 169.148.1.90 timed out. (connect timeout=15)')))
HTTPSConnectionPool(host='t.me', port=443): Max retries exceeded with url: //0?embed=1&mode=tme (Caused by ProxyError('Unable to connect to proxy', ConnectTimeoutError(<urllib3.connection.HTTPSConnection object at 0xe5a23550>, 'Connection to 213.172.89.227 timed out. (connect timeout=15)')))
HTTPSConnectionPool(host='t.me', port=443): Max retries exceeded with url: //0?embed=1&mode=tme (Caused by ProxyError('Unable to connect to proxy', ConnectTimeoutError(<urllib3.connection.HTTPSConnection object at 0xbb374898>, 'Connection to 200.95.184.147 timed out. (connect timeout=15)')))
('Connection aborted.', RemoteDisconnected('Remote end closed connection without response'))
HTTPSConnectionPool(host='t.me', port=443): Max retries exceeded with url: //0?embed=1&mode=tme (Caused by ProxyError('Unable to connect to proxy', NewConnectionError('<urllib3.connection.HTTPSConnection object at 0xe8a2b508>: Failed to establish a new connection: [Errno 111] Connection refused')))
HTTPSConnectionPool(host='t.me', port=443): Max retries exceeded with url: //0?embed=1&mode=tme (Caused by ProxyError('Unable to connect to proxy', NewConnectionError('<urllib3.connection.HTTPSConnection object at 0xea1c5a60>: Failed to establish a new connection: [Errno 111] Connection refused')))
HTTPSConnectionPool(host='t.me', port=443): Max retries exceeded with url: //0?embed=1&mode=tme (Caused by ProxyError('Unable to connect to proxy', NewConnectionError('<urllib3.connection.HTTPSConnection object at 0xe8e74880>: Failed to establish a new connection: [Errno 111] Connection refused')))
HTTPSConnectionPool(host='t.me', port=443): Max retries exceeded with url: //0?embed=1&mode=tme (Caused by ProxyError('Unable to connect to proxy', NewConnectionError('<urllib3.connection.HTTPSConnection object at 0xbe162c10>: Failed to establish a new connection: [Errno 113] No route to host')))
HTTPSConnectionPool(host='t.me', port=443): Max retries exceeded with url: //0?embed=1&mode=tme (Caused by ProxyError('Unable to connect to proxy', NewConnectionError('<urllib3.connection.HTTPSConnection object at 0xe7fa8538>: Failed to establish a new connection: [Errno 113] No route to host')))
HTTPSConnectionPool(host='t.me', port=443): Max retries exceeded with url: //0?embed=1&mode=tme (Caused by ProxyError('Unable to connect to proxy', NewConnectionError('<urllib3.connection.HTTPSConnection object at 0xd9d1b160>: Failed to establish a new connection: [Errno 111] Connection refused')))
HTTPSConnectionPool(host='t.me', port=443): Max retries exceeded with url: //0?embed=1&mode=tme (Caused by ProxyError('Unable to connect to proxy', NewConnectionError('<urllib3.connection.HTTPSConnection object at 0xeac102b0>: Failed to establish a new connection: [Errno 111] Connection refused')))
HTTPSConnectionPool(host='t.me', port=443): Max retries exceeded with url: //0?embed=1&mode=tme (Caused by ProxyError('Unable to connect to proxy', NewConnectionError('<urllib3.connection.HTTPSConnection object at 0xea9434f0>: Failed to establish a new connection: [Errno 111] Connection refused')))
HTTPSConnectionPool(host='t.me', port=443): Max retries exceeded with url: //0?embed=1&mode=tme (Caused by ProxyError('Unable to connect to proxy', NewConnectionError('<urllib3.connection.HTTPSConnection object at 0xeaa17b08>: Failed to establish a new connection: [Errno 111] Connection refused')))
HTTPSConnectionPool(host='t.me', port=443): Max retries exceeded with url: //0?embed=1&mode=tme (Caused by ProxyError('Unable to connect to proxy', OSError('Tunnel connection failed: 400 Bad Request')))
HTTPSConnectionPool(host='t.me', port=443): Max retries exceeded with url: //0?embed=1&mode=tme (Caused by ProxyError('Unable to connect to proxy', NewConnectionError('<urllib3.connection.HTTPSConnection object at 0xe9ae74a8>: Failed to establish a new connection: [Errno 113] No route to host')))
HTTPSConnectionPool(host='t.me', port=443): Max retries exceeded with url: //0?embed=1&mode=tme (Caused by ProxyError('Unable to connect to proxy', OSError('Tunnel connection failed: 400 Bad Request')))
HTTPSConnectionPool(host='t.me', port=443): Max retries exceeded with url: //0?embed=1&mode=tme (Caused by ProxyError('Unable to connect to proxy', ConnectTimeoutError(<urllib3.connection.HTTPSConnection object at 0xe94a59e8>, 'Connection to 202.146.230.102 timed out. (connect timeout=15)')))
                                                                                                                                                                                                         HTTPSConnectionPool(host='t.me', port=443): Max retries exceeded with url: //0?embed=1&mode=tme (Caused by ProxyError('Unable to connect to proxy', NewConnectionError('<urllib3.connection.HTTPSConnection object at 0xdd5e5448>: Failed to establish a new connection: [Errno 111] Connection refused')))
HTTPSConnectionPool(host='t.me', port=443): Max retries exceeded with url: //0?embed=1&mode=tme (Caused by ProxyError('Unable to connect to proxy', NewConnectionError('<urllib3.connection.HTTPSConnection object at 0xe9ae72f8>: Failed to establish a new connection: [Errno 111] Connection refused')))
HTTPSConnectionPool(host='t.me', port=443): Max retries exceeded with url: //0?embed=1&mode=tme (Caused by ProxyError('Unable to connect to proxy', NewConnectionError('<urllib3.connection.HTTPSConnection object at 0xdb5b6f40>: Failed to establish a new connection: [Errno 111] Connection refused')))
HTTPSConnectionPool(host='t.me', port=443): Max retries exceeded with url: //0?embed=1&mode=tme (Caused by ProxyError('Unable to connect to proxy', NewConnectionError('<urllib3.connection.HTTPSConnection object at 0xe8026130>: Failed to establish a new connection: [Errno 111] Connection refused')))
HTTPSConnectionPool(host='t.me', port=443): Max retries exceeded with url: //0?embed=1&mode=tme (Caused by SSLError(SSLEOFError(8, 'EOF occurred in violation of protocol (_ssl.c:1129)')))
HTTPSConnectionPool(host='t.me', port=443): Max retries exceeded with url: //0?embed=1&mode=tme (Caused by ProxyError('Unable to connect to proxy', NewConnectionError('<urllib3.connection.HTTPSConnection object at 0xe7ee64a8>: Failed to establish a new connection: [Errno 111] Connection refused')))
HTTPSConnectionPool(host='t.me', port=443): Read timed out. (read timeout=15)
HTTPSConnectionPool(host='t.me', port=443): Max retries exceeded with url: //0?embed=1&mode=tme (Caused by ProxyError('Unable to connect to proxy', ConnectTimeoutError(<urllib3.connection.HTTPSConnection object at 0xe89d8220>, 'Connection to 50.227.121.33 timed out. (connect timeout=15)')))
HTTPSConnectionPool(host='t.me', port=443): Max retries exceeded with url: //0?embed=1&mode=tme (Caused by ProxyError('Unable to connect to proxy', ConnectTimeoutError(<urllib3.connection.HTTPSConnection object at 0xe7fd2988>, 'Connection to 120.35.200.44 timed out. (connect timeout=15)')))
HTTPSConnectionPool(host='t.me', port=443): Max retries exceeded with url: //0?embed=1&mode=tme (Caused by ProxyError('Unable to connect to proxy', ConnectTimeoutError(<urllib3.connection.HTTPSConnection object at 0xe89c90a0>, 'Connection to 114.106.135.0 timed out. (connect timeout=15)')))
HTTPSConnectionPool(host='t.me', port=443): Max retries exceeded with url: //0?embed=1&mode=tme (Caused by SSLError(SSLError(1, '[SSL: WRONG_VERSION_NUMBER] wrong version number (_ssl.c:1129)')))
HTTPSConnectionPool(host='t.me', port=443): Max retries exceeded with url: //0?embed=1&mode=tme (Caused by ProxyError('Unable to connect to proxy', NewConnectionError('<urllib3.connection.HTTPSConnection object at 0xe7c20bb0>: Failed to establish a new connection: [Errno 111] Connection refused')))
HTTPSConnectionPool(host='t.me', port=443): Max retries exceeded with url: //0?embed=1&mode=tme (Caused by ProxyError('Unable to connect to proxy', ConnectTimeoutError(<urllib3.connection.HTTPSConnection object at 0xe89d2cb8>, 'Connection to 38.51.235.214 timed out. (connect timeout=15)')))
HTTPSConnectionPool(host='t.me', port=443): Max retries exceeded with url: //0?embed=1&mode=tme (Caused by ProxyError('Unable to connect to proxy', ConnectTimeoutError(<urllib3.connection.HTTPSConnection object at 0xd60d68f8>, 'Connection to 201.164.60.222 timed out. (connect timeout=15)')))
HTTPSConnectionPool(host='t.me', port=443): Read timed out. (read timeout=15)
HTTPSConnectionPool(host='t.me', port=443): Max retries exceeded with url: //0?embed=1&mode=tme (Caused by ProxyError('Unable to connect to proxy', NewConnectionError('<urllib3.connection.HTTPSConnection object at 0xe7bb1430>: Failed to establish a new connection: [Errno 111] Connection refused')))
HTTPSConnectionPool(host='t.me', port=443): Max retries exceeded with url: //0?embed=1&mode=tme (Caused by ProxyError('Unable to connect to proxy', ConnectTimeoutError(<urllib3.connection.HTTPSConnection object at 0xe1c0eb68>, 'Connection to 184.168.121.153 timed out. (connect timeout=15)')))
HTTPSConnectionPool(host='t.me', port=443): Max retries exceeded with url: //0?embed=1&mode=tme (Caused by ProxyError('Unable to connect to proxy', ConnectTimeoutError(<urllib3.connection.HTTPSConnection object at 0xbb34c178>, 'Connection to 159.65.162.186 timed out. (connect timeout=15)')))
HTTPSConnectionPool(host='t.me', port=443): Max retries exceeded with url: //0?embed=1&mode=tme (Caused by ProxyError('Unable to connect to proxy', ConnectTimeoutError(<urllib3.connection.HTTPSConnection object at 0xbb34ca30>, 'Connection to 186.92.217.51 timed out. (connect timeout=15)')))
HTTPSConnectionPool(host='t.me', port=443): Max retries exceeded with url: //0?embed=1&mode=tme (Caused by ProxyError('Unable to connect to proxy', ConnectTimeoutError(<urllib3.connection.HTTPSConnection object at 0xe67b2c40>, 'Connection to 185.196.176.77 timed out. (connect timeout=15)')))
HTTPSConnectionPool(host='t.me', port=443): Max retries exceeded with url: //0?embed=1&mode=tme (Caused by ProxyError('Unable to connect to proxy', ConnectTimeoutError(<urllib3.connection.HTTPSConnection object at 0xebea6520>, 'Connection to 170.83.242.249 timed out. (connect timeout=15)')))
HTTPSConnectionPool(host='t.me', port=443): Max retries exceeded with url: //0?embed=1&mode=tme (Caused by ProxyError('Unable to connect to proxy', ConnectTimeoutError(<urllib3.connection.HTTPSConnection object at 0xbb34ca90>, 'Connection to 149.202.75.85 timed out. (connect timeout=15)')))
HTTPSConnectionPool(host='t.me', port=443): Max retries exceeded with url: //0?embed=1&mode=tme (Caused by ProxyError('Unable to connect to proxy', ConnectTimeoutError(<urllib3.connection.HTTPSConnection object at 0xbb34c9d0>, 'Connection to 51.83.116.6 timed out. (connect timeout=15)')))
HTTPSConnectionPool(host='t.me', port=443): Max retries exceeded with url: //0?embed=1&mode=tme (Caused by ProxyError('Unable to connect to proxy', ConnectTimeoutError(<urllib3.connection.HTTPSConnection object at 0xea2ab838>, 'Connection to 88.99.249.96 timed out. (connect timeout=15)')))
HTTPSConnectionPool(host='t.me', port=443): Max retries exceeded with url: //0?embed=1&mode=tme (Caused by ProxyError('Unable to connect to proxy', ConnectTimeoutError(<urllib3.connection.HTTPSConnection object at 0xea2954f0>, 'Connection to 46.249.122.1 timed out. (connect timeout=15)')))
HTTPSConnectionPool(host='t.me', port=443): Max retries exceeded with url: //0?embed=1&mode=tme (Caused by ProxyError('Unable to connect to proxy', NewConnectionError('<urllib3.connection.HTTPSConnection object at 0xe7b46598>: Failed to establish a new connection: [Errno 111] Connection refused')))
HTTPSConnectionPool(host='t.me', port=443): Max retries exceeded with url: //0?embed=1&mode=tme (Caused by ProxyError('Unable to connect to proxy', ConnectTimeoutError(<urllib3.connection.HTTPSConnection object at 0xe8cb4508>, 'Connection to 47.74.71.208 timed out. (connect timeout=15)')))
HTTPSConnectionPool(host='t.me', port=443): Max retries exceeded with url: //0?embed=1&mode=tme (Caused by ProxyError('Unable to connect to proxy', ConnectTimeoutError(<urllib3.connection.HTTPSConnection object at 0xe9a3f238>, 'Connection to 217.52.247.91 timed out. (connect timeout=15)')))
HTTPSConnectionPool(host='t.me', port=443): Max retries exceeded with url: //0?embed=1&mode=tme (Caused by ProxyError('Unable to connect to proxy', ConnectTimeoutError(<urllib3.connection.HTTPSConnection object at 0xe67b2778>, 'Connection to 103.217.217.190 timed out. (connect timeout=15)')))
HTTPSConnectionPool(host='t.me', port=443): Max retries exceeded with url: //0?embed=1&mode=tme (Caused by ProxyError('Unable to connect to proxy', ConnectTimeoutError(<urllib3.connection.HTTPSConnection object at 0xe82022b0>, 'Connection to 118.163.120.181 timed out. (connect timeout=15)')))
HTTPSConnectionPool(host='t.me', port=443): Max retries exceeded with url: //0?embed=1&mode=tme (Caused by ProxyError('Unable to connect to proxy', ConnectTimeoutError(<urllib3.connection.HTTPSConnection object at 0xe8c08cb8>, 'Connection to 181.78.19.247 timed out. (connect timeout=15)')))
HTTPSConnectionPool(host='t.me', port=443): Max retries exceeded with url: //0?embed=1&mode=tme (Caused by ProxyError('Unable to connect to proxy', ConnectTimeoutError(<urllib3.connection.HTTPSConnection object at 0xdd6191d8>, 'Connection to 161.49.176.173 timed out. (connect timeout=15)')))
HTTPSConnectionPool(host='t.me', port=443): Max retries exceeded with url: //0?embed=1&mode=tme (Caused by ProxyError('Unable to connect to proxy', ConnectTimeoutError(<urllib3.connection.HTTPSConnection object at 0xdf7dafa0>, 'Connection to 8.217.183.117 timed out. (connect timeout=15)')))
HTTPSConnectionPool(host='t.me', port=443): Max retries exceeded with url: //0?embed=1&mode=tme (Caused by ProxyError('Unable to connect to proxy', ConnectTimeoutError(<urllib3.connection.HTTPSConnection object at 0xda960af0>, 'Connection to 110.78.149.174 timed out. (connect timeout=15)')))
HTTPSConnectionPool(host='t.me', port=443): Max retries exceeded with url: //0?embed=1&mode=tme (Caused by ProxyError('Unable to connect to proxy', ConnectTimeoutError(<urllib3.connection.HTTPSConnection object at 0xe8202a60>, 'Connection to 103.179.253.202 timed out. (connect timeout=15)')))
HTTPSConnectionPool(host='t.me', port=443): Max retries exceeded with url: //0?embed=1&mode=tme (Caused by ProxyError('Unable to connect to proxy', ConnectTimeoutError(<urllib3.connection.HTTPSConnection object at 0xeac35ca0>, 'Connection to 8.219.167.110 timed out. (connect timeout=15)')))
HTTPSConnectionPool(host='t.me', port=443): Max retries exceeded with url: //0?embed=1&mode=tme (Caused by ProxyError('Unable to connect to proxy', NewConnectionError('<urllib3.connection.HTTPSConnection object at 0xe8bf8130>: Failed to establish a new connection: [Errno 111] Connection refused')))
HTTPSConnectionPool(host='t.me', port=443): Max retries exceeded with url: //0?embed=1&mode=tme (Caused by ProxyError('Unable to connect to proxy', ConnectTimeoutError(<urllib3.connection.HTTPSConnection object at 0xbbdd9970>, 'Connection to 192.210.159.23 timed out. (connect timeout=15)')))
HTTPSConnectionPool(host='t.me', port=443): Max retries exceeded with url: //0?embed=1&mode=tme (Caused by ProxyError('Unable to connect to proxy', ConnectTimeoutError(<urllib3.connection.HTTPSConnection object at 0xeb186058>, 'Connection to 121.230.210.254 timed out. (connect timeout=15)')))
HTTPSConnectionPool(host='t.me', port=443): Max retries exceeded with url: //0?embed=1&mode=tme (Caused by ProxyError('Unable to connect to proxy', ConnectTimeoutError(<urllib3.connection.HTTPSConnection object at 0xbbdd9100>, 'Connection to 156.239.53.127 timed out. (connect timeout=15)')))
HTTPSConnectionPool(host='t.me', port=443): Max retries exceeded with url: //0?embed=1&mode=tme (Caused by ProxyError('Unable to connect to proxy', ConnectTimeoutError(<urllib3.connection.HTTPSConnection object at 0xeac10a00>, 'Connection to 170.239.207.241 timed out. (connect timeout=15)')))
HTTPSConnectionPool(host='t.me', port=443): Max retries exceeded with url: //0?embed=1&mode=tme (Caused by ProxyError('Unable to connect to proxy', ConnectTimeoutError(<urllib3.connection.HTTPSConnection object at 0xe0ebc718>, 'Connection to 47.91.95.174 timed out. (connect timeout=15)')))
('Connection aborted.', ConnectionResetError(104, 'Connection reset by peer'))
HTTPSConnectionPool(host='t.me', port=443): Max retries exceeded with url: //0?embed=1&mode=tme (Caused by ProxyError('Unable to connect to proxy', ConnectTimeoutError(<urllib3.connection.HTTPSConnection object at 0xe67bf6b8>, 'Connection to 50.228.141.102 timed out. (connect timeout=15)')))
HTTPSConnectionPool(host='t.me', port=443): Max retries exceeded with url: //0?embed=1&mode=tme (Caused by ProxyError('Unable to connect to proxy', ConnectTimeoutError(<urllib3.connection.HTTPSConnection object at 0xbc8408e0>, 'Connection to 47.252.27.174 timed out. (connect timeout=15)')))
HTTPSConnectionPool(host='t.me', port=443): Max retries exceeded with url: //0?embed=1&mode=tme (Caused by ProxyError('Unable to connect to proxy', ConnectTimeoutError(<urllib3.connection.HTTPSConnection object at 0xe8b4f9d0>, 'Connection to 191.179.216.84 timed out. (connect timeout=15)')))
HTTPSConnectionPool(host='t.me', port=443): Max retries exceeded with url: //0?embed=1&mode=tme (Caused by ProxyError('Unable to connect to proxy', NewConnectionError('<urllib3.connection.HTTPSConnection object at 0xe7f38370>: Failed to establish a new connection: [Errno 111] Connection refused')))
HTTPSConnectionPool(host='t.me', port=443): Max retries exceeded with url: //0?embed=1&mode=tme (Caused by ProxyError('Unable to connect to proxy', ConnectTimeoutError(<urllib3.connection.HTTPSConnection object at 0xe1a13850>, 'Connection to 103.174.178.132 timed out. (connect timeout=15)')))
HTTPSConnectionPool(host='t.me', port=443): Max retries exceeded with url: //0?embed=1&mode=tme (Caused by ProxyError('Unable to connect to proxy', NewConnectionError('<urllib3.connection.HTTPSConnection object at 0xe770d580>: Failed to establish a new connection: [Errno 111] Connection refused')))
HTTPSConnectionPool(host='t.me', port=443): Max retries exceeded with url: //0?embed=1&mode=tme (Caused by ProxyError('Unable to connect to proxy', NewConnectionError('<urllib3.connection.HTTPSConnection object at 0xe770d4f0>: Failed to establish a new connection: [Errno 111] Connection refused')))
HTTPSConnectionPool(host='t.me', port=443): Max retries exceeded with url: //0?embed=1&mode=tme (Caused by ProxyError('Unable to connect to proxy', ConnectTimeoutError(<urllib3.connection.HTTPSConnection object at 0xdb5b6298>, 'Connection to 101.108.67.240 timed out. (connect timeout=15)')))
HTTPSConnectionPool(host='t.me', port=443): Max retries exceeded with url: //0?embed=1&mode=tme (Caused by ProxyError('Unable to connect to proxy', ConnectTimeoutError(<urllib3.connection.HTTPSConnection object at 0xe8a7bd60>, 'Connection to 198.8.84.3 timed out. (connect timeout=15)')))
HTTPSConnectionPool(host='t.me', port=443): Max retries exceeded with url: //0?embed=1&mode=tme (Caused by ProxyError('Unable to connect to proxy', ConnectTimeoutError(<urllib3.connection.HTTPSConnection object at 0xe1a136e8>, 'Connection to 8.209.68.1 timed out. (connect timeout=15)')))
HTTPSConnectionPool(host='t.me', port=443): Max retries exceeded with url: //0?embed=1&mode=tme (Caused by ProxyError('Unable to connect to proxy', ConnectTimeoutError(<urllib3.connection.HTTPSConnection object at 0xe89c9808>, 'Connection to 45.189.236.6 timed out. (connect timeout=15)')))
HTTPSConnectionPool(host='t.me', port=443): Max retries exceeded with url: //0?embed=1&mode=tme (Caused by ProxyError('Unable to connect to proxy', ConnectTimeoutError(<urllib3.connection.HTTPSConnection object at 0xc12940a0>, 'Connection to 187.188.171.73 timed out. (connect timeout=15)')))
                                                                                                                                                                                                                                                                                                                                                                                                                                                                                                                                                                                                         HTTPSConnectionPool(host='t.me', port=443): Max retries exceeded with url: //0?embed=1&mode=tme (Caused by ProxyError('Unable to connect to proxy', ConnectTimeoutError(<urllib3.connection.HTTPSConnection object at 0xe89c9640>, 'Connection to 201.71.2.107 timed out. (connect timeout=15)')))
HTTPSConnectionPool(host='t.me', port=443): Max retries exceeded with url: //0?embed=1&mode=tme (Caused by ProxyError('Unable to connect to proxy', OSError('Tunnel connection failed: 400 Bad Request')))
HTTPSConnectionPool(host='t.me', port=443): Max retries exceeded with url: //0?embed=1&mode=tme (Caused by ProxyError('Unable to connect to proxy', NewConnectionError('<urllib3.connection.HTTPSConnection object at 0xe89d2dd8>: Failed to establish a new connection: [Errno 111] Connection refused')))
HTTPSConnectionPool(host='t.me', port=443): Read timed out. (read timeout=15)
HTTPSConnectionPool(host='t.me', port=443): Max retries exceeded with url: //0?embed=1&mode=tme (Caused by ProxyError('Unable to connect to proxy', ConnectTimeoutError(<urllib3.connection.HTTPSConnection object at 0xebecc2e0>, 'Connection to 218.89.211.183 timed out. (connect timeout=15)')))
HTTPSConnectionPool(host='t.me', port=443): Max retries exceeded with url: //0?embed=1&mode=tme (Caused by ProxyError('Unable to connect to proxy', NewConnectionError('<urllib3.connection.HTTPSConnection object at 0xe73b3418>: Failed to establish a new connection: [Errno 111] Connection refused')))
HTTPSConnectionPool(host='t.me', port=443): Max retries exceeded with url: //0?embed=1&mode=tme (Caused by ProxyError('Unable to connect to proxy', ConnectTimeoutError(<urllib3.connection.HTTPSConnection object at 0xe7fd2790>, 'Connection to 95.216.230.239 timed out. (connect timeout=15)')))
HTTPSConnectionPool(host='t.me', port=443): Max retries exceeded with url: //0?embed=1&mode=tme (Caused by ProxyError('Unable to connect to proxy', ConnectTimeoutError(<urllib3.connection.HTTPSConnection object at 0xe0384760>, 'Connection to 117.4.50.142 timed out. (connect timeout=15)')))
HTTPSConnectionPool(host='t.me', port=443): Max retries exceeded with url: //0?embed=1&mode=tme (Caused by ProxyError('Unable to connect to proxy', ConnectTimeoutError(<urllib3.connection.HTTPSConnection object at 0xeb2851c0>, 'Connection to 183.89.205.173 timed out. (connect timeout=15)')))
HTTPSConnectionPool(host='t.me', port=443): Max retries exceeded with url: //0?embed=1&mode=tme (Caused by ProxyError('Unable to connect to proxy', ConnectTimeoutError(<urllib3.connection.HTTPSConnection object at 0xe8b66d00>, 'Connection to 50.172.75.123 timed out. (connect timeout=15)')))
HTTPSConnectionPool(host='t.me', port=443): Max retries exceeded with url: //0?embed=1&mode=tme (Caused by ProxyError('Unable to connect to proxy', ConnectTimeoutError(<urllib3.connection.HTTPSConnection object at 0xe6787418>, 'Connection to 41.65.251.86 timed out. (connect timeout=15)')))
HTTPSConnectionPool(host='t.me', port=443): Max retries exceeded with url: //0?embed=1&mode=tme (Caused by ProxyError('Unable to connect to proxy', NewConnectionError('<urllib3.connection.HTTPSConnection object at 0xdc068ce8>: Failed to establish a new connection: [Errno 111] Connection refused')))
HTTPSConnectionPool(host='t.me', port=443): Max retries exceeded with url: //0?embed=1&mode=tme (Caused by ProxyError('Unable to connect to proxy', ConnectTimeoutError(<urllib3.connection.HTTPSConnection object at 0xebf89df0>, 'Connection to 189.127.182.172 timed out. (connect timeout=15)')))
HTTPSConnectionPool(host='t.me', port=443): Max retries exceeded with url: //0?embed=1&mode=tme (Caused by ProxyError('Unable to connect to proxy', NewConnectionError('<urllib3.connection.HTTPSConnection object at 0xeaa49280>: Failed to establish a new connection: [Errno 111] Connection refused')))
HTTPSConnectionPool(host='t.me', port=443): Max retries exceeded with url: //0?embed=1&mode=tme (Caused by ProxyError('Unable to connect to proxy', ConnectTimeoutError(<urllib3.connection.HTTPSConnection object at 0xe1a05988>, 'Connection to 154.202.119.91 timed out. (connect timeout=15)')))
HTTPSConnectionPool(host='t.me', port=443): Max retries exceeded with url: //0?embed=1&mode=tme (Caused by ProxyError('Unable to connect to proxy', ConnectTimeoutError(<urllib3.connection.HTTPSConnection object at 0xe6787ad8>, 'Connection to 51.79.87.144 timed out. (connect timeout=15)')))
HTTPSConnectionPool(host='t.me', port=443): Max retries exceeded with url: //0?embed=1&mode=tme (Caused by ProxyError('Unable to connect to proxy', NewConnectionError('<urllib3.connection.HTTPSConnection object at 0xe8a39f40>: Failed to establish a new connection: [Errno 111] Connection refused')))
HTTPSConnectionPool(host='t.me', port=443): Max retries exceeded with url: //0?embed=1&mode=tme (Caused by ProxyError('Unable to connect to proxy', ConnectTimeoutError(<urllib3.connection.HTTPSConnection object at 0xdb5b6850>, 'Connection to 46.160.209.155 timed out. (connect timeout=15)')))
HTTPSConnectionPool(host='t.me', port=443): Max retries exceeded with url: //0?embed=1&mode=tme (Caused by ProxyError('Unable to connect to proxy', ConnectTimeoutError(<urllib3.connection.HTTPSConnection object at 0xe8b57ac0>, 'Connection to 182.23.79.162 timed out. (connect timeout=15)')))
HTTPSConnectionPool(host='t.me', port=443): Max retries exceeded with url: //0?embed=1&mode=tme (Caused by ProxyError('Unable to connect to proxy', ConnectTimeoutError(<urllib3.connection.HTTPSConnection object at 0xe8b66d18>, 'Connection to 110.238.109.146 timed out. (connect timeout=15)')))
HTTPSConnectionPool(host='t.me', port=443): Max retries exceeded with url: //0?embed=1&mode=tme (Caused by ProxyError('Unable to connect to proxy', ConnectTimeoutError(<urllib3.connection.HTTPSConnection object at 0xd875c730>, 'Connection to 159.8.114.37 timed out. (connect timeout=15)')))
HTTPSConnectionPool(host='t.me', port=443): Max retries exceeded with url: //0?embed=1&mode=tme (Caused by ProxyError('Unable to connect to proxy', ConnectTimeoutError(<urllib3.connection.HTTPSConnection object at 0xe8b27ce8>, 'Connection to 181.115.74.172 timed out. (connect timeout=15)')))
HTTPSConnectionPool(host='t.me', port=443): Max retries exceeded with url: //0?embed=1&mode=tme (Caused by ProxyError('Unable to connect to proxy', NewConnectionError('<urllib3.connection.HTTPSConnection object at 0xe67b2fe8>: Failed to establish a new connection: [Errno 111] Connection refused')))
HTTPSConnectionPool(host='t.me', port=443): Max retries exceeded with url: //0?embed=1&mode=tme (Caused by ProxyError('Unable to connect to proxy', ConnectTimeoutError(<urllib3.connection.HTTPSConnection object at 0xe89d2718>, 'Connection to 1.2.252.65 timed out. (connect timeout=15)')))
HTTPSConnectionPool(host='t.me', port=443): Max retries exceeded with url: //0?embed=1&mode=tme (Caused by ProxyError('Unable to connect to proxy', ConnectTimeoutError(<urllib3.connection.HTTPSConnection object at 0xea295b80>, 'Connection to 164.40.194.76 timed out. (connect timeout=15)')))
HTTPSConnectionPool(host='t.me', port=443): Max retries exceeded with url: //0?embed=1&mode=tme (Caused by ProxyError('Unable to connect to proxy', NewConnectionError('<urllib3.connection.HTTPSConnection object at 0xe7f38b20>: Failed to establish a new connection: [Errno 111] Connection refused')))
                                                                                                                                                                                                                                                                                                                                             eoutError(<urllib3.connection.HTTPSConnection object at 0xbc86a550>, 'Connection to 34.31.17.100 timed out. (connect timeout=15)')))
                                                                                                                       HTTPSConnectionPool(host='t.me', port=443): Max retries exceeded with url: //0?embed=1&mode=tme (Caused by ProxyError('Unable to connect to proxy', ConnectTimeoutError(<urllib3.connection.HTTPSConnection object at 0xda937c70>, 'Connection to 113.78.190.20 timed out. (connect timeout=15)')))
HTTPSConnectionPool(host='t.me', port=443): Max retries exceeded with url: //0?embed=1&mode=tme (Caused by ProxyError('Unable to connect to proxy', NewConnectionError('<urllib3.connection.HTTPSConnection object at 0xbb374580>: Failed to establish a new connection: [Errno 111] Connection refused')))
('Connection aborted.', RemoteDisconnected('Remote end closed connection without response'))
HTTPSConnectionPool(host='t.me', port=443): Max retries exceeded with url: //0?embed=1&mode=tme (Caused by ProxyError('Unable to connect to proxy', ConnectTimeoutError(<urllib3.connection.HTTPSConnection object at 0xeaa2e970>, 'Connection to 49.156.47.162 timed out. (connect timeout=15)')))
HTTPSConnectionPool(host='t.me', port=443): Max retries exceeded with url: //0?embed=1&mode=tme (Caused by ProxyError('Unable to connect to proxy', ConnectTimeoutError(<urllib3.connection.HTTPSConnection object at 0xdc04bfa0>, 'Connection to 88.247.219.90 timed out. (connect timeout=15)')))
HTTPSConnectionPool(host='t.me', port=443): Max retries exceeded with url: //0?embed=1&mode=tme (Caused by ProxyError('Unable to connect to proxy', NewConnectionError('<urllib3.connection.HTTPSConnection object at 0xbb359d90>: Failed to establish a new connection: [Errno 111] Connection refused')))
HTTPSConnectionPool(host='t.me', port=443): Max retries exceeded with url: //0?embed=1&mode=tme (Caused by ProxyError('Unable to connect to proxy', ConnectTimeoutError(<urllib3.connection.HTTPSConnection object at 0xde14fa60>, 'Connection to 165.22.32.217 timed out. (connect timeout=15)')))
HTTPSConnectionPool(host='t.me', port=443): Max retries exceeded with url: //0?embed=1&mode=tme (Caused by ProxyError('Unable to connect to proxy', ConnectTimeoutError(<urllib3.connection.HTTPSConnection object at 0xe1c0e7a8>, 'Connection to 38.51.243.173 timed out. (connect timeout=15)')))
HTTPSConnectionPool(host='t.me', port=443): Max retries exceeded with url: //0?embed=1&mode=tme (Caused by ProxyError('Unable to connect to proxy', NewConnectionError('<urllib3.connection.HTTPSConnection object at 0xebe6a9d0>: Failed to establish a new connection: [Errno 111] Connection refused')))
HTTPSConnectionPool(host='t.me', port=443): Max retries exceeded with url: //0?embed=1&mode=tme (Caused by ProxyError('Unable to connect to proxy', ConnectTimeoutError(<urllib3.connection.HTTPSConnection object at 0xe8b7f3b8>, 'Connection to 8.219.43.134 timed out. (connect timeout=15)')))
HTTPSConnectionPool(host='t.me', port=443): Max retries exceeded with url: //0?embed=1&mode=tme (Caused by ProxyError('Unable to connect to proxy', ConnectTimeoutError(<urllib3.connection.HTTPSConnection object at 0xe67a0f40>, 'Connection to 189.113.14.243 timed out. (connect timeout=15)')))
HTTPSConnectionPool(host='t.me', port=443): Max retries exceeded with url: //0?embed=1&mode=tme (Caused by ProxyError('Unable to connect to proxy', ConnectTimeoutError(<urllib3.connection.HTTPSConnection object at 0xe8ccba78>, 'Connection to 132.248.159.223 timed out. (connect timeout=15)')))
HTTPSConnectionPool(host='t.me', port=443): Max retries exceeded with url: //0?embed=1&mode=tme (Caused by ProxyError('Unable to connect to proxy', ConnectTimeoutError(<urllib3.connection.HTTPSConnection object at 0xebf9aa00>, 'Connection to 47.252.27.174 timed out. (connect timeout=15)')))
HTTPSConnectionPool(host='t.me', port=443): Max retries exceeded with url: //0?embed=1&mode=tme (Caused by ProxyError('Unable to connect to proxy', NewConnectionError('<urllib3.connection.HTTPSConnection object at 0xe7726250>: Failed to establish a new connection: [Errno 113] No route to host')))
HTTPSConnectionPool(host='t.me', port=443): Max retries exceeded with url: //0?embed=1&mode=tme (Caused by ProxyError('Unable to connect to proxy', ConnectTimeoutError(<urllib3.connection.HTTPSConnection object at 0xeac100e8>, 'Connection to 196.251.223.54 timed out. (connect timeout=15)')))
HTTPSConnectionPool(host='t.me', port=443): Max retries exceeded with url: //0?embed=1&mode=tme (Caused by ProxyError('Unable to connect to proxy', NewConnectionError('<urllib3.connection.HTTPSConnection object at 0xe7726430>: Failed to establish a new connection: [Errno 111] Connection refused')))
HTTPSConnectionPool(host='t.me', port=443): Max retries exceeded with url: //0?embed=1&mode=tme (Caused by ProxyError('Unable to connect to proxy', ConnectTimeoutError(<urllib3.connection.HTTPSConnection object at 0xe33ea250>, 'Connection to 202.137.134.160 timed out. (connect timeout=15)')))
HTTPSConnectionPool(host='t.me', port=443): Max retries exceeded with url: //0?embed=1&mode=tme (Caused by ProxyError('Unable to connect to proxy', NewConnectionError('<urllib3.connection.HTTPSConnection object at 0xe8171a00>: Failed to establish a new connection: [Errno 111] Connection refused')))
HTTPSConnectionPool(host='t.me', port=443): Max retries exceeded with url: //0?embed=1&mode=tme (Caused by ProxyError('Unable to connect to proxy', ConnectTimeoutError(<urllib3.connection.HTTPSConnection object at 0xe81c1bb0>, 'Connection to 103.62.237.102 timed out. (connect timeout=15)')))
HTTPSConnectionPool(host='t.me', port=443): Max retries exceeded with url: //0?embed=1&mode=tme (Caused by ProxyError('Unable to connect to proxy', ConnectTimeoutError(<urllib3.connection.HTTPSConnection object at 0xe1a05d00>, 'Connection to 36.88.140.235 timed out. (connect timeout=15)')))
HTTPSConnectionPool(host='t.me', port=443): Max retries exceeded with url: //0?embed=1&mode=tme (Caused by SSLError(SSLError(1, '[SSL: WRONG_VERSION_NUMBER] wrong version number (_ssl.c:1129)')))
HTTPSConnectionPool(host='t.me', port=443): Max retries exceeded with url: //0?embed=1&mode=tme (Caused by ProxyError('Unable to connect to proxy', ConnectTimeoutError(<urllib3.connection.HTTPSConnection object at 0xe92a0ce8>, 'Connection to 59.26.254.243 timed out. (connect timeout=15)')))
HTTPSConnectionPool(host='t.me', port=443): Max retries exceeded with url: //0?embed=1&mode=tme (Caused by ProxyError('Unable to connect to proxy', ConnectTimeoutError(<urllib3.connection.HTTPSConnection object at 0xdeb90e80>, 'Connection to 50.168.210.234 timed out. (connect timeout=15)')))
('Connection aborted.', RemoteDisconnected('Remote end closed connection without response'))
HTTPSConnectionPool(host='t.me', port=443): Max retries exceeded with url: //0?embed=1&mode=tme (Caused by ProxyError('Unable to connect to proxy', ConnectTimeoutError(<urllib3.connection.HTTPSConnection object at 0xe1c0e988>, 'Connection to 202.137.144.228 timed out. (connect timeout=15)')))
HTTPSConnectionPool(host='t.me', port=443): Max retries exceeded with url: //0?embed=1&mode=tme (Caused by ProxyError('Unable to connect to proxy', ConnectTimeoutError(<urllib3.connection.HTTPSConnection object at 0xbd5e7ef8>, 'Connection to 154.202.101.26 timed out. (connect timeout=15)')))
HTTPSConnectionPool(host='t.me', port=443): Max retries exceeded with url: //0?embed=1&mode=tme (Caused by ProxyError('Unable to connect to proxy', ConnectTimeoutError(<urllib3.connection.HTTPSConnection object at 0xbc8507c0>, 'Connection to 80.87.213.111 timed out. (connect timeout=15)')))
HTTPSConnectionPool(host='t.me', port=443): Max retries exceeded with url: //0?embed=1&mode=tme (Caused by ProxyError('Unable to connect to proxy', ConnectTimeoutError(<urllib3.connection.HTTPSConnection object at 0xe4ad53d0>, 'Connection to 148.77.34.200 timed out. (connect timeout=15)')))
HTTPSConnectionPool(host='t.me', port=443): Max retries exceeded with url: //0?embed=1&mode=tme (Caused by ProxyError('Unable to connect to proxy', OSError('Tunnel connection failed: 400 Bad Request')))
HTTPSConnectionPool(host='t.me', port=443): Max retries exceeded with url: //0?embed=1&mode=tme (Caused by ProxyError('Unable to connect to proxy', ConnectTimeoutError(<urllib3.connection.HTTPSConnection object at 0xd7a64fb8>, 'Connection to 190.186.1.121 timed out. (connect timeout=15)')))
HTTPSConnectionPool(host='t.me', port=443): Max retries exceeded with url: //0?embed=1&mode=tme (Caused by ProxyError('Unable to connect to proxy', ConnectTimeoutError(<urllib3.connection.HTTPSConnection object at 0xe03849d0>, 'Connection to 51.158.68.68 timed out. (connect timeout=15)')))
('Connection aborted.', ConnectionResetError(104, 'Connection reset by peer'))
HTTPSConnectionPool(host='t.me', port=443): Max retries exceeded with url: //0?embed=1&mode=tme (Caused by ProxyError('Unable to connect to proxy', ConnectTimeoutError(<urllib3.connection.HTTPSConnection object at 0xe81b3c40>, 'Connection to 183.251.2.40 timed out. (connect timeout=15)')))
HTTPSConnectionPool(host='t.me', port=443): Max retries exceeded with url: //0?embed=1&mode=tme (Caused by ProxyError('Unable to connect to proxy', ConnectTimeoutError(<urllib3.connection.HTTPSConnection object at 0xe6a5a178>, 'Connection to 12.218.209.130 timed out. (connect timeout=15)')))
HTTPSConnectionPool(host='t.me', port=443): Max retries exceeded with url: //0?embed=1&mode=tme (Caused by ProxyError('Unable to connect to proxy', ConnectTimeoutError(<urllib3.connection.HTTPSConnection object at 0xe1c0e190>, 'Connection to 50.218.57.74 timed out. (connect timeout=15)')))
HTTPSConnectionPool(host='t.me', port=443): Max retries exceeded with url: //0?embed=1&mode=tme (Caused by ProxyError('Unable to connect to proxy', ConnectTimeoutError(<urllib3.connection.HTTPSConnection object at 0xdcaa0370>, 'Connection to 168.228.36.22 timed out. (connect timeout=15)')))
HTTPSConnectionPool(host='t.me', port=443): Max retries exceeded with url: //0?embed=1&mode=tme (Caused by ProxyError('Unable to connect to proxy', NewConnectionError('<urllib3.connection.HTTPSConnection object at 0xd87878e0>: Failed to establish a new connection: [Errno 111] Connection refused')))
HTTPSConnectionPool(host='t.me', port=443): Max retries exceeded with url: //0?embed=1&mode=tme (Caused by ProxyError('Unable to connect to proxy', ConnectTimeoutError(<urllib3.connection.HTTPSConnection object at 0xde13e7d8>, 'Connection to 181.176.221.151 timed out. (connect timeout=15)')))
HTTPSConnectionPool(host='t.me', port=443): Max retries exceeded with url: //0?embed=1&mode=tme (Caused by ProxyError('Unable to connect to proxy', NewConnectionError('<urllib3.connection.HTTPSConnection object at 0xe33ea238>: Failed to establish a new connection: [Errno 111] Connection refused')))
HTTPSConnectionPool(host='t.me', port=443): Max retries exceeded with url: //0?embed=1&mode=tme (Caused by ProxyError('Unable to connect to proxy', ConnectTimeoutError(<urllib3.connection.HTTPSConnection object at 0xe8b57958>, 'Connection to 80.104.200.145 timed out. (connect timeout=15)')))
HTTPSConnectionPool(host='t.me', port=443): Max retries exceeded with url: //0?embed=1&mode=tme (Caused by ProxyError('Unable to connect to proxy', NewConnectionError('<urllib3.connection.HTTPSConnection object at 0xe8171f10>: Failed to establish a new connection: [Errno 111] Connection refused')))
('Connection aborted.', RemoteDisconnected('Remote end closed connection without response'))
HTTPSConnectionPool(host='t.me', port=443): Max retries exceeded with url: //0?embed=1&mode=tme (Caused by ProxyError('Unable to connect to proxy', ConnectTimeoutError(<urllib3.connection.HTTPSConnection object at 0xe4abbbf8>, 'Connection to 8.213.129.15 timed out. (connect timeout=15)')))
('Connection aborted.', ConnectionResetError(104, 'Connection reset by peer'))
HTTPSConnectionPool(host='t.me', port=443): Max retries exceeded with url: //0?embed=1&mode=tme (Caused by ProxyError('Unable to connect to proxy', ConnectTimeoutError(<urllib3.connection.HTTPSConnection object at 0xd7a3a310>, 'Connection to 201.229.250.21 timed out. (connect timeout=15)')))
HTTPSConnectionPool(host='t.me', port=443): Max retries exceeded with url: //0?embed=1&mode=tme (Caused by ProxyError('Unable to connect to proxy', ConnectTimeoutError(<urllib3.connection.HTTPSConnection object at 0xe33c18c8>, 'Connection to 50.206.25.109 timed out. (connect timeout=15)')))
HTTPSConnectionPool(host='t.me', port=443): Max retries exceeded with url: //0?embed=1&mode=tme (Caused by ProxyError('Unable to connect to proxy', OSError('Tunnel connection failed: 403 Forbidden')))
HTTPSConnectionPool(host='t.me', port=443): Max retries exceeded with url: //0?embed=1&mode=tme (Caused by SSLError(SSLError(1, '[SSL: WRONG_VERSION_NUMBER] wrong version number (_ssl.c:1129)')))
HTTPSConnectionPool(host='t.me', port=443): Max retries exceeded with url: //0?embed=1&mode=tme (Caused by ProxyError('Unable to connect to proxy', ConnectTimeoutError(<urllib3.connection.HTTPSConnection object at 0xebd9c910>, 'Connection to 80.78.64.70 timed out. (connect timeout=15)')))
HTTPSConnectionPool(host='t.me', port=443): Max retries exceeded with url: //0?embed=1&mode=tme (Caused by ProxyError('Unable to connect to proxy', ConnectTimeoutError(<urllib3.connection.HTTPSConnection object at 0xd7a52af0>, 'Connection to 51.178.165.36 timed out. (connect timeout=15)')))
HTTPSConnectionPool(host='t.me', port=443): Max retries exceeded with url: //0?embed=1&mode=tme (Caused by ProxyError('Unable to connect to proxy', ConnectTimeoutError(<urllib3.connection.HTTPSConnection object at 0xe1bd1148>, 'Connection to 181.10.117.254 timed out. (connect timeout=15)')))
HTTPSConnectionPool(host='t.me', port=443): Max retries exceeded with url: //0?embed=1&mode=tme (Caused by ProxyError('Unable to connect to proxy', ConnectTimeoutError(<urllib3.connection.HTTPSConnection object at 0xeaf72f58>, 'Connection to 181.205.130.62 timed out. (connect timeout=15)')))
HTTPSConnectionPool(host='t.me', port=443): Max retries exceeded with url: //0?embed=1&mode=tme (Caused by SSLError(SSLError(1, '[SSL: WRONG_VERSION_NUMBER] wrong version number (_ssl.c:1129)')))
('Connection aborted.', ConnectionResetError(104, 'Connection reset by peer'))
HTTPSConnectionPool(host='t.me', port=443): Max retries exceeded with url: //0?embed=1&mode=tme (Caused by ProxyError('Unable to connect to proxy', NewConnectionError('<urllib3.connection.HTTPSConnection object at 0xea979b68>: Failed to establish a new connection: [Errno 111] Connection refused')))
('Connection aborted.', RemoteDisconnected('Remote end closed connection without response'))
HTTPSConnectionPool(host='t.me', port=443): Max retries exceeded with url: //0?embed=1&mode=tme (Caused by ProxyError('Unable to connect to proxy', ConnectTimeoutError(<urllib3.connection.HTTPSConnection object at 0xdd5f1d90>, 'Connection to 200.111.249.197 timed out. (connect timeout=15)')))
HTTPSConnectionPool(host='t.me', port=443): Max retries exceeded with url: //0?embed=1&mode=tme (Caused by ProxyError('Unable to connect to proxy', ConnectTimeoutError(<urllib3.connection.HTTPSConnection object at 0xebdad2f8>, 'Connection to 193.239.86.247 timed out. (connect timeout=15)')))
('Connection aborted.', RemoteDisconnected('Remote end closed connection without response'))
HTTPSConnectionPool(host='t.me', port=443): Max retries exceeded with url: //0?embed=1&mode=tme (Caused by ProxyError('Unable to connect to proxy', ConnectTimeoutError(<urllib3.connection.HTTPSConnection object at 0xc48ba970>, 'Connection to 154.201.34.41 timed out. (connect timeout=15)')))
HTTPSConnectionPool(host='t.me', port=443): Max retries exceeded with url: //0?embed=1&mode=tme (Caused by ProxyError('Unable to connect to proxy', ConnectTimeoutError(<urllib3.connection.HTTPSConnection object at 0xd8776b20>, 'Connection to 34.162.171.228 timed out. (connect timeout=15)')))
HTTPSConnectionPool(host='t.me', port=443): Max retries exceeded with url: //0?embed=1&mode=tme (Caused by ProxyError('Unable to connect to proxy', ConnectTimeoutError(<urllib3.connection.HTTPSConnection object at 0xd60d6a30>, 'Connection to 201.221.134.74 timed out. (connect timeout=15)')))
HTTPSConnectionPool(host='t.me', port=443): Max retries exceeded with url: //0?embed=1&mode=tme (Caused by ProxyError('Unable to connect to proxy', ConnectTimeoutError(<urllib3.connection.HTTPSConnection object at 0xe251bec8>, 'Connection to 50.173.140.144 timed out. (connect timeout=15)')))
HTTPSConnectionPool(host='t.me', port=443): Max retries exceeded with url: //0?embed=1&mode=tme (Caused by ProxyError('Unable to connect to proxy', NewConnectionError('<urllib3.connection.HTTPSConnection object at 0xdf7dada8>: Failed to establish a new connection: [Errno 111] Connection refused')))
HTTPSConnectionPool(host='t.me', port=443): Max retries exceeded with url: //0?embed=1&mode=tme (Caused by ProxyError('Unable to connect to proxy', ConnectTimeoutError(<urllib3.connection.HTTPSConnection object at 0xeac353a0>, 'Connection to 98.182.196.231 timed out. (connect timeout=15)')))
HTTPSConnectionPool(host='t.me', port=443): Max retries exceeded with url: //0?embed=1&mode=tme (Caused by ProxyError('Unable to connect to proxy', NewConnectionError('<urllib3.connection.HTTPSConnection object at 0xd90d8568>: Failed to establish a new connection: [Errno 111] Connection refused')))
HTTPSConnectionPool(host='t.me', port=443): Max retries exceeded with url: //0?embed=1&mode=tme (Caused by ProxyError('Unable to connect to proxy', ConnectTimeoutError(<urllib3.connection.HTTPSConnection object at 0xeac35370>, 'Connection to 111.118.153.229 timed out. (connect timeout=15)')))
HTTPSConnectionPool(host='t.me', port=443): Max retries exceeded with url: //0?embed=1&mode=tme (Caused by ProxyError('Unable to connect to proxy', ConnectTimeoutError(<urllib3.connection.HTTPSConnection object at 0xe738e370>, 'Connection to 154.83.8.111 timed out. (connect timeout=15)')))
HTTPSConnectionPool(host='t.me', port=443): Max retries exceeded with url: //0?embed=1&mode=tme (Caused by ProxyError('Unable to connect to proxy', OSError('Tunnel connection failed: 400 Bad Request')))
HTTPSConnectionPool(host='t.me', port=443): Max retries exceeded with url: //0?embed=1&mode=tme (Caused by ProxyError('Unable to connect to proxy', ConnectTimeoutError(<urllib3.connection.HTTPSConnection object at 0xdb5b69e8>, 'Connection to 138.97.37.115 timed out. (connect timeout=15)')))
('Connection aborted.', RemoteDisconnected('Remote end closed connection without response'))
('Connection aborted.', RemoteDisconnected('Remote end closed connection without response'))
HTTPSConnectionPool(host='t.me', port=443): Max retries exceeded with url: //0?embed=1&mode=tme (Caused by ProxyError('Unable to connect to proxy', NewConnectionError('<urllib3.connection.HTTPSConnection object at 0xe1c042f8>: Failed to establish a new connection: [Errno 111] Connection refused')))
HTTPSConnectionPool(host='t.me', port=443): Max retries exceeded with url: //0?embed=1&mode=tme (Caused by ProxyError('Unable to connect to proxy', NewConnectionError('<urllib3.connection.HTTPSConnection object at 0xbbdd9100>: Failed to establish a new connection: [Errno 111] Connection refused')))
HTTPSConnectionPool(host='t.me', port=443): Max retries exceeded with url: //0?embed=1&mode=tme (Caused by ProxyError('Unable to connect to proxy', ConnectTimeoutError(<urllib3.connection.HTTPSConnection object at 0xe4abb4c0>, 'Connection to 41.33.66.235 timed out. (connect timeout=15)')))
HTTPSConnectionPool(host='t.me', port=443): Max retries exceeded with url: //0?embed=1&mode=tme (Caused by ProxyError('Unable to connect to proxy', ConnectTimeoutError(<urllib3.connection.HTTPSConnection object at 0xd70228f8>, 'Connection to 107.1.93.213 timed out. (connect timeout=15)')))
HTTPSConnectionPool(host='t.me', port=443): Max retries exceeded with url: //0?embed=1&mode=tme (Caused by ProxyError('Unable to connect to proxy', ConnectTimeoutError(<urllib3.connection.HTTPSConnection object at 0xe81ede68>, 'Connection to 125.60.148.209 timed out. (connect timeout=15)')))
HTTPSConnectionPool(host='t.me', port=443): Max retries exceeded with url: //0?embed=1&mode=tme (Caused by ProxyError('Unable to connect to proxy', ConnectTimeoutError(<urllib3.connection.HTTPSConnection object at 0xbc86a6a0>, 'Connection to 23.95.116.109 timed out. (connect timeout=15)')))
HTTPSConnectionPool(host='t.me', port=443): Max retries exceeded with url: //0?embed=1&mode=tme (Caused by ProxyError('Unable to connect to proxy', ConnectTimeoutError(<urllib3.connection.HTTPSConnection object at 0xebf89238>, 'Connection to 154.201.33.157 timed out. (connect timeout=15)')))
HTTPSConnectionPool(host='t.me', port=443): Max retries exceeded with url: //0?embed=1&mode=tme (Caused by ProxyError('Unable to connect to proxy', ConnectTimeoutError(<urllib3.connection.HTTPSConnection object at 0xbb359178>, 'Connection to 50.236.203.15 timed out. (connect timeout=15)')))
HTTPSConnectionPool(host='t.me', port=443): Max retries exceeded with url: //0?embed=1&mode=tme (Caused by ProxyError('Unable to connect to proxy', ConnectTimeoutError(<urllib3.connection.HTTPSConnection object at 0xd90ab520>, 'Connection to 41.65.251.86 timed out. (connect timeout=15)')))
HTTPSConnectionPool(host='t.me', port=443): Max retries exceeded with url: //0?embed=1&mode=tme (Caused by ProxyError('Unable to connect to proxy', ConnectTimeoutError(<urllib3.connection.HTTPSConnection object at 0xc48c31f0>, 'Connection to 12.218.209.130 timed out. (connect timeout=15)')))
HTTPSConnectionPool(host='t.me', port=443): Max retries exceeded with url: //0?embed=1&mode=tme (Caused by ProxyError('Unable to connect to proxy', NewConnectionError('<urllib3.connection.HTTPSConnection object at 0xe4abbb98>: Failed to establish a new connection: [Errno 111] Connection refused')))
HTTPSConnectionPool(host='t.me', port=443): Max retries exceeded with url: //0?embed=1&mode=tme (Caused by ProxyError('Unable to connect to proxy', ConnectTimeoutError(<urllib3.connection.HTTPSConnection object at 0xe66f0820>, 'Connection to 50.170.90.24 timed out. (connect timeout=15)')))
HTTPSConnectionPool(host='t.me', port=443): Max retries exceeded with url: //0?embed=1&mode=tme (Caused by ProxyError('Unable to connect to proxy', ConnectTimeoutError(<urllib3.connection.HTTPSConnection object at 0xe9acd358>, 'Connection to 158.69.63.57 timed out. (connect timeout=15)')))
HTTPSConnectionPool(host='t.me', port=443): Max retries exceeded with url: //0?embed=1&mode=tme (Caused by ProxyError('Unable to connect to proxy', ConnectTimeoutError(<urllib3.connection.HTTPSConnection object at 0xebd6dd60>, 'Connection to 120.244.86.122 timed out. (connect timeout=15)')))
HTTPSConnectionPool(host='t.me', port=443): Max retries exceeded with url: //0?embed=1&mode=tme (Caused by ProxyError('Unable to connect to proxy', ConnectTimeoutError(<urllib3.connection.HTTPSConnection object at 0xdf7da988>, 'Connection to 95.216.17.79 timed out. (connect timeout=15)')))
HTTPSConnectionPool(host='t.me', port=443): Max retries exceeded with url: //0?embed=1&mode=tme (Caused by ProxyError('Unable to connect to proxy', ConnectTimeoutError(<urllib3.connection.HTTPSConnection object at 0xd90d5ee0>, 'Connection to 47.254.47.61 timed out. (connect timeout=15)')))
HTTPSConnectionPool(host='t.me', port=443): Max retries exceeded with url: //0?embed=1&mode=tme (Caused by ProxyError('Unable to connect to proxy', NewConnectionError('<urllib3.connection.HTTPSConnection object at 0xe252c670>: Failed to establish a new connection: [Errno 111] Connection refused')))
('Connection aborted.', RemoteDisconnected('Remote end closed connection without response'))
                                                                                                                                                                                                                                                                                                                                                                                                                                                                                                                                                                                                                 HTTPSConnectionPool(host='t.me', port=443): Max retries exceeded with url: //0?embed=1&mode=tme (Caused by ProxyError('Unable to connect to proxy', NewConnectionError('<urllib3.connection.HTTPSConnection object at 0xbb364310>: Failed to establish a new connection: [Errno 111] Connection refused')))
HTTPSConnectionPool(host='t.me', port=443): Max retries exceeded with url: //0?embed=1&mode=tme (Caused by ProxyError('Unable to connect to proxy', NewConnectionError('<urllib3.connection.HTTPSConnection object at 0xe8b27cb8>: Failed to establish a new connection: [Errno 113] No route to host')))
HTTPSConnectionPool(host='t.me', port=443): Max retries exceeded with url: //0?embed=1&mode=tme (Caused by ProxyError('Unable to connect to proxy', NewConnectionError('<urllib3.connection.HTTPSConnection object at 0xe77a5ee0>: Failed to establish a new connection: [Errno 111] Connection refused')))
HTTPSConnectionPool(host='t.me', port=443): Max retries exceeded with url: //0?embed=1&mode=tme (Caused by ProxyError('Unable to connect to proxy', ConnectTimeoutError(<urllib3.connection.HTTPSConnection object at 0xdf7dadf0>, 'Connection to 8.219.43.134 timed out. (connect timeout=15)')))
HTTPSConnectionPool(host='t.me', port=443): Max retries exceeded with url: //0?embed=1&mode=tme (Caused by ProxyError('Unable to connect to proxy', ConnectTimeoutError(<urllib3.connection.HTTPSConnection object at 0xdb57f538>, 'Connection to 96.126.118.190 timed out. (connect timeout=15)')))
HTTPSConnectionPool(host='t.me', port=443): Max retries exceeded with url: //0?embed=1&mode=tme (Caused by ProxyError('Unable to connect to proxy', NewConnectionError('<urllib3.connection.HTTPSConnection object at 0xebd6dd90>: Failed to establish a new connection: [Errno 111] Connection refused')))
HTTPSConnectionPool(host='t.me', port=443): Max retries exceeded with url: //0?embed=1&mode=tme (Caused by ProxyError('Unable to connect to proxy', OSError('Tunnel connection failed: 403 Forbidden')))
HTTPSConnectionPool(host='t.me', port=443): Max retries exceeded with url: //0?embed=1&mode=tme (Caused by ProxyError('Unable to connect to proxy', ConnectTimeoutError(<urllib3.connection.HTTPSConnection object at 0xebe5b760>, 'Connection to 154.202.101.43 timed out. (connect timeout=15)')))
HTTPSConnectionPool(host='t.me', port=443): Max retries exceeded with url: //0?embed=1&mode=tme (Caused by ProxyError('Unable to connect to proxy', ConnectTimeoutError(<urllib3.connection.HTTPSConnection object at 0xe33dee50>, 'Connection to 8.213.129.15 timed out. (connect timeout=15)')))
HTTPSConnectionPool(host='t.me', port=443): Max retries exceeded with url: //0?embed=1&mode=tme (Caused by ProxyError('Unable to connect to proxy', ConnectTimeoutError(<urllib3.connection.HTTPSConnection object at 0xdb5b6208>, 'Connection to 202.40.179.34 timed out. (connect timeout=15)')))
HTTPSConnectionPool(host='t.me', port=443): Max retries exceeded with url: //0?embed=1&mode=tme (Caused by ProxyError('Unable to connect to proxy', ConnectTimeoutError(<urllib3.connection.HTTPSConnection object at 0xe1c049b8>, 'Connection to 110.238.113.119 timed out. (connect timeout=15)')))
HTTPSConnectionPool(host='t.me', port=443): Max retries exceeded with url: //0?embed=1&mode=tme (Caused by ProxyError('Unable to connect to proxy', ConnectTimeoutError(<urllib3.connection.HTTPSConnection object at 0xea2f9460>, 'Connection to 45.7.24.102 timed out. (connect timeout=15)')))
HTTPSConnectionPool(host='t.me', port=443): Max retries exceeded with url: //0?embed=1&mode=tme (Caused by ProxyError('Unable to connect to proxy', OSError('Tunnel connection failed: 400 Bad Request')))
HTTPSConnectionPool(host='t.me', port=443): Max retries exceeded with url: //0?embed=1&mode=tme (Caused by ProxyError('Unable to connect to proxy', ConnectTimeoutError(<urllib3.connection.HTTPSConnection object at 0xea3285b0>, 'Connection to 104.165.127.204 timed out. (connect timeout=15)')))
HTTPSConnectionPool(host='t.me', port=443): Max retries exceeded with url: //0?embed=1&mode=tme (Caused by ProxyError('Unable to connect to proxy', ConnectTimeoutError(<urllib3.connection.HTTPSConnection object at 0xe6a78808>, 'Connection to 103.153.232.41 timed out. (connect timeout=15)')))
HTTPSConnectionPool(host='t.me', port=443): Max retries exceeded with url: //0?embed=1&mode=tme (Caused by ProxyError('Unable to connect to proxy', ConnectTimeoutError(<urllib3.connection.HTTPSConnection object at 0xe9acd388>, 'Connection to 163.172.149.133 timed out. (connect timeout=15)')))
HTTPSConnectionPool(host='t.me', port=443): Max retries exceeded with url: //0?embed=1&mode=tme (Caused by ProxyError('Unable to connect to proxy', ConnectTimeoutError(<urllib3.connection.HTTPSConnection object at 0xbc850868>, 'Connection to 8.213.137.155 timed out. (connect timeout=15)')))
HTTPSConnectionPool(host='t.me', port=443): Max retries exceeded with url: //0?embed=1&mode=tme (Caused by ProxyError('Unable to connect to proxy', ConnectTimeoutError(<urllib3.connection.HTTPSConnection object at 0xe8c19898>, 'Connection to 154.202.127.96 timed out. (connect timeout=15)')))
HTTPSConnectionPool(host='t.me', port=443): Max retries exceeded with url: //0?embed=1&mode=tme (Caused by ProxyError('Unable to connect to proxy', NewConnectionError('<urllib3.connection.HTTPSConnection object at 0xe1c04eb0>: Failed to establish a new connection: [Errno 111] Connection refused')))
HTTPSConnectionPool(host='t.me', port=443): Max retries exceeded with url: //0?embed=1&mode=tme (Caused by ProxyError('Unable to connect to proxy', NewConnectionError('<urllib3.connection.HTTPSConnection object at 0xdb5899a0>: Failed to establish a new connection: [Errno 111] Connection refused')))
HTTPSConnectionPool(host='t.me', port=443): Max retries exceeded with url: //0?embed=1&mode=tme (Caused by ProxyError('Unable to connect to proxy', ConnectTimeoutError(<urllib3.connection.HTTPSConnection object at 0xe9b06208>, 'Connection to 37.98.223.213 timed out. (connect timeout=15)')))
('Connection aborted.', ConnectionResetError(104, 'Connection reset by peer'))
HTTPSConnectionPool(host='t.me', port=443): Max retries exceeded with url: //0?embed=1&mode=tme (Caused by ProxyError('Unable to connect to proxy', NewConnectionError('<urllib3.connection.HTTPSConnection object at 0xe9acd430>: Failed to establish a new connection: [Errno 111] Connection refused')))
HTTPSConnectionPool(host='t.me', port=443): Max retries exceeded with url: //0?embed=1&mode=tme (Caused by SSLError(SSLError(1, '[SSL: WRONG_VERSION_NUMBER] wrong version number (_ssl.c:1129)')))
HTTPSConnectionPool(host='t.me', port=443): Max retries exceeded with url: //0?embed=1&mode=tme (Caused by ProxyError('Unable to connect to proxy', NewConnectionError('<urllib3.connection.HTTPSConnection object at 0xe8ab2550>: Failed to establish a new connection: [Errno 111] Connection refused')))
HTTPSConnectionPool(host='t.me', port=443): Max retries exceeded with url: //0?embed=1&mode=tme (Caused by ProxyError('Unable to connect to proxy', ConnectTimeoutError(<urllib3.connection.HTTPSConnection object at 0xe8c19e98>, 'Connection to 41.65.236.56 timed out. (connect timeout=15)')))
HTTPSConnectionPool(host='t.me', port=443): Max retries exceeded with url: //0?embed=1&mode=tme (Caused by ProxyError('Unable to connect to proxy', ConnectTimeoutError(<urllib3.connection.HTTPSConnection object at 0xea2b92f8>, 'Connection to 91.210.228.148 timed out. (connect timeout=15)')))
HTTPSConnectionPool(host='t.me', port=443): Max retries exceeded with url: //0?embed=1&mode=tme (Caused by ProxyError('Unable to connect to proxy', NewConnectionError('<urllib3.connection.HTTPSConnection object at 0xeaa384d8>: Failed to establish a new connection: [Errno 111] Connection refused')))
HTTPSConnectionPool(host='t.me', port=443): Max retries exceeded with url: //0?embed=1&mode=tme (Caused by ProxyError('Unable to connect to proxy', ConnectTimeoutError(<urllib3.connection.HTTPSConnection object at 0xc278ee20>, 'Connection to 49.0.252.39 timed out. (connect timeout=15)')))
HTTPSConnectionPool(host='t.me', port=443): Max retries exceeded with url: //0?embed=1&mode=tme (Caused by ProxyError('Unable to connect to proxy', ConnectTimeoutError(<urllib3.connection.HTTPSConnection object at 0xe251bc58>, 'Connection to 154.79.248.44 timed out. (connect timeout=15)')))
HTTPSConnectionPool(host='t.me', port=443): Max retries exceeded with url: //0?embed=1&mode=tme (Caused by ProxyError('Unable to connect to proxy', NewConnectionError('<urllib3.connection.HTTPSConnection object at 0xe4ad5e68>: Failed to establish a new connection: [Errno 113] No route to host')))
HTTPSConnectionPool(host='t.me', port=443): Max retries exceeded with url: //0?embed=1&mode=tme (Caused by ProxyError('Unable to connect to proxy', OSError('Tunnel connection failed: 400 Bad Request')))
HTTPSConnectionPool(host='t.me', port=443): Max retries exceeded with url: //0?embed=1&mode=tme (Caused by ProxyError('Unable to connect to proxy', ConnectTimeoutError(<urllib3.connection.HTTPSConnection object at 0xe3ea27d8>, 'Connection to 154.83.8.43 timed out. (connect timeout=15)')))
HTTPSConnectionPool(host='t.me', port=443): Max retries exceeded with url: //0?embed=1&mode=tme (Caused by ProxyError('Unable to connect to proxy', NewConnectionError('<urllib3.connection.HTTPSConnection object at 0xe66f0400>: Failed to establish a new connection: [Errno 111] Connection refused')))
HTTPSConnectionPool(host='t.me', port=443): Max retries exceeded with url: //0?embed=1&mode=tme (Caused by ProxyError('Unable to connect to proxy', OSError('Tunnel connection failed: 500 Internal Server Error')))
HTTPSConnectionPool(host='t.me', port=443): Max retries exceeded with url: //0?embed=1&mode=tme (Caused by ProxyError('Unable to connect to proxy', ConnectTimeoutError(<urllib3.connection.HTTPSConnection object at 0xe66d3b98>, 'Connection to 88.247.147.105 timed out. (connect timeout=15)')))
HTTPSConnectionPool(host='t.me', port=443): Max retries exceeded with url: //0?embed=1&mode=tme (Caused by ProxyError('Unable to connect to proxy', ConnectTimeoutError(<urllib3.connection.HTTPSConnection object at 0xe81db268>, 'Connection to 143.47.244.130 timed out. (connect timeout=15)')))
HTTPSConnectionPool(host='t.me', port=443): Max retries exceeded with url: //0?embed=1&mode=tme (Caused by ProxyError('Unable to connect to proxy', ConnectTimeoutError(<urllib3.connection.HTTPSConnection object at 0xe67bf4c0>, 'Connection to 190.144.167.178 timed out. (connect timeout=15)')))
HTTPSConnectionPool(host='t.me', port=443): Max retries exceeded with url: //0?embed=1&mode=tme (Caused by ProxyError('Unable to connect to proxy', ConnectTimeoutError(<urllib3.connection.HTTPSConnection object at 0xe67bf8b0>, 'Connection to 2.239.213.133 timed out. (connect timeout=15)')))
HTTPSConnectionPool(host='t.me', port=443): Max retries exceeded with url: //0?embed=1&mode=tme (Caused by ProxyError('Unable to connect to proxy', OSError('Tunnel connection failed: 400 Bad Request')))
HTTPSConnectionPool(host='t.me', port=443): Max retries exceeded with url: //0?embed=1&mode=tme (Caused by ProxyError('Unable to connect to proxy', ConnectTimeoutError(<urllib3.connection.HTTPSConnection object at 0xe1c0e220>, 'Connection to 117.71.154.110 timed out. (connect timeout=15)')))
HTTPSConnectionPool(host='t.me', port=443): Max retries exceeded with url: //0?embed=1&mode=tme (Caused by ProxyError('Unable to connect to proxy', ConnectTimeoutError(<urllib3.connection.HTTPSConnection object at 0xbf96bce8>, 'Connection to 103.174.178.166 timed out. (connect timeout=15)')))
HTTPSConnectionPool(host='t.me', port=443): Max retries exceeded with url: //0?embed=1&mode=tme (Caused by ProxyError('Unable to connect to proxy', ConnectTimeoutError(<urllib3.connection.HTTPSConnection object at 0xea2ab880>, 'Connection to 200.116.199.179 timed out. (connect timeout=15)')))
('Connection aborted.', RemoteDisconnected('Remote end closed connection without response'))
HTTPSConnectionPool(host='t.me', port=443): Max retries exceeded with url: //0?embed=1&mode=tme (Caused by ProxyError('Unable to connect to proxy', ConnectTimeoutError(<urllib3.connection.HTTPSConnection object at 0xe89d81a8>, 'Connection to 185.200.38.117 timed out. (connect timeout=15)')))
HTTPSConnectionPool(host='t.me', port=443): Max retries exceeded with url: //0?embed=1&mode=tme (Caused by ProxyError('Unable to connect to proxy', ConnectTimeoutError(<urllib3.connection.HTTPSConnection object at 0xe94a5ad8>, 'Connection to 138.117.229.17 timed out. (connect timeout=15)')))
HTTPSConnectionPool(host='t.me', port=443): Max retries exceeded with url: //0?embed=1&mode=tme (Caused by ProxyError('Unable to connect to proxy', NewConnectionError('<urllib3.connection.HTTPSConnection object at 0xc1ad64d8>: Failed to establish a new connection: [Errno 111] Connection refused')))
HTTPSConnectionPool(host='t.me', port=443): Max retries exceeded with url: //0?embed=1&mode=tme (Caused by ProxyError('Unable to connect to proxy', OSError('Tunnel connection failed: 400 Bad Request')))
HTTPSConnectionPool(host='t.me', port=443): Max retries exceeded with url: //0?embed=1&mode=tme (Caused by ProxyError('Unable to connect to proxy', ConnectTimeoutError(<urllib3.connection.HTTPSConnection object at 0xebeb59d0>, 'Connection to 47.243.175.55 timed out. (connect timeout=15)')))
HTTPSConnectionPool(host='t.me', port=443): Max retries exceeded with url: //0?embed=1&mode=tme (Caused by ProxyError('Unable to connect to proxy', ConnectTimeoutError(<urllib3.connection.HTTPSConnection object at 0xe8b4f958>, 'Connection to 129.18.164.130 timed out. (connect timeout=15)')))
HTTPSConnectionPool(host='t.me', port=443): Max retries exceeded with url: //0?embed=1&mode=tme (Caused by ProxyError('Unable to connect to proxy', NewConnectionError('<urllib3.connection.HTTPSConnection object at 0xe66f08f8>: Failed to establish a new connection: [Errno 111] Connection refused')))
HTTPSConnectionPool(host='t.me', port=443): Max retries exceeded with url: //0?embed=1&mode=tme (Caused by ProxyError('Unable to connect to proxy', OSError('Tunnel connection failed: 400 Bad Request')))
HTTPSConnectionPool(host='t.me', port=443): Max retries exceeded with url: //0?embed=1&mode=tme (Caused by ProxyError('Unable to connect to proxy', ConnectTimeoutError(<urllib3.connection.HTTPSConnection object at 0xebeb5cd0>, 'Connection to 110.238.111.229 timed out. (connect timeout=15)')))
HTTPSConnectionPool(host='t.me', port=443): Max retries exceeded with url: //0?embed=1&mode=tme (Caused by ProxyError('Unable to connect to proxy', NewConnectionError('<urllib3.connection.HTTPSConnection object at 0xe820f208>: Failed to establish a new connection: [Errno 111] Connection refused')))
HTTPSConnectionPool(host='t.me', port=443): Max retries exceeded with url: //0?embed=1&mode=tme (Caused by ProxyError('Unable to connect to proxy', ConnectTimeoutError(<urllib3.connection.HTTPSConnection object at 0xea28ac58>, 'Connection to 154.202.117.67 timed out. (connect timeout=15)')))
HTTPSConnectionPool(host='t.me', port=443): Max retries exceeded with url: //0?embed=1&mode=tme (Caused by ProxyError('Unable to connect to proxy', NewConnectionError('<urllib3.connection.HTTPSConnection object at 0xe1c0ed48>: Failed to establish a new connection: [Errno 111] Connection refused')))
HTTPSConnectionPool(host='t.me', port=443): Max retries exceeded with url: //0?embed=1&mode=tme (Caused by ProxyError('Unable to connect to proxy', ConnectTimeoutError(<urllib3.connection.HTTPSConnection object at 0xebeb5b68>, 'Connection to 89.160.15.216 timed out. (connect timeout=15)')))
tion object at 0xe81b3ee0>, 'Connection to 3.128.142.113 timed out. (connect timeout=15)')))
HTTPSConnectionPool(host='t.me', port=443): Max retries exceeded with url: //0?embed=1&mode=tme (Caused by ProxyError('Unable to connect to proxy', OSError('Tunnel connection failed: 400 Bad Request')))
HTTPSConnectionPool(host='t.me', port=443): Max retries exceeded with url: //0?embed=1&mode=tme (Caused by ProxyError('Unable to connect to proxy', ConnectTimeoutError(<urllib3.connection.HTTPSConnection object at 0xe33de4f0>, 'Connection to 34.135.166.24 timed out. (connect timeout=15)')HTTPSConnectionPool(host='t.me', port=443): Max retries exceeded with url: //0?embed=1&mode=tme (Caused by ProxyError('Unable to connect to proxy', ConnectTimeoutError(<urllib3.connection.HTTPSConnection object at 0xbbdd9f10>, 'Connection to 45.8.107.251 timed out. (connect timeout=15)')))
HTTPSConnectionPool(host='t.me', port=443): Max retries exceeded with url: //0?embed=1&mode=tme (Caused by ProxyError('Unable to connect to proxy', ConnectTimeoutError(<urllib3.connection.HTTPSConnection object at 0xea28ad00>, 'Connection to 177.87.250.60 timed out. (connect timeout=15)')))
HTTPSConnectionPool(host='t.me', port=443): Max retries exceeded with url: //0?embed=1&mode=tme (Caused by ProxyError('Unable to connect to proxy', ConnectTimeoutError(<urllib3.connection.HTTPSConnection object at 0xe8202028>, 'Connection to 154.202.118.243 timed out. (connect timeout=15)')))
HTTPSConnectionPool(host='t.me', port=443): Max retries exceeded with url: //0?embed=1&mode=tme (Caused by ProxyError('Unable to connect to proxy', NewConnectionError('<urllib3.connection.HTTPSConnection object at 0xd9cf0850>: Failed to establish a new connection: [Errno 111] Connection refused')))
HTTPSConnectionPool(host='t.me', port=443): Max retries exceeded with url: //0?embed=1&mode=tme (Caused by ProxyError('Unable to connect to proxy', ConnectTimeoutError(<urllib3.connection.HTTPSConnection object at 0xc36efe50>, 'Connection to 50.171.32.224 timed out. (connect timeout=15)')))
HTTPSConnectionPool(host='t.me', port=443): Max retries exceeded with url: //0?embed=1&mode=tme (Caused by ProxyError('Unable to connect to proxy', ConnectTimeoutError(<urllib3.connection.HTTPSConnection object at 0xdc05bd78>, 'Connection to 8.222.250.149 timed out. (connect timeout=15)')))
HTTPSConnectionPool(host='t.me', port=443): Max retries exceeded with url: //0?embed=1&mode=tme (Caused by ProxyError('Unable to connect to proxy', ConnectTimeoutError(<urllib3.connection.HTTPSConnection object at 0xe67bf028>, 'Connection to 197.243.67.96 timed out. (connect timeout=15)')))
HTTPSConnectionPool(host='t.me', port=443): Max retries exceeded with url: //0?embed=1&mode=tme (Caused by ProxyError('Unable to connect to proxy', ConnectTimeoutError(<urllib3.connection.HTTPSConnection object at 0xdcac7a78>, 'Connection to 103.224.48.41 timed out. (connect timeout=15)')))
HTTPSConnectionPool(host='t.me', port=443): Max retries exceeded with url: //0?embed=1&mode=tme (Caused by ProxyError('Unable to connect to proxy', ConnectTimeoutError(<urllib3.connection.HTTPSConnection object at 0xea28af58>, 'Connection to 50.218.57.68 timed out. (connect timeout=15)')))
HTTPSConnectionPool(host='t.me', port=443): Max retries exceeded with url: //0?embed=1&mode=tme (Caused by ProxyError('Unable to connect to proxy', OSError('Tunnel connection failed: 400 Bad Request')))
HTTPSConnectionPool(host='t.me', port=443): Max retries exceeded with url: //0?embed=1&mode=tme (Caused by ProxyError('Unable to connect to proxy', ConnectTimeoutError(<urllib3.connection.HTTPSConnection object at 0xea280ca0>, 'Connection to 162.240.16.171 timed out. (connect timeout=15)')))
HTTPSConnectionPool(host='t.me', port=443): Max retries exceeded with url: //0?embed=1&mode=tme (Caused by SSLError(SSLError(1, '[SSL: WRONG_VERSION_NUMBER] wrong version number (_ssl.c:1129)')))
HTTPSConnectionPool(host='t.me', port=443): Max retries exceeded with url: //0?embed=1&mode=tme (Caused by ProxyError('Unable to connect to proxy', ConnectTimeoutError(<urllib3.connection.HTTPSConnection object at 0xeaf721f0>, 'Connection to 203.142.77.226 timed out. (connect timeout=15)')))
HTTPSConnectionPool(host='t.me', port=443): Max retries exceeded with url: //0?embed=1&mode=tme (Caused by ProxyError('Unable to connect to proxy', NewConnectionError('<urllib3.connection.HTTPSConnection object at 0xea9c0b38>: Failed to establish a new connection: [Errno 111] Connection refused')))
HTTPSConnectionPool(host='t.me', port=443): Max retries exceeded with url: //0?embed=1&mode=tme (Caused by ProxyError('Unable to connect to proxy', ConnectTimeoutError(<urllib3.connection.HTTPSConnection object at 0xea2b9fe8>, 'Connection to 190.61.88.147 timed out. (connect timeout=15)')))
HTTPSConnectionPool(host='t.me', port=443): Max retries exceeded with url: //0?embed=1&mode=tme (Caused by ProxyError('Unable to connect to proxy', ConnectTimeoutError(<urllib3.connection.HTTPSConnection object at 0xea30af10>, 'Connection to 47.252.20.42 timed out. (connect timeout=15)')))
HTTPSConnectionPool(host='t.me', port=443): Max retries exceeded with url: //0?embed=1&mode=tme (Caused by ProxyError('Unable to connect to proxy', NewConnectionError('<urllib3.connection.HTTPSConnection object at 0xdeb901f0>: Failed to establish a new connection: [Errno 111] Connection refused')))
HTTPSConnectionPool(host='t.me', port=443): Max retries exceeded with url: //0?embed=1&mode=tme (Caused by ProxyError('Unable to connect to proxy', ConnectTimeoutError(<urllib3.connection.HTTPSConnection object at 0xea2ab9e8>, 'Connection to 177.234.211.63 timed out. (connect timeout=15)')))
HTTPSConnectionPool(host='t.me', port=443): Max retries exceeded with url: //0?embed=1&mode=tme (Caused by ProxyError('Unable to connect to proxy', OSError('Tunnel connection failed: 400 Bad Request')))
HTTPSConnectionPool(host='t.me', port=443): Max retries exceeded with url: //0?embed=1&mode=tme (Caused by ProxyError('Unable to connect to proxy', NewConnectionError('<urllib3.connection.HTTPSConnection object at 0xe8c196b8>: Failed to establish a new connection: [Errno 111] Connection refused')))
HTTPSConnectionPool(host='t.me', port=443): Max retries exceeded with url: //0?embed=1&mode=tme (Caused by ProxyError('Unable to connect to proxy', NewConnectionError('<urllib3.connection.HTTPSConnection object at 0xd9cfbaa8>: Failed to establish a new connection: [Errno 111] Connection refused')))
HTTPSConnectionPool(host='t.me', port=443): Max retries exceeded with url: //0?embed=1&mode=tme (Caused by ProxyError('Unable to connect to proxy', ConnectTimeoutError(<urllib3.connection.HTTPSConnection object at 0xeac03418>, 'Connection to 119.8.182.177 timed out. (connect timeout=15)')))
HTTPSConnectionPool(host='t.me', port=443): Max retries exceeded with url: //0?embed=1&mode=tme (Caused by ProxyError('Unable to connect to proxy', ConnectTimeoutError(<urllib3.connection.HTTPSConnection object at 0xea247820>, 'Connection to 47.91.45.198 timed out. (connect timeout=15)')))
HTTPSConnectionPool(host='t.me', port=443): Max retries exceeded with url: //0?embed=1&mode=tme (Caused by ProxyError('Unable to connect to proxy', NewConnectionError('<urllib3.connection.HTTPSConnection object at 0xea28ac70>: Failed to establish a new connection: [Errno 111] Connection refused')))
HTTPSConnectionPool(host='t.me', port=443): Max retries exceeded with url: //0?embed=1&mode=tme (Caused by ProxyError('Unable to connect to proxy', NewConnectionError('<urllib3.connection.HTTPSConnection object at 0xc1289448>: Failed to establish a new connection: [Errno 111] Connection refused')))
HTTPSConnectionPool(host='t.me', port=443): Max retries exceeded with url: //0?embed=1&mode=tme (Caused by ProxyError('Unable to connect to proxy', ConnectTimeoutError(<urllib3.connection.HTTPSConnection object at 0xc275b9a0>, 'Connection to 8.219.141.253 timed out. (connect timeout=15)')))
led to establish a new connection: [Errno 111] Connection refused')))
('Connection aborted.', RemoteDisconnected('Remote end closed connection without response'))
                                                                                                                                                                                                                                                                                                                                                                                                                                           HTTPSConnectionPool(host='t.me', port=443): Max retries exceeded with url: //0?embed=1&mode=tme (Caused by ProxyError('Unable to connect to proxy', ConnectTimeoutError(<urllib3.connection.HTTPSConnection object at 0xea91f2f8>, 'Connection to 200.70.19.94 timed out. (connect timeout=15)')))
HTTPSConnectionPool(host='t.me', port=443): Max retries exceeded with url: //0?embed=1&mode=tme (Caused by ProxyError('Unable to connect to proxy', ConnectTimeoutError(<urllib3.connection.HTTPSConnection object at 0xea24d3a0>, 'Connection to 137.184.141.152 timed out. (connect timeout=15)')))
HTTPSConnectionPool(host='t.me', port=443): Max retries exceeded with url: //0?embed=1&mode=tme (Caused by ProxyError('Unable to connect to proxy', NewConnectionError('<urllib3.connection.HTTPSConnection object at 0xe7c453d0>: Failed to establish a new connection: [Errno 111] Connection refused')))
HTTPSConnectionPool(host='t.me', port=443): Max retries exceeded with url: //0?embed=1&mode=tme (Caused by ProxyError('Unable to connect to proxy', OSError('Tunnel connection failed: 400 Bad Request')))
HTTPSConnectionPool(host='t.me', port=443): Max retries exceeded with url: //0?embed=1&mode=tme (Caused by ProxyError('Unable to connect to proxy', ConnectTimeoutError(<urllib3.connection.HTTPSConnection object at 0xea239160>, 'Connection to 154.201.34.252 timed out. (connect timeout=15)')))
HTTPSConnectionPool(host='t.me', port=443): Max retries exceeded with url: //0?embed=1&mode=tme (Caused by ProxyError('Unable to connect to proxy', ConnectTimeoutError(<urllib3.connection.HTTPSConnection object at 0xe8202850>, 'Connection to 195.128.96.213 timed out. (connect timeout=15)')))
HTTPSConnectionPool(host='t.me', port=443): Max retries exceeded with url: //0?embed=1&mode=tme (Caused by ProxyError('Unable to connect to proxy', NewConnectionError('<urllib3.connection.HTTPSConnection object at 0xe820f3a0>: Failed to establish a new connection: [Errno 111] Connection refused')))
HTTPSConnectionPool(host='t.me', port=443): Max retries exceeded with url: //0?embed=1&mode=tme (Caused by ProxyError('Unable to connect to proxy', ConnectTimeoutError(<urllib3.connection.HTTPSConnection object at 0xea91f448>, 'Connection to 47.242.120.233 timed out. (connect timeout=15)')))
HTTPSConnectionPool(host='t.me', port=443): Max retries exceeded with url: //0?embed=1&mode=tme (Caused by ProxyError('Unable to connect to proxy', ConnectTimeoutError(<urllib3.connection.HTTPSConnection object at 0xea2c2178>, 'Connection to 202.154.180.53 timed out. (connect timeout=15)')))
HTTPSConnectionPool(host='t.me', port=443): Max retries exceeded with url: //0?embed=1&mode=tme (Caused by ProxyError('Unable to connect to proxy', NewConnectionError('<urllib3.connection.HTTPSConnection object at 0xeaa49448>: Failed to establish a new connection: [Errno 111] Connection refused')))
HTTPSConnectionPool(host='t.me', port=443): Max retries exceeded with url: //0?embed=1&mode=tme (Caused by ProxyError('Unable to connect to proxy', ConnectTimeoutError(<urllib3.connection.HTTPSConnection object at 0xe8a18f58>, 'Connection to 45.224.22.177 timed out. (connect timeout=15)')))
HTTPSConnectionPool(host='t.me', port=443): Max retries exceeded with url: //0?embed=1&mode=tme (Caused by ProxyError('Unable to connect to proxy', ConnectTimeoutError(<urllib3.connection.HTTPSConnection object at 0xea856be0>, 'Connection to 93.91.112.247 timed out. (connect timeout=15)')))
HTTPSConnectionPool(host='t.me', port=443): Max retries exceeded with url: //0?embed=1&mode=tme (Caused by ProxyError('Unable to connect to proxy', ConnectTimeoutError(<urllib3.connection.HTTPSConnection object at 0xeac2a3d0>, 'Connection to 103.118.46.77 timed out. (connect timeout=15)')))
HTTPSConnectionPool(host='t.me', port=443): Max retries exceeded with url: //0?embed=1&mode=tme (Caused by ProxyError('Unable to connect to proxy', ConnectTimeoutError(<urllib3.connection.HTTPSConnection object at 0xdd600dd8>, 'Connection to 193.41.88.58 timed out. (connect timeout=15)')))
HTTPSConnectionPool(host='t.me', port=443): Max retries exceeded with url: //0?embed=1&mode=tme (Caused by ProxyError('Unable to connect to proxy', ConnectTimeoutError(<urllib3.connection.HTTPSConnection object at 0xe251b550>, 'Connection to 50.113.36.155 timed out. (connect timeout=15)')))
HTTPSConnectionPool(host='t.me', port=443): Max retries exceeded with url: //0?embed=1&mode=tme (Caused by ProxyError('Unable to connect to proxy', ConnectTimeoutError(<urllib3.connection.HTTPSConnection object at 0xe5a34790>, 'Connection to 170.238.90.14 timed out. (connect timeout=15)')))
('Connection aborted.', RemoteDisconnected('Remote end closed connection without response'))
HTTPSConnectionPool(host='t.me', port=443): Max retries exceeded with url: //0?embed=1&mode=tme (Caused by ProxyError('Unable to connect to proxy', ConnectTimeoutError(<urllib3.connection.HTTPSConnection object at 0xea239088>, 'Connection to 93.180.222.134 timed out. (connect timeout=15)')))
HTTPSConnectionPool(host='t.me', port=443): Max retries exceeded with url: //0?embed=1&mode=tme (Caused by ProxyError('Unable to connect to proxy', NewConnectionError('<urllib3.connection.HTTPSConnection object at 0xda94dbe0>: Failed to establish a new connection: [Errno 111] Connection refused')))
HTTPSConnectionPool(host='t.me', port=443): Max retries exceeded with url: //0?embed=1&mode=tme (Caused by ProxyError('Unable to connect to proxy', NewConnectionError('<urllib3.connection.HTTPSConnection object at 0xd7a73880>: Failed to establish a new connection: [Errno 113] No route to host')))
HTTPSConnectionPool(host='t.me', port=443): Max retries exceeded with url: //0?embed=1&mode=tme (Caused by ProxyError('Unable to connect to proxy', ConnectTimeoutError(<urllib3.connection.HTTPSConnection object at 0xea8e6be0>, 'Connection to 154.201.34.88 timed out. (connect timeout=15)')))
HTTPSConnectionPool(host='t.me', port=443): Max retries exceeded with url: //0?embed=1&mode=tme (Caused by ProxyError('Unable to connect to proxy', ConnectTimeoutError(<urllib3.connection.HTTPSConnection object at 0xe67b2a90>, 'Connection to 196.20.12.25 timed out. (connect timeout=15)')))
HTTPSConnectionPool(host='t.me', port=443): Max retries exceeded with url: //0?embed=1&mode=tme (Caused by ProxyError('Unable to connect to proxy', NewConnectionError('<urllib3.connection.HTTPSConnection object at 0xea990e38>: Failed to establish a new connection: [Errno 111] Connection refused')))
HTTPSConnectionPool(host='t.me', port=443): Read timed out. (read timeout=15)
HTTPSConnectionPool(host='t.me', port=443): Max retries exceeded with url: //0?embed=1&mode=tme (Caused by ProxyError('Unable to connect to proxy', ConnectTimeoutError(<urllib3.connection.HTTPSConnection object at 0xdcab98e0>, 'Connection to 186.97.109.84 timed out. (connect timeout=15)')))
HTTPSConnectionPool(host='t.me', port=443): Max retries exceeded with url: //0?embed=1&mode=tme (Caused by ProxyError('Unable to connect to proxy', ConnectTimeoutError(<urllib3.connection.HTTPSConnection object at 0xbe16d898>, 'Connection to 80.13.43.193 timed out. (connect timeout=15)')))
HTTPSConnectionPool(host='t.me', port=443): Max retries exceeded with url: //0?embed=1&mode=tme (Caused by ProxyError('Unable to connect to proxy', OSError('Tunnel connection failed: 400 Bad Request')))
HTTPSConnectionPool(host='t.me', port=443): Max retries exceeded with url: //0?embed=1&mode=tme (Caused by ProxyError('Unable to connect to proxy', ConnectTimeoutError(<urllib3.connection.HTTPSConnection object at 0xea8d5d00>, 'Connection to 115.75.163.225 timed out. (connect timeout=15)')))
HTTPSConnectionPool(host='t.me', port=443): Max retries exceeded with url: //0?embed=1&mode=tme (Caused by ProxyError('Unable to connect to proxy', ConnectTimeoutError(<urllib3.connection.HTTPSConnection object at 0xea8d5568>, 'Connection to 47.254.47.61 timed out. (connect timeout=15)')))
HTTPSConnectionPool(host='t.me', port=443): Max retries exceeded with url: //0?embed=1&mode=tme (Caused by ProxyError('Unable to connect to proxy', ConnectTimeoutError(<urllib3.connection.HTTPSConnection object at 0xea2796a0>, 'Connection to 154.201.34.149 timed out. (connect timeout=15)')))
HTTPSConnectionPool(host='t.me', port=443): Max retries exceeded with url: //0?embed=1&mode=tme (Caused by ProxyError('Unable to connect to proxy', ConnectTimeoutError(<urllib3.connection.HTTPSConnection object at 0xea2d31c0>, 'Connection to 176.197.234.202 timed out. (connect timeout=15)')))
HTTPSConnectionPool(host='t.me', port=443): Max retries exceeded with url: //0?embed=1&mode=tme (Caused by ProxyError('Unable to connect to proxy', ConnectTimeoutError(<urllib3.connection.HTTPSConnection object at 0xbe180bf8>, 'Connection to 50.170.90.27 timed out. (connect timeout=15)')))
HTTPSConnectionPool(host='t.me', port=443): Max retries exceeded with url: //0?embed=1&mode=tme (Caused by SSLError(SSLError(1, '[SSL: WRONG_VERSION_NUMBER] wrong version number (_ssl.c:1129)')))
HTTPSConnectionPool(host='t.me', port=443): Max retries exceeded with url: //0?embed=1&mode=tme (Caused by ProxyError('Unable to connect to proxy', ConnectTimeoutError(<urllib3.connection.HTTPSConnection object at 0xea8e6dd8>, 'Connection to 190.220.1.173 timed out. (connect timeout=15)')))
HTTPSConnectionPool(host='t.me', port=443): Max retries exceeded with url: //0?embed=1&mode=tme (Caused by ProxyError('Unable to connect to proxy', ConnectTimeoutError(<urllib3.connection.HTTPSConnection object at 0xbbdbba90>, 'Connection to 222.127.71.2 timed out. (connect timeout=15)')))
HTTPSConnectionPool(host='t.me', port=443): Max retries exceeded with url: //0?embed=1&mode=tme (Caused by ProxyError('Unable to connect to proxy', ConnectTimeoutError(<urllib3.connection.HTTPSConnection object at 0xebd904d8>, 'Connection to 66.29.129.53 timed out. (connect timeout=15)')))
HTTPSConnectionPool(host='t.me', port=443): Max retries exceeded with url: //0?embed=1&mode=tme (Caused by ProxyError('Unable to connect to proxy', ConnectTimeoutError(<urllib3.connection.HTTPSConnection object at 0xea247310>, 'Connection to 185.49.30.169 timed out. (connect timeout=15)')))
HTTPSConnectionPool(host='t.me', port=443): Max retries exceeded with url: //0?embed=1&mode=tme (Caused by ProxyError('Unable to connect to proxy', ConnectTimeoutError(<urllib3.connection.HTTPSConnection object at 0xdcaae490>, 'Connection to 20.33.5.27 timed out. (connect timeout=15)')))
('Connection aborted.', RemoteDisconnected('Remote end closed connection without response'))
HTTPSConnectionPool(host='t.me', port=443): Read timed out. (read timeout=15)
HTTPSConnectionPool(host='t.me', port=443): Max retries exceeded with url: //0?embed=1&mode=tme (Caused by ProxyError('Unable to connect to proxy', ConnectTimeoutError(<urllib3.connection.HTTPSConnection object at 0xea2cbd60>, 'Connection to 79.117.50.18 timed out. (connect timeout=15)')))
HTTPSConnectionPool(host='t.me', port=443): Max retries exceeded with url: //0?embed=1&mode=tme (Caused by ProxyError('Unable to connect to proxy', ConnectTimeoutError(<urllib3.connection.HTTPSConnection object at 0xe5a239a0>, 'Connection to 123.245.249.5 timed out. (connect timeout=15)')))
HTTPSConnectionPool(host='t.me', port=443): Max retries exceeded with url: //0?embed=1&mode=tme (Caused by ProxyError('Unable to connect to proxy', ConnectTimeoutError(<urllib3.connection.HTTPSConnection object at 0xea35e490>, 'Connection to 200.71.109.105 timed out. (connect timeout=15)')))
HTTPSConnectionPool(host='t.me', port=443): Max retries exceeded with url: //0?embed=1&mode=tme (Caused by ProxyError('Unable to connect to proxy', ConnectTimeoutError(<urllib3.connection.HTTPSConnection object at 0xe0390328>, 'Connection to 47.88.11.3 timed out. (connect timeout=15)')))
HTTPSConnectionPool(host='t.me', port=443): Max retries exceeded with url: //0?embed=1&mode=tme (Caused by SSLError(SSLError(1, '[SSL: WRONG_VERSION_NUMBER] wrong version number (_ssl.c:1129)')))
HTTPSConnectionPool(host='t.me', port=443): Max retries exceeded with url: //0?embed=1&mode=tme (Caused by ProxyError('Unable to connect to proxy', NewConnectionError('<urllib3.connection.HTTPSConnection object at 0xea698628>: Failed to establish a new connection: [Errno 113] No route to host')))
HTTPSConnectionPool(host='t.me', port=443): Max retries exceeded with url: //0?embed=1&mode=tme (Caused by ProxyError('Unable to connect to proxy', ConnectTimeoutError(<urllib3.connection.HTTPSConnection object at 0xea63dc88>, 'Connection to 45.128.133.141 timed out. (connect timeout=15)')))
HTTPSConnectionPool(host='t.me', port=443): Max retries exceeded with url: //0?embed=1&mode=tme (Caused by ProxyError('Unable to connect to proxy', NewConnectionError('<urllib3.connection.HTTPSConnection object at 0xbc850868>: Failed to establish a new connection: [Errno 111] Connection refused')))
HTTPSConnectionPool(host='t.me', port=443): Max retries exceeded with url: //0?embed=1&mode=tme (Caused by ProxyError('Unable to connect to proxy', ConnectTimeoutError(<urllib3.connection.HTTPSConnection object at 0xe66e3238>, 'Connection to 36.91.45.11 timed out. (connect timeout=15)')))
HTTPSConnectionPool(host='t.me', port=443): Max retries exceeded with url: //0?embed=1&mode=tme (Caused by ProxyError('Unable to connect to proxy', ConnectTimeoutError(<urllib3.connection.HTTPSConnection object at 0xebf89ec8>, 'Connection to 47.243.50.83 timed out. (connect timeout=15)')))
HTTPSConnectionPool(host='t.me', port=443): Max retries exceeded with url: //0?embed=1&mode=tme (Caused by ProxyError('Unable to connect to proxy', ConnectTimeoutError(<urllib3.connection.HTTPSConnection object at 0xeb4f8310>, 'Connection to 173.224.20.136 timed out. (connect timeout=15)')))
HTTPSConnectionPool(host='t.me', port=443): Max retries exceeded with url: //0?embed=1&mode=tme (Caused by ProxyError('Unable to connect to proxy', OSError('Tunnel connection failed: 500 Internal Server Error')))
HTTPSConnectionPool(host='t.me', port=443): Max retries exceeded with url: //0?embed=1&mode=tme (Caused by ProxyError('Unable to connect to proxy', ConnectTimeoutError(<urllib3.connection.HTTPSConnection object at 0xe8c19820>, 'Connection to 189.250.135.40 timed out. (connect timeout=15)')))
HTTPSConnectionPool(host='t.me', port=443): Max retries exceeded with url: //0?embed=1&mode=tme (Caused by ProxyError('Unable to connect to proxy', NewConnectionError('<urllib3.connection.HTTPSConnection object at 0xea9f56d0>: Failed to establish a new connection: [Errno 111] Connection refused')))
HTTPSConnectionPool(host='t.me', port=443): Max retries exceeded with url: //0?embed=1&mode=tme (Caused by ProxyError('Unable to connect to proxy', ConnectTimeoutError(<urllib3.connection.HTTPSConnection object at 0xea24d238>, 'Connection to 180.249.162.89 timed out. (connect timeout=15)')))
HTTPSConnectionPool(host='t.me', port=443): Read timed out. (read timeout=15)
('Connection aborted.', ConnectionResetError(104, 'Connection reset by peer'))
                                                                                                                                                                                                                                                                                                                                                                                                                                                                                                                                                                                                                                                                                                                                                                                                                                                                                                          HTTPSConnectionPool(host='t.me', port=443): Max retries exceeded with url: //0?embed=1&mode=tme (Caused by ProxyError('Unable to connect to proxy', ConnectTimeoutError(<urllib3.connection.HTTPSConnection object at 0xc37011f0>, 'Connection to 47.252.1.180 timed out. (connect timeout=15)')))
HTTPSConnectionPool(host='t.me', port=443): Read timed out. (read timeout=15)
HTTPSConnectionPool(host='t.me', port=443): Max retries exceeded with url: //0?embed=1&mode=tme (Caused by ProxyError('Unable to connect to proxy', ConnectTimeoutError(<urllib3.connection.HTTPSConnection object at 0xeb4e9730>, 'Connection to 103.109.57.250 timed out. (connect timeout=15)')))
HTTPSConnectionPool(host='t.me', port=443): Max retries exceeded with url: //0?embed=1&mode=tme (Caused by ProxyError('Unable to connect to proxy', ConnectTimeoutError(<urllib3.connection.HTTPSConnection object at 0xeb4e9aa8>, 'Connection to 110.77.197.15 timed out. (connect timeout=15)')))
HTTPSConnectionPool(host='t.me', port=443): Max retries exceeded with url: //0?embed=1&mode=tme (Caused by ProxyError('Unable to connect to proxy', ConnectTimeoutError(<urllib3.connection.HTTPSConnection object at 0xe9e66418>, 'Connection to 212.253.80.174 timed out. (connect timeout=15)')))
HTTPSConnectionPool(host='t.me', port=443): Max retries exceeded with url: //0?embed=1&mode=tme (Caused by ProxyError('Unable to connect to proxy', ConnectTimeoutError(<urllib3.connection.HTTPSConnection object at 0xe250f208>, 'Connection to 177.93.45.154 timed out. (connect timeout=15)')))
HTTPSConnectionPool(host='t.me', port=443): Max retries exceeded with url: //0?embed=1&mode=tme (Caused by ProxyError('Unable to connect to proxy', NewConnectionError('<urllib3.connection.HTTPSConnection object at 0xe770dd78>: Failed to establish a new connection: [Errno 111] Connection refused')))
HTTPSConnectionPool(host='t.me', port=443): Max retries exceeded with url: //0?embed=1&mode=tme (Caused by ProxyError('Unable to connect to proxy', ConnectTimeoutError(<urllib3.connection.HTTPSConnection object at 0xbecf2520>, 'Connection to 129.159.130.80 timed out. (connect timeout=15)')))
HTTPSConnectionPool(host='t.me', port=443): Max retries exceeded with url: //0?embed=1&mode=tme (Caused by ProxyError('Unable to connect to proxy', NewConnectionError('<urllib3.connection.HTTPSConnection object at 0xea8d5b50>: Failed to establish a new connection: [Errno 111] Connection refused')))
HTTPSConnectionPool(host='t.me', port=443): Max retries exceeded with url: //0?embed=1&mode=tme (Caused by ProxyError('Unable to connect to proxy', NewConnectionError('<urllib3.connection.HTTPSConnection object at 0xea16b058>: Failed to establish a new connection: [Errno 111] Connection refused')))
HTTPSConnectionPool(host='t.me', port=443): Max retries exceeded with url: //0?embed=1&mode=tme (Caused by ProxyError('Unable to connect to proxy', NewConnectionError('<urllib3.connection.HTTPSConnection object at 0xe6a78b20>: Failed to establish a new connection: [Errno 111] Connection refused')))
('Connection aborted.', RemoteDisconnected('Remote end closed connection without response'))
HTTPSConnectionPool(host='t.me', port=443): Max retries exceeded with url: //0?embed=1&mode=tme (Caused by ProxyError('Unable to connect to proxy', NewConnectionError('<urllib3.connection.HTTPSConnection object at 0xe8b2f148>: Failed to establish a new connection: [Errno 111] Connection refused')))
HTTPSConnectionPool(host='t.me', port=443): Max retries exceeded with url: //0?embed=1&mode=tme (Caused by ProxyError('Unable to connect to proxy', ConnectTimeoutError(<urllib3.connection.HTTPSConnection object at 0xe9e25868>, 'Connection to 46.21.153.16 timed out. (connect timeout=15)')))
HTTPSConnectionPool(host='t.me', port=443): Max retries exceeded with url: //0?embed=1&mode=tme (Caused by ProxyError('Unable to connect to proxy', NewConnectionError('<urllib3.connection.HTTPSConnection object at 0xeb4e9400>: Failed to establish a new connection: [Errno 111] Connection refused')))
HTTPSConnectionPool(host='t.me', port=443): Max retries exceeded with url: //0?embed=1&mode=tme (Caused by ProxyError('Unable to connect to proxy', NewConnectionError('<urllib3.connection.HTTPSConnection object at 0xe4ad5508>: Failed to establish a new connection: [Errno 111] Connection refused')))
HTTPSConnectionPool(host='t.me', port=443): Max retries exceeded with url: //0?embed=1&mode=tme (Caused by ProxyError('Unable to connect to proxy', NewConnectionError('<urllib3.connection.HTTPSConnection object at 0xe67a00d0>: Failed to establish a new connection: [Errno 113] No route to host')))
HTTPSConnectionPool(host='t.me', port=443): Max retries exceeded with url: //0?embed=1&mode=tme (Caused by ProxyError('Unable to connect to proxy', NewConnectionError('<urllib3.connection.HTTPSConnection object at 0xea9fefd0>: Failed to establish a new connection: [Errno 111] Connection refused')))
HTTPSConnectionPool(host='t.me', port=443): Max retries exceeded with url: //0?embed=1&mode=tme (Caused by ProxyError('Unable to connect to proxy', ConnectTimeoutError(<urllib3.connection.HTTPSConnection object at 0xbecc3028>, 'Connection to 190.111.209.207 timed out. (connect timeout=15)')))
HTTPSConnectionPool(host='t.me', port=443): Max retries exceeded with url: //0?embed=1&mode=tme (Caused by ProxyError('Unable to connect to proxy', ConnectTimeoutError(<urllib3.connection.HTTPSConnection object at 0xea280af0>, 'Connection to 156.239.52.248 timed out. (connect timeout=15)')))
HTTPSConnectionPool(host='t.me', port=443): Max retries exceeded with url: //0?embed=1&mode=tme (Caused by ProxyError('Unable to connect to proxy', ConnectTimeoutError(<urllib3.connection.HTTPSConnection object at 0xbd5e7460>, 'Connection to 50.172.23.10 timed out. (connect timeout=15)')))
HTTPSConnectionPool(host='t.me', port=443): Max retries exceeded with url: //0?embed=1&mode=tme (Caused by ProxyError('Unable to connect to proxy', ConnectTimeoutError(<urllib3.connection.HTTPSConnection object at 0xbecfca00>, 'Connection to 202.29.214.22 timed out. (connect timeout=15)')))
HTTPSConnectionPool(host='t.me', port=443): Max retries exceeded with url: //0?embed=1&mode=tme (Caused by ProxyError('Unable to connect to proxy', ConnectTimeoutError(<urllib3.connection.HTTPSConnection object at 0xc3729dc0>, 'Connection to 103.60.137.17 timed out. (connect timeout=15)')))
HTTPSConnectionPool(host='t.me', port=443): Max retries exceeded with url: //0?embed=1&mode=tme (Caused by ProxyError('Unable to connect to proxy', ConnectTimeoutError(<urllib3.connection.HTTPSConnection object at 0xdb5a5c70>, 'Connection to 117.102.73.99 timed out. (connect timeout=15)')))
HTTPSConnectionPool(host='t.me', port=443): Max retries exceeded with url: //0?embed=1&mode=tme (Caused by ProxyError('Unable to connect to proxy', ConnectTimeoutError(<urllib3.connection.HTTPSConnection object at 0xc3729a18>, 'Connection to 182.253.26.196 timed out. (connect timeout=15)')))
HTTPSConnectionPool(host='t.me', port=443): Max retries exceeded with url: //0?embed=1&mode=tme (Caused by ProxyError('Unable to connect to proxy', ConnectTimeoutError(<urllib3.connection.HTTPSConnection object at 0xe9e14a18>, 'Connection to 103.155.196.36 timed out. (connect timeout=15)')))
                                                                                                                                                                                                                                                                                                                                                                                                                                                                                                                                                                                                                                                                                                                                                                                                                          HTTPSConnectionPool(host='t.me', port=443): Max retries exceeded with url: //0?embed=1&mode=tme (Caused by ProxyError('Unable to connect to proxy', ConnectTimeoutError(<urllib3.connection.HTTPSConnection object at 0xea413178>, 'Connection to 200.60.4.238 timed out. (connect timeout=15)')))
HTTPSConnectionPool(host='t.me', port=443): Max retries exceeded with url: //0?embed=1&mode=tme (Caused by ProxyError('Unable to connect to proxy', ConnectTimeoutError(<urllib3.connection.HTTPSConnection object at 0xe9db6f58>, 'Connection to 123.245.250.190 timed out. (connect timeout=15)')))
HTTPSConnectionPool(host='t.me', port=443): Max retries exceeded with url: //0?embed=1&mode=tme (Caused by ProxyError('Unable to connect to proxy', ConnectTimeoutError(<urllib3.connection.HTTPSConnection object at 0xe9db6fa0>, 'Connection to 45.6.201.224 timed out. (connect timeout=15)')))
HTTPSConnectionPool(host='t.me', port=443): Max retries exceeded with url: //0?embed=1&mode=tme (Caused by ProxyError('Unable to connect to proxy', ConnectTimeoutError(<urllib3.connection.HTTPSConnection object at 0xe9d588e0>, 'Connection to 190.211.87.23 timed out. (connect timeout=15)')))
('Connection aborted.', RemoteDisconnected('Remote end closed connection without response'))
HTTPSConnectionPool(host='t.me', port=443): Max retries exceeded with url: //0?embed=1&mode=tme (Caused by ProxyError('Unable to connect to proxy', ConnectTimeoutError(<urllib3.connection.HTTPSConnection object at 0xe9bc1ac0>, 'Connection to 213.79.104.233 timed out. (connect timeout=15)')))
HTTPSConnectionPool(host='t.me', port=443): Max retries exceeded with url: //0?embed=1&mode=tme (Caused by ProxyError('Unable to connect to proxy', ConnectTimeoutError(<urllib3.connection.HTTPSConnection object at 0xe8162040>, 'Connection to 169.0.113.90 timed out. (connect timeout=15)')))
HTTPSConnectionPool(host='t.me', port=443): Max retries exceeded with url: //0?embed=1&mode=tme (Caused by ProxyError('Unable to connect to proxy', ConnectTimeoutError(<urllib3.connection.HTTPSConnection object at 0xd90b7298>, 'Connection to 218.145.131.182 timed out. (connect timeout=15)')))
HTTPSConnectionPool(host='t.me', port=443): Max retries exceeded with url: //0?embed=1&mode=tme (Caused by ProxyError('Unable to connect to proxy', ConnectTimeoutError(<urllib3.connection.HTTPSConnection object at 0xe9b96f88>, 'Connection to 50.169.37.50 timed out. (connect timeout=15)')))
HTTPSConnectionPool(host='t.me', port=443): Max retries exceeded with url: //0?embed=1&mode=tme (Caused by ProxyError('Unable to connect to proxy', NewConnectionError('<urllib3.connection.HTTPSConnection object at 0xe67a00b8>: Failed to establish a new connection: [Errno 111] Connection refused')))
HTTPSConnectionPool(host='t.me', port=443): Max retries exceeded with url: //0?embed=1&mode=tme (Caused by ProxyError('Unable to connect to proxy', ConnectTimeoutError(<urllib3.connection.HTTPSConnection object at 0xdf7e7c28>, 'Connection to 146.83.205.10 timed out. (connect timeout=15)')))
('Connection aborted.', ConnectionResetError(104, 'Connection reset by peer'))
HTTPSConnectionPool(host='t.me', port=443): Max retries exceeded with url: //0?embed=1&mode=tme (Caused by ProxyError('Unable to connect to proxy', NewConnectionError('<urllib3.connection.HTTPSConnection object at 0xe9e25808>: Failed to establish a new connection: [Errno 111] Connection refused')))
HTTPSConnectionPool(host='t.me', port=443): Max retries exceeded with url: //0?embed=1&mode=tme (Caused by ProxyError('Unable to connect to proxy', ConnectTimeoutError(<urllib3.connection.HTTPSConnection object at 0xea2a2eb0>, 'Connection to 103.153.127.14 timed out. (connect timeout=15)')))
HTTPSConnectionPool(host='t.me', port=443): Max retries exceeded with url: //0?embed=1&mode=tme (Caused by ProxyError('Unable to connect to proxy', ConnectTimeoutError(<urllib3.connection.HTTPSConnection object at 0xe8951730>, 'Connection to 45.224.99.92 timed out. (connect timeout=15)')))
HTTPSConnectionPool(host='t.me', port=443): Max retries exceeded with url: //0?embed=1&mode=tme (Caused by ProxyError('Unable to connect to proxy', ConnectTimeoutError(<urllib3.connection.HTTPSConnection object at 0xe89b4e98>, 'Connection to 50.207.199.85 timed out. (connect timeout=15)')))
HTTPSConnectionPool(host='t.me', port=443): Max retries exceeded with url: //0?embed=1&mode=tme (Caused by ProxyError('Unable to connect to proxy', ConnectTimeoutError(<urllib3.connection.HTTPSConnection object at 0xe895a2c8>, 'Connection to 183.238.165.170 timed out. (connect timeout=15)')))
HTTPSConnectionPool(host='t.me', port=443): Max retries exceeded with url: //0?embed=1&mode=tme (Caused by ProxyError('Unable to connect to proxy', NewConnectionError('<urllib3.connection.HTTPSConnection object at 0xe67b86e8>: Failed to establish a new connection: [Errno 111] Connection refused')))
HTTPSConnectionPool(host='t.me', port=443): Max retries exceeded with url: //0?embed=1&mode=tme (Caused by ProxyError('Unable to connect to proxy', NewConnectionError('<urllib3.connection.HTTPSConnection object at 0xc371faf0>: Failed to establish a new connection: [Errno 111] Connection refused')))
HTTPSConnectionPool(host='t.me', port=443): Max retries exceeded with url: //0?embed=1&mode=tme (Caused by ProxyError('Unable to connect to proxy', ConnectTimeoutError(<urllib3.connection.HTTPSConnection object at 0xe8951628>, 'Connection to 83.238.80.20 timed out. (connect timeout=15)')))
HTTPSConnectionPool(host='t.me', port=443): Max retries exceeded with url: //0?embed=1&mode=tme (Caused by ProxyError('Unable to connect to proxy', NewConnectionError('<urllib3.connection.HTTPSConnection object at 0xe9e025c8>: Failed to establish a new connection: [Errno 111] Connection refused')))
HTTPSConnectionPool(host='t.me', port=443): Max retries exceeded with url: //0?embed=1&mode=tme (Caused by ProxyError('Unable to connect to proxy', ConnectTimeoutError(<urllib3.connection.HTTPSConnection object at 0xe89516a0>, 'Connection to 200.54.194.13 timed out. (connect timeout=15)')))
HTTPSConnectionPool(host='t.me', port=443): Max retries exceeded with url: //0?embed=1&mode=tme (Caused by ProxyError('Unable to connect to proxy', ConnectTimeoutError(<urllib3.connection.HTTPSConnection object at 0xe8976d48>, 'Connection to 8.213.128.90 timed out. (connect timeout=15)')))
HTTPSConnectionPool(host='t.me', port=443): Max retries exceeded with url: //0?embed=1&mode=tme (Caused by ProxyError('Unable to connect to proxy', NewConnectionError('<urllib3.connection.HTTPSConnection object at 0xe81518e0>: Failed to establish a new connection: [Errno 113] No route to host')))
HTTPSConnectionPool(host='t.me', port=443): Max retries exceeded with url: //0?embed=1&mode=tme (Caused by ProxyError('Unable to connect to proxy', ConnectTimeoutError(<urllib3.connection.HTTPSConnection object at 0xe805a070>, 'Connection to 103.81.117.122 timed out. (connect timeout=15)')))
HTTPSConnectionPool(host='t.me', port=443): Max retries exceeded with url: //0?embed=1&mode=tme (Caused by ProxyError('Unable to connect to proxy', ConnectTimeoutError(<urllib3.connection.HTTPSConnection object at 0xe84950d0>, 'Connection to 80.14.47.254 timed out. (connect timeout=15)')))
HTTPSConnectionPool(host='t.me', port=443): Max retries exceeded with url: //0?embed=1&mode=tme (Caused by SSLError(SSLError(1, '[SSL: WRONG_VERSION_NUMBER] wrong version number (_ssl.c:1129)')))
HTTPSConnectionPool(host='t.me', port=443): Read timed out. (read timeout=15)
HTTPSConnectionPool(host='t.me', port=443): Max retries exceeded with url: //0?embed=1&mode=tme (Caused by ProxyError('Unable to connect to proxy', NewConnectionError('<urllib3.connection.HTTPSConnection object at 0xea187d78>: Failed to establish a new connection: [Errno 111] Connection refused')))
                                                                                                                                                                                                                                                                                                    HTTPSConnectionPool(host='t.me', port=443): Max retries exceeded with url: //0?embed=1&mode=tme (Caused by ProxyError('Unable to connect to proxy', NewConnectionError('<urllib3.connection.HTTPSConnection object at 0xe8976d60>: Failed to establish a new connection: [Errno 111] Connection refused')))
HTTPSConnectionPool(host='t.me', port=443): Max retries exceeded with url: //0?embed=1&mode=tme (Caused by ProxyError('Unable to connect to proxy', OSError('Tunnel connection failed: 400 Bad Request')))
HTTPSConnectionPool(host='t.me', port=443): Max retries exceeded with url: //0?embed=1&mode=tme (Caused by ProxyError('Unable to connect to proxy', NewConnectionError('<urllib3.connection.HTTPSConnection object at 0xe8be9700>: Failed to establish a new connection: [Errno 111] Connection refused')))
HTTPSConnectionPool(host='t.me', port=443): Max retries exceeded with url: //0?embed=1&mode=tme (Caused by ProxyError('Unable to connect to proxy', ConnectTimeoutError(<urllib3.connection.HTTPSConnection object at 0xe802e700>, 'Connection to 88.99.249.96 timed out. (connect timeout=15)')))
('Connection aborted.', ConnectionResetError(104, 'Connection reset by peer'))
HTTPSConnectionPool(host='t.me', port=443): Max retries exceeded with url: //0?embed=1&mode=tme (Caused by ProxyError('Unable to connect to proxy', NewConnectionError('<urllib3.connection.HTTPSConnection object at 0xe89b4c58>: Failed to establish a new connection: [Errno 111] Connection refused')))
HTTPSConnectionPool(host='t.me', port=443): Max retries exceeded with url: //0?embed=1&mode=tme (Caused by ProxyError('Unable to connect to proxy', NewConnectionError('<urllib3.connection.HTTPSConnection object at 0xe8be9f40>: Failed to establish a new connection: [Errno 111] Connection refused')))
('Connection aborted.', RemoteDisconnected('Remote end closed connection without response'))
HTTPSConnectionPool(host='t.me', port=443): Max retries exceeded with url: //0?embed=1&mode=tme (Caused by ProxyError('Unable to connect to proxy', ConnectTimeoutError(<urllib3.connection.HTTPSConnection object at 0xbecd2808>, 'Connection to 154.201.33.139 timed out. (connect timeout=15)')))
HTTPSConnectionPool(host='t.me', port=443): Max retries exceeded with url: //0?embed=1&mode=tme (Caused by ProxyError('Unable to connect to proxy', ConnectTimeoutError(<urllib3.connection.HTTPSConnection object at 0xe9a77478>, 'Connection to 181.209.96.226 timed out. (connect timeout=15)')))
HTTPSConnectionPool(host='t.me', port=443): Max retries exceeded with url: //0?embed=1&mode=tme (Caused by ProxyError('Unable to connect to proxy', NewConnectionError('<urllib3.connection.HTTPSConnection object at 0xc3701130>: Failed to establish a new connection: [Errno 113] No route to host')))
HTTPSConnectionPool(host='t.me', port=443): Max retries exceeded with url: //0?embed=1&mode=tme (Caused by ProxyError('Unable to connect to proxy', ConnectTimeoutError(<urllib3.connection.HTTPSConnection object at 0xe9a83610>, 'Connection to 196.20.12.13 timed out. (connect timeout=15)')))
('Connection aborted.', ConnectionResetError(104, 'Connection reset by peer'))
HTTPSConnectionPool(host='t.me', port=443): Max retries exceeded with url: //0?embed=1&mode=tme (Caused by ProxyError('Unable to connect to proxy', NewConnectionError('<urllib3.connection.HTTPSConnection object at 0xebd90e50>: Failed to establish a new connection: [Errno 111] Connection refused')))
HTTPSConnectionPool(host='t.me', port=443): Read timed out. (read timeout=15)
HTTPSConnectionPool(host='t.me', port=443): Max retries exceeded with url: //0?embed=1&mode=tme (Caused by ProxyError('Unable to connect to proxy', ConnectTimeoutError(<urllib3.connection.HTTPSConnection object at 0xe3e91100>, 'Connection to 50.222.245.40 timed out. (connect timeout=15)')))
HTTPSConnectionPool(host='t.me', port=443): Max retries exceeded with url: //0?embed=1&mode=tme (Caused by ProxyError('Unable to connect to proxy', ConnectTimeoutError(<urllib3.connection.HTTPSConnection object at 0xe802e7a8>, 'Connection to 123.112.213.122 timed out. (connect timeout=15)')))
HTTPSConnectionPool(host='t.me', port=443): Max retries exceeded with url: //0?embed=1&mode=tme (Caused by ProxyError('Unable to connect to proxy', ConnectTimeoutError(<urllib3.connection.HTTPSConnection object at 0xc3729958>, 'Connection to 18.195.164.53 timed out. (connect timeout=15)')))
HTTPSConnectionPool(host='t.me', port=443): Max retries exceeded with url: //0?embed=1&mode=tme (Caused by ProxyError('Unable to connect to proxy', ConnectTimeoutError(<urllib3.connection.HTTPSConnection object at 0xe8040c70>, 'Connection to 190.202.111.202 timed out. (connect timeout=15)')))
('Connection aborted.', RemoteDisconnected('Remote end closed connection without response'))
('Connection aborted.', RemoteDisconnected('Remote end closed connection without response'))
HTTPSConnectionPool(host='t.me', port=443): Max retries exceeded with url: //0?embed=1&mode=tme (Caused by ProxyError('Unable to connect to proxy', ConnectTimeoutError(<urllib3.connection.HTTPSConnection object at 0xea24d760>, 'Connection to 221.230.216.50 timed out. (connect timeout=15)')))
HTTPSConnectionPool(host='t.me', port=443): Max retries exceeded with url: //0?embed=1&mode=tme (Caused by ProxyError('Unable to connect to proxy', ConnectTimeoutError(<urllib3.connection.HTTPSConnection object at 0xe8026040>, 'Connection to 47.254.153.78 timed out. (connect timeout=15)')))
HTTPSConnectionPool(host='t.me', port=443): Max retries exceeded with url: //0?embed=1&mode=tme (Caused by ProxyError('Unable to connect to proxy', NewConnectionError('<urllib3.connection.HTTPSConnection object at 0xe73b3118>: Failed to establish a new connection: [Errno 111] Connection refused')))
HTTPSConnectionPool(host='t.me', port=443): Read timed out. (read timeout=15)
HTTPSConnectionPool(host='t.me', port=443): Max retries exceeded with url: //0?embed=1&mode=tme (Caused by ProxyError('Unable to connect to proxy', ConnectTimeoutError(<urllib3.connection.HTTPSConnection object at 0xe802e400>, 'Connection to 154.65.39.7 timed out. (connect timeout=15)')))
HTTPSConnectionPool(host='t.me', port=443): Max retries exceeded with url: //0?embed=1&mode=tme (Caused by ProxyError('Unable to connect to proxy', OSError('Tunnel connection failed: 400 Bad Request')))
HTTPSConnectionPool(host='t.me', port=443): Max retries exceeded with url: //0?embed=1&mode=tme (Caused by ProxyError('Unable to connect to proxy', ConnectTimeoutError(<urllib3.connection.HTTPSConnection object at 0xe8039688>, 'Connection to 179.1.133.1 timed out. (connect timeout=15)')))
HTTPSConnectionPool(host='t.me', port=443): Max retries exceeded with url: //0?embed=1&mode=tme (Caused by ProxyError('Unable to connect to proxy', ConnectTimeoutError(<urllib3.connection.HTTPSConnection object at 0xea24d148>, 'Connection to 154.201.33.92 timed out. (connect timeout=15)')))
HTTPSConnectionPool(host='t.me', port=443): Max retries exceeded with url: //0?embed=1&mode=tme (Caused by ProxyError('Unable to connect to proxy', OSError('Tunnel connection failed: 400 Bad Request')))
HTTPSConnectionPool(host='t.me', port=443): Max retries exceeded with url: //0?embed=1&mode=tme (Caused by ProxyError('Unable to connect to proxy', ConnectTimeoutError(<urllib3.connection.HTTPSConnection object at 0xd9d25d30>, 'Connection to 148.255.234.52 timed out. (connect timeout=15)')))
HTTPSConnectionPool(host='t.me', port=443): Max retries exceeded with url: //0?embed=1&mode=tme (Caused by ProxyError('Unable to connect to proxy', ConnectTimeoutError(<urllib3.connection.HTTPSConnection object at 0xe9a77cb8>, 'Connection to 116.63.128.247 timed out. (connect timeout=15)')))
HTTPSConnectionPool(host='t.me', port=443): Max retries exceeded with url: //0?embed=1&mode=tme (Caused by ProxyError('Unable to connect to proxy', ConnectTimeoutError(<urllib3.connection.HTTPSConnection object at 0xe9af5dd8>, 'Connection to 94.139.204.51 timed out. (connect timeout=15)')))
HTTPSConnectionPool(host='t.me', port=443): Max retries exceeded with url: //0?embed=1&mode=tme (Caused by ProxyError('Unable to connect to proxy', ConnectTimeoutError(<urllib3.connection.HTTPSConnection object at 0xe9db6a18>, 'Connection to 210.95.145.226 timed out. (connect timeout=15)')))
HTTPSConnectionPool(host='t.me', port=443): Max retries exceeded with url: //0?embed=1&mode=tme (Caused by ProxyError('Unable to connect to proxy', NewConnectionError('<urllib3.connection.HTTPSConnection object at 0xe76c17c0>: Failed to establish a new connection: [Errno 111] Connection refused')))
HTTPSConnectionPool(host='t.me', port=443): Read timed out. (read timeout=15)
HTTPSConnectionPool(host='t.me', port=443): Max retries exceeded with url: //0?embed=1&mode=tme (Caused by ProxyError('Unable to connect to proxy', ConnectTimeoutError(<urllib3.connection.HTTPSConnection object at 0xe8045a60>, 'Connection to 47.91.95.174 timed out. (connect timeout=15)')))
HTTPSConnectionPool(host='t.me', port=443): Max retries exceeded with url: //0?embed=1&mode=tme (Caused by ProxyError('Unable to connect to proxy', NewConnectionError('<urllib3.connection.HTTPSConnection object at 0xe76b9c88>: Failed to establish a new connection: [Errno 113] No route to host')))
HTTPSConnectionPool(host='t.me', port=443): Max retries exceeded with url: //0?embed=1&mode=tme (Caused by ProxyError('Unable to connect to proxy', ConnectTimeoutError(<urllib3.connection.HTTPSConnection object at 0xe8045ec8>, 'Connection to 179.43.8.15 timed out. (connect timeout=15)')))
HTTPSConnectionPool(host='t.me', port=443): Max retries exceeded with url: //0?embed=1&mode=tme (Caused by ProxyError('Unable to connect to proxy', ConnectTimeoutError(<urllib3.connection.HTTPSConnection object at 0xe7fa8760>, 'Connection to 186.13.11.121 timed out. (connect timeout=15)')))
HTTPSConnectionPool(host='t.me', port=443): Max retries exceeded with url: //0?embed=1&mode=tme (Caused by ProxyError('Unable to connect to proxy', ConnectTimeoutError(<urllib3.connection.HTTPSConnection object at 0xe8045d78>, 'Connection to 50.200.12.82 timed out. (connect timeout=15)')))
HTTPSConnectionPool(host='t.me', port=443): Max retries exceeded with url: //0?embed=1&mode=tme (Caused by ProxyError('Unable to connect to proxy', ConnectTimeoutError(<urllib3.connection.HTTPSConnection object at 0xe7f90478>, 'Connection to 193.176.242.186 timed out. (connect timeout=15)')))
HTTPSConnectionPool(host='t.me', port=443): Max retries exceeded with url: //0?embed=1&mode=tme (Caused by ProxyError('Unable to connect to proxy', NewConnectionError('<urllib3.connection.HTTPSConnection object at 0xe9b162b0>: Failed to establish a new connection: [Errno 111] Connection refused')))
HTTPSConnectionPool(host='t.me', port=443): Max retries exceeded with url: //0?embed=1&mode=tme (Caused by ProxyError('Unable to connect to proxy', ConnectTimeoutError(<urllib3.connection.HTTPSConnection object at 0xe8046898>, 'Connection to 186.4.198.94 timed out. (connect timeout=15)')))
HTTPSConnectionPool(host='t.me', port=443): Max retries exceeded with url: //0?embed=1&mode=tme (Caused by ProxyError('Unable to connect to proxy', NewConnectionError('<urllib3.connection.HTTPSConnection object at 0xe766fe98>: Failed to establish a new connection: [Errno 111] Connection refused')))
HTTPSConnectionPool(host='t.me', port=443): Max retries exceeded with url: //0?embed=1&mode=tme (Caused by ProxyError('Unable to connect to proxy', ConnectTimeoutError(<urllib3.connection.HTTPSConnection object at 0xe7fa88f8>, 'Connection to 79.99.110.254 timed out. (connect timeout=15)')))
HTTPSConnectionPool(host='t.me', port=443): Max retries exceeded with url: //0?embed=1&mode=tme (Caused by ProxyError('Unable to connect to proxy', ConnectTimeoutError(<urllib3.connection.HTTPSConnection object at 0xe7fa85f8>, 'Connection to 202.144.134.150 timed out. (connect timeout=15)')))
HTTPSConnectionPool(host='t.me', port=443): Max retries exceeded with url: //0?embed=1&mode=tme (Caused by ProxyError('Unable to connect to proxy', NewConnectionError('<urllib3.connection.HTTPSConnection object at 0xe9b162e0>: Failed to establish a new connection: [Errno 111] Connection refused')))
HTTPSConnectionPool(host='t.me', port=443): Max retries exceeded with url: //0?embed=1&mode=tme (Caused by ProxyError('Unable to connect to proxy', ConnectTimeoutError(<urllib3.connection.HTTPSConnection object at 0xe7fbff40>, 'Connection to 8.213.128.90 timed out. (connect timeout=15)')))
HTTPSConnectionPool(host='t.me', port=443): Max retries exceeded with url: //0?embed=1&mode=tme (Caused by ProxyError('Unable to connect to proxy', ConnectTimeoutError(<urllib3.connection.HTTPSConnection object at 0xe7fa88e0>, 'Connection to 95.9.84.80 timed out. (connect timeout=15)')))
HTTPSConnectionPool(host='t.me', port=443): Max retries exceeded with url: //0?embed=1&mode=tme (Caused by ProxyError('Unable to connect to proxy', ConnectTimeoutError(<urllib3.connection.HTTPSConnection object at 0xe7f9e2f8>, 'Connection to 31.47.37.118 timed out. (connect timeout=15)')))
HTTPSConnectionPool(host='t.me', port=443): Max retries exceeded with url: //0?embed=1&mode=tme (Caused by ProxyError('Unable to connect to proxy', ConnectTimeoutError(<urllib3.connection.HTTPSConnection object at 0xe7f9edf0>, 'Connection to 24.230.33.96 timed out. (connect timeout=15)')))
HTTPSConnectionPool(host='t.me', port=443): Max retries exceeded with url: //0?embed=1&mode=tme (Caused by ProxyError('Unable to connect to proxy', NewConnectionError('<urllib3.connection.HTTPSConnection object at 0xe76a63b8>: Failed to establish a new connection: [Errno 111] Connection refused')))
HTTPSConnectionPool(host='t.me', port=443): Max retries exceeded with url: //0?embed=1&mode=tme (Caused by ProxyError('Unable to connect to proxy', NewConnectionError('<urllib3.connection.HTTPSConnection object at 0xe76083d0>: Failed to establish a new connection: [Errno 111] Connection refused')))
HTTPSConnectionPool(host='t.me', port=443): Max retries exceeded with url: //0?embed=1&mode=tme (Caused by ProxyError('Unable to connect to proxy', ConnectTimeoutError(<urllib3.connection.HTTPSConnection object at 0xe7fc6dc0>, 'Connection to 222.165.234.242 timed out. (connect timeout=15)')))
HTTPSConnectionPool(host='t.me', port=443): Max retries exceeded with url: //0?embed=1&mode=tme (Caused by ProxyError('Unable to connect to proxy', ConnectTimeoutError(<urllib3.connection.HTTPSConnection object at 0xe7fa8d00>, 'Connection to 190.121.153.93 timed out. (connect timeout=15)')))
('Connection aborted.', ConnectionResetError(104, 'Connection reset by peer'))
HTTPSConnectionPool(host='t.me', port=443): Max retries exceeded with url: //0?embed=1&mode=tme (Caused by ProxyError('Unable to connect to proxy', ConnectTimeoutError(<urllib3.connection.HTTPSConnection object at 0xe7f569b8>, 'Connection to 154.202.101.234 timed out. (connect timeout=15)')))
HTTPSConnectionPool(host='t.me', port=443): Max retries exceeded with url: //0?embed=1&mode=tme (Caused by ProxyError('Unable to connect to proxy', ConnectTimeoutError(<urllib3.connection.HTTPSConnection object at 0xe7fa8730>, 'Connection to 103.115.255.225 timed out. (connect timeout=15)')))
HTTPSConnectionPool(host='t.me', port=443): Max retries exceeded with url: //0?embed=1&mode=tme (Caused by ProxyError('Unable to connect to proxy', ConnectTimeoutError(<urllib3.connection.HTTPSConnection object at 0xe7f56778>, 'Connection to 110.238.116.82 timed out. (connect timeout=15)')))
HTTPSConnectionPool(host='t.me', port=443): Max retries exceeded with url: //0?embed=1&mode=tme (Caused by ProxyError('Unable to connect to proxy', ConnectTimeoutError(<urllib3.connection.HTTPSConnection object at 0xe95e8148>, 'Connection to 114.103.81.34 timed out. (connect timeout=15)')))
HTTPSConnectionPool(host='t.me', port=443): Max retries exceeded with url: //0?embed=1&mode=tme (Caused by ProxyError('Unable to connect to proxy', NewConnectionError('<urllib3.connection.HTTPSConnection object at 0xe94ae5f8>: Failed to establish a new connection: [Errno 113] No route to host')))
HTTPSConnectionPool(host='t.me', port=443): Max retries exceeded with url: //0?embed=1&mode=tme (Caused by ProxyError('Unable to connect to proxy', ConnectTimeoutError(<urllib3.connection.HTTPSConnection object at 0xe7f651f0>, 'Connection to 34.122.187.196 timed out. (connect timeout=15)')))
HTTPSConnectionPool(host='t.me', port=443): Max retries exceeded with url: //0?embed=1&mode=tme (Caused by ProxyError('Unable to connect to proxy', ConnectTimeoutError(<urllib3.connection.HTTPSConnection object at 0xe9b06c88>, 'Connection to 75.89.101.62 timed out. (connect timeout=15)')))
HTTPSConnectionPool(host='t.me', port=443): Read timed out. (read timeout=15)
HTTPSConnectionPool(host='t.me', port=443): Max retries exceeded with url: //0?embed=1&mode=tme (Caused by ProxyError('Unable to connect to proxy', ConnectTimeoutError(<urllib3.connection.HTTPSConnection object at 0xe7f65148>, 'Connection to 113.160.247.180 timed out. (connect timeout=15)')))
HTTPSConnectionPool(host='t.me', port=443): Max retries exceeded with url: //0?embed=1&mode=tme (Caused by ProxyError('Unable to connect to proxy', ConnectTimeoutError(<urllib3.connection.HTTPSConnection object at 0xe7fbf730>, 'Connection to 185.189.199.75 timed out. (connect timeout=15)')))
HTTPSConnectionPool(host='t.me', port=443): Max retries exceeded with url: //0?embed=1&mode=tme (Caused by ProxyError('Unable to connect to proxy', ConnectTimeoutError(<urllib3.connection.HTTPSConnection object at 0xebe97c88>, 'Connection to 195.174.142.76 timed out. (connect timeout=15)')))
HTTPSConnectionPool(host='t.me', port=443): Max retries exceeded with url: //0?embed=1&mode=tme (Caused by ProxyError('Unable to connect to proxy', ConnectTimeoutError(<urllib3.connection.HTTPSConnection object at 0xe7f65778>, 'Connection to 181.205.41.210 timed out. (connect timeout=15)')))
HTTPSConnectionPool(host='t.me', port=443): Max retries exceeded with url: //0?embed=1&mode=tme (Caused by ProxyError('Unable to connect to proxy', OSError('Tunnel connection failed: 403 Forbidden')))
HTTPSConnectionPool(host='t.me', port=443): Max retries exceeded with url: //0?embed=1&mode=tme (Caused by ProxyError('Unable to connect to proxy', ConnectTimeoutError(<urllib3.connection.HTTPSConnection object at 0xe9b06b98>, 'Connection to 182.253.66.148 timed out. (connect timeout=15)')))
HTTPSConnectionPool(host='t.me', port=443): Max retries exceeded with url: //0?embed=1&mode=tme (Caused by ProxyError('Unable to connect to proxy', ConnectTimeoutError(<urllib3.connection.HTTPSConnection object at 0xe9b0fce8>, 'Connection to 50.170.90.30 timed out. (connect timeout=15)')))
HTTPSConnectionPool(host='t.me', port=443): Max retries exceeded with url: //0?embed=1&mode=tme (Caused by ProxyError('Unable to connect to proxy', ConnectTimeoutError(<urllib3.connection.HTTPSConnection object at 0xe7fa8208>, 'Connection to 103.132.52.57 timed out. (connect timeout=15)')))
HTTPSConnectionPool(host='t.me', port=443): Max retries exceeded with url: //0?embed=1&mode=tme (Caused by ProxyError('Unable to connect to proxy', NewConnectionError('<urllib3.connection.HTTPSConnection object at 0xe7519a48>: Failed to establish a new connection: [Errno 111] Connection refused')))
HTTPSConnectionPool(host='t.me', port=443): Max retries exceeded with url: //0?embed=1&mode=tme (Caused by ProxyError('Unable to connect to proxy', ConnectTimeoutError(<urllib3.connection.HTTPSConnection object at 0xe7f65448>, 'Connection to 114.103.88.53 timed out. (connect timeout=15)')))
HTTPSConnectionPool(host='t.me', port=443): Max retries exceeded with url: //0?embed=1&mode=tme (Caused by ProxyError('Unable to connect to proxy', ConnectTimeoutError(<urllib3.connection.HTTPSConnection object at 0xe7fc6088>, 'Connection to 213.79.104.228 timed out. (connect timeout=15)')))
HTTPSConnectionPool(host='t.me', port=443): Max retries exceeded with url: //0?embed=1&mode=tme (Caused by ProxyError('Unable to connect to proxy', ConnectTimeoutError(<urllib3.connection.HTTPSConnection object at 0xe95e8040>, 'Connection to 154.202.113.149 timed out. (connect timeout=15)')))
HTTPSConnectionPool(host='t.me', port=443): Max retries exceeded with url: //0?embed=1&mode=tme (Caused by ProxyError('Unable to connect to proxy', ConnectTimeoutError(<urllib3.connection.HTTPSConnection object at 0xe7f65a78>, 'Connection to 190.90.22.106 timed out. (connect timeout=15)')))
('Connection aborted.', RemoteDisconnected('Remote end closed connection without response'))
HTTPSConnectionPool(host='t.me', port=443): Max retries exceeded with url: //0?embed=1&mode=tme (Caused by ProxyError('Unable to connect to proxy', ConnectTimeoutError(<urllib3.connection.HTTPSConnection object at 0xe1bc23a0>, 'Connection to 105.29.93.193 timed out. (connect timeout=15)')))
HTTPSConnectionPool(host='t.me', port=443): Max retries exceeded with url: //0?embed=1&mode=tme (Caused by ProxyError('Unable to connect to proxy', ConnectTimeoutError(<urllib3.connection.HTTPSConnection object at 0xe8c197a8>, 'Connection to 125.25.32.228 timed out. (connect timeout=15)')))
HTTPSConnectionPool(host='t.me', port=443): Max retries exceeded with url: //0?embed=1&mode=tme (Caused by ProxyError('Unable to connect to proxy', ConnectTimeoutError(<urllib3.connection.HTTPSConnection object at 0xe9b06700>, 'Connection to 35.180.188.216 timed out. (connect timeout=15)')))
HTTPSConnectionPool(host='t.me', port=443): Max retries exceeded with url: //0?embed=1&mode=tme (Caused by ProxyError('Unable to connect to proxy', ConnectTimeoutError(<urllib3.connection.HTTPSConnection object at 0xe7f65dd8>, 'Connection to 50.174.7.162 timed out. (connect timeout=15)')))
HTTPSConnectionPool(host='t.me', port=443): Max retries exceeded with url: //0?embed=1&mode=tme (Caused by ProxyError('Unable to connect to proxy', ConnectTimeoutError(<urllib3.connection.HTTPSConnection object at 0xe9afffb8>, 'Connection to 157.100.55.143 timed out. (connect timeout=15)')))
HTTPSConnectionPool(host='t.me', port=443): Max retries exceeded with url: //0?embed=1&mode=tme (Caused by ProxyError('Unable to connect to proxy', ConnectTimeoutError(<urllib3.connection.HTTPSConnection object at 0xe7f652c8>, 'Connection to 153.92.214.224 timed out. (connect timeout=15)')))
HTTPSConnectionPool(host='t.me', port=443): Max retries exceeded with url: //0?embed=1&mode=tme (Caused by ProxyError('Unable to connect to proxy', ConnectTimeoutError(<urllib3.connection.HTTPSConnection object at 0xe9affe38>, 'Connection to 103.152.232.69 timed out. (connect timeout=15)')))
HTTPSConnectionPool(host='t.me', port=443): Max retries exceeded with url: //0?embed=1&mode=tme (Caused by ProxyError('Unable to connect to proxy', ConnectTimeoutError(<urllib3.connection.HTTPSConnection object at 0xe7f65c58>, 'Connection to 222.104.128.205 timed out. (connect timeout=15)')))
HTTPSConnectionPool(host='t.me', port=443): Max retries exceeded with url: //0?embed=1&mode=tme (Caused by ProxyError('Unable to connect to proxy', NewConnectionError('<urllib3.connection.HTTPSConnection object at 0xe74c0970>: Failed to establish a new connection: [Errno 111] Connection refused')))
HTTPSConnectionPool(host='t.me', port=443): Max retries exceeded with url: //0?embed=1&mode=tme (Caused by ProxyError('Unable to connect to proxy', ConnectTimeoutError(<urllib3.connection.HTTPSConnection object at 0xe7f65d48>, 'Connection to 47.252.27.174 timed out. (connect timeout=15)')))
HTTPSConnectionPool(host='t.me', port=443): Max retries exceeded with url: //0?embed=1&mode=tme (Caused by ProxyError('Unable to connect to proxy', ConnectTimeoutError(<urllib3.connection.HTTPSConnection object at 0xe7f75f58>, 'Connection to 89.43.10.141 timed out. (connect timeout=15)')))
.HTTPSConnection object at 0xe95e8148>, 'Connection to 114.103.81.34 timed out. (connect timeout=15)')))
HTTPSConnectionPool(host='t.me', port=443): Max retries exceeded with url: //0?embed=1&mode=tme (Caused by ProxyError('Unable to connect to proxy', NewConnectionError('<urllib3.connection.HTTPSCoHTTPSConnectionPool(host='t.me', port=443): Max retries exceeded with url: //0?embed=1&mode=tme (Caused by ProxyError('Unable to connect to proxy', ConnectTimeoutError(<urllib3.connection.HTTPSConnection object at 0xe7f756d0>, 'Connection to 2.176.206.3 timed out. (connect timeout=15)')))
HTTPSConnectionPool(host='t.me', port=443): Max retries exceeded with url: //0?embed=1&mode=tme (Caused by ProxyError('Unable to connect to proxy', ConnectTimeoutError(<urllib3.connection.HTTPSConnection object at 0xe5a23838>, 'Connection to 103.157.81.58 timed out. (connect timeout=15)')))
HTTPSConnectionPool(host='t.me', port=443): Max retries exceeded with url: //0?embed=1&mode=tme (Caused by ProxyError('Unable to connect to proxy', ConnectTimeoutError(<urllib3.connection.HTTPSConnection object at 0xe9a837a8>, 'Connection to 51.158.64.130 timed out. (connect timeout=15)')))
HTTPSConnectionPool(host='t.me', port=443): Max retries exceeded with url: //0?embed=1&mode=tme (Caused by ProxyError('Unable to connect to proxy', ConnectTimeoutError(<urllib3.connection.HTTPSConnection object at 0xe7f75160>, 'Connection to 154.202.115.159 timed out. (connect timeout=15)')))
HTTPSConnectionPool(host='t.me', port=443): Max retries exceeded with url: //0?embed=1&mode=tme (Caused by ProxyError('Unable to connect to proxy', ConnectTimeoutError(<urllib3.connection.HTTPSConnection object at 0xe9a9a550>, 'Connection to 103.23.41.110 timed out. (connect timeout=15)')))
HTTPSConnectionPool(host='t.me', port=443): Max retries exceeded with url: //0?embed=1&mode=tme (Caused by ProxyError('Unable to connect to proxy', ConnectTimeoutError(<urllib3.connection.HTTPSConnection object at 0xe66f0658>, 'Connection to 50.171.32.222 timed out. (connect timeout=15)')))
HTTPSConnectionPool(host='t.me', port=443): Max retries exceeded with url: //0?embed=1&mode=tme (Caused by ProxyError('Unable to connect to proxy', ConnectTimeoutError(<urllib3.connection.HTTPSConnection object at 0xe7f75958>, 'Connection to 187.189.138.53 timed out. (connect timeout=15)')))
HTTPSConnectionPool(host='t.me', port=443): Max retries exceeded with url: //0?embed=1&mode=tme (Caused by ProxyError('Unable to connect to proxy', ConnectTimeoutError(<urllib3.connection.HTTPSConnection object at 0xe937b2e0>, 'Connection to 103.167.68.77 timed out. (connect timeout=15)')))
HTTPSConnectionPool(host='t.me', port=443): Max retries exceeded with url: //0?embed=1&mode=tme (Caused by ProxyError('Unable to connect to proxy', NewConnectionError('<urllib3.connection.HTTPSConnection object at 0xe8046328>: Failed to establish a new connection: [Errno 111] Connection refused')))
HTTPSConnectionPool(host='t.me', port=443): Max retries exceeded with url: //0?embed=1&mode=tme (Caused by ProxyError('Unable to connect to proxy', ConnectTimeoutError(<urllib3.connection.HTTPSConnection object at 0xe937b250>, 'Connection to 81.10.80.155 timed out. (connect timeout=15)')))
HTTPSConnectionPool(host='t.me', port=443): Max retries exceeded with url: //0?embed=1&mode=tme (Caused by ProxyError('Unable to connect to proxy', ConnectTimeoutError(<urllib3.connection.HTTPSConnection object at 0xe8039e50>, 'Connection to 45.236.106.225 timed out. (connect timeout=15)')))
HTTPSConnectionPool(host='t.me', port=443): Max retries exceeded with url: //0?embed=1&mode=tme (Caused by ProxyError('Unable to connect to proxy', NewConnectionError('<urllib3.connection.HTTPSConnection object at 0xe7f56fe8>: Failed to establish a new connection: [Errno 111] Connection refused')))
HTTPSConnectionPool(host='t.me', port=443): Max retries exceeded with url: //0?embed=1&mode=tme (Caused by ProxyError('Unable to connect to proxy', NewConnectionError('<urllib3.connection.HTTPSConnection object at 0xe7f90700>: Failed to establish a new connection: [Errno 111] Connection refused')))
HTTPSConnectionPool(host='t.me', port=443): Max retries exceeded with url: //0?embed=1&mode=tme (Caused by ProxyError('Unable to connect to proxy', OSError('Tunnel connection failed: 500 Internal Server Error')))
('Connection aborted.', RemoteDisconnected('Remote end closed connection without response'))
HTTPSConnectionPool(host='t.me', port=443): Max retries exceeded with url: //0?embed=1&mode=tme (Caused by ProxyError('Unable to connect to proxy', ConnectTimeoutError(<urllib3.connection.HTTPSConnection object at 0xe6a3f418>, 'Connection to 50.207.253.118 timed out. (connect timeout=15)')))
('Connection aborted.', ConnectionResetError(104, 'Connection reset by peer'))
HTTPSConnectionPool(host='t.me', port=443): Max retries exceeded with url: //0?embed=1&mode=tme (Caused by ProxyError('Unable to connect to proxy', ConnectTimeoutError(<urllib3.connection.HTTPSConnection object at 0xe7fa82c8>, 'Connection to 24.152.50.118 timed out. (connect timeout=15)')))
HTTPSConnectionPool(host='t.me', port=443): Max retries exceeded with url: //0?embed=1&mode=tme (Caused by ProxyError('Unable to connect to proxy', ConnectTimeoutError(<urllib3.connection.HTTPSConnection object at 0xe9427148>, 'Connection to 172.108.208.74 timed out. (connect timeout=15)')))
HTTPSConnectionPool(host='t.me', port=443): Max retries exceeded with url: //0?embed=1&mode=tme (Caused by ProxyError('Unable to connect to proxy', ConnectTimeoutError(<urllib3.connection.HTTPSConnection object at 0xe937b520>, 'Connection to 176.118.46.24 timed out. (connect timeout=15)')))
HTTPSConnectionPool(host='t.me', port=443): Max retries exceeded with url: //0?embed=1&mode=tme (Caused by ProxyError('Unable to connect to proxy', ConnectTimeoutError(<urllib3.connection.HTTPSConnection object at 0xe922e8f8>, 'Connection to 137.184.96.206 timed out. (connect timeout=15)')))
HTTPSConnectionPool(host='t.me', port=443): Max retries exceeded with url: //0?embed=1&mode=tme (Caused by ProxyError('Unable to connect to proxy', ConnectTimeoutError(<urllib3.connection.HTTPSConnection object at 0xe92393d0>, 'Connection to 91.107.142.20 timed out. (connect timeout=15)')))
HTTPSConnectionPool(host='t.me', port=443): Max retries exceeded with url: //0?embed=1&mode=tme (Caused by ProxyError('Unable to connect to proxy', ConnectTimeoutError(<urllib3.connection.HTTPSConnection object at 0xe9254088>, 'Connection to 38.10.250.5 timed out. (connect timeout=15)')))
HTTPSConnectionPool(host='t.me', port=443): Max retries exceeded with url: //0?embed=1&mode=tme (Caused by ProxyError('Unable to connect to proxy', ConnectTimeoutError(<urllib3.connection.HTTPSConnection object at 0xe7f90fd0>, 'Connection to 103.139.98.6 timed out. (connect timeout=15)')))
HTTPSConnectionPool(host='t.me', port=443): Max retries exceeded with url: //0?embed=1&mode=tme (Caused by ProxyError('Unable to connect to proxy', ConnectTimeoutError(<urllib3.connection.HTTPSConnection object at 0xe98a6910>, 'Connection to 32.223.6.94 timed out. (connect timeout=15)')))
HTTPSConnectionPool(host='t.me', port=443): Max retries exceeded with url: //0?embed=1&mode=tme (Caused by ProxyError('Unable to connect to proxy', ConnectTimeoutError(<urllib3.connection.HTTPSConnection object at 0xe94a0bf8>, 'Connection to 45.249.78.25 timed out. (connect timeout=15)')))
HTTPSConnectionPool(host='t.me', port=443): Max retries exceeded with url: //0?embed=1&mode=tme (Caused by ProxyError('Unable to connect to proxy', OSError('Tunnel connection failed: 400 Bad Request')))
('Connection aborted.', RemoteDisconnected('Remote end closed connection without response'))
HTTPSConnectionPool(host='t.me', port=443): Max retries exceeded with url: //0?embed=1&mode=tme (Caused by ProxyError('Unable to connect to proxy', ConnectTimeoutError(<urllib3.connection.HTTPSConnection object at 0xd8787820>, 'Connection to 125.60.148.162 timed out. (connect timeout=15)')))
HTTPSConnectionPool(host='t.me', port=443): Max retries exceeded with url: //0?embed=1&mode=tme (Caused by ProxyError('Unable to connect to proxy', ConnectTimeoutError(<urllib3.connection.HTTPSConnection object at 0xe81f5598>, 'Connection to 201.71.2.161 timed out. (connect timeout=15)')))
HTTPSConnectionPool(host='www.proxyscan.io', port=443): Max retries exceeded with url: /download?type=socks5 (Caused by NewConnectionError('<urllib3.connection.HTTPSConnection object at 0xe9bc3ec8>: Failed to establish a new connection: [Errno 111] Connection refused'))
HTTPSConnectionPool(host='www.proxyscan.io', port=443): Max retries exceeded with url: /download?type=socks4 (Caused by NewConnectionError('<urllib3.connection.HTTPSConnection object at 0xe9bb6730>: Failed to establish a new connection: [Errno 111] Connection refused'))
HTTPSConnectionPool(host='rootjazz.com', port=443): Max retries exceeded with url: /proxies/proxies.txt (Caused by SSLError(SSLCertVerificationError(1, "[SSL: CERTIFICATE_VERIFY_FAILED] certificate verify failed: Hostname mismatch, certificate is not valid for 'rootjazz.com'. (_ssl.c:1129)")))
HTTPSConnectionPool(host='www.proxyscan.io', port=443): Max retries exceeded with url: /download?type=http (Caused by NewConnectionError('<urllib3.connection.HTTPSConnection object at 0xe9bc3d30>: Failed to establish a new connection: [Errno 111] Connection refused'))
name 'channel' is not defined
name 'channel' is not defined
name 'channel' is not defined
name 'channel' is not defined
name 'channel' is not defined
name 'channel' is not defined
name 'channel' is not defined
name 'channel' is not defined
name 'channel' is not defined
name 'channel' is not defined
name 'channel' is not defined
name 'channel' is not defined
name 'channel' is not defined
name 'channel' is not defined
name 'channel' is not defined
name 'channel' is not defined
name 'channel' is not defined
name 'channel' is not defined
name 'channel' is not defined
name 'channel' is not defined
name 'channel' is not defined
name 'channel' is not defined
name 'channel' is not defined
name 'channel' is not defined
name 'channel' is not defined
name 'channel' is not defined
name 'channel' is not defined
name 'channel' is not defined
name 'channel' is not defined
name 'channel' is not defined
name 'channel' is not defined
name 'channel' is not defined
name 'channel' is not defined
name 'channel' is not defined
name 'channel' is not defined
name 'channel' is not defined
name 'channel' is not defined
name 'channel' is not defined
name 'channel' is not defined
name 'channel' is not defined
name 'channel' is not defined
name 'channel' is not defined
name 'channel' is not defined
name 'channel' is not defined
name 'channel' is not defined
name 'channel' is not defined
name 'channel' is not defined
name 'channel' is not defined
name 'channel' is not defined
name 'channel' is not defined
name 'channel' is not defined
name 'channel' is not defined
name 'channel' is not defined
name 'channel' is not defined
name 'channel' is not defined
name 'channel' is not defined
name 'channel' is not defined
name 'channel' is not defined
name 'channel' is not defined
name 'channel' is not defined
name 'channel' is not defined
name 'channel' is not defined
name 'channel' is not defined
name 'channel' is not defined
name 'channel' is not defined
name 'channel' is not defined
name 'channel' is not defined
name 'channel' is not defined
name 'channel' is not defined
name 'channel' is not defined
name 'channel' is not defined
name 'channel' is not defined
name 'channel' is not defined
name 'channel' is not defined
name 'channel' is not defined
name 'channel' is not defined
name 'channel' is not defined
name 'channel' is not defined
name 'channel' is not defined
name 'channel' is not defined
name 'channel' is not defined
name 'channel' is not defined
name 'channel' is not defined
name 'channel' is not defined
name 'channel' is not defined
name 'channel' is not defined
name 'channel' is not defined
name 'channel' is not defined
name 'channel' is not defined
name 'channel' is not defined
name 'channel' is not defined
name 'channel' is not defined
name 'channel' is not defined
name 'channel' is not defined
name 'channel' is not defined
name 'channel' is not defined
name 'channel' is not defined
name 'channel' is not defined
name 'channel' is not defined
name 'channel' is not defined
name 'channel' is not defined
name 'channel' is not defined
name 'channel' is not defined
name 'channel' is not defined
name 'channel' is not defined
name 'channel' is not defined
name 'channel' is not defined
name 'channel' is not defined
name 'channel' is not defined
name 'channel' is not defined
name 'channel' is not defined
name 'channel' is not defined
name 'channel' is not defined
name 'channel' is not defined
name 'channel' is not defined
name 'channel' is not defined
name 'channel' is not defined
name 'channel' is not defined
name 'channel' is not defined
name 'channel' is not defined
name 'channel' is not defined
name 'channel' is not defined
name 'channel' is not defined
name 'channel' is not defined
name 'channel' is not defined
name 'channel' is not defined
name 'channel' is not defined
name 'channel' is not defined
name 'channel' is not defined
name 'channel' is not defined
name 'channel' is not defined
name 'channel' is not defined
name 'channel' is not defined
name 'channel' is not defined
name 'channel' is not defined
name 'channel' is not defined
name 'channel' is not defined
name 'channel' is not defined
name 'channel' is not defined
name 'channel' is not defined
name 'channel' is not defined
name 'channel' is not defined
name 'channel' is not defined
name 'channel' is not defined
name 'channel' is not defined
name 'channel' is not defined
name 'channel' is not defined
name 'channel' is not defined
name 'channel' is not defined
name 'channel' is not defined
name 'channel' is not defined
name 'channel' is not defined
name 'channel' is not defined
name 'channel' is not defined
name 'channel' is not defined
name 'channel' is not defined
name 'channel' is not defined
name 'channel' is not defined
name 'channel' is not defined
name 'channel' is not defined
name 'channel' is not defined
name 'channel' is not defined
name 'channel' is not defined
name 'channel' is not defined
name 'channel' is not defined
name 'channel' is not defined
name 'channel' is not defined
name 'channel' is not defined
name 'channel' is not defined
name 'channel' is not defined
name 'channel' is not defined
name 'channel' is not defined
name 'channel' is not defined
name 'channel' is not defined
name 'channel' is not defined
name 'channel' is not defined
name 'channel' is not defined
name 'channel' is not defined
name 'channel' is not defined
name 'channel' is not defined
name 'channel' is not defined
name 'channel' is not defined
name 'channel' is not defined
name 'channel' is not defined
name 'channel' is not defined
name 'channel' is not defined
name 'channel' is not defined
name 'channel' is not defined
name 'channel' is not defined
name 'channel' is not defined
name 'channel' is not defined
name 'channel' is not defined
name 'channel' is not defined
name 'channel' is not defined
name 'channel' is not defined
name 'channel' is not defined
name 'channel' is not defined
name 'channel' is not defined
name 'channel' is not defined
name 'channel' is not defined
name 'channel' is not defined
name 'channel' is not defined
name 'channel' is not defined
name 'channel' is not defined
name 'channel' is not defined
name 'channel' is not defined
name 'channel' is not defined
name 'channel' is not defined
name 'channel' is not defined
name 'channel' is not defined
name 'channel' is not defined
name 'channel' is not defined
name 'channel' is not defined
name 'channel' is not defined
name 'channel' is not defined
name 'channel' is not defined
name 'channel' is not defined
name 'channel' is not defined
name 'channel' is not defined
name 'channel' is not defined
name 'channel' is not defined
name 'channel' is not defined
name 'channel' is not defined
name 'channel' is not defined
name 'channel' is not defined
name 'channel' is not defined
name 'channel' is not defined
name 'channel' is not defined
name 'channel' is not defined
name 'channel' is not defined
name 'channel' is not defined
name 'channel' is not defined
name 'channel' is not defined
name 'channel' is not defined
name 'channel' is not defined
name 'channel' is not defined
